[    0.000000] Linux version 6.8.0-117-generic (buildd@lcy02-amd64-102) (x86_64-linux-gnu-gcc-13 (Ubuntu 13.3.0-6ubuntu2~24.04.1) 13.3.0, GNU ld (GNU Binutils for Ubuntu) 2.42) #117-Ubuntu SMP PREEMPT_DYNAMIC Tue May  5 19:26:24 UTC 2026 (Ubuntu 6.8.0-117.117-generic 6.8.12)
[    0.000000] Command line: BOOT_IMAGE=/boot/vmlinuz-6.8.0-117-generic root=UUID=a076301c-b9f2-4913-9778-e6596aaa787b ro quiet splash modprobe.blacklist=amdgpu
[    0.000000] KERNEL supported cpus:
[    0.000000]   Intel GenuineIntel
[    0.000000]   AMD AuthenticAMD
[    0.000000]   Hygon HygonGenuine
[    0.000000]   Centaur CentaurHauls
[    0.000000]   zhaoxin   Shanghai  
[    0.000000] BIOS-provided physical RAM map:
[    0.000000] BIOS-e820: [mem 0x0000000000000000-0x000000000009ffff] usable
[    0.000000] BIOS-e820: [mem 0x00000000000a0000-0x00000000000fffff] reserved
[    0.000000] BIOS-e820: [mem 0x0000000000100000-0x0000000009bfefff] usable
[    0.000000] BIOS-e820: [mem 0x0000000009bff000-0x0000000009ffffff] reserved
[    0.000000] BIOS-e820: [mem 0x000000000a000000-0x000000000a1fffff] usable
[    0.000000] BIOS-e820: [mem 0x000000000a200000-0x000000000a20dfff] ACPI NVS
[    0.000000] BIOS-e820: [mem 0x000000000a20e000-0x000000000affffff] usable
[    0.000000] BIOS-e820: [mem 0x000000000b000000-0x000000000b01ffff] reserved
[    0.000000] BIOS-e820: [mem 0x000000000b020000-0x00000000bb31bfff] usable
[    0.000000] BIOS-e820: [mem 0x00000000bb31c000-0x00000000bca84fff] reserved
[    0.000000] BIOS-e820: [mem 0x00000000bca85000-0x00000000bcad6fff] ACPI data
[    0.000000] BIOS-e820: [mem 0x00000000bcad7000-0x00000000bd1b6fff] ACPI NVS
[    0.000000] BIOS-e820: [mem 0x00000000bd1b7000-0x00000000bdffefff] reserved
[    0.000000] BIOS-e820: [mem 0x00000000bdfff000-0x00000000beffffff] usable
[    0.000000] BIOS-e820: [mem 0x00000000bf000000-0x00000000bfffffff] reserved
[    0.000000] BIOS-e820: [mem 0x00000000f0000000-0x00000000f7ffffff] reserved
[    0.000000] BIOS-e820: [mem 0x00000000fd200000-0x00000000fd2fffff] reserved
[    0.000000] BIOS-e820: [mem 0x00000000fd600000-0x00000000fd7fffff] reserved
[    0.000000] BIOS-e820: [mem 0x00000000fea00000-0x00000000fea0ffff] reserved
[    0.000000] BIOS-e820: [mem 0x00000000feb80000-0x00000000fec01fff] reserved
[    0.000000] BIOS-e820: [mem 0x00000000fec10000-0x00000000fec10fff] reserved
[    0.000000] BIOS-e820: [mem 0x00000000fec30000-0x00000000fec30fff] reserved
[    0.000000] BIOS-e820: [mem 0x00000000fed00000-0x00000000fed00fff] reserved
[    0.000000] BIOS-e820: [mem 0x00000000fed40000-0x00000000fed44fff] reserved
[    0.000000] BIOS-e820: [mem 0x00000000fed80000-0x00000000fed8ffff] reserved
[    0.000000] BIOS-e820: [mem 0x00000000fedc2000-0x00000000fedcffff] reserved
[    0.000000] BIOS-e820: [mem 0x00000000fedd4000-0x00000000fedd5fff] reserved
[    0.000000] BIOS-e820: [mem 0x00000000ff000000-0x00000000ffffffff] reserved
[    0.000000] BIOS-e820: [mem 0x0000000100000000-0x000000083f37ffff] usable
[    0.000000] BIOS-e820: [mem 0x000000083f380000-0x000000083fffffff] reserved
[    0.000000] NX (Execute Disable) protection: active
[    0.000000] APIC: Static calls initialized
[    0.000000] e820: update [mem 0xb75c8018-0xb75e3257] usable ==> usable
[    0.000000] e820: update [mem 0xb75c8018-0xb75e3257] usable ==> usable
[    0.000000] extended physical RAM map:
[    0.000000] reserve setup_data: [mem 0x0000000000000000-0x000000000009ffff] usable
[    0.000000] reserve setup_data: [mem 0x00000000000a0000-0x00000000000fffff] reserved
[    0.000000] reserve setup_data: [mem 0x0000000000100000-0x0000000009bfefff] usable
[    0.000000] reserve setup_data: [mem 0x0000000009bff000-0x0000000009ffffff] reserved
[    0.000000] reserve setup_data: [mem 0x000000000a000000-0x000000000a1fffff] usable
[    0.000000] reserve setup_data: [mem 0x000000000a200000-0x000000000a20dfff] ACPI NVS
[    0.000000] reserve setup_data: [mem 0x000000000a20e000-0x000000000affffff] usable
[    0.000000] reserve setup_data: [mem 0x000000000b000000-0x000000000b01ffff] reserved
[    0.000000] reserve setup_data: [mem 0x000000000b020000-0x00000000b75c8017] usable
[    0.000000] reserve setup_data: [mem 0x00000000b75c8018-0x00000000b75e3257] usable
[    0.000000] reserve setup_data: [mem 0x00000000b75e3258-0x00000000bb31bfff] usable
[    0.000000] reserve setup_data: [mem 0x00000000bb31c000-0x00000000bca84fff] reserved
[    0.000000] reserve setup_data: [mem 0x00000000bca85000-0x00000000bcad6fff] ACPI data
[    0.000000] reserve setup_data: [mem 0x00000000bcad7000-0x00000000bd1b6fff] ACPI NVS
[    0.000000] reserve setup_data: [mem 0x00000000bd1b7000-0x00000000bdffefff] reserved
[    0.000000] reserve setup_data: [mem 0x00000000bdfff000-0x00000000beffffff] usable
[    0.000000] reserve setup_data: [mem 0x00000000bf000000-0x00000000bfffffff] reserved
[    0.000000] reserve setup_data: [mem 0x00000000f0000000-0x00000000f7ffffff] reserved
[    0.000000] reserve setup_data: [mem 0x00000000fd200000-0x00000000fd2fffff] reserved
[    0.000000] reserve setup_data: [mem 0x00000000fd600000-0x00000000fd7fffff] reserved
[    0.000000] reserve setup_data: [mem 0x00000000fea00000-0x00000000fea0ffff] reserved
[    0.000000] reserve setup_data: [mem 0x00000000feb80000-0x00000000fec01fff] reserved
[    0.000000] reserve setup_data: [mem 0x00000000fec10000-0x00000000fec10fff] reserved
[    0.000000] reserve setup_data: [mem 0x00000000fec30000-0x00000000fec30fff] reserved
[    0.000000] reserve setup_data: [mem 0x00000000fed00000-0x00000000fed00fff] reserved
[    0.000000] reserve setup_data: [mem 0x00000000fed40000-0x00000000fed44fff] reserved
[    0.000000] reserve setup_data: [mem 0x00000000fed80000-0x00000000fed8ffff] reserved
[    0.000000] reserve setup_data: [mem 0x00000000fedc2000-0x00000000fedcffff] reserved
[    0.000000] reserve setup_data: [mem 0x00000000fedd4000-0x00000000fedd5fff] reserved
[    0.000000] reserve setup_data: [mem 0x00000000ff000000-0x00000000ffffffff] reserved
[    0.000000] reserve setup_data: [mem 0x0000000100000000-0x000000083f37ffff] usable
[    0.000000] reserve setup_data: [mem 0x000000083f380000-0x000000083fffffff] reserved
[    0.000000] efi: EFI v2.7 by American Megatrends
[    0.000000] efi: ACPI=0xbd1a0000 ACPI 2.0=0xbd1a0014 TPMFinalLog=0xbd16a000 SMBIOS=0xbde22000 SMBIOS 3.0=0xbde21000 MEMATTR=0xb7e35018 ESRT=0xba953598 INITRD=0xb76d4518 RNG=0xbca95018 TPMEventLog=0xbca90018 
[    0.000000] random: crng init done
[    0.000000] efi: Remove mem287: MMIO range=[0xf0000000-0xf7ffffff] (128MB) from e820 map
[    0.000000] e820: remove [mem 0xf0000000-0xf7ffffff] reserved
[    0.000000] efi: Remove mem288: MMIO range=[0xfd200000-0xfd2fffff] (1MB) from e820 map
[    0.000000] e820: remove [mem 0xfd200000-0xfd2fffff] reserved
[    0.000000] efi: Remove mem289: MMIO range=[0xfd600000-0xfd7fffff] (2MB) from e820 map
[    0.000000] e820: remove [mem 0xfd600000-0xfd7fffff] reserved
[    0.000000] efi: Not removing mem290: MMIO range=[0xfea00000-0xfea0ffff] (64KB) from e820 map
[    0.000000] efi: Remove mem291: MMIO range=[0xfeb80000-0xfec01fff] (0MB) from e820 map
[    0.000000] e820: remove [mem 0xfeb80000-0xfec01fff] reserved
[    0.000000] efi: Not removing mem292: MMIO range=[0xfec10000-0xfec10fff] (4KB) from e820 map
[    0.000000] efi: Not removing mem293: MMIO range=[0xfec30000-0xfec30fff] (4KB) from e820 map
[    0.000000] efi: Not removing mem294: MMIO range=[0xfed00000-0xfed00fff] (4KB) from e820 map
[    0.000000] efi: Not removing mem295: MMIO range=[0xfed40000-0xfed44fff] (20KB) from e820 map
[    0.000000] efi: Not removing mem296: MMIO range=[0xfed80000-0xfed8ffff] (64KB) from e820 map
[    0.000000] efi: Not removing mem297: MMIO range=[0xfedc2000-0xfedcffff] (56KB) from e820 map
[    0.000000] efi: Not removing mem298: MMIO range=[0xfedd4000-0xfedd5fff] (8KB) from e820 map
[    0.000000] efi: Remove mem299: MMIO range=[0xff000000-0xffffffff] (16MB) from e820 map
[    0.000000] e820: remove [mem 0xff000000-0xffffffff] reserved
[    0.000000] secureboot: Secure boot disabled
[    0.000000] SMBIOS 3.3.0 present.
[    0.000000] DMI: To Be Filled By O.E.M. B550M-ITX/ac/B550M-ITX/ac, BIOS P3.90 10/01/2025
[    0.000000] tsc: Fast TSC calibration using PIT
[    0.000000] tsc: Detected 3792.742 MHz processor
[    0.000216] e820: update [mem 0x00000000-0x00000fff] usable ==> reserved
[    0.000217] e820: remove [mem 0x000a0000-0x000fffff] usable
[    0.000223] last_pfn = 0x83f380 max_arch_pfn = 0x400000000
[    0.000228] total RAM covered: 3071M
[    0.000324] Found optimal setting for mtrr clean up
[    0.000324]  gran_size: 64K 	chunk_size: 64M 	num_reg: 3  	lose cover RAM: 0G
[    0.000327] MTRR map: 8 entries (4 fixed + 4 variable; max 21), built from 9 variable MTRRs
[    0.000328] x86/PAT: Configuration [0-7]: WB  WC  UC- UC  WB  WP  UC- WT  
[    0.000745] e820: update [mem 0xbcf40000-0xbcf4ffff] usable ==> reserved
[    0.000751] e820: update [mem 0xc0000000-0xffffffff] usable ==> reserved
[    0.000754] last_pfn = 0xbf000 max_arch_pfn = 0x400000000
[    0.003296] esrt: Reserving ESRT space from 0x00000000ba953598 to 0x00000000ba9535d0.
[    0.003302] e820: update [mem 0xba953000-0xba953fff] usable ==> reserved
[    0.003324] Using GB pages for direct mapping
[    0.003610] secureboot: Secure boot disabled
[    0.003610] RAMDISK: [mem 0xa9ec0000-0xae646fff]
[    0.003842] ACPI: Early table checksum verification disabled
[    0.003845] ACPI: RSDP 0x00000000BD1A0014 000024 (v02 ALASKA)
[    0.003848] ACPI: XSDT 0x00000000BD19F728 0000E4 (v01 ALASKA A M I    01072009 AMI  01000013)
[    0.003852] ACPI: FACP 0x00000000BCAC8000 000114 (v06 ALASKA A M I    01072009 AMI  00010013)
[    0.003855] ACPI: DSDT 0x00000000BCAC1000 006866 (v02 ALASKA A M I    01072009 INTL 20120913)
[    0.003857] ACPI: FACS 0x00000000BD19A000 000040
[    0.003859] ACPI: SSDT 0x00000000BCACE000 008CE9 (v02 AMD    AmdTable 00000002 MSFT 04000000)
[    0.003860] ACPI: SSDT 0x00000000BCACA000 003B45 (v02 AMD    AMD AOD  00000001 INTL 20120913)
[    0.003862] ACPI: SSDT 0x00000000BCAC9000 000221 (v02 ALASKA CPUSSDT  01072009 AMI  01072009)
[    0.003864] ACPI: FIDT 0x00000000BCAC0000 00009C (v01 ALASKA A M I    01072009 AMI  00010013)
[    0.003865] ACPI: MCFG 0x00000000BCABF000 00003C (v01 ALASKA A M I    01072009 MSFT 00010013)
[    0.003867] ACPI: AAFT 0x00000000BCABE000 000115 (v01 ALASKA OEMAAFT  01072009 MSFT 00000097)
[    0.003868] ACPI: HPET 0x00000000BCABD000 000038 (v01 ALASKA A M I    01072009 AMI  00000005)
[    0.003870] ACPI: VFCT 0x00000000BCAAE000 00E284 (v01 ALASKA A M I    00000001 AMD  31504F47)
[    0.003871] ACPI: TPM2 0x00000000BCAAD000 00004C (v04 ALASKA A M I    00000001 AMI  00000000)
[    0.003873] ACPI: PCCT 0x00000000BCAAC000 00006E (v02 AMD    AmdTable 00000001 AMD  00000001)
[    0.003874] ACPI: SSDT 0x00000000BCAA7000 004133 (v02 AMD    AmdTable 00000001 AMD  00000001)
[    0.003876] ACPI: CRAT 0x00000000BCAA6000 000F10 (v01 AMD    AmdTable 00000001 AMD  00000001)
[    0.003877] ACPI: CDIT 0x00000000BCAA5000 000029 (v01 AMD    AmdTable 00000001 AMD  00000001)
[    0.003879] ACPI: SSDT 0x00000000BCAA4000 0002C2 (v02 AMD    ArticDGP 00000001 INTL 20120913)
[    0.003881] ACPI: SSDT 0x00000000BCAA2000 0010C9 (v02 AMD    ArticTPX 00000001 INTL 20120913)
[    0.003882] ACPI: SSDT 0x00000000BCAA1000 00052C (v02 AMD    ArticNOI 00000001 INTL 20120913)
[    0.003884] ACPI: SSDT 0x00000000BCA9D000 0037C4 (v02 AMD    ArticN   00000001 INTL 20120913)
[    0.003885] ACPI: WSMT 0x00000000BCA9C000 000028 (v01 ALASKA A M I    01072009 AMI  00010013)
[    0.003887] ACPI: APIC 0x00000000BCA9B000 00015E (v04 ALASKA A M I    01072009 AMI  00010013)
[    0.003888] ACPI: SSDT 0x00000000BCA9A000 00007D (v02 AMD    ArticDIS 00000001 INTL 20120913)
[    0.003890] ACPI: SSDT 0x00000000BCA98000 0010AF (v02 AMD    ArticC   00000001 INTL 20120913)
[    0.003891] ACPI: SSDT 0x00000000BCA97000 0000BF (v01 AMD    AmdTable 00001000 INTL 20120913)
[    0.003893] ACPI: FPDT 0x00000000BCA96000 000044 (v01 ALASKA A M I    01072009 AMI  01000013)
[    0.003894] ACPI: Reserving FACP table memory at [mem 0xbcac8000-0xbcac8113]
[    0.003895] ACPI: Reserving DSDT table memory at [mem 0xbcac1000-0xbcac7865]
[    0.003896] ACPI: Reserving FACS table memory at [mem 0xbd19a000-0xbd19a03f]
[    0.003896] ACPI: Reserving SSDT table memory at [mem 0xbcace000-0xbcad6ce8]
[    0.003897] ACPI: Reserving SSDT table memory at [mem 0xbcaca000-0xbcacdb44]
[    0.003897] ACPI: Reserving SSDT table memory at [mem 0xbcac9000-0xbcac9220]
[    0.003897] ACPI: Reserving FIDT table memory at [mem 0xbcac0000-0xbcac009b]
[    0.003898] ACPI: Reserving MCFG table memory at [mem 0xbcabf000-0xbcabf03b]
[    0.003898] ACPI: Reserving AAFT table memory at [mem 0xbcabe000-0xbcabe114]
[    0.003899] ACPI: Reserving HPET table memory at [mem 0xbcabd000-0xbcabd037]
[    0.003899] ACPI: Reserving VFCT table memory at [mem 0xbcaae000-0xbcabc283]
[    0.003900] ACPI: Reserving TPM2 table memory at [mem 0xbcaad000-0xbcaad04b]
[    0.003900] ACPI: Reserving PCCT table memory at [mem 0xbcaac000-0xbcaac06d]
[    0.003901] ACPI: Reserving SSDT table memory at [mem 0xbcaa7000-0xbcaab132]
[    0.003901] ACPI: Reserving CRAT table memory at [mem 0xbcaa6000-0xbcaa6f0f]
[    0.003902] ACPI: Reserving CDIT table memory at [mem 0xbcaa5000-0xbcaa5028]
[    0.003902] ACPI: Reserving SSDT table memory at [mem 0xbcaa4000-0xbcaa42c1]
[    0.003903] ACPI: Reserving SSDT table memory at [mem 0xbcaa2000-0xbcaa30c8]
[    0.003903] ACPI: Reserving SSDT table memory at [mem 0xbcaa1000-0xbcaa152b]
[    0.003904] ACPI: Reserving SSDT table memory at [mem 0xbca9d000-0xbcaa07c3]
[    0.003904] ACPI: Reserving WSMT table memory at [mem 0xbca9c000-0xbca9c027]
[    0.003905] ACPI: Reserving APIC table memory at [mem 0xbca9b000-0xbca9b15d]
[    0.003905] ACPI: Reserving SSDT table memory at [mem 0xbca9a000-0xbca9a07c]
[    0.003906] ACPI: Reserving SSDT table memory at [mem 0xbca98000-0xbca990ae]
[    0.003906] ACPI: Reserving SSDT table memory at [mem 0xbca97000-0xbca970be]
[    0.003907] ACPI: Reserving FPDT table memory at [mem 0xbca96000-0xbca96043]
[    0.003988] No NUMA configuration found
[    0.003988] Faking a node at [mem 0x0000000000000000-0x000000083f37ffff]
[    0.003993] NODE_DATA(0) allocated [mem 0x83f355000-0x83f37ffff]
[    0.004090] Zone ranges:
[    0.004090]   DMA      [mem 0x0000000000001000-0x0000000000ffffff]
[    0.004091]   DMA32    [mem 0x0000000001000000-0x00000000ffffffff]
[    0.004092]   Normal   [mem 0x0000000100000000-0x000000083f37ffff]
[    0.004093]   Device   empty
[    0.004094] Movable zone start for each node
[    0.004094] Early memory node ranges
[    0.004095]   node   0: [mem 0x0000000000001000-0x000000000009ffff]
[    0.004096]   node   0: [mem 0x0000000000100000-0x0000000009bfefff]
[    0.004096]   node   0: [mem 0x000000000a000000-0x000000000a1fffff]
[    0.004097]   node   0: [mem 0x000000000a20e000-0x000000000affffff]
[    0.004097]   node   0: [mem 0x000000000b020000-0x00000000bb31bfff]
[    0.004098]   node   0: [mem 0x00000000bdfff000-0x00000000beffffff]
[    0.004098]   node   0: [mem 0x0000000100000000-0x000000083f37ffff]
[    0.004100] Initmem setup node 0 [mem 0x0000000000001000-0x000000083f37ffff]
[    0.004104] On node 0, zone DMA: 1 pages in unavailable ranges
[    0.004113] On node 0, zone DMA: 96 pages in unavailable ranges
[    0.004197] On node 0, zone DMA32: 1025 pages in unavailable ranges
[    0.004206] On node 0, zone DMA32: 14 pages in unavailable ranges
[    0.006383] On node 0, zone DMA32: 32 pages in unavailable ranges
[    0.006461] On node 0, zone DMA32: 11491 pages in unavailable ranges
[    0.042150] On node 0, zone Normal: 4096 pages in unavailable ranges
[    0.042172] On node 0, zone Normal: 3200 pages in unavailable ranges
[    0.042617] ACPI: PM-Timer IO Port: 0x808
[    0.042626] ACPI: LAPIC_NMI (acpi_id[0xff] high edge lint[0x1])
[    0.042635] IOAPIC[0]: apic_id 17, version 33, address 0xfec00000, GSI 0-23
[    0.042639] IOAPIC[1]: apic_id 18, version 33, address 0xfec01000, GSI 24-55
[    0.042641] ACPI: INT_SRC_OVR (bus 0 bus_irq 0 global_irq 2 dfl dfl)
[    0.042642] ACPI: INT_SRC_OVR (bus 0 bus_irq 9 global_irq 9 low level)
[    0.042644] ACPI: Using ACPI (MADT) for SMP configuration information
[    0.042645] ACPI: HPET id: 0x10228201 base: 0xfed00000
[    0.042648] smpboot: Allowing 32 CPUs, 16 hotplug CPUs
[    0.042665] PM: hibernation: Registered nosave memory: [mem 0x00000000-0x00000fff]
[    0.042666] PM: hibernation: Registered nosave memory: [mem 0x000a0000-0x000fffff]
[    0.042667] PM: hibernation: Registered nosave memory: [mem 0x09bff000-0x09ffffff]
[    0.042668] PM: hibernation: Registered nosave memory: [mem 0x0a200000-0x0a20dfff]
[    0.042669] PM: hibernation: Registered nosave memory: [mem 0x0b000000-0x0b01ffff]
[    0.042670] PM: hibernation: Registered nosave memory: [mem 0xba953000-0xba953fff]
[    0.042671] PM: hibernation: Registered nosave memory: [mem 0xbb31c000-0xbdffefff]
[    0.042672] PM: hibernation: Registered nosave memory: [mem 0xbf000000-0xffffffff]
[    0.042673] [mem 0xc0000000-0xfe9fffff] available for PCI devices
[    0.042676] Booting paravirtualized kernel on bare hardware
[    0.042677] clocksource: refined-jiffies: mask: 0xffffffff max_cycles: 0xffffffff, max_idle_ns: 1910969940391419 ns
[    0.042684] setup_percpu: NR_CPUS:8192 nr_cpumask_bits:32 nr_cpu_ids:32 nr_node_ids:1
[    0.044040] percpu: Embedded 86 pages/cpu s229376 r8192 d114688 u524288
[    0.044044] pcpu-alloc: s229376 r8192 d114688 u524288 alloc=1*2097152
[    0.044046] pcpu-alloc: [0] 00 01 02 03 [0] 04 05 06 07 
[    0.044049] pcpu-alloc: [0] 08 09 10 11 [0] 12 13 14 15 
[    0.044052] pcpu-alloc: [0] 16 17 18 19 [0] 20 21 22 23 
[    0.044055] pcpu-alloc: [0] 24 25 26 27 [0] 28 29 30 31 
[    0.044071] Kernel command line: BOOT_IMAGE=/boot/vmlinuz-6.8.0-117-generic root=UUID=a076301c-b9f2-4913-9778-e6596aaa787b ro quiet splash modprobe.blacklist=amdgpu
[    0.044129] Unknown kernel command line parameters "splash", will be passed to user space.
[    0.046444] Dentry cache hash table entries: 4194304 (order: 13, 33554432 bytes, linear)
[    0.047596] Inode-cache hash table entries: 2097152 (order: 12, 16777216 bytes, linear)
[    0.047734] Fallback order for Node 0: 0 
[    0.047738] Built 1 zonelists, mobility grouping on.  Total pages: 8237732
[    0.047739] Policy zone: Normal
[    0.047746] mem auto-init: stack:all(zero), heap alloc:on, heap free:off
[    0.047751] software IO TLB: area num 32.
[    0.099321] Memory: 32618296K/33474612K available (22528K kernel code, 4438K rwdata, 14416K rodata, 4924K init, 4788K bss, 856056K reserved, 0K cma-reserved)
[    0.099917] SLUB: HWalign=64, Order=0-3, MinObjects=0, CPUs=32, Nodes=1
[    0.099938] ftrace: allocating 58286 entries in 228 pages
[    0.109444] ftrace: allocated 228 pages with 4 groups
[    0.110150] Dynamic Preempt: voluntary
[    0.110245] rcu: Preemptible hierarchical RCU implementation.
[    0.110245] rcu: 	RCU restricting CPUs from NR_CPUS=8192 to nr_cpu_ids=32.
[    0.110246] 	Trampoline variant of Tasks RCU enabled.
[    0.110247] 	Rude variant of Tasks RCU enabled.
[    0.110247] 	Tracing variant of Tasks RCU enabled.
[    0.110248] rcu: RCU calculated value of scheduler-enlistment delay is 100 jiffies.
[    0.110248] rcu: Adjusting geometry for rcu_fanout_leaf=16, nr_cpu_ids=32
[    0.110263] RCU Tasks: Setting shift to 5 and lim to 1 rcu_task_cb_adjust=1 rcu_task_cpu_ids=32.
[    0.110265] RCU Tasks Rude: Setting shift to 5 and lim to 1 rcu_task_cb_adjust=1 rcu_task_cpu_ids=32.
[    0.110267] RCU Tasks Trace: Setting shift to 5 and lim to 1 rcu_task_cb_adjust=1 rcu_task_cpu_ids=32.
[    0.112126] NR_IRQS: 524544, nr_irqs: 1224, preallocated irqs: 16
[    0.112313] rcu: srcu_init: Setting srcu_struct sizes based on contention.
[    0.112406] Console: colour dummy device 80x25
[    0.112408] printk: legacy console [tty0] enabled
[    0.112444] ACPI: Core revision 20230628
[    0.112563] clocksource: hpet: mask: 0xffffffff max_cycles: 0xffffffff, max_idle_ns: 133484873504 ns
[    0.112578] APIC: Switch to symmetric I/O mode setup
[    0.112680] x2apic: IRQ remapping doesn't support X2APIC mode
[    0.113224] ..TIMER: vector=0x30 apic1=0 pin1=2 apic2=-1 pin2=-1
[    0.117578] clocksource: tsc-early: mask: 0xffffffffffffffff max_cycles: 0x6d57208c6c3, max_idle_ns: 881591074022 ns
[    0.117581] Calibrating delay loop (skipped), value calculated using timer frequency.. 7585.48 BogoMIPS (lpj=3792742)
[    0.117593] x86/cpu: User Mode Instruction Prevention (UMIP) activated
[    0.117640] LVT offset 1 assigned for vector 0xf9
[    0.117787] LVT offset 2 assigned for vector 0xf4
[    0.117828] process: using mwait in idle threads
[    0.117829] Last level iTLB entries: 4KB 512, 2MB 512, 4MB 256
[    0.117830] Last level dTLB entries: 4KB 2048, 2MB 2048, 4MB 1024, 1GB 0
[    0.117832] Spectre V1 : Mitigation: usercopy/swapgs barriers and __user pointer sanitization
[    0.117834] Spectre V2 : Mitigation: Retpolines
[    0.117835] Spectre V2 : Spectre v2 / SpectreRSB: Filling RSB on context switch and VMEXIT
[    0.117835] Spectre V2 : Enabling Restricted Speculation for firmware calls
[    0.117836] Spectre V2 : mitigation: Enabling conditional Indirect Branch Prediction Barrier
[    0.117837] Spectre V2 : User space: Mitigation: STIBP always-on protection
[    0.117838] Speculative Store Bypass: Mitigation: Speculative Store Bypass disabled via prctl
[    0.117839] active return thunk: srso_alias_return_thunk
[    0.117843] Speculative Return Stack Overflow: Mitigation: Safe RET
[    0.117844] Transient Scheduler Attacks: Mitigation: Clear CPU buffers
[    0.117844] VMSCAPE: Mitigation: IBPB before exit to userspace
[    0.117849] x86/fpu: Supporting XSAVE feature 0x001: 'x87 floating point registers'
[    0.117849] x86/fpu: Supporting XSAVE feature 0x002: 'SSE registers'
[    0.117850] x86/fpu: Supporting XSAVE feature 0x004: 'AVX registers'
[    0.117850] x86/fpu: Supporting XSAVE feature 0x200: 'Protection Keys User registers'
[    0.117851] x86/fpu: Supporting XSAVE feature 0x800: 'Control-flow User registers'
[    0.117852] x86/fpu: xstate_offset[2]:  576, xstate_sizes[2]:  256
[    0.117853] x86/fpu: xstate_offset[9]:  832, xstate_sizes[9]:    8
[    0.117853] x86/fpu: xstate_offset[11]:  840, xstate_sizes[11]:   16
[    0.117854] x86/fpu: Enabled xstate features 0xa07, context size is 856 bytes, using 'compacted' format.
[    0.140968] Freeing SMP alternatives memory: 48K
[    0.140972] pid_max: default: 32768 minimum: 301
[    0.144347] LSM: initializing lsm=lockdown,capability,landlock,yama,apparmor,integrity
[    0.144363] landlock: Up and running.
[    0.144364] Yama: becoming mindful.
[    0.144396] AppArmor: AppArmor initialized
[    0.144475] Mount-cache hash table entries: 65536 (order: 7, 524288 bytes, linear)
[    0.144513] Mountpoint-cache hash table entries: 65536 (order: 7, 524288 bytes, linear)
[    0.246965] smpboot: CPU0: AMD Ryzen 7 5800X 8-Core Processor (family: 0x19, model: 0x21, stepping: 0x0)
[    0.247151] Performance Events: Fam17h+ core perfctr, AMD PMU driver.
[    0.247156] ... version:                0
[    0.247157] ... bit width:              48
[    0.247158] ... generic registers:      6
[    0.247159] ... value mask:             0000ffffffffffff
[    0.247160] ... max period:             00007fffffffffff
[    0.247161] ... fixed-purpose events:   0
[    0.247162] ... event mask:             000000000000003f
[    0.247234] signal: max sigframe size: 3376
[    0.247272] rcu: Hierarchical SRCU implementation.
[    0.247274] rcu: 	Max phase no-delay instances is 400.
[    0.249605] NMI watchdog: Enabled. Permanently consumes one hw-PMU counter.
[    0.249832] smp: Bringing up secondary CPUs ...
[    0.249929] smpboot: x86: Booting SMP configuration:
[    0.249930] .... node  #0, CPUs:        #1  #2  #3  #4  #5  #6  #7  #8  #9 #10 #11 #12 #13 #14 #15
[    0.261692] Spectre V2 : Update user space SMT mitigation: STIBP always-on
[    0.268621] smp: Brought up 1 node, 16 CPUs
[    0.268621] smpboot: Max logical packages: 2
[    0.268621] smpboot: Total of 16 processors activated (121367.74 BogoMIPS)
[    0.270942] devtmpfs: initialized
[    0.270942] x86/mm: Memory block size: 128MB
[    0.274414] ACPI: PM: Registering ACPI NVS region [mem 0x0a200000-0x0a20dfff] (57344 bytes)
[    0.274414] ACPI: PM: Registering ACPI NVS region [mem 0xbcad7000-0xbd1b6fff] (7208960 bytes)
[    0.274601] clocksource: jiffies: mask: 0xffffffff max_cycles: 0xffffffff, max_idle_ns: 1911260446275000 ns
[    0.274623] futex hash table entries: 8192 (order: 7, 524288 bytes, linear)
[    0.274719] pinctrl core: initialized pinctrl subsystem
[    0.274831] PM: RTC time: 18:35:24, date: 2026-06-10
[    0.275168] NET: Registered PF_NETLINK/PF_ROUTE protocol family
[    0.275452] DMA: preallocated 4096 KiB GFP_KERNEL pool for atomic allocations
[    0.275613] DMA: preallocated 4096 KiB GFP_KERNEL|GFP_DMA pool for atomic allocations
[    0.275770] DMA: preallocated 4096 KiB GFP_KERNEL|GFP_DMA32 pool for atomic allocations
[    0.275779] audit: initializing netlink subsys (disabled)
[    0.275790] audit: type=2000 audit(1781116524.163:1): state=initialized audit_enabled=0 res=1
[    0.275790] thermal_sys: Registered thermal governor 'fair_share'
[    0.275790] thermal_sys: Registered thermal governor 'bang_bang'
[    0.275790] thermal_sys: Registered thermal governor 'step_wise'
[    0.275790] thermal_sys: Registered thermal governor 'user_space'
[    0.275790] thermal_sys: Registered thermal governor 'power_allocator'
[    0.275790] cpuidle: using governor ladder
[    0.275790] cpuidle: using governor menu
[    0.275790] Detected 1 PCC Subspaces
[    0.275790] Registering PCC driver as Mailbox controller
[    0.275790] acpiphp: ACPI Hot Plug PCI Controller Driver version: 0.5
[    0.275790] PCI: ECAM [mem 0xf0000000-0xf7ffffff] (base 0xf0000000) for domain 0000 [bus 00-7f]
[    0.275790] PCI: Using configuration type 1 for base access
[    0.275864] kprobes: kprobe jump-optimization is enabled. All kprobes are optimized if possible.
[    0.279710] HugeTLB: registered 1.00 GiB page size, pre-allocated 0 pages
[    0.279710] HugeTLB: 16380 KiB vmemmap can be freed for a 1.00 GiB page
[    0.279710] HugeTLB: registered 2.00 MiB page size, pre-allocated 0 pages
[    0.279710] HugeTLB: 28 KiB vmemmap can be freed for a 2.00 MiB page
[    0.280177] ACPI: Added _OSI(Module Device)
[    0.280179] ACPI: Added _OSI(Processor Device)
[    0.280181] ACPI: Added _OSI(Processor Aggregator Device)
[    0.305525] ACPI: 12 ACPI AML tables successfully acquired and loaded
[    0.308142] ACPI: [Firmware Bug]: BIOS _OSI(Linux) query ignored
[    0.313834] ACPI: _OSC evaluation for CPUs failed, trying _PDC
[    0.314981] ACPI: Interpreter enabled
[    0.314998] ACPI: PM: (supports S0 S3 S4 S5)
[    0.314999] ACPI: Using IOAPIC for interrupt routing
[    0.316787] PCI: Using host bridge windows from ACPI; if necessary, use "pci=nocrs" and report a bug
[    0.316788] PCI: Ignoring E820 reservations for host bridge windows
[    0.317394] ACPI: Enabled 8 GPEs in block 00 to 1F
[    0.334221] ACPI: PCI Root Bridge [PCI0] (domain 0000 [bus 00-ff])
[    0.334227] acpi PNP0A08:00: _OSC: OS supports [ExtendedConfig ASPM ClockPM Segments MSI EDR HPX-Type3]
[    0.334350] acpi PNP0A08:00: _OSC: platform does not support [SHPCHotplug LTR DPC]
[    0.334574] acpi PNP0A08:00: _OSC: OS now controls [PCIeHotplug PME AER PCIeCapability]
[    0.334586] acpi PNP0A08:00: [Firmware Info]: ECAM [mem 0xf0000000-0xf7ffffff] for domain 0000 [bus 00-7f] only partially covers this bridge
[    0.335215] PCI host bridge to bus 0000:00
[    0.335217] pci_bus 0000:00: root bus resource [io  0x0000-0x03af window]
[    0.335220] pci_bus 0000:00: root bus resource [io  0x03e0-0x0cf7 window]
[    0.335221] pci_bus 0000:00: root bus resource [io  0x03b0-0x03df window]
[    0.335223] pci_bus 0000:00: root bus resource [io  0x0d00-0xffff window]
[    0.335224] pci_bus 0000:00: root bus resource [mem 0x000a0000-0x000dffff window]
[    0.335226] pci_bus 0000:00: root bus resource [mem 0xc0000000-0xfcffffff window]
[    0.335228] pci_bus 0000:00: root bus resource [mem 0x840000000-0x7fffffffff window]
[    0.335229] pci_bus 0000:00: root bus resource [bus 00-ff]
[    0.335248] pci 0000:00:00.0: [1022:1480] type 00 class 0x060000 conventional PCI endpoint
[    0.335356] pci 0000:00:01.0: [1022:1482] type 00 class 0x060000 conventional PCI endpoint
[    0.335421] pci 0000:00:01.1: [1022:1483] type 01 class 0x060400 PCIe Root Port
[    0.335438] pci 0000:00:01.1: PCI bridge to [bus 01]
[    0.335445] pci 0000:00:01.1:   bridge window [mem 0xfcf00000-0xfcffffff]
[    0.335459] pci 0000:00:01.1: enabling Extended Tags
[    0.335507] pci 0000:00:01.1: PME# supported from D0 D3hot D3cold
[    0.335647] pci 0000:00:01.2: [1022:1483] type 01 class 0x060400 PCIe Root Port
[    0.335664] pci 0000:00:01.2: PCI bridge to [bus 02-05]
[    0.335669] pci 0000:00:01.2:   bridge window [io  0xf000-0xffff]
[    0.335672] pci 0000:00:01.2:   bridge window [mem 0xfcc00000-0xfcefffff]
[    0.335685] pci 0000:00:01.2: enabling Extended Tags
[    0.335733] pci 0000:00:01.2: PME# supported from D0 D3hot D3cold
[    0.335904] pci 0000:00:02.0: [1022:1482] type 00 class 0x060000 conventional PCI endpoint
[    0.335967] pci 0000:00:03.0: [1022:1482] type 00 class 0x060000 conventional PCI endpoint
[    0.336028] pci 0000:00:03.1: [1022:1483] type 01 class 0x060400 PCIe Root Port
[    0.336042] pci 0000:00:03.1: PCI bridge to [bus 06-08]
[    0.336046] pci 0000:00:03.1:   bridge window [io  0xe000-0xefff]
[    0.336049] pci 0000:00:03.1:   bridge window [mem 0xfc500000-0xfc8fffff]
[    0.336055] pci 0000:00:03.1:   bridge window [mem 0x7000000000-0x780fffffff 64bit pref]
[    0.336100] pci 0000:00:03.1: PME# supported from D0 D3hot D3cold
[    0.336223] pci 0000:00:04.0: [1022:1482] type 00 class 0x060000 conventional PCI endpoint
[    0.336287] pci 0000:00:05.0: [1022:1482] type 00 class 0x060000 conventional PCI endpoint
[    0.336349] pci 0000:00:07.0: [1022:1482] type 00 class 0x060000 conventional PCI endpoint
[    0.336408] pci 0000:00:07.1: [1022:1484] type 01 class 0x060400 PCIe Root Port
[    0.336421] pci 0000:00:07.1: PCI bridge to [bus 09]
[    0.336433] pci 0000:00:07.1: enabling Extended Tags
[    0.336467] pci 0000:00:07.1: PME# supported from D0 D3hot D3cold
[    0.336585] pci 0000:00:08.0: [1022:1482] type 00 class 0x060000 conventional PCI endpoint
[    0.336646] pci 0000:00:08.1: [1022:1484] type 01 class 0x060400 PCIe Root Port
[    0.336660] pci 0000:00:08.1: PCI bridge to [bus 0a]
[    0.336665] pci 0000:00:08.1:   bridge window [mem 0xfc900000-0xfcbfffff]
[    0.336676] pci 0000:00:08.1: enabling Extended Tags
[    0.336714] pci 0000:00:08.1: PME# supported from D0 D3hot D3cold
[    0.336858] pci 0000:00:14.0: [1022:790b] type 00 class 0x0c0500 conventional PCI endpoint
[    0.336968] pci 0000:00:14.3: [1022:790e] type 00 class 0x060100 conventional PCI endpoint
[    0.337087] pci 0000:00:18.0: [1022:1440] type 00 class 0x060000 conventional PCI endpoint
[    0.337129] pci 0000:00:18.1: [1022:1441] type 00 class 0x060000 conventional PCI endpoint
[    0.337170] pci 0000:00:18.2: [1022:1442] type 00 class 0x060000 conventional PCI endpoint
[    0.337210] pci 0000:00:18.3: [1022:1443] type 00 class 0x060000 conventional PCI endpoint
[    0.337250] pci 0000:00:18.4: [1022:1444] type 00 class 0x060000 conventional PCI endpoint
[    0.337290] pci 0000:00:18.5: [1022:1445] type 00 class 0x060000 conventional PCI endpoint
[    0.337330] pci 0000:00:18.6: [1022:1446] type 00 class 0x060000 conventional PCI endpoint
[    0.337370] pci 0000:00:18.7: [1022:1447] type 00 class 0x060000 conventional PCI endpoint
[    0.337478] pci 0000:01:00.0: [8086:faf0] type 00 class 0x010802 PCIe Endpoint
[    0.337524] pci 0000:01:00.0: BAR 0 [mem 0xfcf00000-0xfcf03fff 64bit]
[    0.337765] pci 0000:00:01.1: PCI bridge to [bus 01]
[    0.337848] pci 0000:02:00.0: [1022:43ee] type 00 class 0x0c0330 PCIe Legacy Endpoint
[    0.337887] pci 0000:02:00.0: BAR 0 [mem 0xfcea0000-0xfcea7fff 64bit]
[    0.337899] pci 0000:02:00.0: enabling Extended Tags
[    0.337956] pci 0000:02:00.0: PME# supported from D3hot D3cold
[    0.338109] pci 0000:02:00.1: [1022:43eb] type 00 class 0x010601 PCIe Legacy Endpoint
[    0.338152] pci 0000:02:00.1: BAR 5 [mem 0xfce80000-0xfce9ffff]
[    0.338154] pci 0000:02:00.1: ROM [mem 0xfce00000-0xfce7ffff pref]
[    0.338161] pci 0000:02:00.1: enabling Extended Tags
[    0.338205] pci 0000:02:00.1: PME# supported from D3hot D3cold
[    0.338306] pci 0000:02:00.2: [1022:43e9] type 01 class 0x060400 PCIe Switch Upstream Port
[    0.338331] pci 0000:02:00.2: PCI bridge to [bus 03-05]
[    0.338338] pci 0000:02:00.2:   bridge window [io  0xf000-0xffff]
[    0.338341] pci 0000:02:00.2:   bridge window [mem 0xfcc00000-0xfcdfffff]
[    0.338362] pci 0000:02:00.2: enabling Extended Tags
[    0.338410] pci 0000:02:00.2: PME# supported from D3hot D3cold
[    0.338540] pci 0000:00:01.2: PCI bridge to [bus 02-05]
[    0.338685] pci 0000:03:00.0: [1022:43ea] type 01 class 0x060400 PCIe Switch Downstream Port
[    0.338712] pci 0000:03:00.0: PCI bridge to [bus 04]
[    0.338718] pci 0000:03:00.0:   bridge window [io  0xf000-0xffff]
[    0.338722] pci 0000:03:00.0:   bridge window [mem 0xfcd00000-0xfcdfffff]
[    0.338745] pci 0000:03:00.0: enabling Extended Tags
[    0.338804] pci 0000:03:00.0: PME# supported from D3hot D3cold
[    0.338938] pci 0000:03:01.0: [1022:43ea] type 01 class 0x060400 PCIe Switch Downstream Port
[    0.338965] pci 0000:03:01.0: PCI bridge to [bus 05]
[    0.338973] pci 0000:03:01.0:   bridge window [mem 0xfcc00000-0xfccfffff]
[    0.338997] pci 0000:03:01.0: enabling Extended Tags
[    0.339055] pci 0000:03:01.0: PME# supported from D3hot D3cold
[    0.339185] pci 0000:02:00.2: PCI bridge to [bus 03-05]
[    0.339265] pci 0000:04:00.0: [10ec:8168] type 00 class 0x020000 PCIe Endpoint
[    0.339348] pci 0000:04:00.0: BAR 0 [io  0xf000-0xf0ff]
[    0.339356] pci 0000:04:00.0: BAR 2 [mem 0xfcd04000-0xfcd04fff 64bit]
[    0.339362] pci 0000:04:00.0: BAR 4 [mem 0xfcd00000-0xfcd03fff 64bit]
[    0.339519] pci 0000:04:00.0: supports D1 D2
[    0.339520] pci 0000:04:00.0: PME# supported from D0 D1 D2 D3hot D3cold
[    0.339784] pci 0000:03:00.0: PCI bridge to [bus 04]
[    0.339910] pci 0000:05:00.0: [8086:24fb] type 00 class 0x028000 PCIe Endpoint
[    0.340016] pci 0000:05:00.0: BAR 0 [mem 0xfcc00000-0xfcc01fff 64bit]
[    0.340204] pci 0000:05:00.0: PME# supported from D0 D3hot D3cold
[    0.340525] pci 0000:03:01.0: PCI bridge to [bus 05]
[    0.340618] pci 0000:06:00.0: [1002:1478] type 01 class 0x060400 PCIe Switch Upstream Port
[    0.340639] pci 0000:06:00.0: BAR 0 [mem 0xfc800000-0xfc803fff]
[    0.340643] pci 0000:06:00.0: PCI bridge to [bus 07-08]
[    0.340649] pci 0000:06:00.0:   bridge window [io  0xe000-0xefff]
[    0.340652] pci 0000:06:00.0:   bridge window [mem 0xfc500000-0xfc7fffff]
[    0.340661] pci 0000:06:00.0:   bridge window [mem 0x7000000000-0x780fffffff 64bit pref]
[    0.340739] pci 0000:06:00.0: PME# supported from D0 D3hot D3cold
[    0.340927] pci 0000:00:03.1: PCI bridge to [bus 06-08]
[    0.340997] pci 0000:07:00.0: [1002:1479] type 01 class 0x060400 PCIe Switch Downstream Port
[    0.341020] pci 0000:07:00.0: PCI bridge to [bus 08]
[    0.341026] pci 0000:07:00.0:   bridge window [io  0xe000-0xefff]
[    0.341029] pci 0000:07:00.0:   bridge window [mem 0xfc500000-0xfc7fffff]
[    0.341038] pci 0000:07:00.0:   bridge window [mem 0x7000000000-0x780fffffff 64bit pref]
[    0.341116] pci 0000:07:00.0: PME# supported from D0 D3hot D3cold
[    0.341924] pci 0000:06:00.0: PCI bridge to [bus 07-08]
[    0.342004] pci 0000:08:00.0: [1002:744c] type 00 class 0x030000 PCIe Legacy Endpoint
[    0.342039] pci 0000:08:00.0: BAR 0 [mem 0x7000000000-0x77ffffffff 64bit pref]
[    0.342042] pci 0000:08:00.0: BAR 2 [mem 0x7800000000-0x780fffffff 64bit pref]
[    0.342045] pci 0000:08:00.0: BAR 4 [io  0xe000-0xe0ff]
[    0.342047] pci 0000:08:00.0: BAR 5 [mem 0xfc600000-0xfc6fffff]
[    0.342050] pci 0000:08:00.0: ROM [mem 0xfc700000-0xfc71ffff pref]
[    0.342137] pci 0000:08:00.0: PME# supported from D1 D2 D3hot D3cold
[    0.342309] pci 0000:08:00.1: [1002:ab30] type 00 class 0x040300 PCIe Legacy Endpoint
[    0.342342] pci 0000:08:00.1: BAR 0 [mem 0xfc724000-0xfc727fff]
[    0.342404] pci 0000:08:00.1: PME# supported from D1 D2 D3hot D3cold
[    0.342520] pci 0000:08:00.2: [1002:7446] type 00 class 0x0c0330 PCIe Endpoint
[    0.342554] pci 0000:08:00.2: BAR 0 [mem 0xfc500000-0xfc5fffff 64bit]
[    0.342620] pci 0000:08:00.2: PME# supported from D0 D3hot D3cold
[    0.342715] pci 0000:08:00.3: [1002:7444] type 00 class 0x0c8000 PCIe Endpoint
[    0.342748] pci 0000:08:00.3: BAR 0 [mem 0xfc720000-0xfc723fff 64bit]
[    0.342809] pci 0000:08:00.3: PME# supported from D0 D3hot
[    0.342932] pci 0000:07:00.0: PCI bridge to [bus 08]
[    0.342993] pci 0000:09:00.0: [1022:148a] type 00 class 0x130000 PCIe Endpoint
[    0.343017] pci 0000:09:00.0: enabling Extended Tags
[    0.343152] pci 0000:00:07.1: PCI bridge to [bus 09]
[    0.343213] pci 0000:0a:00.0: [1022:1485] type 00 class 0x130000 PCIe Endpoint
[    0.343240] pci 0000:0a:00.0: enabling Extended Tags
[    0.343367] pci 0000:0a:00.1: [1022:1486] type 00 class 0x108000 PCIe Endpoint
[    0.343390] pci 0000:0a:00.1: BAR 2 [mem 0xfca00000-0xfcafffff]
[    0.343393] pci 0000:0a:00.1: BAR 5 [mem 0xfcb08000-0xfcb09fff]
[    0.343398] pci 0000:0a:00.1: enabling Extended Tags
[    0.343507] pci 0000:0a:00.3: [1022:149c] type 00 class 0x0c0330 PCIe Endpoint
[    0.343529] pci 0000:0a:00.3: BAR 0 [mem 0xfc900000-0xfc9fffff 64bit]
[    0.343537] pci 0000:0a:00.3: enabling Extended Tags
[    0.343574] pci 0000:0a:00.3: PME# supported from D0 D3hot D3cold
[    0.343682] pci 0000:0a:00.4: [1022:1487] type 00 class 0x040300 PCIe Endpoint
[    0.343704] pci 0000:0a:00.4: BAR 0 [mem 0xfcb00000-0xfcb07fff]
[    0.343712] pci 0000:0a:00.4: enabling Extended Tags
[    0.343749] pci 0000:0a:00.4: PME# supported from D0 D3hot D3cold
[    0.343855] pci 0000:00:08.1: PCI bridge to [bus 0a]
[    0.345555] ACPI: PCI: Interrupt link LNKA configured for IRQ 0
[    0.345627] ACPI: PCI: Interrupt link LNKB configured for IRQ 0
[    0.345687] ACPI: PCI: Interrupt link LNKC configured for IRQ 0
[    0.345760] ACPI: PCI: Interrupt link LNKD configured for IRQ 0
[    0.345825] ACPI: PCI: Interrupt link LNKE configured for IRQ 0
[    0.345880] ACPI: PCI: Interrupt link LNKF configured for IRQ 0
[    0.345934] ACPI: PCI: Interrupt link LNKG configured for IRQ 0
[    0.345988] ACPI: PCI: Interrupt link LNKH configured for IRQ 0
[    0.347161] iommu: Default domain type: Translated
[    0.347161] iommu: DMA domain TLB invalidation policy: lazy mode
[    0.347161] SCSI subsystem initialized
[    0.347589] libata version 3.00 loaded.
[    0.347609] ACPI: bus type USB registered
[    0.347624] usbcore: registered new interface driver usbfs
[    0.347632] usbcore: registered new interface driver hub
[    0.347644] usbcore: registered new device driver usb
[    0.347666] pps_core: LinuxPPS API ver. 1 registered
[    0.347667] pps_core: Software ver. 5.3.6 - Copyright 2005-2007 Rodolfo Giometti <giometti@linux.it>
[    0.347670] PTP clock support registered
[    0.347687] EDAC MC: Ver: 3.0.0
[    0.347692] efivars: Registered efivars operations
[    0.347790] NetLabel: Initializing
[    0.347791] NetLabel:  domain hash size = 128
[    0.347792] NetLabel:  protocols = UNLABELED CIPSOv4 CALIPSO
[    0.347814] NetLabel:  unlabeled traffic allowed by default
[    0.347833] mctp: management component transport protocol core
[    0.347833] NET: Registered PF_MCTP protocol family
[    0.347833] PCI: Using ACPI for IRQ routing
[    0.351480] PCI: pci_cache_line_size set to 64 bytes
[    0.351675] e820: reserve RAM buffer [mem 0x09bff000-0x0bffffff]
[    0.351677] e820: reserve RAM buffer [mem 0x0a200000-0x0bffffff]
[    0.351678] e820: reserve RAM buffer [mem 0x0b000000-0x0bffffff]
[    0.351680] e820: reserve RAM buffer [mem 0xb75c8018-0xb7ffffff]
[    0.351681] e820: reserve RAM buffer [mem 0xba953000-0xbbffffff]
[    0.351682] e820: reserve RAM buffer [mem 0xbb31c000-0xbbffffff]
[    0.351683] e820: reserve RAM buffer [mem 0xbf000000-0xbfffffff]
[    0.351684] e820: reserve RAM buffer [mem 0x83f380000-0x83fffffff]
[    0.351742] pci 0000:08:00.0: vgaarb: setting as boot VGA device
[    0.351742] pci 0000:08:00.0: vgaarb: bridge control possible
[    0.351742] pci 0000:08:00.0: vgaarb: VGA device added: decodes=io+mem,owns=none,locks=none
[    0.351742] vgaarb: loaded
[    0.351742] hpet0: at MMIO 0xfed00000, IRQs 2, 8, 0
[    0.351742] hpet0: 3 comparators, 32-bit 14.318180 MHz counter
[    0.353634] clocksource: Switched to clocksource tsc-early
[    0.354356] VFS: Disk quotas dquot_6.6.0
[    0.354370] VFS: Dquot-cache hash table entries: 512 (order 0, 4096 bytes)
[    0.354533] AppArmor: AppArmor Filesystem Enabled
[    0.354561] pnp: PnP ACPI init
[    0.354655] system 00:00: [mem 0xf0000000-0xf7ffffff] has been reserved
[    0.354697] system 00:01: [mem 0xfeb80000-0xfebfffff] has been reserved
[    0.354782] system 00:02: [mem 0xfd200000-0xfd2fffff] has been reserved
[    0.355071] system 00:04: [io  0x0280-0x028f] has been reserved
[    0.355073] system 00:04: [io  0x0290-0x029f] has been reserved
[    0.355075] system 00:04: [io  0x02a0-0x02af] has been reserved
[    0.355077] system 00:04: [io  0x02b0-0x02bf] has been reserved
[    0.355379] pnp 00:05: [dma 0 disabled]
[    0.355713] system 00:06: [io  0x04d0-0x04d1] has been reserved
[    0.355715] system 00:06: [io  0x040b] has been reserved
[    0.355717] system 00:06: [io  0x04d6] has been reserved
[    0.355718] system 00:06: [io  0x0c00-0x0c01] has been reserved
[    0.355720] system 00:06: [io  0x0c14] has been reserved
[    0.355722] system 00:06: [io  0x0c50-0x0c51] has been reserved
[    0.355723] system 00:06: [io  0x0c52] has been reserved
[    0.355725] system 00:06: [io  0x0c6c] has been reserved
[    0.355727] system 00:06: [io  0x0c6f] has been reserved
[    0.355728] system 00:06: [io  0x0cd8-0x0cdf] has been reserved
[    0.355730] system 00:06: [io  0x0800-0x089f] has been reserved
[    0.355731] system 00:06: [io  0x0b00-0x0b0f] has been reserved
[    0.355733] system 00:06: [io  0x0b20-0x0b3f] has been reserved
[    0.355735] system 00:06: [io  0x0900-0x090f] has been reserved
[    0.355736] system 00:06: [io  0x0910-0x091f] has been reserved
[    0.355738] system 00:06: [mem 0xfec00000-0xfec00fff] could not be reserved
[    0.355740] system 00:06: [mem 0xfec01000-0xfec01fff] could not be reserved
[    0.355742] system 00:06: [mem 0xfedc0000-0xfedc0fff] has been reserved
[    0.355744] system 00:06: [mem 0xfee00000-0xfee00fff] has been reserved
[    0.355745] system 00:06: [mem 0xfed80000-0xfed8ffff] could not be reserved
[    0.355747] system 00:06: [mem 0xfec10000-0xfec10fff] has been reserved
[    0.355749] system 00:06: [mem 0xff000000-0xffffffff] has been reserved
[    0.356533] pnp: PnP ACPI: found 7 devices
[    0.362397] clocksource: acpi_pm: mask: 0xffffff max_cycles: 0xffffff, max_idle_ns: 2085701024 ns
[    0.362470] NET: Registered PF_INET protocol family
[    0.362639] IP idents hash table entries: 262144 (order: 9, 2097152 bytes, linear)
[    0.374979] tcp_listen_portaddr_hash hash table entries: 16384 (order: 6, 262144 bytes, linear)
[    0.374997] Table-perturb hash table entries: 65536 (order: 6, 262144 bytes, linear)
[    0.375131] TCP established hash table entries: 262144 (order: 9, 2097152 bytes, linear)
[    0.375379] TCP bind hash table entries: 65536 (order: 9, 2097152 bytes, linear)
[    0.375467] TCP: Hash tables configured (established 262144 bind 65536)
[    0.375569] MPTCP token hash table entries: 32768 (order: 8, 786432 bytes, linear)
[    0.375610] UDP hash table entries: 16384 (order: 7, 524288 bytes, linear)
[    0.375665] UDP-Lite hash table entries: 16384 (order: 7, 524288 bytes, linear)
[    0.375749] NET: Registered PF_UNIX/PF_LOCAL protocol family
[    0.375755] NET: Registered PF_XDP protocol family
[    0.375768] pci 0000:00:01.1: PCI bridge to [bus 01]
[    0.375772] pci 0000:00:01.1:   bridge window [mem 0xfcf00000-0xfcffffff]
[    0.375778] pci 0000:03:00.0: PCI bridge to [bus 04]
[    0.375780] pci 0000:03:00.0:   bridge window [io  0xf000-0xffff]
[    0.375785] pci 0000:03:00.0:   bridge window [mem 0xfcd00000-0xfcdfffff]
[    0.375793] pci 0000:03:01.0: PCI bridge to [bus 05]
[    0.375797] pci 0000:03:01.0:   bridge window [mem 0xfcc00000-0xfccfffff]
[    0.375805] pci 0000:02:00.2: PCI bridge to [bus 03-05]
[    0.375807] pci 0000:02:00.2:   bridge window [io  0xf000-0xffff]
[    0.375812] pci 0000:02:00.2:   bridge window [mem 0xfcc00000-0xfcdfffff]
[    0.375819] pci 0000:00:01.2: PCI bridge to [bus 02-05]
[    0.375821] pci 0000:00:01.2:   bridge window [io  0xf000-0xffff]
[    0.375824] pci 0000:00:01.2:   bridge window [mem 0xfcc00000-0xfcefffff]
[    0.375830] pci 0000:07:00.0: PCI bridge to [bus 08]
[    0.375837] pci 0000:07:00.0:   bridge window [io  0xe000-0xefff]
[    0.375841] pci 0000:07:00.0:   bridge window [mem 0xfc500000-0xfc7fffff]
[    0.375844] pci 0000:07:00.0:   bridge window [mem 0x7000000000-0x780fffffff 64bit pref]
[    0.375849] pci 0000:06:00.0: PCI bridge to [bus 07-08]
[    0.375851] pci 0000:06:00.0:   bridge window [io  0xe000-0xefff]
[    0.375855] pci 0000:06:00.0:   bridge window [mem 0xfc500000-0xfc7fffff]
[    0.375858] pci 0000:06:00.0:   bridge window [mem 0x7000000000-0x780fffffff 64bit pref]
[    0.375863] pci 0000:00:03.1: PCI bridge to [bus 06-08]
[    0.375865] pci 0000:00:03.1:   bridge window [io  0xe000-0xefff]
[    0.375868] pci 0000:00:03.1:   bridge window [mem 0xfc500000-0xfc8fffff]
[    0.375871] pci 0000:00:03.1:   bridge window [mem 0x7000000000-0x780fffffff 64bit pref]
[    0.375875] pci 0000:00:07.1: PCI bridge to [bus 09]
[    0.375880] pci 0000:00:08.1: PCI bridge to [bus 0a]
[    0.375883] pci 0000:00:08.1:   bridge window [mem 0xfc900000-0xfcbfffff]
[    0.375888] pci_bus 0000:00: resource 4 [io  0x0000-0x03af window]
[    0.375890] pci_bus 0000:00: resource 5 [io  0x03e0-0x0cf7 window]
[    0.375891] pci_bus 0000:00: resource 6 [io  0x03b0-0x03df window]
[    0.375893] pci_bus 0000:00: resource 7 [io  0x0d00-0xffff window]
[    0.375894] pci_bus 0000:00: resource 8 [mem 0x000a0000-0x000dffff window]
[    0.375896] pci_bus 0000:00: resource 9 [mem 0xc0000000-0xfcffffff window]
[    0.375897] pci_bus 0000:00: resource 10 [mem 0x840000000-0x7fffffffff window]
[    0.375899] pci_bus 0000:01: resource 1 [mem 0xfcf00000-0xfcffffff]
[    0.375901] pci_bus 0000:02: resource 0 [io  0xf000-0xffff]
[    0.375903] pci_bus 0000:02: resource 1 [mem 0xfcc00000-0xfcefffff]
[    0.375904] pci_bus 0000:03: resource 0 [io  0xf000-0xffff]
[    0.375906] pci_bus 0000:03: resource 1 [mem 0xfcc00000-0xfcdfffff]
[    0.375907] pci_bus 0000:04: resource 0 [io  0xf000-0xffff]
[    0.375908] pci_bus 0000:04: resource 1 [mem 0xfcd00000-0xfcdfffff]
[    0.375910] pci_bus 0000:05: resource 1 [mem 0xfcc00000-0xfccfffff]
[    0.375912] pci_bus 0000:06: resource 0 [io  0xe000-0xefff]
[    0.375913] pci_bus 0000:06: resource 1 [mem 0xfc500000-0xfc8fffff]
[    0.375914] pci_bus 0000:06: resource 2 [mem 0x7000000000-0x780fffffff 64bit pref]
[    0.375916] pci_bus 0000:07: resource 0 [io  0xe000-0xefff]
[    0.375917] pci_bus 0000:07: resource 1 [mem 0xfc500000-0xfc7fffff]
[    0.375919] pci_bus 0000:07: resource 2 [mem 0x7000000000-0x780fffffff 64bit pref]
[    0.375920] pci_bus 0000:08: resource 0 [io  0xe000-0xefff]
[    0.375922] pci_bus 0000:08: resource 1 [mem 0xfc500000-0xfc7fffff]
[    0.375923] pci_bus 0000:08: resource 2 [mem 0x7000000000-0x780fffffff 64bit pref]
[    0.375925] pci_bus 0000:0a: resource 1 [mem 0xfc900000-0xfcbfffff]
[    0.376210] pci 0000:08:00.1: D0 power state depends on 0000:08:00.0
[    0.376271] pci 0000:08:00.2: D0 power state depends on 0000:08:00.0
[    0.376461] pci 0000:08:00.3: D0 power state depends on 0000:08:00.0
[    0.376623] PCI: CLS 64 bytes, default 64
[    0.376634] PCI-DMA: Using software bounce buffering for IO (SWIOTLB)
[    0.376636] software IO TLB: mapped [mem 0x00000000b35c8000-0x00000000b75c8000] (64MB)
[    0.376676] Trying to unpack rootfs image as initramfs...
[    0.376679] LVT offset 0 assigned for vector 0x400
[    0.376767] perf: AMD IBS detected (0x000003ff)
[    0.377426] Initialise system trusted keyrings
[    0.377435] Key type blacklist registered
[    0.377464] workingset: timestamp_bits=36 max_order=23 bucket_order=0
[    0.377473] zbud: loaded
[    0.377674] squashfs: version 4.0 (2009/01/31) Phillip Lougher
[    0.377747] fuse: init (API version 7.39)
[    0.377853] integrity: Platform Keyring initialized
[    0.377856] integrity: Machine keyring initialized
[    0.385951] Key type asymmetric registered
[    0.385953] Asymmetric key parser 'x509' registered
[    0.385969] Block layer SCSI generic (bsg) driver version 0.4 loaded (major 243)
[    0.386008] io scheduler mq-deadline registered
[    0.387033] pcieport 0000:00:01.1: PME: Signaling with IRQ 27
[    0.387153] pcieport 0000:00:01.2: PME: Signaling with IRQ 28
[    0.387258] pcieport 0000:00:03.1: PME: Signaling with IRQ 29
[    0.387440] pcieport 0000:00:07.1: PME: Signaling with IRQ 31
[    0.387498] pcieport 0000:00:07.1: AER: enabled with IRQ 31
[    0.387591] pcieport 0000:00:08.1: PME: Signaling with IRQ 32
[    0.387646] pcieport 0000:00:08.1: AER: enabled with IRQ 32
[    0.388243] shpchp: Standard Hot Plug PCI Controller Driver version: 0.4
[    0.388403] input: Power Button as /devices/LNXSYSTM:00/LNXSYBUS:00/PNP0C0C:00/input/input0
[    0.388427] ACPI: button: Power Button [PWRB]
[    0.388464] input: Power Button as /devices/LNXSYSTM:00/LNXPWRBN:00/input/input1
[    0.388508] ACPI: button: Power Button [PWRF]
[    0.389283] Estimated ratio of average max frequency by base frequency (times 1024): 1165
[    0.389297] Monitor-Mwait will be used to enter C-1 state
[    0.389303] ACPI: \_SB_.PLTF.C000: Found 2 idle states
[    0.389437] ACPI: \_SB_.PLTF.C002: Found 2 idle states
[    0.389527] ACPI: \_SB_.PLTF.C004: Found 2 idle states
[    0.389644] ACPI: \_SB_.PLTF.C006: Found 2 idle states
[    0.389759] ACPI: \_SB_.PLTF.C008: Found 2 idle states
[    0.389872] ACPI: \_SB_.PLTF.C00A: Found 2 idle states
[    0.389977] ACPI: \_SB_.PLTF.C00C: Found 2 idle states
[    0.390085] ACPI: \_SB_.PLTF.C00E: Found 2 idle states
[    0.390175] ACPI: \_SB_.PLTF.C001: Found 2 idle states
[    0.390260] ACPI: \_SB_.PLTF.C003: Found 2 idle states
[    0.390373] ACPI: \_SB_.PLTF.C005: Found 2 idle states
[    0.390486] ACPI: \_SB_.PLTF.C007: Found 2 idle states
[    0.390594] ACPI: \_SB_.PLTF.C009: Found 2 idle states
[    0.390703] ACPI: \_SB_.PLTF.C00B: Found 2 idle states
[    0.390818] ACPI: \_SB_.PLTF.C00D: Found 2 idle states
[    0.390930] ACPI: \_SB_.PLTF.C00F: Found 2 idle states
[    0.391152] Serial: 8250/16550 driver, 32 ports, IRQ sharing enabled
[    0.411844] 00:05: ttyS0 at I/O 0x3f8 (irq = 4, base_baud = 115200) is a 16550A
[    0.415395] Linux agpgart interface v0.103
[    0.428312] tpm_crb MSFT0101:00: Disabling hwrng
[    0.432049] loop: module loaded
[    0.432259] ACPI: bus type drm_connector registered
[    0.432972] tun: Universal TUN/TAP device driver, 1.6
[    0.433016] PPP generic driver version 2.4.2
[    0.433145] i8042: PNP: No PS/2 controller found.
[    0.433195] mousedev: PS/2 mouse device common for all mice
[    0.433279] rtc_cmos 00:03: RTC can wake from S4
[    0.433472] rtc_cmos 00:03: registered as rtc0
[    0.433496] rtc_cmos 00:03: setting system clock to 2026-06-10T18:35:24 UTC (1781116524)
[    0.433522] rtc_cmos 00:03: alarms up to one month, y3k, 114 bytes nvram
[    0.433530] i2c_dev: i2c /dev entries driver
[    0.433552] device-mapper: core: CONFIG_IMA_DISABLE_HTABLE is disabled. Duplicate IMA measurements will not be recorded in the IMA log.
[    0.433564] device-mapper: uevent: version 1.0.3
[    0.433608] device-mapper: ioctl: 4.48.0-ioctl (2023-03-01) initialised: dm-devel@redhat.com
[    0.433612] amd_pstate: driver load is disabled, boot with specific mode to enable this
[    0.433751] ledtrig-cpu: registered to indicate activity on CPUs
[    0.433822] drop_monitor: Initializing network drop monitor service
[    0.433907] NET: Registered PF_INET6 protocol family
[    0.462120] Freeing initrd memory: 73244K
[    0.467245] Segment Routing with IPv6
[    0.467259] In-situ OAM (IOAM) with IPv6
[    0.467293] NET: Registered PF_PACKET protocol family
[    0.467327] Key type dns_resolver registered
[    0.468660] microcode: Current revision: 0x0a201030
[    0.468913] resctrl: L3 allocation detected
[    0.468915] resctrl: MB allocation detected
[    0.468916] resctrl: L3 monitoring detected
[    0.468954] IPI shorthand broadcast: enabled
[    0.470794] sched_clock: Marking stable (470027158, 244216)->(487293070, -17021696)
[    0.470897] registered taskstats version 1
[    0.471353] Loading compiled-in X.509 certificates
[    0.471690] Loaded X.509 cert 'Build time autogenerated kernel key: 4616851849424b6aa13d3fe487d4bbc60db2a85f'
[    0.471960] Loaded X.509 cert 'Canonical Ltd. Live Patch Signing 2025 Kmod: d541cef61dc7e793b7eb7e899970a2eef0b5dc8c'
[    0.472236] Loaded X.509 cert 'Canonical Ltd. Live Patch Signing: 14df34d1a87cf37625abec039ef2bf521249b969'
[    0.472511] Loaded X.509 cert 'Canonical Ltd. Kernel Module Signing 2025 Kmod: 4627603d2357a2a3f81006370894c221175893e9'
[    0.472781] Loaded X.509 cert 'Canonical Ltd. Kernel Module Signing: 88f752e560a1e0737e31163a466ad7b70a850c19'
[    0.472782] blacklist: Loading compiled-in revocation X.509 certificates
[    0.472795] Loaded X.509 cert 'Canonical Ltd. Secure Boot Signing: 61482aa2830d0ab2ad5af10b7250da9033ddcef0'
[    0.472809] Loaded X.509 cert 'Canonical Ltd. Secure Boot Signing (2017): 242ade75ac4a15e50d50c84b0d45ff3eae707a03'
[    0.472819] Loaded X.509 cert 'Canonical Ltd. Secure Boot Signing (ESM 2018): 365188c1d374d6b07c3c8f240f8ef722433d6a8b'
[    0.472829] Loaded X.509 cert 'Canonical Ltd. Secure Boot Signing (2019): c0746fd6c5da3ae827864651ad66ae47fe24b3e8'
[    0.472839] Loaded X.509 cert 'Canonical Ltd. Secure Boot Signing (2021 v1): a8d54bbb3825cfb94fa13c9f8a594a195c107b8d'
[    0.472849] Loaded X.509 cert 'Canonical Ltd. Secure Boot Signing (2021 v2): 4cf046892d6fd3c9a5b03f98d845f90851dc6a8c'
[    0.472859] Loaded X.509 cert 'Canonical Ltd. Secure Boot Signing (2021 v3): 100437bb6de6e469b581e61cd66bce3ef4ed53af'
[    0.472870] Loaded X.509 cert 'Canonical Ltd. Secure Boot Signing (Ubuntu Core 2019): c1d57b8f6b743f23ee41f4f7ee292f06eecadfb9'
[    0.476921] Key type .fscrypt registered
[    0.476923] Key type fscrypt-provisioning registered
[    0.476968] Key type trusted registered
[    0.488165] Key type encrypted registered
[    0.488169] AppArmor: AppArmor sha256 policy hashing enabled
[    0.488266] Loading compiled-in module X.509 certificates
[    0.488552] Loaded X.509 cert 'Build time autogenerated kernel key: 4616851849424b6aa13d3fe487d4bbc60db2a85f'
[    0.488554] ima: Allocated hash algorithm: sha256
[    0.521321] ima: No architecture policies found
[    0.521338] evm: Initialising EVM extended attributes:
[    0.521339] evm: security.selinux
[    0.521341] evm: security.SMACK64
[    0.521343] evm: security.SMACK64EXEC
[    0.521344] evm: security.SMACK64TRANSMUTE
[    0.521345] evm: security.SMACK64MMAP
[    0.521346] evm: security.apparmor
[    0.521347] evm: security.ima
[    0.521348] evm: security.capability
[    0.521350] evm: HMAC attrs: 0x1
[    0.521654] PM:   Magic number: 14:689:594
[    0.548059] RAS: Correctable Errors collector initialized.
[    0.548278] clk: Disabling unused clocks
[    0.550439] Freeing unused decrypted memory: 2028K
[    0.551157] Freeing unused kernel image (initmem) memory: 4924K
[    0.551160] Write protecting the kernel read-only data: 38912k
[    0.551819] Freeing unused kernel image (rodata/data gap) memory: 1968K
[    0.593229] x86/mm: Checked W+X mappings: passed, no W+X pages found.
[    0.593233] Run /init as init process
[    0.593235]   with arguments:
[    0.593236]     /init
[    0.593237]     splash
[    0.593238]   with environment:
[    0.593239]     HOME=/
[    0.593240]     TERM=linux
[    0.737700] xhci_hcd 0000:02:00.0: xHCI Host Controller
[    0.737806] xhci_hcd 0000:02:00.0: new USB bus registered, assigned bus number 1
[    0.740724] ahci 0000:02:00.1: version 3.0
[    0.741630] ahci 0000:02:00.1: SSS flag set, parallel bus scan disabled
[    0.741685] ahci 0000:02:00.1: AHCI 0001.0301 32 slots 6 ports 6 Gbps 0x3f impl SATA mode
[    0.741689] ahci 0000:02:00.1: flags: 64bit ncq sntf stag pm led clo only pmp pio slum part sxs deso sadm sds apst 
[    0.754404] nvme nvme0: pci function 0000:01:00.0
[    0.754609] scsi host0: ahci
[    0.754740] scsi host1: ahci
[    0.754827] scsi host2: ahci
[    0.754909] scsi host3: ahci
[    0.754993] scsi host4: ahci
[    0.755077] scsi host5: ahci
[    0.755122] ata1: SATA max UDMA/133 abar m131072@0xfce80000 port 0xfce80100 irq 39 lpm-pol 0
[    0.755125] ata2: SATA max UDMA/133 abar m131072@0xfce80000 port 0xfce80180 irq 39 lpm-pol 0
[    0.755127] ata3: SATA max UDMA/133 abar m131072@0xfce80000 port 0xfce80200 irq 39 lpm-pol 0
[    0.755129] ata4: SATA max UDMA/133 abar m131072@0xfce80000 port 0xfce80280 irq 39 lpm-pol 0
[    0.755132] ata5: SATA max UDMA/133 abar m131072@0xfce80000 port 0xfce80300 irq 39 lpm-pol 0
[    0.755134] ata6: SATA max UDMA/133 abar m131072@0xfce80000 port 0xfce80380 irq 39 lpm-pol 0
[    0.756689] r8169 0000:04:00.0 eth0: RTL8168h/8111h, a8:a1:59:34:d6:1c, XID 541, IRQ 42
[    0.756693] r8169 0000:04:00.0 eth0: jumbo features [frames: 9194 bytes, tx checksumming: ko]
[    0.763487] nvme nvme0: 8/0/0 default/read/poll queues
[    0.766554]  nvme0n1: p1 p2 p3
[    0.793107] xhci_hcd 0000:02:00.0: hcc params 0x0200ef81 hci version 0x110 quirks 0x0000000000000010
[    0.793388] xhci_hcd 0000:02:00.0: xHCI Host Controller
[    0.793392] xhci_hcd 0000:02:00.0: new USB bus registered, assigned bus number 2
[    0.793395] xhci_hcd 0000:02:00.0: Host supports USB 3.1 Enhanced SuperSpeed
[    0.793476] usb usb1: New USB device found, idVendor=1d6b, idProduct=0002, bcdDevice= 6.08
[    0.793479] usb usb1: New USB device strings: Mfr=3, Product=2, SerialNumber=1
[    0.793480] usb usb1: Product: xHCI Host Controller
[    0.793482] usb usb1: Manufacturer: Linux 6.8.0-117-generic xhci-hcd
[    0.793483] usb usb1: SerialNumber: 0000:02:00.0
[    0.793608] hub 1-0:1.0: USB hub found
[    0.793627] hub 1-0:1.0: 10 ports detected
[    0.794029] usb usb2: We don't know the algorithms for LPM for this host, disabling LPM.
[    0.794050] usb usb2: New USB device found, idVendor=1d6b, idProduct=0003, bcdDevice= 6.08
[    0.794052] usb usb2: New USB device strings: Mfr=3, Product=2, SerialNumber=1
[    0.794054] usb usb2: Product: xHCI Host Controller
[    0.794055] usb usb2: Manufacturer: Linux 6.8.0-117-generic xhci-hcd
[    0.794056] usb usb2: SerialNumber: 0000:02:00.0
[    0.794130] hub 2-0:1.0: USB hub found
[    0.794139] hub 2-0:1.0: 4 ports detected
[    0.794453] xhci_hcd 0000:08:00.2: xHCI Host Controller
[    0.794457] xhci_hcd 0000:08:00.2: new USB bus registered, assigned bus number 3
[    0.794821] xhci_hcd 0000:08:00.2: hcc params 0x0110ffc5 hci version 0x120 quirks 0x0000000200000010
[    0.795018] xhci_hcd 0000:08:00.2: xHCI Host Controller
[    0.795021] xhci_hcd 0000:08:00.2: new USB bus registered, assigned bus number 4
[    0.795023] xhci_hcd 0000:08:00.2: Host supports USB 3.1 Enhanced SuperSpeed
[    0.795054] usb usb3: New USB device found, idVendor=1d6b, idProduct=0002, bcdDevice= 6.08
[    0.795056] usb usb3: New USB device strings: Mfr=3, Product=2, SerialNumber=1
[    0.795057] usb usb3: Product: xHCI Host Controller
[    0.795059] usb usb3: Manufacturer: Linux 6.8.0-117-generic xhci-hcd
[    0.795060] usb usb3: SerialNumber: 0000:08:00.2
[    0.795130] hub 3-0:1.0: USB hub found
[    0.795136] hub 3-0:1.0: 1 port detected
[    0.795209] usb usb4: We don't know the algorithms for LPM for this host, disabling LPM.
[    0.795229] usb usb4: New USB device found, idVendor=1d6b, idProduct=0003, bcdDevice= 6.08
[    0.795231] usb usb4: New USB device strings: Mfr=3, Product=2, SerialNumber=1
[    0.795232] usb usb4: Product: xHCI Host Controller
[    0.795233] usb usb4: Manufacturer: Linux 6.8.0-117-generic xhci-hcd
[    0.795235] usb usb4: SerialNumber: 0000:08:00.2
[    0.795304] hub 4-0:1.0: USB hub found
[    0.795310] hub 4-0:1.0: 1 port detected
[    0.795426] xhci_hcd 0000:0a:00.3: xHCI Host Controller
[    0.795431] xhci_hcd 0000:0a:00.3: new USB bus registered, assigned bus number 5
[    0.795534] xhci_hcd 0000:0a:00.3: hcc params 0x0278ffe5 hci version 0x110 quirks 0x0000000000000010
[    0.795745] xhci_hcd 0000:0a:00.3: xHCI Host Controller
[    0.795748] xhci_hcd 0000:0a:00.3: new USB bus registered, assigned bus number 6
[    0.795750] xhci_hcd 0000:0a:00.3: Host supports USB 3.1 Enhanced SuperSpeed
[    0.795779] usb usb5: New USB device found, idVendor=1d6b, idProduct=0002, bcdDevice= 6.08
[    0.795781] usb usb5: New USB device strings: Mfr=3, Product=2, SerialNumber=1
[    0.795783] usb usb5: Product: xHCI Host Controller
[    0.795784] usb usb5: Manufacturer: Linux 6.8.0-117-generic xhci-hcd
[    0.795785] usb usb5: SerialNumber: 0000:0a:00.3
[    0.795870] hub 5-0:1.0: USB hub found
[    0.795877] hub 5-0:1.0: 4 ports detected
[    0.796083] usb usb6: We don't know the algorithms for LPM for this host, disabling LPM.
[    0.796103] usb usb6: New USB device found, idVendor=1d6b, idProduct=0003, bcdDevice= 6.08
[    0.796105] usb usb6: New USB device strings: Mfr=3, Product=2, SerialNumber=1
[    0.796106] usb usb6: Product: xHCI Host Controller
[    0.796107] usb usb6: Manufacturer: Linux 6.8.0-117-generic xhci-hcd
[    0.796109] usb usb6: SerialNumber: 0000:0a:00.3
[    0.796184] hub 6-0:1.0: USB hub found
[    0.796191] hub 6-0:1.0: 4 ports detected
[    1.034620] usb 5-2: new high-speed USB device number 2 using xhci_hcd
[    1.062667] ata1: SATA link down (SStatus 0 SControl 300)
[    1.096195] usb 1-6: new full-speed USB device number 2 using xhci_hcd
[    1.163546] usb 5-2: New USB device found, idVendor=2357, idProduct=011e, bcdDevice= 2.00
[    1.163553] usb 5-2: New USB device strings: Mfr=1, Product=2, SerialNumber=3
[    1.163556] usb 5-2: Product: 802.11ac WLAN Adapter 
[    1.163558] usb 5-2: Manufacturer: Realtek 
[    1.163560] usb 5-2: SerialNumber: 00e04c000001
[    1.424566] tsc: Refined TSC clocksource calibration: 3792.874 MHz
[    1.424578] clocksource: tsc: mask: 0xffffffffffffffff max_cycles: 0x6d5818a734c, max_idle_ns: 881590694765 ns
[    1.424615] clocksource: Switched to clocksource tsc
[    1.469220] usb 1-6: New USB device found, idVendor=1e71, idProduct=2007, bcdDevice= 2.00
[    1.469229] usb 1-6: New USB device strings: Mfr=1, Product=2, SerialNumber=3
[    1.469234] usb 1-6: Product: NZXT USB Device
[    1.469238] usb 1-6: Manufacturer: NZXT. - Inc.
[    1.469241] usb 1-6: SerialNumber: 00000000001A
[    1.528624] ata2: SATA link up 6.0 Gbps (SStatus 133 SControl 300)
[    1.532361] ata2.00: ATA-9: TEAM T253X2001T, S1230A0, max UDMA/133
[    1.534151] ata2.00: 2000409264 sectors, multi 1: LBA48 NCQ (depth 32), AA
[    1.540830] ata2.00: Features: Dev-Sleep
[    1.556043] ata2.00: configured for UDMA/133
[    1.556312] scsi 1:0:0:0: Direct-Access     ATA      TEAM T253X2001T  0A0  PQ: 0 ANSI: 5
[    1.556823] sd 1:0:0:0: Attached scsi generic sg0 type 0
[    1.556945] sd 1:0:0:0: [sda] 2000409264 512-byte logical blocks: (1.02 TB/954 GiB)
[    1.556965] sd 1:0:0:0: [sda] Write Protect is off
[    1.556973] sd 1:0:0:0: [sda] Mode Sense: 00 3a 00 00
[    1.556995] sd 1:0:0:0: [sda] Write cache: enabled, read cache: enabled, doesn't support DPO or FUA
[    1.557025] sd 1:0:0:0: [sda] Preferred minimum I/O size 512 bytes
[    1.557915]  sda: sda1 sda2 sda3
[    1.558114] sd 1:0:0:0: [sda] Attached SCSI disk
[    1.654560] usb 1-8: new full-speed USB device number 3 using xhci_hcd
[    1.861710] ata3: SATA link down (SStatus 0 SControl 330)
[    1.959381] usb 1-8: New USB device found, idVendor=26ce, idProduct=01a2, bcdDevice= 0.00
[    1.959390] usb 1-8: New USB device strings: Mfr=1, Product=2, SerialNumber=3
[    1.959394] usb 1-8: Product: LED Controller
[    1.959398] usb 1-8: Manufacturer: ASRock
[    1.959401] usb 1-8: SerialNumber: A02019100900
[    2.146546] usb 1-9: new full-speed USB device number 4 using xhci_hcd
[    2.166060] ata4: SATA link down (SStatus 0 SControl 330)
[    2.478617] ata5: SATA link down (SStatus 0 SControl 330)
[    2.518231] usb 1-9: New USB device found, idVendor=8087, idProduct=0aa7, bcdDevice= 0.01
[    2.518241] usb 1-9: New USB device strings: Mfr=0, Product=0, SerialNumber=0
[    2.790956] ata6: SATA link down (SStatus 0 SControl 330)
[    2.793718] r8169 0000:04:00.0 enp4s0: renamed from eth0
[    2.798342] hid: raw HID events driver (C) Jiri Kosina
[    2.824936] usbcore: registered new interface driver usbhid
[    2.824938] usbhid: USB HID core driver
[    2.826863] hid-generic 0003:1E71:2007.0001: hiddev0,hidraw0: USB HID v1.11 Device [NZXT. - Inc. NZXT USB Device] on usb-0000:02:00.0-6/input0
[    2.826939] input: ASRock LED Controller as /devices/pci0000:00/0000:00:01.2/0000:02:00.0/usb1/1-8/1-8:1.0/0003:26CE:01A2.0002/input/input2
[    2.878684] hid-generic 0003:26CE:01A2.0002: input,hidraw1: USB HID v1.10 Device [ASRock LED Controller] on usb-0000:02:00.0-8/input0
[    3.949424] EXT4-fs (nvme0n1p3): mounted filesystem a076301c-b9f2-4913-9778-e6596aaa787b ro with ordered data mode. Quota mode: none.
[    4.029844] systemd[1]: Inserted module 'autofs4'
[    4.039569] systemd[1]: systemd 255.4-1ubuntu8.15 running in system mode (+PAM +AUDIT +SELINUX +APPARMOR +IMA +SMACK +SECCOMP +GCRYPT -GNUTLS +OPENSSL +ACL +BLKID +CURL +ELFUTILS +FIDO2 +IDN2 -IDN +IPTC +KMOD +LIBCRYPTSETUP +LIBFDISK +PCRE2 -PWQUALITY +P11KIT +QRENCODE +TPM2 +BZIP2 +LZ4 +XZ +ZLIB +ZSTD -BPF_FRAMEWORK -XKBCOMMON +UTMP +SYSVINIT default-hierarchy=unified)
[    4.039580] systemd[1]: Detected architecture x86-64.
[    4.040261] systemd[1]: Hostname set to <ubuntu-dualboot>.
[    4.107017] systemd[1]: Configuration file /run/systemd/system/netplan-ovs-cleanup.service is marked world-inaccessible. This has no effect as configuration data is accessible via APIs without restrictions. Proceeding anyway.
[    4.151249] systemd[1]: Queued start job for default target graphical.target.
[    4.164223] systemd[1]: Created slice system-modprobe.slice - Slice /system/modprobe.
[    4.164517] systemd[1]: Created slice system-systemd\x2dfsck.slice - Slice /system/systemd-fsck.
[    4.164720] systemd[1]: Created slice user.slice - User and Session Slice.
[    4.164767] systemd[1]: Started systemd-ask-password-wall.path - Forward Password Requests to Wall Directory Watch.
[    4.164894] systemd[1]: Set up automount proc-sys-fs-binfmt_misc.automount - Arbitrary Executable File Formats File System Automount Point.
[    4.164908] systemd[1]: Expecting device dev-disk-by\x2duuid-6EE4\x2d6614.device - /dev/disk/by-uuid/6EE4-6614...
[    4.164920] systemd[1]: Reached target integritysetup.target - Local Integrity Protected Volumes.
[    4.164931] systemd[1]: Reached target network-pre.target - Preparation for Network.
[    4.164941] systemd[1]: Reached target remote-fs.target - Remote File Systems.
[    4.164948] systemd[1]: Reached target slices.target - Slice Units.
[    4.164956] systemd[1]: Reached target snapd.mounts-pre.target - Mounting snaps.
[    4.164964] systemd[1]: Reached target swap.target - Swaps.
[    4.164975] systemd[1]: Reached target veritysetup.target - Local Verity Protected Volumes.
[    4.165090] systemd[1]: Listening on syslog.socket - Syslog Socket.
[    4.165160] systemd[1]: Listening on systemd-fsckd.socket - fsck to fsckd communication Socket.
[    4.165200] systemd[1]: Listening on systemd-initctl.socket - initctl Compatibility Named Pipe.
[    4.165283] systemd[1]: Listening on systemd-journald-dev-log.socket - Journal Socket (/dev/log).
[    4.165371] systemd[1]: Listening on systemd-journald.socket - Journal Socket.
[    4.165495] systemd[1]: Listening on systemd-oomd.socket - Userspace Out-Of-Memory (OOM) Killer Socket.
[    4.165522] systemd[1]: systemd-pcrextend.socket - TPM2 PCR Extension (Varlink) was skipped because of an unmet condition check (ConditionSecurity=measured-uki).
[    4.165617] systemd[1]: Listening on systemd-udevd-control.socket - udev Control Socket.
[    4.165689] systemd[1]: Listening on systemd-udevd-kernel.socket - udev Kernel Socket.
[    4.166326] systemd[1]: Mounting dev-hugepages.mount - Huge Pages File System...
[    4.166801] systemd[1]: Mounting dev-mqueue.mount - POSIX Message Queue File System...
[    4.167304] systemd[1]: Mounting sys-kernel-debug.mount - Kernel Debug File System...
[    4.167787] systemd[1]: Mounting sys-kernel-tracing.mount - Kernel Trace File System...
[    4.168858] systemd[1]: Starting systemd-journald.service - Journal Service...
[    4.169479] systemd[1]: Starting keyboard-setup.service - Set the console keyboard layout...
[    4.170015] systemd[1]: Starting kmod-static-nodes.service - Create List of Static Device Nodes...
[    4.170578] systemd[1]: Starting modprobe@configfs.service - Load Kernel Module configfs...
[    4.171283] systemd[1]: Starting modprobe@dm_mod.service - Load Kernel Module dm_mod...
[    4.171992] systemd[1]: Starting modprobe@drm.service - Load Kernel Module drm...
[    4.172726] systemd[1]: Starting modprobe@efi_pstore.service - Load Kernel Module efi_pstore...
[    4.173439] systemd[1]: Starting modprobe@fuse.service - Load Kernel Module fuse...
[    4.174081] systemd[1]: Starting modprobe@loop.service - Load Kernel Module loop...
[    4.174136] systemd[1]: systemd-fsck-root.service - File System Check on Root Device was skipped because of an unmet condition check (ConditionPathExists=!/run/initramfs/fsck-root).
[    4.175466] systemd[1]: Starting systemd-modules-load.service - Load Kernel Modules...
[    4.175476] systemd[1]: systemd-pcrmachine.service - TPM2 PCR Machine ID Measurement was skipped because of an unmet condition check (ConditionSecurity=measured-uki).
[    4.175959] systemd[1]: Starting systemd-remount-fs.service - Remount Root and Kernel File Systems...
[    4.175983] systemd[1]: systemd-tpm2-setup-early.service - TPM2 SRK Setup (Early) was skipped because of an unmet condition check (ConditionSecurity=measured-uki).
[    4.176472] systemd[1]: Starting systemd-udev-trigger.service - Coldplug All udev Devices...
[    4.176991] pstore: Using crash dump compression: deflate
[    4.177530] systemd[1]: Mounted dev-hugepages.mount - Huge Pages File System.
[    4.177643] systemd[1]: Mounted dev-mqueue.mount - POSIX Message Queue File System.
[    4.177719] pstore: Registered efi_pstore as persistent store backend
[    4.177746] systemd[1]: Mounted sys-kernel-debug.mount - Kernel Debug File System.
[    4.177849] systemd[1]: Mounted sys-kernel-tracing.mount - Kernel Trace File System.
[    4.178058] systemd[1]: Finished kmod-static-nodes.service - Create List of Static Device Nodes.
[    4.178375] systemd[1]: modprobe@configfs.service: Deactivated successfully.
[    4.178523] systemd[1]: Finished modprobe@configfs.service - Load Kernel Module configfs.
[    4.178777] systemd[1]: modprobe@dm_mod.service: Deactivated successfully.
[    4.178915] systemd[1]: Finished modprobe@dm_mod.service - Load Kernel Module dm_mod.
[    4.179175] systemd[1]: modprobe@drm.service: Deactivated successfully.
[    4.179315] systemd[1]: Finished modprobe@drm.service - Load Kernel Module drm.
[    4.179553] systemd[1]: modprobe@efi_pstore.service: Deactivated successfully.
[    4.179678] systemd[1]: Finished modprobe@efi_pstore.service - Load Kernel Module efi_pstore.
[    4.179908] systemd[1]: modprobe@fuse.service: Deactivated successfully.
[    4.180010] systemd-journald[400]: Collecting audit messages is disabled.
[    4.180043] systemd[1]: Finished modprobe@fuse.service - Load Kernel Module fuse.
[    4.180310] systemd[1]: modprobe@loop.service: Deactivated successfully.
[    4.180447] systemd[1]: Finished modprobe@loop.service - Load Kernel Module loop.
[    4.181366] systemd[1]: Mounting sys-fs-fuse-connections.mount - FUSE Control File System...
[    4.182014] systemd[1]: Mounting sys-kernel-config.mount - Kernel Configuration File System...
[    4.182065] systemd[1]: systemd-repart.service - Repartition Root Disk was skipped because no trigger condition checks were met.
[    4.182777] systemd[1]: Starting systemd-tmpfiles-setup-dev-early.service - Create Static Device Nodes in /dev gracefully...
[    4.184652] lp: driver loaded but no devices found
[    4.185597] systemd[1]: Mounted sys-fs-fuse-connections.mount - FUSE Control File System.
[    4.186445] systemd[1]: Mounted sys-kernel-config.mount - Kernel Configuration File System.
[    4.186477] ppdev: user-space parallel port driver
[    4.193837] systemd[1]: Finished systemd-tmpfiles-setup-dev-early.service - Create Static Device Nodes in /dev gracefully.
[    4.197296] EXT4-fs (nvme0n1p3): re-mounted a076301c-b9f2-4913-9778-e6596aaa787b r/w.
[    4.198062] systemd[1]: Finished systemd-remount-fs.service - Remount Root and Kernel File Systems.
[    4.198747] systemd[1]: systemd-hwdb-update.service - Rebuild Hardware Database was skipped because of an unmet condition check (ConditionNeedsUpdate=/etc).
[    4.198780] systemd[1]: systemd-pstore.service - Platform Persistent Storage Archival was skipped because of an unmet condition check (ConditionDirectoryNotEmpty=/sys/fs/pstore).
[    4.199487] systemd[1]: Starting systemd-random-seed.service - Load/Save OS Random Seed...
[    4.199529] systemd[1]: systemd-sysusers.service - Create System Users was skipped because no trigger condition checks were met.
[    4.200312] systemd[1]: Starting systemd-tmpfiles-setup-dev.service - Create Static Device Nodes in /dev...
[    4.200326] systemd[1]: systemd-tpm2-setup.service - TPM2 SRK Setup was skipped because of an unmet condition check (ConditionSecurity=measured-uki).
[    4.200582] systemd[1]: Finished systemd-modules-load.service - Load Kernel Modules.
[    4.201308] systemd[1]: Starting systemd-sysctl.service - Apply Kernel Variables...
[    4.202307] systemd[1]: Finished keyboard-setup.service - Set the console keyboard layout.
[    4.206635] systemd[1]: Finished systemd-random-seed.service - Load/Save OS Random Seed.
[    4.208105] systemd[1]: Finished systemd-tmpfiles-setup-dev.service - Create Static Device Nodes in /dev.
[    4.208178] systemd[1]: Reached target local-fs-pre.target - Preparation for Local File Systems.
[    4.209205] systemd[1]: Mounting snap-bare-5.mount - Mount unit for bare, revision 5...
[    4.210072] systemd[1]: Mounting snap-core24-1643.mount - Mount unit for core24, revision 1643...
[    4.210886] systemd[1]: Mounting snap-firefox-8387.mount - Mount unit for firefox, revision 8387...
[    4.211664] systemd[1]: Mounting snap-firefox-8417.mount - Mount unit for firefox, revision 8417...
[    4.212680] systemd[1]: Mounting snap-gnome\x2d46\x2d2404-153.mount - Mount unit for gnome-46-2404, revision 153...
[    4.213578] systemd[1]: Mounting snap-gtk\x2dcommon\x2dthemes-1535.mount - Mount unit for gtk-common-themes, revision 1535...
[    4.213895] loop0: detected capacity change from 0 to 136816
[    4.213951] loop1: detected capacity change from 0 to 8
[    4.214405] systemd[1]: Mounting snap-mesa\x2d2404-1165.mount - Mount unit for mesa-2404, revision 1165...
[    4.214669] loop2: detected capacity change from 0 to 508992
[    4.215241] systemd[1]: Mounting snap-snapd-26865.mount - Mount unit for snapd, revision 26865...
[    4.215304] loop3: detected capacity change from 0 to 509160
[    4.216160] systemd[1]: Starting systemd-udevd.service - Rule-based Manager for Device Events and Files...
[    4.216202] loop4: detected capacity change from 0 to 1241248
[    4.217159] loop5: detected capacity change from 0 to 187776
[    4.217947] loop6: detected capacity change from 0 to 808920
[    4.218456] systemd[1]: Finished systemd-sysctl.service - Apply Kernel Variables.
[    4.218993] loop7: detected capacity change from 0 to 100888
[    4.221284] systemd[1]: Mounted snap-bare-5.mount - Mount unit for bare, revision 5.
[    4.223069] systemd[1]: Mounted snap-core24-1643.mount - Mount unit for core24, revision 1643.
[    4.223214] systemd[1]: Mounted snap-firefox-8387.mount - Mount unit for firefox, revision 8387.
[    4.223358] systemd[1]: Mounted snap-firefox-8417.mount - Mount unit for firefox, revision 8417.
[    4.223482] systemd[1]: Mounted snap-gnome\x2d46\x2d2404-153.mount - Mount unit for gnome-46-2404, revision 153.
[    4.223580] systemd[1]: Mounted snap-gtk\x2dcommon\x2dthemes-1535.mount - Mount unit for gtk-common-themes, revision 1535.
[    4.223679] systemd[1]: Mounted snap-mesa\x2d2404-1165.mount - Mount unit for mesa-2404, revision 1165.
[    4.223775] systemd[1]: Mounted snap-snapd-26865.mount - Mount unit for snapd, revision 26865.
[    4.223969] systemd[1]: Reached target snapd.mounts.target - Mounted snaps.
[    4.235339] systemd[1]: Started systemd-journald.service - Journal Service.
[    4.241148] systemd-journald[400]: Received client request to flush runtime journal.
[    4.250854] systemd-journald[400]: /var/log/journal/288b6cba6cec405188c18f26e7617eed/system.journal: Journal file uses a different sequence number ID, rotating.
[    4.250859] systemd-journald[400]: Rotating system journal.
[    4.391055] piix4_smbus 0000:00:14.0: SMBus Host Controller at 0xb00, revision 0
[    4.391060] piix4_smbus 0000:00:14.0: Using register 0x02 for SMBus port selection
[    4.408987] piix4_smbus 0000:00:14.0: Auxiliary SMBus Host Controller at 0xb20
[    4.417845] Bluetooth: Core ver 2.22
[    4.417866] NET: Registered PF_BLUETOOTH protocol family
[    4.417868] Bluetooth: HCI device and connection manager initialized
[    4.417874] Bluetooth: HCI socket layer initialized
[    4.417878] Bluetooth: L2CAP socket layer initialized
[    4.417883] Bluetooth: SCO socket layer initialized
[    4.419343] ccp 0000:0a:00.1: enabling device (0000 -> 0002)
[    4.419536] ccp 0000:0a:00.1: ccp: unable to access the device: you might be running a broken BIOS.
[    4.419556] ccp 0000:0a:00.1: psp enabled
[    4.423215] RAPL PMU: API unit is 2^-32 Joules, 1 fixed counters, 163840 ms ovfl timer
[    4.423218] RAPL PMU: hw unit of domain package 2^-16 Joules
[    4.454358] cryptd: max_cpu_qlen set to 1000
[    4.454662] i2c-designware-pci 0000:08:00.3: enabling device (0000 -> 0002)
[    4.456347] cfg80211: Loading compiled-in X.509 certificates for regulatory database
[    4.456536] Loaded X.509 cert 'sforshee: 00b28ddf47aef9cea7'
[    4.456656] Loaded X.509 cert 'wens: 61c038651aabdcf94bd0ac7ff06c7248db18c600'
[    4.459409] AVX2 version of gcm_enc/dec engaged.
[    4.459448] AES CTR mode by8 optimization enabled
[    4.462510] usbcore: registered new interface driver btusb
[    4.472014] Intel(R) Wireless WiFi driver for Linux
[    4.472140] iwlwifi 0000:05:00.0: enabling device (0000 -> 0002)
[    4.472877] iwlwifi 0000:05:00.0: Detected crf-id 0x0, cnv-id 0x0 wfpm id 0x0
[    4.472887] iwlwifi 0000:05:00.0: PCI dev 24fb/2110, rev=0x220, rfid=0xd55555d5
[    4.475806] iwlwifi 0000:05:00.0: loaded firmware version 29.198743027.0 3168-29.ucode op_mode iwlmvm
[    4.477976] Bluetooth: hci0: Legacy ROM 2.x revision 5.0 build 25 week 20 2015
[    4.479330] Bluetooth: hci0: Intel Bluetooth firmware file: intel/ibt-hw-37.8.10-fw-22.50.19.14.f.bseq
[    4.561726] kvm_amd: TSC scaling supported
[    4.561730] kvm_amd: Nested Virtualization enabled
[    4.561731] kvm_amd: Nested Paging enabled
[    4.561732] kvm_amd: LBR virtualization supported
[    4.561742] kvm_amd: Virtual VMLOAD VMSAVE supported
[    4.561743] kvm_amd: Virtual GIF supported
[    4.573453] MCE: In-kernel MCE decoding enabled.
[    4.573512] iwlwifi 0000:05:00.0: Detected Intel(R) Dual Band Wireless AC 3168, REV=0x220
[    4.573584] thermal thermal_zone0: failed to read out thermal zone (-61)
[    4.577650] snd_hda_intel 0000:08:00.1: enabling device (0000 -> 0002)
[    4.577740] snd_hda_intel 0000:08:00.1: Handle vga_switcheroo audio client
[    4.577742] snd_hda_intel 0000:08:00.1: Force to non-snoop mode
[    4.577786] snd_hda_intel 0000:0a:00.4: enabling device (0000 -> 0002)
[    4.584546] input: HDA ATI HDMI HDMI/DP,pcm=3 as /devices/pci0000:00/0000:00:03.1/0000:06:00.0/0000:07:00.0/0000:08:00.1/sound/card0/input3
[    4.584598] input: HDA ATI HDMI HDMI/DP,pcm=7 as /devices/pci0000:00/0000:00:03.1/0000:06:00.0/0000:07:00.0/0000:08:00.1/sound/card0/input4
[    4.584663] input: HDA ATI HDMI HDMI/DP,pcm=8 as /devices/pci0000:00/0000:00:03.1/0000:06:00.0/0000:07:00.0/0000:08:00.1/sound/card0/input5
[    4.584721] input: HDA ATI HDMI HDMI/DP,pcm=9 as /devices/pci0000:00/0000:00:03.1/0000:06:00.0/0000:07:00.0/0000:08:00.1/sound/card0/input6
[    4.591229] iwlwifi 0000:05:00.0: base HW address: 04:33:c2:22:c0:81, OTP minor version: 0x0
[    4.594856] snd_hda_codec_realtek hdaudioC1D0: autoconfig for ALC887-VD: line_outs=1 (0x14/0x0/0x0/0x0/0x0) type:line
[    4.594859] snd_hda_codec_realtek hdaudioC1D0:    speaker_outs=0 (0x0/0x0/0x0/0x0/0x0)
[    4.594861] snd_hda_codec_realtek hdaudioC1D0:    hp_outs=1 (0x1b/0x0/0x0/0x0/0x0)
[    4.594863] snd_hda_codec_realtek hdaudioC1D0:    mono: mono_out=0x0
[    4.594865] snd_hda_codec_realtek hdaudioC1D0:    inputs:
[    4.594866] snd_hda_codec_realtek hdaudioC1D0:      Rear Mic=0x18
[    4.594868] snd_hda_codec_realtek hdaudioC1D0:      Front Mic=0x19
[    4.594869] snd_hda_codec_realtek hdaudioC1D0:      Line=0x1a
[    4.614797] input: HD-Audio Generic Rear Mic as /devices/pci0000:00/0000:00:08.1/0000:0a:00.4/sound/card1/input7
[    4.614850] input: HD-Audio Generic Front Mic as /devices/pci0000:00/0000:00:08.1/0000:0a:00.4/sound/card1/input8
[    4.614903] input: HD-Audio Generic Line as /devices/pci0000:00/0000:00:08.1/0000:0a:00.4/sound/card1/input9
[    4.614950] input: HD-Audio Generic Line Out as /devices/pci0000:00/0000:00:08.1/0000:0a:00.4/sound/card1/input10
[    4.615003] input: HD-Audio Generic Front Headphone as /devices/pci0000:00/0000:00:08.1/0000:0a:00.4/sound/card1/input11
[    4.617217] intel_rapl_common: Found RAPL domain package
[    4.617219] intel_rapl_common: Found RAPL domain core
[    4.627337] ieee80211 phy0: Selected rate control algorithm 'iwl-mvm-rs'
[    4.629787] iwlwifi 0000:05:00.0 wlp5s0: renamed from wlan0
[    5.212851] audit: type=1400 audit(1781116529.278:2): apparmor="STATUS" operation="profile_load" profile="unconfined" name=4D6F6E676F444220436F6D70617373 pid=658 comm="apparmor_parser"
[    5.212856] audit: type=1400 audit(1781116529.278:3): apparmor="STATUS" operation="profile_load" profile="unconfined" name="ch-run" pid=666 comm="apparmor_parser"
[    5.212858] audit: type=1400 audit(1781116529.278:4): apparmor="STATUS" operation="profile_load" profile="unconfined" name="ch-checkns" pid=665 comm="apparmor_parser"
[    5.212891] audit: type=1400 audit(1781116529.278:5): apparmor="STATUS" operation="profile_load" profile="unconfined" name="balena-etcher" pid=660 comm="apparmor_parser"
[    5.212924] audit: type=1400 audit(1781116529.278:6): apparmor="STATUS" operation="profile_load" profile="unconfined" name="vscode" pid=668 comm="apparmor_parser"
[    5.212956] audit: type=1400 audit(1781116529.278:7): apparmor="STATUS" operation="profile_load" profile="unconfined" name="Discord" pid=656 comm="apparmor_parser"
[    5.212990] audit: type=1400 audit(1781116529.278:8): apparmor="STATUS" operation="profile_load" profile="unconfined" name="cam" pid=664 comm="apparmor_parser"
[    5.213025] audit: type=1400 audit(1781116529.278:9): apparmor="STATUS" operation="profile_load" profile="unconfined" name="chrome" pid=667 comm="apparmor_parser"
[    5.213058] audit: type=1400 audit(1781116529.278:10): apparmor="STATUS" operation="profile_load" profile="unconfined" name="buildah" pid=663 comm="apparmor_parser"
[    5.381129] kauditd_printk_skb: 123 callbacks suppressed
[    5.381133] audit: type=1400 audit(1781116529.446:134): apparmor="STATUS" operation="profile_replace" info="same as current profile, skipping" profile="unconfined" name="rsyslogd" pid=845 comm="apparmor_parser"
[    5.383024] Bluetooth: BNEP (Ethernet Emulation) ver 1.3
[    5.383027] Bluetooth: BNEP filters: protocol multicast
[    5.383032] Bluetooth: BNEP socket layer initialized
[    5.473097] block nvme0n1: No UUID available providing old NGUID
[    5.548598] NET: Registered PF_QIPCRTR protocol family
[    5.586608] loop8: detected capacity change from 0 to 8
[    5.689703] audit: type=1400 audit(1781116529.755:135): apparmor="STATUS" operation="profile_replace" info="same as current profile, skipping" profile="unconfined" name="/usr/lib/snapd/snap-confine" pid=1028 comm="apparmor_parser"
[    5.981263] Generic FE-GE Realtek PHY r8169-0-400:00: attached PHY driver (mii_bus:phy_addr=r8169-0-400:00, irq=MAC)
[    5.982035] Bluetooth: hci0: Intel BT fw patch 0x43 completed & activated
[    6.145386] r8169 0000:04:00.0 enp4s0: Link is Down
[    6.209214] Bluetooth: MGMT ver 1.22
[    6.212145] NET: Registered PF_ALG protocol family
[    6.217300] ACPI: \: failed to evaluate _DSM bf0212f2-788f-c64d-a5b3-1f738e285ade (0x1001)
[    6.217305] ACPI: \: failed to evaluate _DSM bf0212f2-788f-c64d-a5b3-1f738e285ade (0x1001)
[    6.217308] ACPI: \: failed to evaluate _DSM bf0212f2-788f-c64d-a5b3-1f738e285ade (0x1001)
[    6.217310] ACPI: \: failed to evaluate _DSM bf0212f2-788f-c64d-a5b3-1f738e285ade (0x1001)
[    6.217313] ACPI: \: failed to evaluate _DSM bf0212f2-788f-c64d-a5b3-1f738e285ade (0x1001)
[    6.217315] ACPI: \: failed to evaluate _DSM bf0212f2-788f-c64d-a5b3-1f738e285ade (0x1001)
[    6.217317] ACPI: \: failed to evaluate _DSM bf0212f2-788f-c64d-a5b3-1f738e285ade (0x1001)
[    6.218375] iwlwifi 0000:05:00.0: Registered PHC clock: iwlwifi-PTP, with index: 0
[    6.256570] audit: type=1400 audit(1781116530.322:136): apparmor="DENIED" operation="capable" class="cap" profile="/usr/sbin/cupsd" pid=1124 comm="cupsd" capability=12  capname="net_admin"
[    9.568670] wlp5s0: authenticate with 3c:bd:c5:69:29:4f (local address=04:33:c2:22:c0:81)
[    9.569174] wlp5s0: send auth to 3c:bd:c5:69:29:4f (try 1/3)
[    9.570269] wlp5s0: authenticated
[    9.571267] wlp5s0: associate with 3c:bd:c5:69:29:4f (try 1/3)
[    9.572402] wlp5s0: RX AssocResp from 3c:bd:c5:69:29:4f (capab=0x1011 status=0 aid=16)
[    9.573584] wlp5s0: associated
[    9.668446] wlp5s0: Limiting TX power to 30 (30 - 0) dBm as advertised by 3c:bd:c5:69:29:4f
[   15.758706] systemd-journald[400]: /var/log/journal/288b6cba6cec405188c18f26e7617eed/user-1000.journal: Journal file uses a different sequence number ID, rotating.
[   15.836141] Bluetooth: RFCOMM TTY layer initialized
[   15.836148] Bluetooth: RFCOMM socket layer initialized
[   15.836152] Bluetooth: RFCOMM ver 1.11
[   18.473298] audit: type=1400 audit(1781116542.539:137): apparmor="AUDIT" operation="userns_create" class="namespace" info="Userns create - transitioning profile" profile="unconfined" pid=1730 comm="bwrap" requested="userns_create" target="unprivileged_userns"
[   18.474121] audit: type=1400 audit(1781116542.539:138): apparmor="DENIED" operation="capable" class="cap" profile="unprivileged_userns" pid=1744 comm="bwrap" capability=8  capname="setpcap"
[   18.474183] audit: type=1400 audit(1781116542.539:139): apparmor="DENIED" operation="capable" class="cap" profile="unprivileged_userns" pid=1744 comm="bwrap" capability=12  capname="net_admin"
[   52.277311] audit: type=1400 audit(1781116576.237:140): apparmor="AUDIT" operation="userns_create" class="namespace" info="Userns create - transitioning profile" profile="unconfined" pid=2416 comm="bwrap" requested="userns_create" target="unprivileged_userns"
[   52.277983] audit: type=1400 audit(1781116576.238:141): apparmor="DENIED" operation="capable" class="cap" profile="unprivileged_userns" pid=2418 comm="bwrap" capability=8  capname="setpcap"
[   52.278041] audit: type=1400 audit(1781116576.238:142): apparmor="DENIED" operation="capable" class="cap" profile="unprivileged_userns" pid=2418 comm="bwrap" capability=12  capname="net_admin"
[   52.280814] audit: type=1400 audit(1781116576.241:143): apparmor="AUDIT" operation="userns_create" class="namespace" info="Userns create - transitioning profile" profile="unconfined" pid=2420 comm="bwrap" requested="userns_create" target="unprivileged_userns"
[   52.281301] audit: type=1400 audit(1781116576.241:144): apparmor="DENIED" operation="capable" class="cap" profile="unprivileged_userns" pid=2421 comm="bwrap" capability=8  capname="setpcap"
[   52.281366] audit: type=1400 audit(1781116576.242:145): apparmor="DENIED" operation="capable" class="cap" profile="unprivileged_userns" pid=2421 comm="bwrap" capability=12  capname="net_admin"
[   52.357514] audit: type=1400 audit(1781116576.317:146): apparmor="AUDIT" operation="userns_create" class="namespace" info="Userns create - transitioning profile" profile="unconfined" pid=2440 comm="bwrap" requested="userns_create" target="unprivileged_userns"
[   52.358079] audit: type=1400 audit(1781116576.317:147): apparmor="DENIED" operation="capable" class="cap" profile="unprivileged_userns" pid=2442 comm="bwrap" capability=8  capname="setpcap"
[   52.358137] audit: type=1400 audit(1781116576.317:148): apparmor="DENIED" operation="capable" class="cap" profile="unprivileged_userns" pid=2442 comm="bwrap" capability=12  capname="net_admin"
[   52.360898] audit: type=1400 audit(1781116576.320:149): apparmor="AUDIT" operation="userns_create" class="namespace" info="Userns create - transitioning profile" profile="unconfined" pid=2444 comm="bwrap" requested="userns_create" target="unprivileged_userns"
