[    0.000000] Linux version 6.8.0-117-generic (buildd@lcy02-amd64-102) (x86_64-linux-gnu-gcc-13 (Ubuntu 13.3.0-6ubuntu2~24.04.1) 13.3.0, GNU ld (GNU Binutils for Ubuntu) 2.42) #117-Ubuntu SMP PREEMPT_DYNAMIC Tue May  5 19:26:24 UTC 2026 (Ubuntu 6.8.0-117.117-generic 6.8.12)
[    0.000000] Command line: BOOT_IMAGE=/boot/vmlinuz-6.8.0-117-generic root=UUID=a076301c-b9f2-4913-9778-e6596aaa787b ro quiet splash modprobe.blacklist=amdgpu
[    0.000000] KERNEL supported cpus:
[    0.000000]   Intel GenuineIntel
[    0.000000]   AMD AuthenticAMD
[    0.000000]   Hygon HygonGenuine
[    0.000000]   Centaur CentaurHauls
[    0.000000]   zhaoxin   Shanghai  
[    0.000000] BIOS-provided physical RAM map:
[    0.000000] BIOS-e820: [mem 0x0000000000000000-0x000000000009ffff] usable
[    0.000000] BIOS-e820: [mem 0x00000000000a0000-0x00000000000fffff] reserved
[    0.000000] BIOS-e820: [mem 0x0000000000100000-0x0000000009bfefff] usable
[    0.000000] BIOS-e820: [mem 0x0000000009bff000-0x0000000009ffffff] reserved
[    0.000000] BIOS-e820: [mem 0x000000000a000000-0x000000000a1fffff] usable
[    0.000000] BIOS-e820: [mem 0x000000000a200000-0x000000000a20dfff] ACPI NVS
[    0.000000] BIOS-e820: [mem 0x000000000a20e000-0x000000000affffff] usable
[    0.000000] BIOS-e820: [mem 0x000000000b000000-0x000000000b01ffff] reserved
[    0.000000] BIOS-e820: [mem 0x000000000b020000-0x00000000bb31bfff] usable
[    0.000000] BIOS-e820: [mem 0x00000000bb31c000-0x00000000bca84fff] reserved
[    0.000000] BIOS-e820: [mem 0x00000000bca85000-0x00000000bcad6fff] ACPI data
[    0.000000] BIOS-e820: [mem 0x00000000bcad7000-0x00000000bd1b6fff] ACPI NVS
[    0.000000] BIOS-e820: [mem 0x00000000bd1b7000-0x00000000bdffefff] reserved
[    0.000000] BIOS-e820: [mem 0x00000000bdfff000-0x00000000beffffff] usable
[    0.000000] BIOS-e820: [mem 0x00000000bf000000-0x00000000bfffffff] reserved
[    0.000000] BIOS-e820: [mem 0x00000000f0000000-0x00000000f7ffffff] reserved
[    0.000000] BIOS-e820: [mem 0x00000000fd200000-0x00000000fd2fffff] reserved
[    0.000000] BIOS-e820: [mem 0x00000000fd600000-0x00000000fd7fffff] reserved
[    0.000000] BIOS-e820: [mem 0x00000000fea00000-0x00000000fea0ffff] reserved
[    0.000000] BIOS-e820: [mem 0x00000000feb80000-0x00000000fec01fff] reserved
[    0.000000] BIOS-e820: [mem 0x00000000fec10000-0x00000000fec10fff] reserved
[    0.000000] BIOS-e820: [mem 0x00000000fec30000-0x00000000fec30fff] reserved
[    0.000000] BIOS-e820: [mem 0x00000000fed00000-0x00000000fed00fff] reserved
[    0.000000] BIOS-e820: [mem 0x00000000fed40000-0x00000000fed44fff] reserved
[    0.000000] BIOS-e820: [mem 0x00000000fed80000-0x00000000fed8ffff] reserved
[    0.000000] BIOS-e820: [mem 0x00000000fedc2000-0x00000000fedcffff] reserved
[    0.000000] BIOS-e820: [mem 0x00000000fedd4000-0x00000000fedd5fff] reserved
[    0.000000] BIOS-e820: [mem 0x00000000ff000000-0x00000000ffffffff] reserved
[    0.000000] BIOS-e820: [mem 0x0000000100000000-0x000000083f37ffff] usable
[    0.000000] BIOS-e820: [mem 0x000000083f380000-0x000000083fffffff] reserved
[    0.000000] NX (Execute Disable) protection: active
[    0.000000] APIC: Static calls initialized
[    0.000000] e820: update [mem 0xb75c8018-0xb75e3257] usable ==> usable
[    0.000000] e820: update [mem 0xb75c8018-0xb75e3257] usable ==> usable
[    0.000000] extended physical RAM map:
[    0.000000] reserve setup_data: [mem 0x0000000000000000-0x000000000009ffff] usable
[    0.000000] reserve setup_data: [mem 0x00000000000a0000-0x00000000000fffff] reserved
[    0.000000] reserve setup_data: [mem 0x0000000000100000-0x0000000009bfefff] usable
[    0.000000] reserve setup_data: [mem 0x0000000009bff000-0x0000000009ffffff] reserved
[    0.000000] reserve setup_data: [mem 0x000000000a000000-0x000000000a1fffff] usable
[    0.000000] reserve setup_data: [mem 0x000000000a200000-0x000000000a20dfff] ACPI NVS
[    0.000000] reserve setup_data: [mem 0x000000000a20e000-0x000000000affffff] usable
[    0.000000] reserve setup_data: [mem 0x000000000b000000-0x000000000b01ffff] reserved
[    0.000000] reserve setup_data: [mem 0x000000000b020000-0x00000000b75c8017] usable
[    0.000000] reserve setup_data: [mem 0x00000000b75c8018-0x00000000b75e3257] usable
[    0.000000] reserve setup_data: [mem 0x00000000b75e3258-0x00000000bb31bfff] usable
[    0.000000] reserve setup_data: [mem 0x00000000bb31c000-0x00000000bca84fff] reserved
[    0.000000] reserve setup_data: [mem 0x00000000bca85000-0x00000000bcad6fff] ACPI data
[    0.000000] reserve setup_data: [mem 0x00000000bcad7000-0x00000000bd1b6fff] ACPI NVS
[    0.000000] reserve setup_data: [mem 0x00000000bd1b7000-0x00000000bdffefff] reserved
[    0.000000] reserve setup_data: [mem 0x00000000bdfff000-0x00000000beffffff] usable
[    0.000000] reserve setup_data: [mem 0x00000000bf000000-0x00000000bfffffff] reserved
[    0.000000] reserve setup_data: [mem 0x00000000f0000000-0x00000000f7ffffff] reserved
[    0.000000] reserve setup_data: [mem 0x00000000fd200000-0x00000000fd2fffff] reserved
[    0.000000] reserve setup_data: [mem 0x00000000fd600000-0x00000000fd7fffff] reserved
[    0.000000] reserve setup_data: [mem 0x00000000fea00000-0x00000000fea0ffff] reserved
[    0.000000] reserve setup_data: [mem 0x00000000feb80000-0x00000000fec01fff] reserved
[    0.000000] reserve setup_data: [mem 0x00000000fec10000-0x00000000fec10fff] reserved
[    0.000000] reserve setup_data: [mem 0x00000000fec30000-0x00000000fec30fff] reserved
[    0.000000] reserve setup_data: [mem 0x00000000fed00000-0x00000000fed00fff] reserved
[    0.000000] reserve setup_data: [mem 0x00000000fed40000-0x00000000fed44fff] reserved
[    0.000000] reserve setup_data: [mem 0x00000000fed80000-0x00000000fed8ffff] reserved
[    0.000000] reserve setup_data: [mem 0x00000000fedc2000-0x00000000fedcffff] reserved
[    0.000000] reserve setup_data: [mem 0x00000000fedd4000-0x00000000fedd5fff] reserved
[    0.000000] reserve setup_data: [mem 0x00000000ff000000-0x00000000ffffffff] reserved
[    0.000000] reserve setup_data: [mem 0x0000000100000000-0x000000083f37ffff] usable
[    0.000000] reserve setup_data: [mem 0x000000083f380000-0x000000083fffffff] reserved
[    0.000000] efi: EFI v2.7 by American Megatrends
[    0.000000] efi: ACPI=0xbd1a0000 ACPI 2.0=0xbd1a0014 TPMFinalLog=0xbd16a000 SMBIOS=0xbde22000 SMBIOS 3.0=0xbde21000 MEMATTR=0xb7e35018 ESRT=0xba953598 INITRD=0xb76d4518 RNG=0xbca95018 TPMEventLog=0xbca90018 
[    0.000000] random: crng init done
[    0.000000] efi: Remove mem287: MMIO range=[0xf0000000-0xf7ffffff] (128MB) from e820 map
[    0.000000] e820: remove [mem 0xf0000000-0xf7ffffff] reserved
[    0.000000] efi: Remove mem288: MMIO range=[0xfd200000-0xfd2fffff] (1MB) from e820 map
[    0.000000] e820: remove [mem 0xfd200000-0xfd2fffff] reserved
[    0.000000] efi: Remove mem289: MMIO range=[0xfd600000-0xfd7fffff] (2MB) from e820 map
[    0.000000] e820: remove [mem 0xfd600000-0xfd7fffff] reserved
[    0.000000] efi: Not removing mem290: MMIO range=[0xfea00000-0xfea0ffff] (64KB) from e820 map
[    0.000000] efi: Remove mem291: MMIO range=[0xfeb80000-0xfec01fff] (0MB) from e820 map
[    0.000000] e820: remove [mem 0xfeb80000-0xfec01fff] reserved
[    0.000000] efi: Not removing mem292: MMIO range=[0xfec10000-0xfec10fff] (4KB) from e820 map
[    0.000000] efi: Not removing mem293: MMIO range=[0xfec30000-0xfec30fff] (4KB) from e820 map
[    0.000000] efi: Not removing mem294: MMIO range=[0xfed00000-0xfed00fff] (4KB) from e820 map
[    0.000000] efi: Not removing mem295: MMIO range=[0xfed40000-0xfed44fff] (20KB) from e820 map
[    0.000000] efi: Not removing mem296: MMIO range=[0xfed80000-0xfed8ffff] (64KB) from e820 map
[    0.000000] efi: Not removing mem297: MMIO range=[0xfedc2000-0xfedcffff] (56KB) from e820 map
[    0.000000] efi: Not removing mem298: MMIO range=[0xfedd4000-0xfedd5fff] (8KB) from e820 map
[    0.000000] efi: Remove mem299: MMIO range=[0xff000000-0xffffffff] (16MB) from e820 map
[    0.000000] e820: remove [mem 0xff000000-0xffffffff] reserved
[    0.000000] secureboot: Secure boot disabled
[    0.000000] SMBIOS 3.3.0 present.
[    0.000000] DMI: To Be Filled By O.E.M. B550M-ITX/ac/B550M-ITX/ac, BIOS P3.90 10/01/2025
[    0.000000] tsc: Fast TSC calibration using PIT
[    0.000000] tsc: Detected 3792.825 MHz processor
[    0.000215] e820: update [mem 0x00000000-0x00000fff] usable ==> reserved
[    0.000216] e820: remove [mem 0x000a0000-0x000fffff] usable
[    0.000222] last_pfn = 0x83f380 max_arch_pfn = 0x400000000
[    0.000227] total RAM covered: 3071M
[    0.000322] Found optimal setting for mtrr clean up
[    0.000323]  gran_size: 64K 	chunk_size: 64M 	num_reg: 3  	lose cover RAM: 0G
[    0.000325] MTRR map: 8 entries (4 fixed + 4 variable; max 21), built from 9 variable MTRRs
[    0.000327] x86/PAT: Configuration [0-7]: WB  WC  UC- UC  WB  WP  UC- WT  
[    0.000743] e820: update [mem 0xbcf40000-0xbcf4ffff] usable ==> reserved
[    0.000748] e820: update [mem 0xc0000000-0xffffffff] usable ==> reserved
[    0.000751] last_pfn = 0xbf000 max_arch_pfn = 0x400000000
[    0.003290] esrt: Reserving ESRT space from 0x00000000ba953598 to 0x00000000ba9535d0.
[    0.003296] e820: update [mem 0xba953000-0xba953fff] usable ==> reserved
[    0.003318] Using GB pages for direct mapping
[    0.003790] secureboot: Secure boot disabled
[    0.003791] RAMDISK: [mem 0xa9ec0000-0xae646fff]
[    0.004021] ACPI: Early table checksum verification disabled
[    0.004025] ACPI: RSDP 0x00000000BD1A0014 000024 (v02 ALASKA)
[    0.004027] ACPI: XSDT 0x00000000BD19F728 0000E4 (v01 ALASKA A M I    01072009 AMI  01000013)
[    0.004031] ACPI: FACP 0x00000000BCAC8000 000114 (v06 ALASKA A M I    01072009 AMI  00010013)
[    0.004035] ACPI: DSDT 0x00000000BCAC1000 006866 (v02 ALASKA A M I    01072009 INTL 20120913)
[    0.004037] ACPI: FACS 0x00000000BD19A000 000040
[    0.004038] ACPI: SSDT 0x00000000BCACE000 008CE9 (v02 AMD    AmdTable 00000002 MSFT 04000000)
[    0.004040] ACPI: SSDT 0x00000000BCACA000 003B45 (v02 AMD    AMD AOD  00000001 INTL 20120913)
[    0.004042] ACPI: SSDT 0x00000000BCAC9000 000221 (v02 ALASKA CPUSSDT  01072009 AMI  01072009)
[    0.004043] ACPI: FIDT 0x00000000BCAC0000 00009C (v01 ALASKA A M I    01072009 AMI  00010013)
[    0.004045] ACPI: MCFG 0x00000000BCABF000 00003C (v01 ALASKA A M I    01072009 MSFT 00010013)
[    0.004047] ACPI: AAFT 0x00000000BCABE000 000115 (v01 ALASKA OEMAAFT  01072009 MSFT 00000097)
[    0.004048] ACPI: HPET 0x00000000BCABD000 000038 (v01 ALASKA A M I    01072009 AMI  00000005)
[    0.004050] ACPI: VFCT 0x00000000BCAAE000 00E284 (v01 ALASKA A M I    00000001 AMD  31504F47)
[    0.004051] ACPI: TPM2 0x00000000BCAAD000 00004C (v04 ALASKA A M I    00000001 AMI  00000000)
[    0.004053] ACPI: PCCT 0x00000000BCAAC000 00006E (v02 AMD    AmdTable 00000001 AMD  00000001)
[    0.004054] ACPI: SSDT 0x00000000BCAA7000 004133 (v02 AMD    AmdTable 00000001 AMD  00000001)
[    0.004056] ACPI: CRAT 0x00000000BCAA6000 000F10 (v01 AMD    AmdTable 00000001 AMD  00000001)
[    0.004058] ACPI: CDIT 0x00000000BCAA5000 000029 (v01 AMD    AmdTable 00000001 AMD  00000001)
[    0.004059] ACPI: SSDT 0x00000000BCAA4000 0002C2 (v02 AMD    ArticDGP 00000001 INTL 20120913)
[    0.004061] ACPI: SSDT 0x00000000BCAA2000 0010C9 (v02 AMD    ArticTPX 00000001 INTL 20120913)
[    0.004062] ACPI: SSDT 0x00000000BCAA1000 00052C (v02 AMD    ArticNOI 00000001 INTL 20120913)
[    0.004064] ACPI: SSDT 0x00000000BCA9D000 0037C4 (v02 AMD    ArticN   00000001 INTL 20120913)
[    0.004065] ACPI: WSMT 0x00000000BCA9C000 000028 (v01 ALASKA A M I    01072009 AMI  00010013)
[    0.004067] ACPI: APIC 0x00000000BCA9B000 00015E (v04 ALASKA A M I    01072009 AMI  00010013)
[    0.004069] ACPI: SSDT 0x00000000BCA9A000 00007D (v02 AMD    ArticDIS 00000001 INTL 20120913)
[    0.004070] ACPI: SSDT 0x00000000BCA98000 0010AF (v02 AMD    ArticC   00000001 INTL 20120913)
[    0.004072] ACPI: SSDT 0x00000000BCA97000 0000BF (v01 AMD    AmdTable 00001000 INTL 20120913)
[    0.004073] ACPI: FPDT 0x00000000BCA96000 000044 (v01 ALASKA A M I    01072009 AMI  01000013)
[    0.004075] ACPI: Reserving FACP table memory at [mem 0xbcac8000-0xbcac8113]
[    0.004075] ACPI: Reserving DSDT table memory at [mem 0xbcac1000-0xbcac7865]
[    0.004076] ACPI: Reserving FACS table memory at [mem 0xbd19a000-0xbd19a03f]
[    0.004076] ACPI: Reserving SSDT table memory at [mem 0xbcace000-0xbcad6ce8]
[    0.004077] ACPI: Reserving SSDT table memory at [mem 0xbcaca000-0xbcacdb44]
[    0.004077] ACPI: Reserving SSDT table memory at [mem 0xbcac9000-0xbcac9220]
[    0.004078] ACPI: Reserving FIDT table memory at [mem 0xbcac0000-0xbcac009b]
[    0.004078] ACPI: Reserving MCFG table memory at [mem 0xbcabf000-0xbcabf03b]
[    0.004079] ACPI: Reserving AAFT table memory at [mem 0xbcabe000-0xbcabe114]
[    0.004079] ACPI: Reserving HPET table memory at [mem 0xbcabd000-0xbcabd037]
[    0.004080] ACPI: Reserving VFCT table memory at [mem 0xbcaae000-0xbcabc283]
[    0.004080] ACPI: Reserving TPM2 table memory at [mem 0xbcaad000-0xbcaad04b]
[    0.004081] ACPI: Reserving PCCT table memory at [mem 0xbcaac000-0xbcaac06d]
[    0.004081] ACPI: Reserving SSDT table memory at [mem 0xbcaa7000-0xbcaab132]
[    0.004082] ACPI: Reserving CRAT table memory at [mem 0xbcaa6000-0xbcaa6f0f]
[    0.004082] ACPI: Reserving CDIT table memory at [mem 0xbcaa5000-0xbcaa5028]
[    0.004083] ACPI: Reserving SSDT table memory at [mem 0xbcaa4000-0xbcaa42c1]
[    0.004083] ACPI: Reserving SSDT table memory at [mem 0xbcaa2000-0xbcaa30c8]
[    0.004084] ACPI: Reserving SSDT table memory at [mem 0xbcaa1000-0xbcaa152b]
[    0.004084] ACPI: Reserving SSDT table memory at [mem 0xbca9d000-0xbcaa07c3]
[    0.004085] ACPI: Reserving WSMT table memory at [mem 0xbca9c000-0xbca9c027]
[    0.004085] ACPI: Reserving APIC table memory at [mem 0xbca9b000-0xbca9b15d]
[    0.004086] ACPI: Reserving SSDT table memory at [mem 0xbca9a000-0xbca9a07c]
[    0.004086] ACPI: Reserving SSDT table memory at [mem 0xbca98000-0xbca990ae]
[    0.004087] ACPI: Reserving SSDT table memory at [mem 0xbca97000-0xbca970be]
[    0.004087] ACPI: Reserving FPDT table memory at [mem 0xbca96000-0xbca96043]
[    0.004168] No NUMA configuration found
[    0.004168] Faking a node at [mem 0x0000000000000000-0x000000083f37ffff]
[    0.004172] NODE_DATA(0) allocated [mem 0x83f355000-0x83f37ffff]
[    0.004268] Zone ranges:
[    0.004269]   DMA      [mem 0x0000000000001000-0x0000000000ffffff]
[    0.004270]   DMA32    [mem 0x0000000001000000-0x00000000ffffffff]
[    0.004271]   Normal   [mem 0x0000000100000000-0x000000083f37ffff]
[    0.004271]   Device   empty
[    0.004272] Movable zone start for each node
[    0.004273] Early memory node ranges
[    0.004273]   node   0: [mem 0x0000000000001000-0x000000000009ffff]
[    0.004275]   node   0: [mem 0x0000000000100000-0x0000000009bfefff]
[    0.004275]   node   0: [mem 0x000000000a000000-0x000000000a1fffff]
[    0.004276]   node   0: [mem 0x000000000a20e000-0x000000000affffff]
[    0.004276]   node   0: [mem 0x000000000b020000-0x00000000bb31bfff]
[    0.004277]   node   0: [mem 0x00000000bdfff000-0x00000000beffffff]
[    0.004277]   node   0: [mem 0x0000000100000000-0x000000083f37ffff]
[    0.004279] Initmem setup node 0 [mem 0x0000000000001000-0x000000083f37ffff]
[    0.004283] On node 0, zone DMA: 1 pages in unavailable ranges
[    0.004292] On node 0, zone DMA: 96 pages in unavailable ranges
[    0.004376] On node 0, zone DMA32: 1025 pages in unavailable ranges
[    0.004385] On node 0, zone DMA32: 14 pages in unavailable ranges
[    0.006562] On node 0, zone DMA32: 32 pages in unavailable ranges
[    0.006641] On node 0, zone DMA32: 11491 pages in unavailable ranges
[    0.042261] On node 0, zone Normal: 4096 pages in unavailable ranges
[    0.042283] On node 0, zone Normal: 3200 pages in unavailable ranges
[    0.042729] ACPI: PM-Timer IO Port: 0x808
[    0.042737] ACPI: LAPIC_NMI (acpi_id[0xff] high edge lint[0x1])
[    0.042747] IOAPIC[0]: apic_id 17, version 33, address 0xfec00000, GSI 0-23
[    0.042751] IOAPIC[1]: apic_id 18, version 33, address 0xfec01000, GSI 24-55
[    0.042752] ACPI: INT_SRC_OVR (bus 0 bus_irq 0 global_irq 2 dfl dfl)
[    0.042753] ACPI: INT_SRC_OVR (bus 0 bus_irq 9 global_irq 9 low level)
[    0.042756] ACPI: Using ACPI (MADT) for SMP configuration information
[    0.042756] ACPI: HPET id: 0x10228201 base: 0xfed00000
[    0.042759] smpboot: Allowing 32 CPUs, 16 hotplug CPUs
[    0.042775] PM: hibernation: Registered nosave memory: [mem 0x00000000-0x00000fff]
[    0.042776] PM: hibernation: Registered nosave memory: [mem 0x000a0000-0x000fffff]
[    0.042777] PM: hibernation: Registered nosave memory: [mem 0x09bff000-0x09ffffff]
[    0.042778] PM: hibernation: Registered nosave memory: [mem 0x0a200000-0x0a20dfff]
[    0.042780] PM: hibernation: Registered nosave memory: [mem 0x0b000000-0x0b01ffff]
[    0.042780] PM: hibernation: Registered nosave memory: [mem 0xba953000-0xba953fff]
[    0.042782] PM: hibernation: Registered nosave memory: [mem 0xbb31c000-0xbdffefff]
[    0.042783] PM: hibernation: Registered nosave memory: [mem 0xbf000000-0xffffffff]
[    0.042784] [mem 0xc0000000-0xfe9fffff] available for PCI devices
[    0.042786] Booting paravirtualized kernel on bare hardware
[    0.042788] clocksource: refined-jiffies: mask: 0xffffffff max_cycles: 0xffffffff, max_idle_ns: 1910969940391419 ns
[    0.042794] setup_percpu: NR_CPUS:8192 nr_cpumask_bits:32 nr_cpu_ids:32 nr_node_ids:1
[    0.044151] percpu: Embedded 86 pages/cpu s229376 r8192 d114688 u524288
[    0.044155] pcpu-alloc: s229376 r8192 d114688 u524288 alloc=1*2097152
[    0.044156] pcpu-alloc: [0] 00 01 02 03 [0] 04 05 06 07 
[    0.044160] pcpu-alloc: [0] 08 09 10 11 [0] 12 13 14 15 
[    0.044163] pcpu-alloc: [0] 16 17 18 19 [0] 20 21 22 23 
[    0.044165] pcpu-alloc: [0] 24 25 26 27 [0] 28 29 30 31 
[    0.044181] Kernel command line: BOOT_IMAGE=/boot/vmlinuz-6.8.0-117-generic root=UUID=a076301c-b9f2-4913-9778-e6596aaa787b ro quiet splash modprobe.blacklist=amdgpu
[    0.044238] Unknown kernel command line parameters "splash", will be passed to user space.
[    0.046544] Dentry cache hash table entries: 4194304 (order: 13, 33554432 bytes, linear)
[    0.047696] Inode-cache hash table entries: 2097152 (order: 12, 16777216 bytes, linear)
[    0.047835] Fallback order for Node 0: 0 
[    0.047839] Built 1 zonelists, mobility grouping on.  Total pages: 8237732
[    0.047840] Policy zone: Normal
[    0.047847] mem auto-init: stack:all(zero), heap alloc:on, heap free:off
[    0.047851] software IO TLB: area num 32.
[    0.100346] Memory: 32618292K/33474612K available (22528K kernel code, 4438K rwdata, 14416K rodata, 4924K init, 4788K bss, 856060K reserved, 0K cma-reserved)
[    0.100942] SLUB: HWalign=64, Order=0-3, MinObjects=0, CPUs=32, Nodes=1
[    0.100962] ftrace: allocating 58286 entries in 228 pages
[    0.110453] ftrace: allocated 228 pages with 4 groups
[    0.111155] Dynamic Preempt: voluntary
[    0.111243] rcu: Preemptible hierarchical RCU implementation.
[    0.111243] rcu: 	RCU restricting CPUs from NR_CPUS=8192 to nr_cpu_ids=32.
[    0.111244] 	Trampoline variant of Tasks RCU enabled.
[    0.111245] 	Rude variant of Tasks RCU enabled.
[    0.111245] 	Tracing variant of Tasks RCU enabled.
[    0.111246] rcu: RCU calculated value of scheduler-enlistment delay is 100 jiffies.
[    0.111246] rcu: Adjusting geometry for rcu_fanout_leaf=16, nr_cpu_ids=32
[    0.111265] RCU Tasks: Setting shift to 5 and lim to 1 rcu_task_cb_adjust=1 rcu_task_cpu_ids=32.
[    0.111267] RCU Tasks Rude: Setting shift to 5 and lim to 1 rcu_task_cb_adjust=1 rcu_task_cpu_ids=32.
[    0.111269] RCU Tasks Trace: Setting shift to 5 and lim to 1 rcu_task_cb_adjust=1 rcu_task_cpu_ids=32.
[    0.113118] NR_IRQS: 524544, nr_irqs: 1224, preallocated irqs: 16
[    0.113303] rcu: srcu_init: Setting srcu_struct sizes based on contention.
[    0.113390] Console: colour dummy device 80x25
[    0.113392] printk: legacy console [tty0] enabled
[    0.113429] ACPI: Core revision 20230628
[    0.113541] clocksource: hpet: mask: 0xffffffff max_cycles: 0xffffffff, max_idle_ns: 133484873504 ns
[    0.113555] APIC: Switch to symmetric I/O mode setup
[    0.113656] x2apic: IRQ remapping doesn't support X2APIC mode
[    0.114202] ..TIMER: vector=0x30 apic1=0 pin1=2 apic2=-1 pin2=-1
[    0.118555] clocksource: tsc-early: mask: 0xffffffffffffffff max_cycles: 0x6d57be2a7b4, max_idle_ns: 881590759319 ns
[    0.118558] Calibrating delay loop (skipped), value calculated using timer frequency.. 7585.65 BogoMIPS (lpj=3792825)
[    0.118570] x86/cpu: User Mode Instruction Prevention (UMIP) activated
[    0.118608] LVT offset 1 assigned for vector 0xf9
[    0.118736] LVT offset 2 assigned for vector 0xf4
[    0.118772] process: using mwait in idle threads
[    0.118773] Last level iTLB entries: 4KB 512, 2MB 512, 4MB 256
[    0.118774] Last level dTLB entries: 4KB 2048, 2MB 2048, 4MB 1024, 1GB 0
[    0.118776] Spectre V1 : Mitigation: usercopy/swapgs barriers and __user pointer sanitization
[    0.118777] Spectre V2 : Mitigation: Retpolines
[    0.118778] Spectre V2 : Spectre v2 / SpectreRSB: Filling RSB on context switch and VMEXIT
[    0.118779] Spectre V2 : Enabling Restricted Speculation for firmware calls
[    0.118780] Spectre V2 : mitigation: Enabling conditional Indirect Branch Prediction Barrier
[    0.118781] Spectre V2 : User space: Mitigation: STIBP always-on protection
[    0.118782] Speculative Store Bypass: Mitigation: Speculative Store Bypass disabled via prctl
[    0.118783] active return thunk: srso_alias_return_thunk
[    0.118787] Speculative Return Stack Overflow: Mitigation: Safe RET
[    0.118787] Transient Scheduler Attacks: Mitigation: Clear CPU buffers
[    0.118788] VMSCAPE: Mitigation: IBPB before exit to userspace
[    0.118791] x86/fpu: Supporting XSAVE feature 0x001: 'x87 floating point registers'
[    0.118792] x86/fpu: Supporting XSAVE feature 0x002: 'SSE registers'
[    0.118793] x86/fpu: Supporting XSAVE feature 0x004: 'AVX registers'
[    0.118793] x86/fpu: Supporting XSAVE feature 0x200: 'Protection Keys User registers'
[    0.118794] x86/fpu: Supporting XSAVE feature 0x800: 'Control-flow User registers'
[    0.118795] x86/fpu: xstate_offset[2]:  576, xstate_sizes[2]:  256
[    0.118796] x86/fpu: xstate_offset[9]:  832, xstate_sizes[9]:    8
[    0.118797] x86/fpu: xstate_offset[11]:  840, xstate_sizes[11]:   16
[    0.118797] x86/fpu: Enabled xstate features 0xa07, context size is 856 bytes, using 'compacted' format.
[    0.141984] Freeing SMP alternatives memory: 48K
[    0.141987] pid_max: default: 32768 minimum: 301
[    0.145357] LSM: initializing lsm=lockdown,capability,landlock,yama,apparmor,integrity
[    0.145374] landlock: Up and running.
[    0.145375] Yama: becoming mindful.
[    0.145403] AppArmor: AppArmor initialized
[    0.145481] Mount-cache hash table entries: 65536 (order: 7, 524288 bytes, linear)
[    0.145518] Mountpoint-cache hash table entries: 65536 (order: 7, 524288 bytes, linear)
[    0.247977] smpboot: CPU0: AMD Ryzen 7 5800X 8-Core Processor (family: 0x19, model: 0x21, stepping: 0x0)
[    0.248166] Performance Events: Fam17h+ core perfctr, AMD PMU driver.
[    0.248172] ... version:                0
[    0.248173] ... bit width:              48
[    0.248174] ... generic registers:      6
[    0.248175] ... value mask:             0000ffffffffffff
[    0.248176] ... max period:             00007fffffffffff
[    0.248177] ... fixed-purpose events:   0
[    0.248178] ... event mask:             000000000000003f
[    0.248250] signal: max sigframe size: 3376
[    0.248289] rcu: Hierarchical SRCU implementation.
[    0.248290] rcu: 	Max phase no-delay instances is 400.
[    0.250599] NMI watchdog: Enabled. Permanently consumes one hw-PMU counter.
[    0.250823] smp: Bringing up secondary CPUs ...
[    0.250920] smpboot: x86: Booting SMP configuration:
[    0.250922] .... node  #0, CPUs:        #1  #2  #3  #4  #5  #6  #7  #8  #9 #10 #11 #12 #13 #14 #15
[    0.262669] Spectre V2 : Update user space SMT mitigation: STIBP always-on
[    0.270561] smp: Brought up 1 node, 16 CPUs
[    0.270563] smpboot: Max logical packages: 2
[    0.270565] smpboot: Total of 16 processors activated (121370.40 BogoMIPS)
[    0.272998] devtmpfs: initialized
[    0.272998] x86/mm: Memory block size: 128MB
[    0.276461] ACPI: PM: Registering ACPI NVS region [mem 0x0a200000-0x0a20dfff] (57344 bytes)
[    0.276461] ACPI: PM: Registering ACPI NVS region [mem 0xbcad7000-0xbd1b6fff] (7208960 bytes)
[    0.276648] clocksource: jiffies: mask: 0xffffffff max_cycles: 0xffffffff, max_idle_ns: 1911260446275000 ns
[    0.276671] futex hash table entries: 8192 (order: 7, 524288 bytes, linear)
[    0.276765] pinctrl core: initialized pinctrl subsystem
[    0.276876] PM: RTC time: 20:57:01, date: 2026-06-10
[    0.277205] NET: Registered PF_NETLINK/PF_ROUTE protocol family
[    0.277493] DMA: preallocated 4096 KiB GFP_KERNEL pool for atomic allocations
[    0.277647] DMA: preallocated 4096 KiB GFP_KERNEL|GFP_DMA pool for atomic allocations
[    0.277803] DMA: preallocated 4096 KiB GFP_KERNEL|GFP_DMA32 pool for atomic allocations
[    0.277811] audit: initializing netlink subsys (disabled)
[    0.277817] audit: type=2000 audit(1781125020.164:1): state=initialized audit_enabled=0 res=1
[    0.277817] thermal_sys: Registered thermal governor 'fair_share'
[    0.277817] thermal_sys: Registered thermal governor 'bang_bang'
[    0.277817] thermal_sys: Registered thermal governor 'step_wise'
[    0.277817] thermal_sys: Registered thermal governor 'user_space'
[    0.277817] thermal_sys: Registered thermal governor 'power_allocator'
[    0.277817] cpuidle: using governor ladder
[    0.277817] cpuidle: using governor menu
[    0.277817] Detected 1 PCC Subspaces
[    0.277817] Registering PCC driver as Mailbox controller
[    0.277817] acpiphp: ACPI Hot Plug PCI Controller Driver version: 0.5
[    0.277817] PCI: ECAM [mem 0xf0000000-0xf7ffffff] (base 0xf0000000) for domain 0000 [bus 00-7f]
[    0.277817] PCI: Using configuration type 1 for base access
[    0.277845] kprobes: kprobe jump-optimization is enabled. All kprobes are optimized if possible.
[    0.278612] HugeTLB: registered 1.00 GiB page size, pre-allocated 0 pages
[    0.278612] HugeTLB: 16380 KiB vmemmap can be freed for a 1.00 GiB page
[    0.278612] HugeTLB: registered 2.00 MiB page size, pre-allocated 0 pages
[    0.278612] HugeTLB: 28 KiB vmemmap can be freed for a 2.00 MiB page
[    0.278702] ACPI: Added _OSI(Module Device)
[    0.278704] ACPI: Added _OSI(Processor Device)
[    0.278705] ACPI: Added _OSI(Processor Aggregator Device)
[    0.299932] ACPI: 12 ACPI AML tables successfully acquired and loaded
[    0.302499] ACPI: [Firmware Bug]: BIOS _OSI(Linux) query ignored
[    0.308099] ACPI: _OSC evaluation for CPUs failed, trying _PDC
[    0.309321] ACPI: Interpreter enabled
[    0.309338] ACPI: PM: (supports S0 S3 S4 S5)
[    0.309339] ACPI: Using IOAPIC for interrupt routing
[    0.311133] PCI: Using host bridge windows from ACPI; if necessary, use "pci=nocrs" and report a bug
[    0.311135] PCI: Ignoring E820 reservations for host bridge windows
[    0.311744] ACPI: Enabled 8 GPEs in block 00 to 1F
[    0.328621] ACPI: PCI Root Bridge [PCI0] (domain 0000 [bus 00-ff])
[    0.328627] acpi PNP0A08:00: _OSC: OS supports [ExtendedConfig ASPM ClockPM Segments MSI EDR HPX-Type3]
[    0.328755] acpi PNP0A08:00: _OSC: platform does not support [SHPCHotplug LTR DPC]
[    0.328979] acpi PNP0A08:00: _OSC: OS now controls [PCIeHotplug PME AER PCIeCapability]
[    0.328990] acpi PNP0A08:00: [Firmware Info]: ECAM [mem 0xf0000000-0xf7ffffff] for domain 0000 [bus 00-7f] only partially covers this bridge
[    0.329612] PCI host bridge to bus 0000:00
[    0.329615] pci_bus 0000:00: root bus resource [io  0x0000-0x03af window]
[    0.329617] pci_bus 0000:00: root bus resource [io  0x03e0-0x0cf7 window]
[    0.329619] pci_bus 0000:00: root bus resource [io  0x03b0-0x03df window]
[    0.329620] pci_bus 0000:00: root bus resource [io  0x0d00-0xffff window]
[    0.329622] pci_bus 0000:00: root bus resource [mem 0x000a0000-0x000dffff window]
[    0.329624] pci_bus 0000:00: root bus resource [mem 0xc0000000-0xfcffffff window]
[    0.329625] pci_bus 0000:00: root bus resource [mem 0x840000000-0x7fffffffff window]
[    0.329627] pci_bus 0000:00: root bus resource [bus 00-ff]
[    0.329644] pci 0000:00:00.0: [1022:1480] type 00 class 0x060000 conventional PCI endpoint
[    0.329752] pci 0000:00:01.0: [1022:1482] type 00 class 0x060000 conventional PCI endpoint
[    0.329818] pci 0000:00:01.1: [1022:1483] type 01 class 0x060400 PCIe Root Port
[    0.329834] pci 0000:00:01.1: PCI bridge to [bus 01]
[    0.329841] pci 0000:00:01.1:   bridge window [mem 0xfcf00000-0xfcffffff]
[    0.329855] pci 0000:00:01.1: enabling Extended Tags
[    0.329903] pci 0000:00:01.1: PME# supported from D0 D3hot D3cold
[    0.330041] pci 0000:00:01.2: [1022:1483] type 01 class 0x060400 PCIe Root Port
[    0.330058] pci 0000:00:01.2: PCI bridge to [bus 02-05]
[    0.330062] pci 0000:00:01.2:   bridge window [io  0xf000-0xffff]
[    0.330065] pci 0000:00:01.2:   bridge window [mem 0xfcc00000-0xfcefffff]
[    0.330079] pci 0000:00:01.2: enabling Extended Tags
[    0.330126] pci 0000:00:01.2: PME# supported from D0 D3hot D3cold
[    0.330296] pci 0000:00:02.0: [1022:1482] type 00 class 0x060000 conventional PCI endpoint
[    0.330359] pci 0000:00:03.0: [1022:1482] type 00 class 0x060000 conventional PCI endpoint
[    0.330419] pci 0000:00:03.1: [1022:1483] type 01 class 0x060400 PCIe Root Port
[    0.330434] pci 0000:00:03.1: PCI bridge to [bus 06-08]
[    0.330438] pci 0000:00:03.1:   bridge window [io  0xe000-0xefff]
[    0.330440] pci 0000:00:03.1:   bridge window [mem 0xfc500000-0xfc8fffff]
[    0.330446] pci 0000:00:03.1:   bridge window [mem 0x7000000000-0x780fffffff 64bit pref]
[    0.330492] pci 0000:00:03.1: PME# supported from D0 D3hot D3cold
[    0.330620] pci 0000:00:04.0: [1022:1482] type 00 class 0x060000 conventional PCI endpoint
[    0.330685] pci 0000:00:05.0: [1022:1482] type 00 class 0x060000 conventional PCI endpoint
[    0.330748] pci 0000:00:07.0: [1022:1482] type 00 class 0x060000 conventional PCI endpoint
[    0.330808] pci 0000:00:07.1: [1022:1484] type 01 class 0x060400 PCIe Root Port
[    0.330820] pci 0000:00:07.1: PCI bridge to [bus 09]
[    0.330833] pci 0000:00:07.1: enabling Extended Tags
[    0.330867] pci 0000:00:07.1: PME# supported from D0 D3hot D3cold
[    0.330986] pci 0000:00:08.0: [1022:1482] type 00 class 0x060000 conventional PCI endpoint
[    0.331046] pci 0000:00:08.1: [1022:1484] type 01 class 0x060400 PCIe Root Port
[    0.331060] pci 0000:00:08.1: PCI bridge to [bus 0a]
[    0.331065] pci 0000:00:08.1:   bridge window [mem 0xfc900000-0xfcbfffff]
[    0.331075] pci 0000:00:08.1: enabling Extended Tags
[    0.331114] pci 0000:00:08.1: PME# supported from D0 D3hot D3cold
[    0.331257] pci 0000:00:14.0: [1022:790b] type 00 class 0x0c0500 conventional PCI endpoint
[    0.331362] pci 0000:00:14.3: [1022:790e] type 00 class 0x060100 conventional PCI endpoint
[    0.331483] pci 0000:00:18.0: [1022:1440] type 00 class 0x060000 conventional PCI endpoint
[    0.331527] pci 0000:00:18.1: [1022:1441] type 00 class 0x060000 conventional PCI endpoint
[    0.331569] pci 0000:00:18.2: [1022:1442] type 00 class 0x060000 conventional PCI endpoint
[    0.331609] pci 0000:00:18.3: [1022:1443] type 00 class 0x060000 conventional PCI endpoint
[    0.331650] pci 0000:00:18.4: [1022:1444] type 00 class 0x060000 conventional PCI endpoint
[    0.331690] pci 0000:00:18.5: [1022:1445] type 00 class 0x060000 conventional PCI endpoint
[    0.331732] pci 0000:00:18.6: [1022:1446] type 00 class 0x060000 conventional PCI endpoint
[    0.331772] pci 0000:00:18.7: [1022:1447] type 00 class 0x060000 conventional PCI endpoint
[    0.331879] pci 0000:01:00.0: [8086:faf0] type 00 class 0x010802 PCIe Endpoint
[    0.331926] pci 0000:01:00.0: BAR 0 [mem 0xfcf00000-0xfcf03fff 64bit]
[    0.332142] pci 0000:00:01.1: PCI bridge to [bus 01]
[    0.332224] pci 0000:02:00.0: [1022:43ee] type 00 class 0x0c0330 PCIe Legacy Endpoint
[    0.332263] pci 0000:02:00.0: BAR 0 [mem 0xfcea0000-0xfcea7fff 64bit]
[    0.332275] pci 0000:02:00.0: enabling Extended Tags
[    0.332332] pci 0000:02:00.0: PME# supported from D3hot D3cold
[    0.332485] pci 0000:02:00.1: [1022:43eb] type 00 class 0x010601 PCIe Legacy Endpoint
[    0.332528] pci 0000:02:00.1: BAR 5 [mem 0xfce80000-0xfce9ffff]
[    0.332532] pci 0000:02:00.1: ROM [mem 0xfce00000-0xfce7ffff pref]
[    0.332539] pci 0000:02:00.1: enabling Extended Tags
[    0.332583] pci 0000:02:00.1: PME# supported from D3hot D3cold
[    0.332685] pci 0000:02:00.2: [1022:43e9] type 01 class 0x060400 PCIe Switch Upstream Port
[    0.332711] pci 0000:02:00.2: PCI bridge to [bus 03-05]
[    0.332718] pci 0000:02:00.2:   bridge window [io  0xf000-0xffff]
[    0.332721] pci 0000:02:00.2:   bridge window [mem 0xfcc00000-0xfcdfffff]
[    0.332743] pci 0000:02:00.2: enabling Extended Tags
[    0.332791] pci 0000:02:00.2: PME# supported from D3hot D3cold
[    0.332922] pci 0000:00:01.2: PCI bridge to [bus 02-05]
[    0.333066] pci 0000:03:00.0: [1022:43ea] type 01 class 0x060400 PCIe Switch Downstream Port
[    0.333093] pci 0000:03:00.0: PCI bridge to [bus 04]
[    0.333099] pci 0000:03:00.0:   bridge window [io  0xf000-0xffff]
[    0.333103] pci 0000:03:00.0:   bridge window [mem 0xfcd00000-0xfcdfffff]
[    0.333126] pci 0000:03:00.0: enabling Extended Tags
[    0.333185] pci 0000:03:00.0: PME# supported from D3hot D3cold
[    0.333317] pci 0000:03:01.0: [1022:43ea] type 01 class 0x060400 PCIe Switch Downstream Port
[    0.333344] pci 0000:03:01.0: PCI bridge to [bus 05]
[    0.333352] pci 0000:03:01.0:   bridge window [mem 0xfcc00000-0xfccfffff]
[    0.333376] pci 0000:03:01.0: enabling Extended Tags
[    0.333435] pci 0000:03:01.0: PME# supported from D3hot D3cold
[    0.333576] pci 0000:02:00.2: PCI bridge to [bus 03-05]
[    0.333657] pci 0000:04:00.0: [10ec:8168] type 00 class 0x020000 PCIe Endpoint
[    0.333740] pci 0000:04:00.0: BAR 0 [io  0xf000-0xf0ff]
[    0.333748] pci 0000:04:00.0: BAR 2 [mem 0xfcd04000-0xfcd04fff 64bit]
[    0.333754] pci 0000:04:00.0: BAR 4 [mem 0xfcd00000-0xfcd03fff 64bit]
[    0.333912] pci 0000:04:00.0: supports D1 D2
[    0.333914] pci 0000:04:00.0: PME# supported from D0 D1 D2 D3hot D3cold
[    0.334179] pci 0000:03:00.0: PCI bridge to [bus 04]
[    0.334305] pci 0000:05:00.0: [8086:24fb] type 00 class 0x028000 PCIe Endpoint
[    0.334413] pci 0000:05:00.0: BAR 0 [mem 0xfcc00000-0xfcc01fff 64bit]
[    0.334604] pci 0000:05:00.0: PME# supported from D0 D3hot D3cold
[    0.334929] pci 0000:03:01.0: PCI bridge to [bus 05]
[    0.335017] pci 0000:06:00.0: [1002:1478] type 01 class 0x060400 PCIe Switch Upstream Port
[    0.335038] pci 0000:06:00.0: BAR 0 [mem 0xfc800000-0xfc803fff]
[    0.335042] pci 0000:06:00.0: PCI bridge to [bus 07-08]
[    0.335048] pci 0000:06:00.0:   bridge window [io  0xe000-0xefff]
[    0.335051] pci 0000:06:00.0:   bridge window [mem 0xfc500000-0xfc7fffff]
[    0.335060] pci 0000:06:00.0:   bridge window [mem 0x7000000000-0x780fffffff 64bit pref]
[    0.335139] pci 0000:06:00.0: PME# supported from D0 D3hot D3cold
[    0.335313] pci 0000:00:03.1: PCI bridge to [bus 06-08]
[    0.335383] pci 0000:07:00.0: [1002:1479] type 01 class 0x060400 PCIe Switch Downstream Port
[    0.335406] pci 0000:07:00.0: PCI bridge to [bus 08]
[    0.335412] pci 0000:07:00.0:   bridge window [io  0xe000-0xefff]
[    0.335415] pci 0000:07:00.0:   bridge window [mem 0xfc500000-0xfc7fffff]
[    0.335424] pci 0000:07:00.0:   bridge window [mem 0x7000000000-0x780fffffff 64bit pref]
[    0.335502] pci 0000:07:00.0: PME# supported from D0 D3hot D3cold
[    0.336308] pci 0000:06:00.0: PCI bridge to [bus 07-08]
[    0.336388] pci 0000:08:00.0: [1002:744c] type 00 class 0x030000 PCIe Legacy Endpoint
[    0.336423] pci 0000:08:00.0: BAR 0 [mem 0x7000000000-0x77ffffffff 64bit pref]
[    0.336427] pci 0000:08:00.0: BAR 2 [mem 0x7800000000-0x780fffffff 64bit pref]
[    0.336429] pci 0000:08:00.0: BAR 4 [io  0xe000-0xe0ff]
[    0.336432] pci 0000:08:00.0: BAR 5 [mem 0xfc600000-0xfc6fffff]
[    0.336434] pci 0000:08:00.0: ROM [mem 0xfc700000-0xfc71ffff pref]
[    0.336520] pci 0000:08:00.0: PME# supported from D1 D2 D3hot D3cold
[    0.336701] pci 0000:08:00.1: [1002:ab30] type 00 class 0x040300 PCIe Legacy Endpoint
[    0.336733] pci 0000:08:00.1: BAR 0 [mem 0xfc724000-0xfc727fff]
[    0.336796] pci 0000:08:00.1: PME# supported from D1 D2 D3hot D3cold
[    0.336912] pci 0000:08:00.2: [1002:7446] type 00 class 0x0c0330 PCIe Endpoint
[    0.336947] pci 0000:08:00.2: BAR 0 [mem 0xfc500000-0xfc5fffff 64bit]
[    0.337025] pci 0000:08:00.2: PME# supported from D0 D3hot D3cold
[    0.337120] pci 0000:08:00.3: [1002:7444] type 00 class 0x0c8000 PCIe Endpoint
[    0.337153] pci 0000:08:00.3: BAR 0 [mem 0xfc720000-0xfc723fff 64bit]
[    0.337214] pci 0000:08:00.3: PME# supported from D0 D3hot
[    0.337337] pci 0000:07:00.0: PCI bridge to [bus 08]
[    0.337398] pci 0000:09:00.0: [1022:148a] type 00 class 0x130000 PCIe Endpoint
[    0.337422] pci 0000:09:00.0: enabling Extended Tags
[    0.337559] pci 0000:00:07.1: PCI bridge to [bus 09]
[    0.337621] pci 0000:0a:00.0: [1022:1485] type 00 class 0x130000 PCIe Endpoint
[    0.337648] pci 0000:0a:00.0: enabling Extended Tags
[    0.337774] pci 0000:0a:00.1: [1022:1486] type 00 class 0x108000 PCIe Endpoint
[    0.337796] pci 0000:0a:00.1: BAR 2 [mem 0xfca00000-0xfcafffff]
[    0.337799] pci 0000:0a:00.1: BAR 5 [mem 0xfcb08000-0xfcb09fff]
[    0.337805] pci 0000:0a:00.1: enabling Extended Tags
[    0.337913] pci 0000:0a:00.3: [1022:149c] type 00 class 0x0c0330 PCIe Endpoint
[    0.337935] pci 0000:0a:00.3: BAR 0 [mem 0xfc900000-0xfc9fffff 64bit]
[    0.337943] pci 0000:0a:00.3: enabling Extended Tags
[    0.337980] pci 0000:0a:00.3: PME# supported from D0 D3hot D3cold
[    0.338087] pci 0000:0a:00.4: [1022:1487] type 00 class 0x040300 PCIe Endpoint
[    0.338108] pci 0000:0a:00.4: BAR 0 [mem 0xfcb00000-0xfcb07fff]
[    0.338117] pci 0000:0a:00.4: enabling Extended Tags
[    0.338152] pci 0000:0a:00.4: PME# supported from D0 D3hot D3cold
[    0.338258] pci 0000:00:08.1: PCI bridge to [bus 0a]
[    0.339969] ACPI: PCI: Interrupt link LNKA configured for IRQ 0
[    0.340036] ACPI: PCI: Interrupt link LNKB configured for IRQ 0
[    0.340096] ACPI: PCI: Interrupt link LNKC configured for IRQ 0
[    0.340167] ACPI: PCI: Interrupt link LNKD configured for IRQ 0
[    0.340233] ACPI: PCI: Interrupt link LNKE configured for IRQ 0
[    0.340287] ACPI: PCI: Interrupt link LNKF configured for IRQ 0
[    0.340341] ACPI: PCI: Interrupt link LNKG configured for IRQ 0
[    0.340396] ACPI: PCI: Interrupt link LNKH configured for IRQ 0
[    0.341566] iommu: Default domain type: Translated
[    0.341566] iommu: DMA domain TLB invalidation policy: lazy mode
[    0.341742] SCSI subsystem initialized
[    0.341752] libata version 3.00 loaded.
[    0.341752] ACPI: bus type USB registered
[    0.341752] usbcore: registered new interface driver usbfs
[    0.341752] usbcore: registered new interface driver hub
[    0.341752] usbcore: registered new device driver usb
[    0.341752] pps_core: LinuxPPS API ver. 1 registered
[    0.341752] pps_core: Software ver. 5.3.6 - Copyright 2005-2007 Rodolfo Giometti <giometti@linux.it>
[    0.341752] PTP clock support registered
[    0.341752] EDAC MC: Ver: 3.0.0
[    0.341752] efivars: Registered efivars operations
[    0.341767] NetLabel: Initializing
[    0.341768] NetLabel:  domain hash size = 128
[    0.341770] NetLabel:  protocols = UNLABELED CIPSOv4 CALIPSO
[    0.341790] NetLabel:  unlabeled traffic allowed by default
[    0.342576] mctp: management component transport protocol core
[    0.342576] NET: Registered PF_MCTP protocol family
[    0.342576] PCI: Using ACPI for IRQ routing
[    0.345853] PCI: pci_cache_line_size set to 64 bytes
[    0.346048] e820: reserve RAM buffer [mem 0x09bff000-0x0bffffff]
[    0.346050] e820: reserve RAM buffer [mem 0x0a200000-0x0bffffff]
[    0.346051] e820: reserve RAM buffer [mem 0x0b000000-0x0bffffff]
[    0.346052] e820: reserve RAM buffer [mem 0xb75c8018-0xb7ffffff]
[    0.346054] e820: reserve RAM buffer [mem 0xba953000-0xbbffffff]
[    0.346055] e820: reserve RAM buffer [mem 0xbb31c000-0xbbffffff]
[    0.346056] e820: reserve RAM buffer [mem 0xbf000000-0xbfffffff]
[    0.346057] e820: reserve RAM buffer [mem 0x83f380000-0x83fffffff]
[    0.346119] pci 0000:08:00.0: vgaarb: setting as boot VGA device
[    0.346119] pci 0000:08:00.0: vgaarb: bridge control possible
[    0.346119] pci 0000:08:00.0: vgaarb: VGA device added: decodes=io+mem,owns=none,locks=none
[    0.346119] vgaarb: loaded
[    0.346119] hpet0: at MMIO 0xfed00000, IRQs 2, 8, 0
[    0.346119] hpet0: 3 comparators, 32-bit 14.318180 MHz counter
[    0.348610] clocksource: Switched to clocksource tsc-early
[    0.349342] VFS: Disk quotas dquot_6.6.0
[    0.349356] VFS: Dquot-cache hash table entries: 512 (order 0, 4096 bytes)
[    0.349524] AppArmor: AppArmor Filesystem Enabled
[    0.349553] pnp: PnP ACPI init
[    0.349643] system 00:00: [mem 0xf0000000-0xf7ffffff] has been reserved
[    0.349685] system 00:01: [mem 0xfeb80000-0xfebfffff] has been reserved
[    0.349769] system 00:02: [mem 0xfd200000-0xfd2fffff] has been reserved
[    0.350060] system 00:04: [io  0x0280-0x028f] has been reserved
[    0.350062] system 00:04: [io  0x0290-0x029f] has been reserved
[    0.350064] system 00:04: [io  0x02a0-0x02af] has been reserved
[    0.350065] system 00:04: [io  0x02b0-0x02bf] has been reserved
[    0.350364] pnp 00:05: [dma 0 disabled]
[    0.350693] system 00:06: [io  0x04d0-0x04d1] has been reserved
[    0.350696] system 00:06: [io  0x040b] has been reserved
[    0.350698] system 00:06: [io  0x04d6] has been reserved
[    0.350699] system 00:06: [io  0x0c00-0x0c01] has been reserved
[    0.350701] system 00:06: [io  0x0c14] has been reserved
[    0.350703] system 00:06: [io  0x0c50-0x0c51] has been reserved
[    0.350704] system 00:06: [io  0x0c52] has been reserved
[    0.350706] system 00:06: [io  0x0c6c] has been reserved
[    0.350707] system 00:06: [io  0x0c6f] has been reserved
[    0.350709] system 00:06: [io  0x0cd8-0x0cdf] has been reserved
[    0.350711] system 00:06: [io  0x0800-0x089f] has been reserved
[    0.350712] system 00:06: [io  0x0b00-0x0b0f] has been reserved
[    0.350714] system 00:06: [io  0x0b20-0x0b3f] has been reserved
[    0.350715] system 00:06: [io  0x0900-0x090f] has been reserved
[    0.350717] system 00:06: [io  0x0910-0x091f] has been reserved
[    0.350719] system 00:06: [mem 0xfec00000-0xfec00fff] could not be reserved
[    0.350721] system 00:06: [mem 0xfec01000-0xfec01fff] could not be reserved
[    0.350723] system 00:06: [mem 0xfedc0000-0xfedc0fff] has been reserved
[    0.350724] system 00:06: [mem 0xfee00000-0xfee00fff] has been reserved
[    0.350726] system 00:06: [mem 0xfed80000-0xfed8ffff] could not be reserved
[    0.350728] system 00:06: [mem 0xfec10000-0xfec10fff] has been reserved
[    0.350730] system 00:06: [mem 0xff000000-0xffffffff] has been reserved
[    0.351514] pnp: PnP ACPI: found 7 devices
[    0.357352] clocksource: acpi_pm: mask: 0xffffff max_cycles: 0xffffff, max_idle_ns: 2085701024 ns
[    0.357420] NET: Registered PF_INET protocol family
[    0.357586] IP idents hash table entries: 262144 (order: 9, 2097152 bytes, linear)
[    0.369979] tcp_listen_portaddr_hash hash table entries: 16384 (order: 6, 262144 bytes, linear)
[    0.369997] Table-perturb hash table entries: 65536 (order: 6, 262144 bytes, linear)
[    0.370069] TCP established hash table entries: 262144 (order: 9, 2097152 bytes, linear)
[    0.370307] TCP bind hash table entries: 65536 (order: 9, 2097152 bytes, linear)
[    0.370389] TCP: Hash tables configured (established 262144 bind 65536)
[    0.370513] MPTCP token hash table entries: 32768 (order: 8, 786432 bytes, linear)
[    0.370553] UDP hash table entries: 16384 (order: 7, 524288 bytes, linear)
[    0.370605] UDP-Lite hash table entries: 16384 (order: 7, 524288 bytes, linear)
[    0.370684] NET: Registered PF_UNIX/PF_LOCAL protocol family
[    0.370691] NET: Registered PF_XDP protocol family
[    0.370703] pci 0000:00:01.1: PCI bridge to [bus 01]
[    0.370707] pci 0000:00:01.1:   bridge window [mem 0xfcf00000-0xfcffffff]
[    0.370713] pci 0000:03:00.0: PCI bridge to [bus 04]
[    0.370716] pci 0000:03:00.0:   bridge window [io  0xf000-0xffff]
[    0.370720] pci 0000:03:00.0:   bridge window [mem 0xfcd00000-0xfcdfffff]
[    0.370728] pci 0000:03:01.0: PCI bridge to [bus 05]
[    0.370733] pci 0000:03:01.0:   bridge window [mem 0xfcc00000-0xfccfffff]
[    0.370740] pci 0000:02:00.2: PCI bridge to [bus 03-05]
[    0.370743] pci 0000:02:00.2:   bridge window [io  0xf000-0xffff]
[    0.370747] pci 0000:02:00.2:   bridge window [mem 0xfcc00000-0xfcdfffff]
[    0.370755] pci 0000:00:01.2: PCI bridge to [bus 02-05]
[    0.370757] pci 0000:00:01.2:   bridge window [io  0xf000-0xffff]
[    0.370760] pci 0000:00:01.2:   bridge window [mem 0xfcc00000-0xfcefffff]
[    0.370766] pci 0000:07:00.0: PCI bridge to [bus 08]
[    0.370772] pci 0000:07:00.0:   bridge window [io  0xe000-0xefff]
[    0.370776] pci 0000:07:00.0:   bridge window [mem 0xfc500000-0xfc7fffff]
[    0.370780] pci 0000:07:00.0:   bridge window [mem 0x7000000000-0x780fffffff 64bit pref]
[    0.370785] pci 0000:06:00.0: PCI bridge to [bus 07-08]
[    0.370787] pci 0000:06:00.0:   bridge window [io  0xe000-0xefff]
[    0.370791] pci 0000:06:00.0:   bridge window [mem 0xfc500000-0xfc7fffff]
[    0.370794] pci 0000:06:00.0:   bridge window [mem 0x7000000000-0x780fffffff 64bit pref]
[    0.370799] pci 0000:00:03.1: PCI bridge to [bus 06-08]
[    0.370801] pci 0000:00:03.1:   bridge window [io  0xe000-0xefff]
[    0.370804] pci 0000:00:03.1:   bridge window [mem 0xfc500000-0xfc8fffff]
[    0.370807] pci 0000:00:03.1:   bridge window [mem 0x7000000000-0x780fffffff 64bit pref]
[    0.370811] pci 0000:00:07.1: PCI bridge to [bus 09]
[    0.370816] pci 0000:00:08.1: PCI bridge to [bus 0a]
[    0.370819] pci 0000:00:08.1:   bridge window [mem 0xfc900000-0xfcbfffff]
[    0.370824] pci_bus 0000:00: resource 4 [io  0x0000-0x03af window]
[    0.370826] pci_bus 0000:00: resource 5 [io  0x03e0-0x0cf7 window]
[    0.370827] pci_bus 0000:00: resource 6 [io  0x03b0-0x03df window]
[    0.370829] pci_bus 0000:00: resource 7 [io  0x0d00-0xffff window]
[    0.370830] pci_bus 0000:00: resource 8 [mem 0x000a0000-0x000dffff window]
[    0.370832] pci_bus 0000:00: resource 9 [mem 0xc0000000-0xfcffffff window]
[    0.370834] pci_bus 0000:00: resource 10 [mem 0x840000000-0x7fffffffff window]
[    0.370835] pci_bus 0000:01: resource 1 [mem 0xfcf00000-0xfcffffff]
[    0.370837] pci_bus 0000:02: resource 0 [io  0xf000-0xffff]
[    0.370838] pci_bus 0000:02: resource 1 [mem 0xfcc00000-0xfcefffff]
[    0.370840] pci_bus 0000:03: resource 0 [io  0xf000-0xffff]
[    0.370841] pci_bus 0000:03: resource 1 [mem 0xfcc00000-0xfcdfffff]
[    0.370843] pci_bus 0000:04: resource 0 [io  0xf000-0xffff]
[    0.370845] pci_bus 0000:04: resource 1 [mem 0xfcd00000-0xfcdfffff]
[    0.370851] pci_bus 0000:05: resource 1 [mem 0xfcc00000-0xfccfffff]
[    0.370853] pci_bus 0000:06: resource 0 [io  0xe000-0xefff]
[    0.370854] pci_bus 0000:06: resource 1 [mem 0xfc500000-0xfc8fffff]
[    0.370856] pci_bus 0000:06: resource 2 [mem 0x7000000000-0x780fffffff 64bit pref]
[    0.370857] pci_bus 0000:07: resource 0 [io  0xe000-0xefff]
[    0.370859] pci_bus 0000:07: resource 1 [mem 0xfc500000-0xfc7fffff]
[    0.370860] pci_bus 0000:07: resource 2 [mem 0x7000000000-0x780fffffff 64bit pref]
[    0.370862] pci_bus 0000:08: resource 0 [io  0xe000-0xefff]
[    0.370863] pci_bus 0000:08: resource 1 [mem 0xfc500000-0xfc7fffff]
[    0.370865] pci_bus 0000:08: resource 2 [mem 0x7000000000-0x780fffffff 64bit pref]
[    0.370866] pci_bus 0000:0a: resource 1 [mem 0xfc900000-0xfcbfffff]
[    0.371164] pci 0000:08:00.1: D0 power state depends on 0000:08:00.0
[    0.371236] pci 0000:08:00.2: D0 power state depends on 0000:08:00.0
[    0.371423] pci 0000:08:00.3: D0 power state depends on 0000:08:00.0
[    0.371581] PCI: CLS 64 bytes, default 64
[    0.371592] PCI-DMA: Using software bounce buffering for IO (SWIOTLB)
[    0.371594] software IO TLB: mapped [mem 0x00000000b35c8000-0x00000000b75c8000] (64MB)
[    0.371638] LVT offset 0 assigned for vector 0x400
[    0.371640] Trying to unpack rootfs image as initramfs...
[    0.375298] perf: AMD IBS detected (0x000003ff)
[    0.376080] Initialise system trusted keyrings
[    0.376090] Key type blacklist registered
[    0.376119] workingset: timestamp_bits=36 max_order=23 bucket_order=0
[    0.376128] zbud: loaded
[    0.376338] squashfs: version 4.0 (2009/01/31) Phillip Lougher
[    0.376408] fuse: init (API version 7.39)
[    0.376517] integrity: Platform Keyring initialized
[    0.376520] integrity: Machine keyring initialized
[    0.384579] Key type asymmetric registered
[    0.384581] Asymmetric key parser 'x509' registered
[    0.384595] Block layer SCSI generic (bsg) driver version 0.4 loaded (major 243)
[    0.384630] io scheduler mq-deadline registered
[    0.385632] pcieport 0000:00:01.1: PME: Signaling with IRQ 27
[    0.385748] pcieport 0000:00:01.2: PME: Signaling with IRQ 28
[    0.385855] pcieport 0000:00:03.1: PME: Signaling with IRQ 29
[    0.386031] pcieport 0000:00:07.1: PME: Signaling with IRQ 31
[    0.386090] pcieport 0000:00:07.1: AER: enabled with IRQ 31
[    0.386182] pcieport 0000:00:08.1: PME: Signaling with IRQ 32
[    0.386236] pcieport 0000:00:08.1: AER: enabled with IRQ 32
[    0.386830] shpchp: Standard Hot Plug PCI Controller Driver version: 0.4
[    0.386991] input: Power Button as /devices/LNXSYSTM:00/LNXSYBUS:00/PNP0C0C:00/input/input0
[    0.387013] ACPI: button: Power Button [PWRB]
[    0.387047] input: Power Button as /devices/LNXSYSTM:00/LNXPWRBN:00/input/input1
[    0.387090] ACPI: button: Power Button [PWRF]
[    0.387868] Estimated ratio of average max frequency by base frequency (times 1024): 1165
[    0.387882] Monitor-Mwait will be used to enter C-1 state
[    0.387888] ACPI: \_SB_.PLTF.C000: Found 2 idle states
[    0.388019] ACPI: \_SB_.PLTF.C002: Found 2 idle states
[    0.388109] ACPI: \_SB_.PLTF.C004: Found 2 idle states
[    0.388229] ACPI: \_SB_.PLTF.C006: Found 2 idle states
[    0.388350] ACPI: \_SB_.PLTF.C008: Found 2 idle states
[    0.388462] ACPI: \_SB_.PLTF.C00A: Found 2 idle states
[    0.388547] ACPI: \_SB_.PLTF.C00C: Found 2 idle states
[    0.388661] ACPI: \_SB_.PLTF.C00E: Found 2 idle states
[    0.388745] ACPI: \_SB_.PLTF.C001: Found 2 idle states
[    0.388855] ACPI: \_SB_.PLTF.C003: Found 2 idle states
[    0.388963] ACPI: \_SB_.PLTF.C005: Found 2 idle states
[    0.389077] ACPI: \_SB_.PLTF.C007: Found 2 idle states
[    0.389186] ACPI: \_SB_.PLTF.C009: Found 2 idle states
[    0.389294] ACPI: \_SB_.PLTF.C00B: Found 2 idle states
[    0.389407] ACPI: \_SB_.PLTF.C00D: Found 2 idle states
[    0.389517] ACPI: \_SB_.PLTF.C00F: Found 2 idle states
[    0.389801] Serial: 8250/16550 driver, 32 ports, IRQ sharing enabled
[    0.410522] 00:05: ttyS0 at I/O 0x3f8 (irq = 4, base_baud = 115200) is a 16550A
[    0.414076] Linux agpgart interface v0.103
[    0.426544] tpm_crb MSFT0101:00: Disabling hwrng
[    0.432040] loop: module loaded
[    0.432242] ACPI: bus type drm_connector registered
[    0.432963] tun: Universal TUN/TAP device driver, 1.6
[    0.433001] PPP generic driver version 2.4.2
[    0.433122] i8042: PNP: No PS/2 controller found.
[    0.433171] mousedev: PS/2 mouse device common for all mice
[    0.433258] rtc_cmos 00:03: RTC can wake from S4
[    0.433453] rtc_cmos 00:03: registered as rtc0
[    0.433477] rtc_cmos 00:03: setting system clock to 2026-06-10T20:57:01 UTC (1781125021)
[    0.433505] rtc_cmos 00:03: alarms up to one month, y3k, 114 bytes nvram
[    0.433513] i2c_dev: i2c /dev entries driver
[    0.433534] device-mapper: core: CONFIG_IMA_DISABLE_HTABLE is disabled. Duplicate IMA measurements will not be recorded in the IMA log.
[    0.433543] device-mapper: uevent: version 1.0.3
[    0.433586] device-mapper: ioctl: 4.48.0-ioctl (2023-03-01) initialised: dm-devel@redhat.com
[    0.433590] amd_pstate: driver load is disabled, boot with specific mode to enable this
[    0.433801] ledtrig-cpu: registered to indicate activity on CPUs
[    0.433869] drop_monitor: Initializing network drop monitor service
[    0.433952] NET: Registered PF_INET6 protocol family
[    0.457191] Freeing initrd memory: 73244K
[    0.462198] Segment Routing with IPv6
[    0.462208] In-situ OAM (IOAM) with IPv6
[    0.462232] NET: Registered PF_PACKET protocol family
[    0.462263] Key type dns_resolver registered
[    0.463537] microcode: Current revision: 0x0a201030
[    0.463773] resctrl: L3 allocation detected
[    0.463774] resctrl: MB allocation detected
[    0.463775] resctrl: L3 monitoring detected
[    0.463815] IPI shorthand broadcast: enabled
[    0.465653] sched_clock: Marking stable (465272615, 230917)->(480992750, -15489218)
[    0.465746] registered taskstats version 1
[    0.466181] Loading compiled-in X.509 certificates
[    0.466509] Loaded X.509 cert 'Build time autogenerated kernel key: 4616851849424b6aa13d3fe487d4bbc60db2a85f'
[    0.466776] Loaded X.509 cert 'Canonical Ltd. Live Patch Signing 2025 Kmod: d541cef61dc7e793b7eb7e899970a2eef0b5dc8c'
[    0.467047] Loaded X.509 cert 'Canonical Ltd. Live Patch Signing: 14df34d1a87cf37625abec039ef2bf521249b969'
[    0.467316] Loaded X.509 cert 'Canonical Ltd. Kernel Module Signing 2025 Kmod: 4627603d2357a2a3f81006370894c221175893e9'
[    0.467585] Loaded X.509 cert 'Canonical Ltd. Kernel Module Signing: 88f752e560a1e0737e31163a466ad7b70a850c19'
[    0.467587] blacklist: Loading compiled-in revocation X.509 certificates
[    0.467602] Loaded X.509 cert 'Canonical Ltd. Secure Boot Signing: 61482aa2830d0ab2ad5af10b7250da9033ddcef0'
[    0.467612] Loaded X.509 cert 'Canonical Ltd. Secure Boot Signing (2017): 242ade75ac4a15e50d50c84b0d45ff3eae707a03'
[    0.467622] Loaded X.509 cert 'Canonical Ltd. Secure Boot Signing (ESM 2018): 365188c1d374d6b07c3c8f240f8ef722433d6a8b'
[    0.467633] Loaded X.509 cert 'Canonical Ltd. Secure Boot Signing (2019): c0746fd6c5da3ae827864651ad66ae47fe24b3e8'
[    0.467643] Loaded X.509 cert 'Canonical Ltd. Secure Boot Signing (2021 v1): a8d54bbb3825cfb94fa13c9f8a594a195c107b8d'
[    0.467653] Loaded X.509 cert 'Canonical Ltd. Secure Boot Signing (2021 v2): 4cf046892d6fd3c9a5b03f98d845f90851dc6a8c'
[    0.467663] Loaded X.509 cert 'Canonical Ltd. Secure Boot Signing (2021 v3): 100437bb6de6e469b581e61cd66bce3ef4ed53af'
[    0.467673] Loaded X.509 cert 'Canonical Ltd. Secure Boot Signing (Ubuntu Core 2019): c1d57b8f6b743f23ee41f4f7ee292f06eecadfb9'
[    0.471467] Key type .fscrypt registered
[    0.471469] Key type fscrypt-provisioning registered
[    0.471644] Key type trusted registered
[    0.482986] Key type encrypted registered
[    0.482990] AppArmor: AppArmor sha256 policy hashing enabled
[    0.483082] Loading compiled-in module X.509 certificates
[    0.483424] Loaded X.509 cert 'Build time autogenerated kernel key: 4616851849424b6aa13d3fe487d4bbc60db2a85f'
[    0.483427] ima: Allocated hash algorithm: sha256
[    0.516552] ima: No architecture policies found
[    0.516565] evm: Initialising EVM extended attributes:
[    0.516567] evm: security.selinux
[    0.516568] evm: security.SMACK64
[    0.516570] evm: security.SMACK64EXEC
[    0.516571] evm: security.SMACK64TRANSMUTE
[    0.516572] evm: security.SMACK64MMAP
[    0.516573] evm: security.apparmor
[    0.516574] evm: security.ima
[    0.516576] evm: security.capability
[    0.516577] evm: HMAC attrs: 0x1
[    0.516883] PM:   Magic number: 14:316:1003
[    0.516897] input input0: hash matches
[    0.516916] vc vcs: hash matches
[    0.516919] serial 00:05: hash matches
[    0.516979] memory memory42: hash matches
[    0.541153] RAS: Correctable Errors collector initialized.
[    0.541340] clk: Disabling unused clocks
[    0.543279] Freeing unused decrypted memory: 2028K
[    0.544073] Freeing unused kernel image (initmem) memory: 4924K
[    0.544076] Write protecting the kernel read-only data: 38912k
[    0.544718] Freeing unused kernel image (rodata/data gap) memory: 1968K
[    0.586079] x86/mm: Checked W+X mappings: passed, no W+X pages found.
[    0.586082] Run /init as init process
[    0.586084]   with arguments:
[    0.586085]     /init
[    0.586086]     splash
[    0.586088]   with environment:
[    0.586089]     HOME=/
[    0.586089]     TERM=linux
[    0.729540] xhci_hcd 0000:02:00.0: xHCI Host Controller
[    0.729599] xhci_hcd 0000:02:00.0: new USB bus registered, assigned bus number 1
[    0.735481] ahci 0000:02:00.1: version 3.0
[    0.736277] ahci 0000:02:00.1: SSS flag set, parallel bus scan disabled
[    0.736334] ahci 0000:02:00.1: AHCI 0001.0301 32 slots 6 ports 6 Gbps 0x3f impl SATA mode
[    0.736338] ahci 0000:02:00.1: flags: 64bit ncq sntf stag pm led clo only pmp pio slum part sxs deso sadm sds apst 
[    0.737289] scsi host0: ahci
[    0.741513] scsi host1: ahci
[    0.743373] scsi host2: ahci
[    0.746250] scsi host3: ahci
[    0.747534] scsi host4: ahci
[    0.748595] scsi host5: ahci
[    0.748657] ata1: SATA max UDMA/133 abar m131072@0xfce80000 port 0xfce80100 irq 39 lpm-pol 0
[    0.748660] ata2: SATA max UDMA/133 abar m131072@0xfce80000 port 0xfce80180 irq 39 lpm-pol 0
[    0.748662] ata3: SATA max UDMA/133 abar m131072@0xfce80000 port 0xfce80200 irq 39 lpm-pol 0
[    0.748665] ata4: SATA max UDMA/133 abar m131072@0xfce80000 port 0xfce80280 irq 39 lpm-pol 0
[    0.748667] ata5: SATA max UDMA/133 abar m131072@0xfce80000 port 0xfce80300 irq 39 lpm-pol 0
[    0.748669] ata6: SATA max UDMA/133 abar m131072@0xfce80000 port 0xfce80380 irq 39 lpm-pol 0
[    0.749437] r8169 0000:04:00.0 eth0: RTL8168h/8111h, a8:a1:59:34:d6:1c, XID 541, IRQ 40
[    0.749441] r8169 0000:04:00.0 eth0: jumbo features [frames: 9194 bytes, tx checksumming: ko]
[    0.754089] nvme nvme0: pci function 0000:01:00.0
[    0.762795] nvme nvme0: 8/0/0 default/read/poll queues
[    0.765510]  nvme0n1: p1 p2 p3
[    0.784899] xhci_hcd 0000:02:00.0: hcc params 0x0200ef81 hci version 0x110 quirks 0x0000000000000010
[    0.785184] xhci_hcd 0000:02:00.0: xHCI Host Controller
[    0.785190] xhci_hcd 0000:02:00.0: new USB bus registered, assigned bus number 2
[    0.785194] xhci_hcd 0000:02:00.0: Host supports USB 3.1 Enhanced SuperSpeed
[    0.785269] usb usb1: New USB device found, idVendor=1d6b, idProduct=0002, bcdDevice= 6.08
[    0.785271] usb usb1: New USB device strings: Mfr=3, Product=2, SerialNumber=1
[    0.785273] usb usb1: Product: xHCI Host Controller
[    0.785275] usb usb1: Manufacturer: Linux 6.8.0-117-generic xhci-hcd
[    0.785276] usb usb1: SerialNumber: 0000:02:00.0
[    0.785412] hub 1-0:1.0: USB hub found
[    0.785433] hub 1-0:1.0: 10 ports detected
[    0.785840] usb usb2: We don't know the algorithms for LPM for this host, disabling LPM.
[    0.785861] usb usb2: New USB device found, idVendor=1d6b, idProduct=0003, bcdDevice= 6.08
[    0.785862] usb usb2: New USB device strings: Mfr=3, Product=2, SerialNumber=1
[    0.785864] usb usb2: Product: xHCI Host Controller
[    0.785865] usb usb2: Manufacturer: Linux 6.8.0-117-generic xhci-hcd
[    0.785867] usb usb2: SerialNumber: 0000:02:00.0
[    0.785956] hub 2-0:1.0: USB hub found
[    0.785967] hub 2-0:1.0: 4 ports detected
[    0.786309] xhci_hcd 0000:08:00.2: xHCI Host Controller
[    0.786313] xhci_hcd 0000:08:00.2: new USB bus registered, assigned bus number 3
[    0.786680] xhci_hcd 0000:08:00.2: hcc params 0x0110ffc5 hci version 0x120 quirks 0x0000000200000010
[    0.786882] xhci_hcd 0000:08:00.2: xHCI Host Controller
[    0.786886] xhci_hcd 0000:08:00.2: new USB bus registered, assigned bus number 4
[    0.786890] xhci_hcd 0000:08:00.2: Host supports USB 3.1 Enhanced SuperSpeed
[    0.786921] usb usb3: New USB device found, idVendor=1d6b, idProduct=0002, bcdDevice= 6.08
[    0.786923] usb usb3: New USB device strings: Mfr=3, Product=2, SerialNumber=1
[    0.786925] usb usb3: Product: xHCI Host Controller
[    0.786926] usb usb3: Manufacturer: Linux 6.8.0-117-generic xhci-hcd
[    0.786927] usb usb3: SerialNumber: 0000:08:00.2
[    0.787010] hub 3-0:1.0: USB hub found
[    0.787018] hub 3-0:1.0: 1 port detected
[    0.787113] usb usb4: We don't know the algorithms for LPM for this host, disabling LPM.
[    0.787143] usb usb4: New USB device found, idVendor=1d6b, idProduct=0003, bcdDevice= 6.08
[    0.787145] usb usb4: New USB device strings: Mfr=3, Product=2, SerialNumber=1
[    0.787146] usb usb4: Product: xHCI Host Controller
[    0.787147] usb usb4: Manufacturer: Linux 6.8.0-117-generic xhci-hcd
[    0.787149] usb usb4: SerialNumber: 0000:08:00.2
[    0.787224] hub 4-0:1.0: USB hub found
[    0.787230] hub 4-0:1.0: 1 port detected
[    0.787348] xhci_hcd 0000:0a:00.3: xHCI Host Controller
[    0.787353] xhci_hcd 0000:0a:00.3: new USB bus registered, assigned bus number 5
[    0.787455] xhci_hcd 0000:0a:00.3: hcc params 0x0278ffe5 hci version 0x110 quirks 0x0000000000000010
[    0.787668] xhci_hcd 0000:0a:00.3: xHCI Host Controller
[    0.787671] xhci_hcd 0000:0a:00.3: new USB bus registered, assigned bus number 6
[    0.787673] xhci_hcd 0000:0a:00.3: Host supports USB 3.1 Enhanced SuperSpeed
[    0.787703] usb usb5: New USB device found, idVendor=1d6b, idProduct=0002, bcdDevice= 6.08
[    0.787705] usb usb5: New USB device strings: Mfr=3, Product=2, SerialNumber=1
[    0.787707] usb usb5: Product: xHCI Host Controller
[    0.787708] usb usb5: Manufacturer: Linux 6.8.0-117-generic xhci-hcd
[    0.787709] usb usb5: SerialNumber: 0000:0a:00.3
[    0.787801] hub 5-0:1.0: USB hub found
[    0.787809] hub 5-0:1.0: 4 ports detected
[    0.788015] usb usb6: We don't know the algorithms for LPM for this host, disabling LPM.
[    0.788037] usb usb6: New USB device found, idVendor=1d6b, idProduct=0003, bcdDevice= 6.08
[    0.788039] usb usb6: New USB device strings: Mfr=3, Product=2, SerialNumber=1
[    0.788041] usb usb6: Product: xHCI Host Controller
[    0.788042] usb usb6: Manufacturer: Linux 6.8.0-117-generic xhci-hcd
[    0.788043] usb usb6: SerialNumber: 0000:0a:00.3
[    0.788120] hub 6-0:1.0: USB hub found
[    0.788128] hub 6-0:1.0: 4 ports detected
[    1.031411] usb 5-2: new high-speed USB device number 2 using xhci_hcd
[    1.059246] ata1: SATA link down (SStatus 0 SControl 300)
[    1.085414] usb 1-6: new full-speed USB device number 2 using xhci_hcd
[    1.158447] usb 5-2: New USB device found, idVendor=2357, idProduct=011e, bcdDevice= 2.00
[    1.158451] usb 5-2: New USB device strings: Mfr=1, Product=2, SerialNumber=3
[    1.158453] usb 5-2: Product: 802.11ac WLAN Adapter 
[    1.158455] usb 5-2: Manufacturer: Realtek 
[    1.158457] usb 5-2: SerialNumber: 00e04c000001
[    1.425488] tsc: Refined TSC clocksource calibration: 3792.874 MHz
[    1.425500] clocksource: tsc: mask: 0xffffffffffffffff max_cycles: 0x6d5818a734c, max_idle_ns: 881590694765 ns
[    1.425533] clocksource: Switched to clocksource tsc
[    1.439357] usb 1-6: New USB device found, idVendor=1e71, idProduct=2007, bcdDevice= 2.00
[    1.439364] usb 1-6: New USB device strings: Mfr=1, Product=2, SerialNumber=3
[    1.439368] usb 1-6: Product: NZXT USB Device
[    1.439371] usb 1-6: Manufacturer: NZXT. - Inc.
[    1.439374] usb 1-6: SerialNumber: 00000000001A
[    1.505600] ata2: SATA link up 6.0 Gbps (SStatus 133 SControl 300)
[    1.509406] ata2.00: ATA-9: TEAM T253X2001T, S1230A0, max UDMA/133
[    1.511126] ata2.00: 2000409264 sectors, multi 1: LBA48 NCQ (depth 32), AA
[    1.517807] ata2.00: Features: Dev-Sleep
[    1.533323] ata2.00: configured for UDMA/133
[    1.533566] scsi 1:0:0:0: Direct-Access     ATA      TEAM T253X2001T  0A0  PQ: 0 ANSI: 5
[    1.534010] sd 1:0:0:0: Attached scsi generic sg0 type 0
[    1.534095] sd 1:0:0:0: [sda] 2000409264 512-byte logical blocks: (1.02 TB/954 GiB)
[    1.534112] sd 1:0:0:0: [sda] Write Protect is off
[    1.534118] sd 1:0:0:0: [sda] Mode Sense: 00 3a 00 00
[    1.534140] sd 1:0:0:0: [sda] Write cache: enabled, read cache: enabled, doesn't support DPO or FUA
[    1.534172] sd 1:0:0:0: [sda] Preferred minimum I/O size 512 bytes
[    1.535118]  sda: sda1 sda2 sda3
[    1.535301] sd 1:0:0:0: [sda] Attached SCSI disk
[    1.624542] usb 1-8: new full-speed USB device number 3 using xhci_hcd
[    1.839372] ata3: SATA link down (SStatus 0 SControl 330)
[    1.931521] usb 1-8: New USB device found, idVendor=26ce, idProduct=01a2, bcdDevice= 0.00
[    1.931529] usb 1-8: New USB device strings: Mfr=1, Product=2, SerialNumber=3
[    1.931532] usb 1-8: Product: LED Controller
[    1.931535] usb 1-8: Manufacturer: ASRock
[    1.931538] usb 1-8: SerialNumber: A02019100900
[    2.117531] usb 1-9: new full-speed USB device number 4 using xhci_hcd
[    2.150906] ata4: SATA link down (SStatus 0 SControl 330)
[    2.454801] ata5: SATA link down (SStatus 0 SControl 330)
[    2.488366] usb 1-9: New USB device found, idVendor=8087, idProduct=0aa7, bcdDevice= 0.01
[    2.488375] usb 1-9: New USB device strings: Mfr=0, Product=0, SerialNumber=0
[    2.760253] ata6: SATA link down (SStatus 0 SControl 330)
[    2.762192] r8169 0000:04:00.0 enp4s0: renamed from eth0
[    2.767031] hid: raw HID events driver (C) Jiri Kosina
[    2.794121] usbcore: registered new interface driver usbhid
[    2.794125] usbhid: USB HID core driver
[    2.795926] hid-generic 0003:1E71:2007.0001: hiddev0,hidraw0: USB HID v1.11 Device [NZXT. - Inc. NZXT USB Device] on usb-0000:02:00.0-6/input0
[    2.795999] input: ASRock LED Controller as /devices/pci0000:00/0000:00:01.2/0000:02:00.0/usb1/1-8/1-8:1.0/0003:26CE:01A2.0002/input/input2
[    2.847770] hid-generic 0003:26CE:01A2.0002: input,hidraw1: USB HID v1.10 Device [ASRock LED Controller] on usb-0000:02:00.0-8/input0
[    3.925114] EXT4-fs (nvme0n1p3): mounted filesystem a076301c-b9f2-4913-9778-e6596aaa787b ro with ordered data mode. Quota mode: none.
[    4.005260] systemd[1]: Inserted module 'autofs4'
[    4.015149] systemd[1]: systemd 255.4-1ubuntu8.16 running in system mode (+PAM +AUDIT +SELINUX +APPARMOR +IMA +SMACK +SECCOMP +GCRYPT -GNUTLS +OPENSSL +ACL +BLKID +CURL +ELFUTILS +FIDO2 +IDN2 -IDN +IPTC +KMOD +LIBCRYPTSETUP +LIBFDISK +PCRE2 -PWQUALITY +P11KIT +QRENCODE +TPM2 +BZIP2 +LZ4 +XZ +ZLIB +ZSTD -BPF_FRAMEWORK -XKBCOMMON +UTMP +SYSVINIT default-hierarchy=unified)
[    4.015159] systemd[1]: Detected architecture x86-64.
[    4.015836] systemd[1]: Hostname set to <ubuntu-dualboot>.
[    4.084214] systemd[1]: Configuration file /run/systemd/system/netplan-ovs-cleanup.service is marked world-inaccessible. This has no effect as configuration data is accessible via APIs without restrictions. Proceeding anyway.
[    4.128329] systemd[1]: Queued start job for default target graphical.target.
[    4.141154] systemd[1]: Created slice system-modprobe.slice - Slice /system/modprobe.
[    4.141447] systemd[1]: Created slice system-systemd\x2dfsck.slice - Slice /system/systemd-fsck.
[    4.141642] systemd[1]: Created slice user.slice - User and Session Slice.
[    4.141690] systemd[1]: Started systemd-ask-password-wall.path - Forward Password Requests to Wall Directory Watch.
[    4.141812] systemd[1]: Set up automount proc-sys-fs-binfmt_misc.automount - Arbitrary Executable File Formats File System Automount Point.
[    4.141826] systemd[1]: Expecting device dev-disk-by\x2duuid-6EE4\x2d6614.device - /dev/disk/by-uuid/6EE4-6614...
[    4.141839] systemd[1]: Reached target integritysetup.target - Local Integrity Protected Volumes.
[    4.141848] systemd[1]: Reached target network-pre.target - Preparation for Network.
[    4.141859] systemd[1]: Reached target remote-fs.target - Remote File Systems.
[    4.141865] systemd[1]: Reached target slices.target - Slice Units.
[    4.141871] systemd[1]: Reached target snapd.mounts-pre.target - Mounting snaps.
[    4.141879] systemd[1]: Reached target swap.target - Swaps.
[    4.141890] systemd[1]: Reached target veritysetup.target - Local Verity Protected Volumes.
[    4.142009] systemd[1]: Listening on syslog.socket - Syslog Socket.
[    4.142083] systemd[1]: Listening on systemd-fsckd.socket - fsck to fsckd communication Socket.
[    4.142121] systemd[1]: Listening on systemd-initctl.socket - initctl Compatibility Named Pipe.
[    4.142202] systemd[1]: Listening on systemd-journald-dev-log.socket - Journal Socket (/dev/log).
[    4.142299] systemd[1]: Listening on systemd-journald.socket - Journal Socket.
[    4.142423] systemd[1]: Listening on systemd-oomd.socket - Userspace Out-Of-Memory (OOM) Killer Socket.
[    4.142448] systemd[1]: systemd-pcrextend.socket - TPM2 PCR Extension (Varlink) was skipped because of an unmet condition check (ConditionSecurity=measured-uki).
[    4.142550] systemd[1]: Listening on systemd-udevd-control.socket - udev Control Socket.
[    4.142624] systemd[1]: Listening on systemd-udevd-kernel.socket - udev Kernel Socket.
[    4.143262] systemd[1]: Mounting dev-hugepages.mount - Huge Pages File System...
[    4.143743] systemd[1]: Mounting dev-mqueue.mount - POSIX Message Queue File System...
[    4.144248] systemd[1]: Mounting sys-kernel-debug.mount - Kernel Debug File System...
[    4.144720] systemd[1]: Mounting sys-kernel-tracing.mount - Kernel Trace File System...
[    4.145819] systemd[1]: Starting systemd-journald.service - Journal Service...
[    4.146432] systemd[1]: Starting keyboard-setup.service - Set the console keyboard layout...
[    4.146952] systemd[1]: Starting kmod-static-nodes.service - Create List of Static Device Nodes...
[    4.147508] systemd[1]: Starting modprobe@configfs.service - Load Kernel Module configfs...
[    4.148208] systemd[1]: Starting modprobe@dm_mod.service - Load Kernel Module dm_mod...
[    4.148919] systemd[1]: Starting modprobe@drm.service - Load Kernel Module drm...
[    4.149642] systemd[1]: Starting modprobe@efi_pstore.service - Load Kernel Module efi_pstore...
[    4.150361] systemd[1]: Starting modprobe@fuse.service - Load Kernel Module fuse...
[    4.151035] systemd[1]: Starting modprobe@loop.service - Load Kernel Module loop...
[    4.151120] systemd[1]: systemd-fsck-root.service - File System Check on Root Device was skipped because of an unmet condition check (ConditionPathExists=!/run/initramfs/fsck-root).
[    4.153030] systemd[1]: Starting systemd-modules-load.service - Load Kernel Modules...
[    4.153045] systemd[1]: systemd-pcrmachine.service - TPM2 PCR Machine ID Measurement was skipped because of an unmet condition check (ConditionSecurity=measured-uki).
[    4.153699] systemd[1]: Starting systemd-remount-fs.service - Remount Root and Kernel File Systems...
[    4.153734] systemd[1]: systemd-tpm2-setup-early.service - TPM2 SRK Setup (Early) was skipped because of an unmet condition check (ConditionSecurity=measured-uki).
[    4.154058] pstore: Using crash dump compression: deflate
[    4.154462] systemd[1]: Starting systemd-udev-trigger.service - Coldplug All udev Devices...
[    4.154720] pstore: Registered efi_pstore as persistent store backend
[    4.155700] systemd[1]: Mounted dev-hugepages.mount - Huge Pages File System.
[    4.155804] systemd[1]: Mounted dev-mqueue.mount - POSIX Message Queue File System.
[    4.155905] systemd[1]: Mounted sys-kernel-debug.mount - Kernel Debug File System.
[    4.155948] systemd-journald[395]: Collecting audit messages is disabled.
[    4.156004] systemd[1]: Mounted sys-kernel-tracing.mount - Kernel Trace File System.
[    4.156213] systemd[1]: Finished kmod-static-nodes.service - Create List of Static Device Nodes.
[    4.156528] systemd[1]: modprobe@configfs.service: Deactivated successfully.
[    4.156682] systemd[1]: Finished modprobe@configfs.service - Load Kernel Module configfs.
[    4.156953] systemd[1]: modprobe@dm_mod.service: Deactivated successfully.
[    4.157057] systemd[1]: Finished modprobe@dm_mod.service - Load Kernel Module dm_mod.
[    4.157262] systemd[1]: modprobe@drm.service: Deactivated successfully.
[    4.157365] systemd[1]: Finished modprobe@drm.service - Load Kernel Module drm.
[    4.157564] systemd[1]: modprobe@efi_pstore.service: Deactivated successfully.
[    4.157666] systemd[1]: Finished modprobe@efi_pstore.service - Load Kernel Module efi_pstore.
[    4.157855] systemd[1]: modprobe@fuse.service: Deactivated successfully.
[    4.157955] systemd[1]: Finished modprobe@fuse.service - Load Kernel Module fuse.
[    4.158144] systemd[1]: modprobe@loop.service: Deactivated successfully.
[    4.158260] systemd[1]: Finished modprobe@loop.service - Load Kernel Module loop.
[    4.158955] systemd[1]: Mounting sys-fs-fuse-connections.mount - FUSE Control File System...
[    4.159472] systemd[1]: Mounting sys-kernel-config.mount - Kernel Configuration File System...
[    4.159509] systemd[1]: systemd-repart.service - Repartition Root Disk was skipped because no trigger condition checks were met.
[    4.160054] systemd[1]: Starting systemd-tmpfiles-setup-dev-early.service - Create Static Device Nodes in /dev gracefully...
[    4.161965] lp: driver loaded but no devices found
[    4.163241] systemd[1]: Mounted sys-fs-fuse-connections.mount - FUSE Control File System.
[    4.163320] systemd[1]: Mounted sys-kernel-config.mount - Kernel Configuration File System.
[    4.163816] ppdev: user-space parallel port driver
[    4.171050] systemd[1]: Finished systemd-tmpfiles-setup-dev-early.service - Create Static Device Nodes in /dev gracefully.
[    4.175109] systemd[1]: Finished systemd-modules-load.service - Load Kernel Modules.
[    4.175824] systemd[1]: Starting systemd-sysctl.service - Apply Kernel Variables...
[    4.178279] EXT4-fs (nvme0n1p3): re-mounted a076301c-b9f2-4913-9778-e6596aaa787b r/w.
[    4.178963] systemd[1]: Finished keyboard-setup.service - Set the console keyboard layout.
[    4.179165] systemd[1]: Finished systemd-remount-fs.service - Remount Root and Kernel File Systems.
[    4.179445] systemd[1]: systemd-hwdb-update.service - Rebuild Hardware Database was skipped because of an unmet condition check (ConditionNeedsUpdate=/etc).
[    4.179471] systemd[1]: systemd-pstore.service - Platform Persistent Storage Archival was skipped because of an unmet condition check (ConditionDirectoryNotEmpty=/sys/fs/pstore).
[    4.180107] systemd[1]: Starting systemd-random-seed.service - Load/Save OS Random Seed...
[    4.180139] systemd[1]: systemd-sysusers.service - Create System Users was skipped because no trigger condition checks were met.
[    4.180809] systemd[1]: Starting systemd-tmpfiles-setup-dev.service - Create Static Device Nodes in /dev...
[    4.180824] systemd[1]: systemd-tpm2-setup.service - TPM2 SRK Setup was skipped because of an unmet condition check (ConditionSecurity=measured-uki).
[    4.183308] systemd[1]: Finished systemd-sysctl.service - Apply Kernel Variables.
[    4.186788] systemd[1]: Finished systemd-random-seed.service - Load/Save OS Random Seed.
[    4.188661] systemd[1]: Finished systemd-tmpfiles-setup-dev.service - Create Static Device Nodes in /dev.
[    4.188715] systemd[1]: Reached target local-fs-pre.target - Preparation for Local File Systems.
[    4.189677] systemd[1]: Mounting snap-bare-5.mount - Mount unit for bare, revision 5...
[    4.190299] systemd[1]: Mounting snap-core24-1643.mount - Mount unit for core24, revision 1643...
[    4.190946] systemd[1]: Mounting snap-firefox-8387.mount - Mount unit for firefox, revision 8387...
[    4.191545] systemd[1]: Mounting snap-firefox-8417.mount - Mount unit for firefox, revision 8417...
[    4.192207] systemd[1]: Mounting snap-gnome\x2d46\x2d2404-153.mount - Mount unit for gnome-46-2404, revision 153...
[    4.192877] systemd[1]: Mounting snap-gtk\x2dcommon\x2dthemes-1535.mount - Mount unit for gtk-common-themes, revision 1535...
[    4.193717] systemd[1]: Mounting snap-mesa\x2d2404-1165.mount - Mount unit for mesa-2404, revision 1165...
[    4.194007] loop0: detected capacity change from 0 to 136816
[    4.194062] loop1: detected capacity change from 0 to 8
[    4.194564] systemd[1]: Mounting snap-snapd-26865.mount - Mount unit for snapd, revision 26865...
[    4.194608] loop2: detected capacity change from 0 to 508992
[    4.195227] loop3: detected capacity change from 0 to 509160
[    4.195526] systemd[1]: Starting systemd-udevd.service - Rule-based Manager for Device Events and Files...
[    4.195957] loop4: detected capacity change from 0 to 1241248
[    4.197514] loop5: detected capacity change from 0 to 808920
[    4.197559] loop6: detected capacity change from 0 to 187776
[    4.198191] systemd[1]: Mounted snap-bare-5.mount - Mount unit for bare, revision 5.
[    4.198197] loop7: detected capacity change from 0 to 100888
[    4.199506] systemd[1]: Mounted snap-core24-1643.mount - Mount unit for core24, revision 1643.
[    4.200855] systemd[1]: Mounted snap-firefox-8387.mount - Mount unit for firefox, revision 8387.
[    4.200955] systemd[1]: Mounted snap-firefox-8417.mount - Mount unit for firefox, revision 8417.
[    4.201031] systemd[1]: Mounted snap-gnome\x2d46\x2d2404-153.mount - Mount unit for gnome-46-2404, revision 153.
[    4.201105] systemd[1]: Mounted snap-gtk\x2dcommon\x2dthemes-1535.mount - Mount unit for gtk-common-themes, revision 1535.
[    4.201176] systemd[1]: Mounted snap-mesa\x2d2404-1165.mount - Mount unit for mesa-2404, revision 1165.
[    4.201253] systemd[1]: Mounted snap-snapd-26865.mount - Mount unit for snapd, revision 26865.
[    4.201400] systemd[1]: Reached target snapd.mounts.target - Mounted snaps.
[    4.203777] systemd[1]: Started systemd-journald.service - Journal Service.
[    4.209527] systemd-journald[395]: Received client request to flush runtime journal.
[    4.216547] systemd-journald[395]: /var/log/journal/288b6cba6cec405188c18f26e7617eed/system.journal: Journal file uses a different sequence number ID, rotating.
[    4.216551] systemd-journald[395]: Rotating system journal.
[    4.368858] piix4_smbus 0000:00:14.0: SMBus Host Controller at 0xb00, revision 0
[    4.368864] piix4_smbus 0000:00:14.0: Using register 0x02 for SMBus port selection
[    4.374819] piix4_smbus 0000:00:14.0: Auxiliary SMBus Host Controller at 0xb20
[    4.379504] ccp 0000:0a:00.1: enabling device (0000 -> 0002)
[    4.382112] ccp 0000:0a:00.1: ccp: unable to access the device: you might be running a broken BIOS.
[    4.382128] ccp 0000:0a:00.1: psp enabled
[    4.442038] Bluetooth: Core ver 2.22
[    4.442060] NET: Registered PF_BLUETOOTH protocol family
[    4.442062] Bluetooth: HCI device and connection manager initialized
[    4.442066] Bluetooth: HCI socket layer initialized
[    4.442068] Bluetooth: L2CAP socket layer initialized
[    4.442074] Bluetooth: SCO socket layer initialized
[    4.446990] RAPL PMU: API unit is 2^-32 Joules, 1 fixed counters, 163840 ms ovfl timer
[    4.446994] RAPL PMU: hw unit of domain package 2^-16 Joules
[    4.447890] cfg80211: Loading compiled-in X.509 certificates for regulatory database
[    4.448058] Loaded X.509 cert 'sforshee: 00b28ddf47aef9cea7'
[    4.448164] Loaded X.509 cert 'wens: 61c038651aabdcf94bd0ac7ff06c7248db18c600'
[    4.448270] i2c-designware-pci 0000:08:00.3: enabling device (0000 -> 0002)
[    4.448600] cryptd: max_cpu_qlen set to 1000
[    4.452154] AVX2 version of gcm_enc/dec engaged.
[    4.452192] AES CTR mode by8 optimization enabled
[    4.455849] usbcore: registered new interface driver btusb
[    4.464528] Intel(R) Wireless WiFi driver for Linux
[    4.464640] iwlwifi 0000:05:00.0: enabling device (0000 -> 0002)
[    4.465116] iwlwifi 0000:05:00.0: Detected crf-id 0x0, cnv-id 0x0 wfpm id 0x0
[    4.465126] iwlwifi 0000:05:00.0: PCI dev 24fb/2110, rev=0x220, rfid=0xd55555d5
[    4.467948] iwlwifi 0000:05:00.0: loaded firmware version 29.198743027.0 3168-29.ucode op_mode iwlmvm
[    4.472146] Bluetooth: hci0: Legacy ROM 2.x revision 5.0 build 25 week 20 2015
[    4.473049] Bluetooth: hci0: Intel Bluetooth firmware file: intel/ibt-hw-37.8.10-fw-22.50.19.14.f.bseq
[    4.475098] snd_hda_intel 0000:08:00.1: enabling device (0000 -> 0002)
[    4.475185] snd_hda_intel 0000:08:00.1: Handle vga_switcheroo audio client
[    4.475187] snd_hda_intel 0000:08:00.1: Force to non-snoop mode
[    4.475462] snd_hda_intel 0000:0a:00.4: enabling device (0000 -> 0002)
[    4.555018] input: HDA ATI HDMI HDMI/DP,pcm=3 as /devices/pci0000:00/0000:00:03.1/0000:06:00.0/0000:07:00.0/0000:08:00.1/sound/card0/input3
[    4.555140] input: HDA ATI HDMI HDMI/DP,pcm=7 as /devices/pci0000:00/0000:00:03.1/0000:06:00.0/0000:07:00.0/0000:08:00.1/sound/card0/input4
[    4.555223] input: HDA ATI HDMI HDMI/DP,pcm=8 as /devices/pci0000:00/0000:00:03.1/0000:06:00.0/0000:07:00.0/0000:08:00.1/sound/card0/input5
[    4.555331] input: HDA ATI HDMI HDMI/DP,pcm=9 as /devices/pci0000:00/0000:00:03.1/0000:06:00.0/0000:07:00.0/0000:08:00.1/sound/card0/input6
[    4.562257] kvm_amd: TSC scaling supported
[    4.562259] kvm_amd: Nested Virtualization enabled
[    4.562260] kvm_amd: Nested Paging enabled
[    4.562261] kvm_amd: LBR virtualization supported
[    4.562268] kvm_amd: Virtual VMLOAD VMSAVE supported
[    4.562269] kvm_amd: Virtual GIF supported
[    4.562790] snd_hda_codec_realtek hdaudioC1D0: autoconfig for ALC887-VD: line_outs=1 (0x14/0x0/0x0/0x0/0x0) type:line
[    4.562797] snd_hda_codec_realtek hdaudioC1D0:    speaker_outs=0 (0x0/0x0/0x0/0x0/0x0)
[    4.562801] snd_hda_codec_realtek hdaudioC1D0:    hp_outs=1 (0x1b/0x0/0x0/0x0/0x0)
[    4.562803] snd_hda_codec_realtek hdaudioC1D0:    mono: mono_out=0x0
[    4.562805] snd_hda_codec_realtek hdaudioC1D0:    inputs:
[    4.562808] snd_hda_codec_realtek hdaudioC1D0:      Rear Mic=0x18
[    4.562812] snd_hda_codec_realtek hdaudioC1D0:      Front Mic=0x19
[    4.562814] snd_hda_codec_realtek hdaudioC1D0:      Line=0x1a
[    4.567853] MCE: In-kernel MCE decoding enabled.
[    4.578060] input: HD-Audio Generic Rear Mic as /devices/pci0000:00/0000:00:08.1/0000:0a:00.4/sound/card1/input7
[    4.578105] input: HD-Audio Generic Front Mic as /devices/pci0000:00/0000:00:08.1/0000:0a:00.4/sound/card1/input8
[    4.578157] input: HD-Audio Generic Line as /devices/pci0000:00/0000:00:08.1/0000:0a:00.4/sound/card1/input9
[    4.578207] input: HD-Audio Generic Line Out as /devices/pci0000:00/0000:00:08.1/0000:0a:00.4/sound/card1/input10
[    4.578256] input: HD-Audio Generic Front Headphone as /devices/pci0000:00/0000:00:08.1/0000:0a:00.4/sound/card1/input11
[    4.578431] iwlwifi 0000:05:00.0: Detected Intel(R) Dual Band Wireless AC 3168, REV=0x220
[    4.578485] thermal thermal_zone0: failed to read out thermal zone (-61)
[    4.596266] iwlwifi 0000:05:00.0: base HW address: 04:33:c2:22:c0:81, OTP minor version: 0x0
[    4.606900] intel_rapl_common: Found RAPL domain package
[    4.606903] intel_rapl_common: Found RAPL domain core
[    4.633294] ieee80211 phy0: Selected rate control algorithm 'iwl-mvm-rs'
[    4.635676] iwlwifi 0000:05:00.0 wlp5s0: renamed from wlan0
[    5.197781] audit: type=1400 audit(1781125026.263:2): apparmor="STATUS" operation="profile_load" profile="unconfined" name="1password" pid=639 comm="apparmor_parser"
[    5.197784] audit: type=1400 audit(1781125026.263:3): apparmor="STATUS" operation="profile_load" profile="unconfined" name="brave" pid=644 comm="apparmor_parser"
[    5.197786] audit: type=1400 audit(1781125026.263:4): apparmor="STATUS" operation="profile_load" profile="unconfined" name="ch-run" pid=648 comm="apparmor_parser"
[    5.197788] audit: type=1400 audit(1781125026.263:5): apparmor="STATUS" operation="profile_load" profile="unconfined" name="cam" pid=646 comm="apparmor_parser"
[    5.197790] audit: type=1400 audit(1781125026.263:6): apparmor="STATUS" operation="profile_load" profile="unconfined" name="vscode" pid=650 comm="apparmor_parser"
[    5.197810] audit: type=1400 audit(1781125026.263:7): apparmor="STATUS" operation="profile_load" profile="unconfined" name="chrome" pid=649 comm="apparmor_parser"
[    5.197840] audit: type=1400 audit(1781125026.263:8): apparmor="STATUS" operation="profile_load" profile="unconfined" name="QtWebEngineProcess" pid=642 comm="apparmor_parser"
[    5.197873] audit: type=1400 audit(1781125026.263:9): apparmor="STATUS" operation="profile_load" profile="unconfined" name="buildah" pid=645 comm="apparmor_parser"
[    5.197908] audit: type=1400 audit(1781125026.263:10): apparmor="STATUS" operation="profile_load" profile="unconfined" name=4D6F6E676F444220436F6D70617373 pid=641 comm="apparmor_parser"
[    5.350329] Bluetooth: BNEP (Ethernet Emulation) ver 1.3
[    5.350334] Bluetooth: BNEP filters: protocol multicast
[    5.350338] Bluetooth: BNEP socket layer initialized
[    5.355168] kauditd_printk_skb: 123 callbacks suppressed
[    5.355171] audit: type=1400 audit(1781125026.420:134): apparmor="STATUS" operation="profile_replace" info="same as current profile, skipping" profile="unconfined" name="rsyslogd" pid=835 comm="apparmor_parser"
[    5.440463] block nvme0n1: No UUID available providing old NGUID
[    5.514229] NET: Registered PF_QIPCRTR protocol family
[    5.553441] loop8: detected capacity change from 0 to 8
[    5.653605] audit: type=1400 audit(1781125026.719:135): apparmor="STATUS" operation="profile_replace" info="same as current profile, skipping" profile="unconfined" name="/usr/lib/snapd/snap-confine" pid=1013 comm="apparmor_parser"
[    5.952254] Generic FE-GE Realtek PHY r8169-0-400:00: attached PHY driver (mii_bus:phy_addr=r8169-0-400:00, irq=MAC)
[    5.976202] Bluetooth: hci0: Intel BT fw patch 0x43 completed & activated
[    6.063388] r8169 0000:04:00.0 enp4s0: Link is Down
[    6.127888] ACPI: \: failed to evaluate _DSM bf0212f2-788f-c64d-a5b3-1f738e285ade (0x1001)
[    6.127896] ACPI: \: failed to evaluate _DSM bf0212f2-788f-c64d-a5b3-1f738e285ade (0x1001)
[    6.127901] ACPI: \: failed to evaluate _DSM bf0212f2-788f-c64d-a5b3-1f738e285ade (0x1001)
[    6.127906] ACPI: \: failed to evaluate _DSM bf0212f2-788f-c64d-a5b3-1f738e285ade (0x1001)
[    6.127911] ACPI: \: failed to evaluate _DSM bf0212f2-788f-c64d-a5b3-1f738e285ade (0x1001)
[    6.127916] ACPI: \: failed to evaluate _DSM bf0212f2-788f-c64d-a5b3-1f738e285ade (0x1001)
[    6.127920] ACPI: \: failed to evaluate _DSM bf0212f2-788f-c64d-a5b3-1f738e285ade (0x1001)
[    6.129093] iwlwifi 0000:05:00.0: Registered PHC clock: iwlwifi-PTP, with index: 0
[    6.167803] audit: type=1400 audit(1781125027.233:136): apparmor="DENIED" operation="capable" class="cap" profile="/usr/sbin/cupsd" pid=1097 comm="cupsd" capability=12  capname="net_admin"
[    6.203379] Bluetooth: MGMT ver 1.22
[    6.207717] NET: Registered PF_ALG protocol family
[    9.348647] wlp5s0: authenticate with 3c:bd:c5:69:29:4f (local address=04:33:c2:22:c0:81)
[    9.349153] wlp5s0: send auth to 3c:bd:c5:69:29:4f (try 1/3)
[    9.350292] wlp5s0: authenticated
[    9.351255] wlp5s0: associate with 3c:bd:c5:69:29:4f (try 1/3)
[    9.352392] wlp5s0: RX AssocResp from 3c:bd:c5:69:29:4f (capab=0x1011 status=0 aid=8)
[    9.353610] wlp5s0: associated
[    9.447744] wlp5s0: Limiting TX power to 30 (30 - 0) dBm as advertised by 3c:bd:c5:69:29:4f
[   16.576699] Bluetooth: RFCOMM TTY layer initialized
[   16.576704] Bluetooth: RFCOMM socket layer initialized
[   16.576709] Bluetooth: RFCOMM ver 1.11
[   48.650616] systemd-journald[395]: /var/log/journal/288b6cba6cec405188c18f26e7617eed/user-1000.journal: Journal file uses a different sequence number ID, rotating.
[   58.203166] audit: type=1400 audit(1781125078.902:137): apparmor="AUDIT" operation="userns_create" class="namespace" info="Userns create - transitioning profile" profile="unconfined" pid=1895 comm="bwrap" requested="userns_create" target="unprivileged_userns"
[   58.203756] audit: type=1400 audit(1781125078.902:138): apparmor="DENIED" operation="capable" class="cap" profile="unprivileged_userns" pid=1896 comm="bwrap" capability=8  capname="setpcap"
[   58.203805] audit: type=1400 audit(1781125078.902:139): apparmor="DENIED" operation="capable" class="cap" profile="unprivileged_userns" pid=1896 comm="bwrap" capability=12  capname="net_admin"
[   66.638110] audit: type=1400 audit(1781125087.323:140): apparmor="AUDIT" operation="userns_create" class="namespace" info="Userns create - transitioning profile" profile="unconfined" pid=2267 comm="bwrap" requested="userns_create" target="unprivileged_userns"
[   66.638693] audit: type=1400 audit(1781125087.324:141): apparmor="DENIED" operation="capable" class="cap" profile="unprivileged_userns" pid=2269 comm="bwrap" capability=8  capname="setpcap"
[   66.638761] audit: type=1400 audit(1781125087.324:142): apparmor="DENIED" operation="capable" class="cap" profile="unprivileged_userns" pid=2269 comm="bwrap" capability=12  capname="net_admin"
[   66.641717] audit: type=1400 audit(1781125087.327:143): apparmor="AUDIT" operation="userns_create" class="namespace" info="Userns create - transitioning profile" profile="unconfined" pid=2271 comm="bwrap" requested="userns_create" target="unprivileged_userns"
[   93.385305] pci 0000:08:00.0: enabling device (0006 -> 0007)
