[    0.000000] Linux version 6.8.0-117-generic (buildd@lcy02-amd64-102) (x86_64-linux-gnu-gcc-13 (Ubuntu 13.3.0-6ubuntu2~24.04.1) 13.3.0, GNU ld (GNU Binutils for Ubuntu) 2.42) #117-Ubuntu SMP PREEMPT_DYNAMIC Tue May  5 19:26:24 UTC 2026 (Ubuntu 6.8.0-117.117-generic 6.8.12)
[    0.000000] Command line: BOOT_IMAGE=/boot/vmlinuz-6.8.0-117-generic root=UUID=a076301c-b9f2-4913-9778-e6596aaa787b ro quiet splash modprobe.blacklist=amdgpu
[    0.000000] KERNEL supported cpus:
[    0.000000]   Intel GenuineIntel
[    0.000000]   AMD AuthenticAMD
[    0.000000]   Hygon HygonGenuine
[    0.000000]   Centaur CentaurHauls
[    0.000000]   zhaoxin   Shanghai  
[    0.000000] BIOS-provided physical RAM map:
[    0.000000] BIOS-e820: [mem 0x0000000000000000-0x000000000009ffff] usable
[    0.000000] BIOS-e820: [mem 0x00000000000a0000-0x00000000000fffff] reserved
[    0.000000] BIOS-e820: [mem 0x0000000000100000-0x0000000009bfefff] usable
[    0.000000] BIOS-e820: [mem 0x0000000009bff000-0x0000000009ffffff] reserved
[    0.000000] BIOS-e820: [mem 0x000000000a000000-0x000000000a1fffff] usable
[    0.000000] BIOS-e820: [mem 0x000000000a200000-0x000000000a20dfff] ACPI NVS
[    0.000000] BIOS-e820: [mem 0x000000000a20e000-0x000000000affffff] usable
[    0.000000] BIOS-e820: [mem 0x000000000b000000-0x000000000b01ffff] reserved
[    0.000000] BIOS-e820: [mem 0x000000000b020000-0x00000000bb31bfff] usable
[    0.000000] BIOS-e820: [mem 0x00000000bb31c000-0x00000000bca84fff] reserved
[    0.000000] BIOS-e820: [mem 0x00000000bca85000-0x00000000bcad6fff] ACPI data
[    0.000000] BIOS-e820: [mem 0x00000000bcad7000-0x00000000bd1b6fff] ACPI NVS
[    0.000000] BIOS-e820: [mem 0x00000000bd1b7000-0x00000000bdffefff] reserved
[    0.000000] BIOS-e820: [mem 0x00000000bdfff000-0x00000000beffffff] usable
[    0.000000] BIOS-e820: [mem 0x00000000bf000000-0x00000000bfffffff] reserved
[    0.000000] BIOS-e820: [mem 0x00000000f0000000-0x00000000f7ffffff] reserved
[    0.000000] BIOS-e820: [mem 0x00000000fd200000-0x00000000fd2fffff] reserved
[    0.000000] BIOS-e820: [mem 0x00000000fd600000-0x00000000fd7fffff] reserved
[    0.000000] BIOS-e820: [mem 0x00000000fea00000-0x00000000fea0ffff] reserved
[    0.000000] BIOS-e820: [mem 0x00000000feb80000-0x00000000fec01fff] reserved
[    0.000000] BIOS-e820: [mem 0x00000000fec10000-0x00000000fec10fff] reserved
[    0.000000] BIOS-e820: [mem 0x00000000fec30000-0x00000000fec30fff] reserved
[    0.000000] BIOS-e820: [mem 0x00000000fed00000-0x00000000fed00fff] reserved
[    0.000000] BIOS-e820: [mem 0x00000000fed40000-0x00000000fed44fff] reserved
[    0.000000] BIOS-e820: [mem 0x00000000fed80000-0x00000000fed8ffff] reserved
[    0.000000] BIOS-e820: [mem 0x00000000fedc2000-0x00000000fedcffff] reserved
[    0.000000] BIOS-e820: [mem 0x00000000fedd4000-0x00000000fedd5fff] reserved
[    0.000000] BIOS-e820: [mem 0x00000000ff000000-0x00000000ffffffff] reserved
[    0.000000] BIOS-e820: [mem 0x0000000100000000-0x000000083f37ffff] usable
[    0.000000] BIOS-e820: [mem 0x000000083f380000-0x000000083fffffff] reserved
[    0.000000] NX (Execute Disable) protection: active
[    0.000000] APIC: Static calls initialized
[    0.000000] e820: update [mem 0xb75c8018-0xb75e3257] usable ==> usable
[    0.000000] e820: update [mem 0xb75c8018-0xb75e3257] usable ==> usable
[    0.000000] extended physical RAM map:
[    0.000000] reserve setup_data: [mem 0x0000000000000000-0x000000000009ffff] usable
[    0.000000] reserve setup_data: [mem 0x00000000000a0000-0x00000000000fffff] reserved
[    0.000000] reserve setup_data: [mem 0x0000000000100000-0x0000000009bfefff] usable
[    0.000000] reserve setup_data: [mem 0x0000000009bff000-0x0000000009ffffff] reserved
[    0.000000] reserve setup_data: [mem 0x000000000a000000-0x000000000a1fffff] usable
[    0.000000] reserve setup_data: [mem 0x000000000a200000-0x000000000a20dfff] ACPI NVS
[    0.000000] reserve setup_data: [mem 0x000000000a20e000-0x000000000affffff] usable
[    0.000000] reserve setup_data: [mem 0x000000000b000000-0x000000000b01ffff] reserved
[    0.000000] reserve setup_data: [mem 0x000000000b020000-0x00000000b75c8017] usable
[    0.000000] reserve setup_data: [mem 0x00000000b75c8018-0x00000000b75e3257] usable
[    0.000000] reserve setup_data: [mem 0x00000000b75e3258-0x00000000bb31bfff] usable
[    0.000000] reserve setup_data: [mem 0x00000000bb31c000-0x00000000bca84fff] reserved
[    0.000000] reserve setup_data: [mem 0x00000000bca85000-0x00000000bcad6fff] ACPI data
[    0.000000] reserve setup_data: [mem 0x00000000bcad7000-0x00000000bd1b6fff] ACPI NVS
[    0.000000] reserve setup_data: [mem 0x00000000bd1b7000-0x00000000bdffefff] reserved
[    0.000000] reserve setup_data: [mem 0x00000000bdfff000-0x00000000beffffff] usable
[    0.000000] reserve setup_data: [mem 0x00000000bf000000-0x00000000bfffffff] reserved
[    0.000000] reserve setup_data: [mem 0x00000000f0000000-0x00000000f7ffffff] reserved
[    0.000000] reserve setup_data: [mem 0x00000000fd200000-0x00000000fd2fffff] reserved
[    0.000000] reserve setup_data: [mem 0x00000000fd600000-0x00000000fd7fffff] reserved
[    0.000000] reserve setup_data: [mem 0x00000000fea00000-0x00000000fea0ffff] reserved
[    0.000000] reserve setup_data: [mem 0x00000000feb80000-0x00000000fec01fff] reserved
[    0.000000] reserve setup_data: [mem 0x00000000fec10000-0x00000000fec10fff] reserved
[    0.000000] reserve setup_data: [mem 0x00000000fec30000-0x00000000fec30fff] reserved
[    0.000000] reserve setup_data: [mem 0x00000000fed00000-0x00000000fed00fff] reserved
[    0.000000] reserve setup_data: [mem 0x00000000fed40000-0x00000000fed44fff] reserved
[    0.000000] reserve setup_data: [mem 0x00000000fed80000-0x00000000fed8ffff] reserved
[    0.000000] reserve setup_data: [mem 0x00000000fedc2000-0x00000000fedcffff] reserved
[    0.000000] reserve setup_data: [mem 0x00000000fedd4000-0x00000000fedd5fff] reserved
[    0.000000] reserve setup_data: [mem 0x00000000ff000000-0x00000000ffffffff] reserved
[    0.000000] reserve setup_data: [mem 0x0000000100000000-0x000000083f37ffff] usable
[    0.000000] reserve setup_data: [mem 0x000000083f380000-0x000000083fffffff] reserved
[    0.000000] efi: EFI v2.7 by American Megatrends
[    0.000000] efi: ACPI=0xbd1a0000 ACPI 2.0=0xbd1a0014 TPMFinalLog=0xbd16a000 SMBIOS=0xbde22000 SMBIOS 3.0=0xbde21000 MEMATTR=0xb7e35018 ESRT=0xba953598 INITRD=0xb76d4518 RNG=0xbca95018 TPMEventLog=0xbca90018 
[    0.000000] random: crng init done
[    0.000000] efi: Remove mem287: MMIO range=[0xf0000000-0xf7ffffff] (128MB) from e820 map
[    0.000000] e820: remove [mem 0xf0000000-0xf7ffffff] reserved
[    0.000000] efi: Remove mem288: MMIO range=[0xfd200000-0xfd2fffff] (1MB) from e820 map
[    0.000000] e820: remove [mem 0xfd200000-0xfd2fffff] reserved
[    0.000000] efi: Remove mem289: MMIO range=[0xfd600000-0xfd7fffff] (2MB) from e820 map
[    0.000000] e820: remove [mem 0xfd600000-0xfd7fffff] reserved
[    0.000000] efi: Not removing mem290: MMIO range=[0xfea00000-0xfea0ffff] (64KB) from e820 map
[    0.000000] efi: Remove mem291: MMIO range=[0xfeb80000-0xfec01fff] (0MB) from e820 map
[    0.000000] e820: remove [mem 0xfeb80000-0xfec01fff] reserved
[    0.000000] efi: Not removing mem292: MMIO range=[0xfec10000-0xfec10fff] (4KB) from e820 map
[    0.000000] efi: Not removing mem293: MMIO range=[0xfec30000-0xfec30fff] (4KB) from e820 map
[    0.000000] efi: Not removing mem294: MMIO range=[0xfed00000-0xfed00fff] (4KB) from e820 map
[    0.000000] efi: Not removing mem295: MMIO range=[0xfed40000-0xfed44fff] (20KB) from e820 map
[    0.000000] efi: Not removing mem296: MMIO range=[0xfed80000-0xfed8ffff] (64KB) from e820 map
[    0.000000] efi: Not removing mem297: MMIO range=[0xfedc2000-0xfedcffff] (56KB) from e820 map
[    0.000000] efi: Not removing mem298: MMIO range=[0xfedd4000-0xfedd5fff] (8KB) from e820 map
[    0.000000] efi: Remove mem299: MMIO range=[0xff000000-0xffffffff] (16MB) from e820 map
[    0.000000] e820: remove [mem 0xff000000-0xffffffff] reserved
[    0.000000] secureboot: Secure boot disabled
[    0.000000] SMBIOS 3.3.0 present.
[    0.000000] DMI: To Be Filled By O.E.M. B550M-ITX/ac/B550M-ITX/ac, BIOS P3.90 10/01/2025
[    0.000000] tsc: Fast TSC calibration using PIT
[    0.000000] tsc: Detected 3792.742 MHz processor
[    0.000216] e820: update [mem 0x00000000-0x00000fff] usable ==> reserved
[    0.000218] e820: remove [mem 0x000a0000-0x000fffff] usable
[    0.000223] last_pfn = 0x83f380 max_arch_pfn = 0x400000000
[    0.000229] total RAM covered: 3071M
[    0.000324] Found optimal setting for mtrr clean up
[    0.000324]  gran_size: 64K 	chunk_size: 64M 	num_reg: 3  	lose cover RAM: 0G
[    0.000327] MTRR map: 8 entries (4 fixed + 4 variable; max 21), built from 9 variable MTRRs
[    0.000329] x86/PAT: Configuration [0-7]: WB  WC  UC- UC  WB  WP  UC- WT  
[    0.000741] e820: update [mem 0xbcf40000-0xbcf4ffff] usable ==> reserved
[    0.000746] e820: update [mem 0xc0000000-0xffffffff] usable ==> reserved
[    0.000749] last_pfn = 0xbf000 max_arch_pfn = 0x400000000
[    0.003280] esrt: Reserving ESRT space from 0x00000000ba953598 to 0x00000000ba9535d0.
[    0.003286] e820: update [mem 0xba953000-0xba953fff] usable ==> reserved
[    0.003308] Using GB pages for direct mapping
[    0.003538] secureboot: Secure boot disabled
[    0.003539] RAMDISK: [mem 0xa9ec0000-0xae646fff]
[    0.003770] ACPI: Early table checksum verification disabled
[    0.003773] ACPI: RSDP 0x00000000BD1A0014 000024 (v02 ALASKA)
[    0.003776] ACPI: XSDT 0x00000000BD19F728 0000E4 (v01 ALASKA A M I    01072009 AMI  01000013)
[    0.003780] ACPI: FACP 0x00000000BCAC8000 000114 (v06 ALASKA A M I    01072009 AMI  00010013)
[    0.003784] ACPI: DSDT 0x00000000BCAC1000 006866 (v02 ALASKA A M I    01072009 INTL 20120913)
[    0.003786] ACPI: FACS 0x00000000BD19A000 000040
[    0.003787] ACPI: SSDT 0x00000000BCACE000 008CE9 (v02 AMD    AmdTable 00000002 MSFT 04000000)
[    0.003789] ACPI: SSDT 0x00000000BCACA000 003B45 (v02 AMD    AMD AOD  00000001 INTL 20120913)
[    0.003791] ACPI: SSDT 0x00000000BCAC9000 000221 (v02 ALASKA CPUSSDT  01072009 AMI  01072009)
[    0.003793] ACPI: FIDT 0x00000000BCAC0000 00009C (v01 ALASKA A M I    01072009 AMI  00010013)
[    0.003794] ACPI: MCFG 0x00000000BCABF000 00003C (v01 ALASKA A M I    01072009 MSFT 00010013)
[    0.003796] ACPI: AAFT 0x00000000BCABE000 000115 (v01 ALASKA OEMAAFT  01072009 MSFT 00000097)
[    0.003797] ACPI: HPET 0x00000000BCABD000 000038 (v01 ALASKA A M I    01072009 AMI  00000005)
[    0.003799] ACPI: VFCT 0x00000000BCAAE000 00E284 (v01 ALASKA A M I    00000001 AMD  31504F47)
[    0.003801] ACPI: TPM2 0x00000000BCAAD000 00004C (v04 ALASKA A M I    00000001 AMI  00000000)
[    0.003802] ACPI: PCCT 0x00000000BCAAC000 00006E (v02 AMD    AmdTable 00000001 AMD  00000001)
[    0.003804] ACPI: SSDT 0x00000000BCAA7000 004133 (v02 AMD    AmdTable 00000001 AMD  00000001)
[    0.003805] ACPI: CRAT 0x00000000BCAA6000 000F10 (v01 AMD    AmdTable 00000001 AMD  00000001)
[    0.003807] ACPI: CDIT 0x00000000BCAA5000 000029 (v01 AMD    AmdTable 00000001 AMD  00000001)
[    0.003808] ACPI: SSDT 0x00000000BCAA4000 0002C2 (v02 AMD    ArticDGP 00000001 INTL 20120913)
[    0.003810] ACPI: SSDT 0x00000000BCAA2000 0010C9 (v02 AMD    ArticTPX 00000001 INTL 20120913)
[    0.003811] ACPI: SSDT 0x00000000BCAA1000 00052C (v02 AMD    ArticNOI 00000001 INTL 20120913)
[    0.003813] ACPI: SSDT 0x00000000BCA9D000 0037C4 (v02 AMD    ArticN   00000001 INTL 20120913)
[    0.003815] ACPI: WSMT 0x00000000BCA9C000 000028 (v01 ALASKA A M I    01072009 AMI  00010013)
[    0.003816] ACPI: APIC 0x00000000BCA9B000 00015E (v04 ALASKA A M I    01072009 AMI  00010013)
[    0.003818] ACPI: SSDT 0x00000000BCA9A000 00007D (v02 AMD    ArticDIS 00000001 INTL 20120913)
[    0.003819] ACPI: SSDT 0x00000000BCA98000 0010AF (v02 AMD    ArticC   00000001 INTL 20120913)
[    0.003821] ACPI: SSDT 0x00000000BCA97000 0000BF (v01 AMD    AmdTable 00001000 INTL 20120913)
[    0.003822] ACPI: FPDT 0x00000000BCA96000 000044 (v01 ALASKA A M I    01072009 AMI  01000013)
[    0.003824] ACPI: Reserving FACP table memory at [mem 0xbcac8000-0xbcac8113]
[    0.003825] ACPI: Reserving DSDT table memory at [mem 0xbcac1000-0xbcac7865]
[    0.003825] ACPI: Reserving FACS table memory at [mem 0xbd19a000-0xbd19a03f]
[    0.003826] ACPI: Reserving SSDT table memory at [mem 0xbcace000-0xbcad6ce8]
[    0.003826] ACPI: Reserving SSDT table memory at [mem 0xbcaca000-0xbcacdb44]
[    0.003827] ACPI: Reserving SSDT table memory at [mem 0xbcac9000-0xbcac9220]
[    0.003827] ACPI: Reserving FIDT table memory at [mem 0xbcac0000-0xbcac009b]
[    0.003828] ACPI: Reserving MCFG table memory at [mem 0xbcabf000-0xbcabf03b]
[    0.003828] ACPI: Reserving AAFT table memory at [mem 0xbcabe000-0xbcabe114]
[    0.003829] ACPI: Reserving HPET table memory at [mem 0xbcabd000-0xbcabd037]
[    0.003829] ACPI: Reserving VFCT table memory at [mem 0xbcaae000-0xbcabc283]
[    0.003830] ACPI: Reserving TPM2 table memory at [mem 0xbcaad000-0xbcaad04b]
[    0.003830] ACPI: Reserving PCCT table memory at [mem 0xbcaac000-0xbcaac06d]
[    0.003831] ACPI: Reserving SSDT table memory at [mem 0xbcaa7000-0xbcaab132]
[    0.003831] ACPI: Reserving CRAT table memory at [mem 0xbcaa6000-0xbcaa6f0f]
[    0.003832] ACPI: Reserving CDIT table memory at [mem 0xbcaa5000-0xbcaa5028]
[    0.003832] ACPI: Reserving SSDT table memory at [mem 0xbcaa4000-0xbcaa42c1]
[    0.003833] ACPI: Reserving SSDT table memory at [mem 0xbcaa2000-0xbcaa30c8]
[    0.003833] ACPI: Reserving SSDT table memory at [mem 0xbcaa1000-0xbcaa152b]
[    0.003834] ACPI: Reserving SSDT table memory at [mem 0xbca9d000-0xbcaa07c3]
[    0.003834] ACPI: Reserving WSMT table memory at [mem 0xbca9c000-0xbca9c027]
[    0.003835] ACPI: Reserving APIC table memory at [mem 0xbca9b000-0xbca9b15d]
[    0.003835] ACPI: Reserving SSDT table memory at [mem 0xbca9a000-0xbca9a07c]
[    0.003836] ACPI: Reserving SSDT table memory at [mem 0xbca98000-0xbca990ae]
[    0.003836] ACPI: Reserving SSDT table memory at [mem 0xbca97000-0xbca970be]
[    0.003837] ACPI: Reserving FPDT table memory at [mem 0xbca96000-0xbca96043]
[    0.003918] No NUMA configuration found
[    0.003918] Faking a node at [mem 0x0000000000000000-0x000000083f37ffff]
[    0.003922] NODE_DATA(0) allocated [mem 0x83f355000-0x83f37ffff]
[    0.004019] Zone ranges:
[    0.004019]   DMA      [mem 0x0000000000001000-0x0000000000ffffff]
[    0.004020]   DMA32    [mem 0x0000000001000000-0x00000000ffffffff]
[    0.004021]   Normal   [mem 0x0000000100000000-0x000000083f37ffff]
[    0.004022]   Device   empty
[    0.004023] Movable zone start for each node
[    0.004024] Early memory node ranges
[    0.004024]   node   0: [mem 0x0000000000001000-0x000000000009ffff]
[    0.004025]   node   0: [mem 0x0000000000100000-0x0000000009bfefff]
[    0.004026]   node   0: [mem 0x000000000a000000-0x000000000a1fffff]
[    0.004026]   node   0: [mem 0x000000000a20e000-0x000000000affffff]
[    0.004027]   node   0: [mem 0x000000000b020000-0x00000000bb31bfff]
[    0.004028]   node   0: [mem 0x00000000bdfff000-0x00000000beffffff]
[    0.004028]   node   0: [mem 0x0000000100000000-0x000000083f37ffff]
[    0.004030] Initmem setup node 0 [mem 0x0000000000001000-0x000000083f37ffff]
[    0.004034] On node 0, zone DMA: 1 pages in unavailable ranges
[    0.004044] On node 0, zone DMA: 96 pages in unavailable ranges
[    0.004127] On node 0, zone DMA32: 1025 pages in unavailable ranges
[    0.004136] On node 0, zone DMA32: 14 pages in unavailable ranges
[    0.006304] On node 0, zone DMA32: 32 pages in unavailable ranges
[    0.006381] On node 0, zone DMA32: 11491 pages in unavailable ranges
[    0.042058] On node 0, zone Normal: 4096 pages in unavailable ranges
[    0.042082] On node 0, zone Normal: 3200 pages in unavailable ranges
[    0.042527] ACPI: PM-Timer IO Port: 0x808
[    0.042536] ACPI: LAPIC_NMI (acpi_id[0xff] high edge lint[0x1])
[    0.042545] IOAPIC[0]: apic_id 17, version 33, address 0xfec00000, GSI 0-23
[    0.042549] IOAPIC[1]: apic_id 18, version 33, address 0xfec01000, GSI 24-55
[    0.042551] ACPI: INT_SRC_OVR (bus 0 bus_irq 0 global_irq 2 dfl dfl)
[    0.042552] ACPI: INT_SRC_OVR (bus 0 bus_irq 9 global_irq 9 low level)
[    0.042555] ACPI: Using ACPI (MADT) for SMP configuration information
[    0.042556] ACPI: HPET id: 0x10228201 base: 0xfed00000
[    0.042559] smpboot: Allowing 32 CPUs, 16 hotplug CPUs
[    0.042575] PM: hibernation: Registered nosave memory: [mem 0x00000000-0x00000fff]
[    0.042577] PM: hibernation: Registered nosave memory: [mem 0x000a0000-0x000fffff]
[    0.042578] PM: hibernation: Registered nosave memory: [mem 0x09bff000-0x09ffffff]
[    0.042579] PM: hibernation: Registered nosave memory: [mem 0x0a200000-0x0a20dfff]
[    0.042580] PM: hibernation: Registered nosave memory: [mem 0x0b000000-0x0b01ffff]
[    0.042581] PM: hibernation: Registered nosave memory: [mem 0xba953000-0xba953fff]
[    0.042582] PM: hibernation: Registered nosave memory: [mem 0xbb31c000-0xbdffefff]
[    0.042583] PM: hibernation: Registered nosave memory: [mem 0xbf000000-0xffffffff]
[    0.042584] [mem 0xc0000000-0xfe9fffff] available for PCI devices
[    0.042586] Booting paravirtualized kernel on bare hardware
[    0.042588] clocksource: refined-jiffies: mask: 0xffffffff max_cycles: 0xffffffff, max_idle_ns: 1910969940391419 ns
[    0.042594] setup_percpu: NR_CPUS:8192 nr_cpumask_bits:32 nr_cpu_ids:32 nr_node_ids:1
[    0.043954] percpu: Embedded 86 pages/cpu s229376 r8192 d114688 u524288
[    0.043958] pcpu-alloc: s229376 r8192 d114688 u524288 alloc=1*2097152
[    0.043960] pcpu-alloc: [0] 00 01 02 03 [0] 04 05 06 07 
[    0.043963] pcpu-alloc: [0] 08 09 10 11 [0] 12 13 14 15 
[    0.043966] pcpu-alloc: [0] 16 17 18 19 [0] 20 21 22 23 
[    0.043968] pcpu-alloc: [0] 24 25 26 27 [0] 28 29 30 31 
[    0.043984] Kernel command line: BOOT_IMAGE=/boot/vmlinuz-6.8.0-117-generic root=UUID=a076301c-b9f2-4913-9778-e6596aaa787b ro quiet splash modprobe.blacklist=amdgpu
[    0.044040] Unknown kernel command line parameters "splash", will be passed to user space.
[    0.046356] Dentry cache hash table entries: 4194304 (order: 13, 33554432 bytes, linear)
[    0.047505] Inode-cache hash table entries: 2097152 (order: 12, 16777216 bytes, linear)
[    0.047643] Fallback order for Node 0: 0 
[    0.047648] Built 1 zonelists, mobility grouping on.  Total pages: 8237732
[    0.047648] Policy zone: Normal
[    0.047655] mem auto-init: stack:all(zero), heap alloc:on, heap free:off
[    0.047659] software IO TLB: area num 32.
[    0.098858] Memory: 32618296K/33474612K available (22528K kernel code, 4438K rwdata, 14416K rodata, 4924K init, 4788K bss, 856056K reserved, 0K cma-reserved)
[    0.099451] SLUB: HWalign=64, Order=0-3, MinObjects=0, CPUs=32, Nodes=1
[    0.099472] ftrace: allocating 58286 entries in 228 pages
[    0.108977] ftrace: allocated 228 pages with 4 groups
[    0.109655] Dynamic Preempt: voluntary
[    0.109746] rcu: Preemptible hierarchical RCU implementation.
[    0.109746] rcu: 	RCU restricting CPUs from NR_CPUS=8192 to nr_cpu_ids=32.
[    0.109748] 	Trampoline variant of Tasks RCU enabled.
[    0.109748] 	Rude variant of Tasks RCU enabled.
[    0.109749] 	Tracing variant of Tasks RCU enabled.
[    0.109749] rcu: RCU calculated value of scheduler-enlistment delay is 100 jiffies.
[    0.109750] rcu: Adjusting geometry for rcu_fanout_leaf=16, nr_cpu_ids=32
[    0.109766] RCU Tasks: Setting shift to 5 and lim to 1 rcu_task_cb_adjust=1 rcu_task_cpu_ids=32.
[    0.109769] RCU Tasks Rude: Setting shift to 5 and lim to 1 rcu_task_cb_adjust=1 rcu_task_cpu_ids=32.
[    0.109771] RCU Tasks Trace: Setting shift to 5 and lim to 1 rcu_task_cb_adjust=1 rcu_task_cpu_ids=32.
[    0.111603] NR_IRQS: 524544, nr_irqs: 1224, preallocated irqs: 16
[    0.111788] rcu: srcu_init: Setting srcu_struct sizes based on contention.
[    0.111877] Console: colour dummy device 80x25
[    0.111878] printk: legacy console [tty0] enabled
[    0.111911] ACPI: Core revision 20230628
[    0.112030] clocksource: hpet: mask: 0xffffffff max_cycles: 0xffffffff, max_idle_ns: 133484873504 ns
[    0.112044] APIC: Switch to symmetric I/O mode setup
[    0.112145] x2apic: IRQ remapping doesn't support X2APIC mode
[    0.112692] ..TIMER: vector=0x30 apic1=0 pin1=2 apic2=-1 pin2=-1
[    0.117044] clocksource: tsc-early: mask: 0xffffffffffffffff max_cycles: 0x6d57208c6c3, max_idle_ns: 881591074022 ns
[    0.117047] Calibrating delay loop (skipped), value calculated using timer frequency.. 7585.48 BogoMIPS (lpj=3792742)
[    0.117059] x86/cpu: User Mode Instruction Prevention (UMIP) activated
[    0.117106] LVT offset 1 assigned for vector 0xf9
[    0.117249] LVT offset 2 assigned for vector 0xf4
[    0.117280] process: using mwait in idle threads
[    0.117282] Last level iTLB entries: 4KB 512, 2MB 512, 4MB 256
[    0.117282] Last level dTLB entries: 4KB 2048, 2MB 2048, 4MB 1024, 1GB 0
[    0.117284] Spectre V1 : Mitigation: usercopy/swapgs barriers and __user pointer sanitization
[    0.117286] Spectre V2 : Mitigation: Retpolines
[    0.117287] Spectre V2 : Spectre v2 / SpectreRSB: Filling RSB on context switch and VMEXIT
[    0.117287] Spectre V2 : Enabling Restricted Speculation for firmware calls
[    0.117288] Spectre V2 : mitigation: Enabling conditional Indirect Branch Prediction Barrier
[    0.117289] Spectre V2 : User space: Mitigation: STIBP always-on protection
[    0.117290] Speculative Store Bypass: Mitigation: Speculative Store Bypass disabled via prctl
[    0.117291] active return thunk: srso_alias_return_thunk
[    0.117294] Speculative Return Stack Overflow: Mitigation: Safe RET
[    0.117295] Transient Scheduler Attacks: Mitigation: Clear CPU buffers
[    0.117296] VMSCAPE: Mitigation: IBPB before exit to userspace
[    0.117299] x86/fpu: Supporting XSAVE feature 0x001: 'x87 floating point registers'
[    0.117300] x86/fpu: Supporting XSAVE feature 0x002: 'SSE registers'
[    0.117301] x86/fpu: Supporting XSAVE feature 0x004: 'AVX registers'
[    0.117301] x86/fpu: Supporting XSAVE feature 0x200: 'Protection Keys User registers'
[    0.117302] x86/fpu: Supporting XSAVE feature 0x800: 'Control-flow User registers'
[    0.117303] x86/fpu: xstate_offset[2]:  576, xstate_sizes[2]:  256
[    0.117303] x86/fpu: xstate_offset[9]:  832, xstate_sizes[9]:    8
[    0.117304] x86/fpu: xstate_offset[11]:  840, xstate_sizes[11]:   16
[    0.117305] x86/fpu: Enabled xstate features 0xa07, context size is 856 bytes, using 'compacted' format.
[    0.139630] Freeing SMP alternatives memory: 48K
[    0.139634] pid_max: default: 32768 minimum: 301
[    0.142986] LSM: initializing lsm=lockdown,capability,landlock,yama,apparmor,integrity
[    0.143003] landlock: Up and running.
[    0.143004] Yama: becoming mindful.
[    0.143035] AppArmor: AppArmor initialized
[    0.143109] Mount-cache hash table entries: 65536 (order: 7, 524288 bytes, linear)
[    0.143146] Mountpoint-cache hash table entries: 65536 (order: 7, 524288 bytes, linear)
[    0.245578] smpboot: CPU0: AMD Ryzen 7 5800X 8-Core Processor (family: 0x19, model: 0x21, stepping: 0x0)
[    0.245772] Performance Events: Fam17h+ core perfctr, AMD PMU driver.
[    0.245777] ... version:                0
[    0.245778] ... bit width:              48
[    0.245779] ... generic registers:      6
[    0.245780] ... value mask:             0000ffffffffffff
[    0.245781] ... max period:             00007fffffffffff
[    0.245782] ... fixed-purpose events:   0
[    0.245783] ... event mask:             000000000000003f
[    0.245854] signal: max sigframe size: 3376
[    0.245892] rcu: Hierarchical SRCU implementation.
[    0.245893] rcu: 	Max phase no-delay instances is 400.
[    0.248038] NMI watchdog: Enabled. Permanently consumes one hw-PMU counter.
[    0.248266] smp: Bringing up secondary CPUs ...
[    0.248362] smpboot: x86: Booting SMP configuration:
[    0.248363] .... node  #0, CPUs:        #1  #2  #3  #4  #5  #6  #7  #8  #9 #10 #11 #12 #13 #14 #15
[    0.260158] Spectre V2 : Update user space SMT mitigation: STIBP always-on
[    0.267087] smp: Brought up 1 node, 16 CPUs
[    0.267087] smpboot: Max logical packages: 2
[    0.267087] smpboot: Total of 16 processors activated (121367.74 BogoMIPS)
[    0.269295] devtmpfs: initialized
[    0.269295] x86/mm: Memory block size: 128MB
[    0.272757] ACPI: PM: Registering ACPI NVS region [mem 0x0a200000-0x0a20dfff] (57344 bytes)
[    0.272757] ACPI: PM: Registering ACPI NVS region [mem 0xbcad7000-0xbd1b6fff] (7208960 bytes)
[    0.272757] clocksource: jiffies: mask: 0xffffffff max_cycles: 0xffffffff, max_idle_ns: 1911260446275000 ns
[    0.272757] futex hash table entries: 8192 (order: 7, 524288 bytes, linear)
[    0.273058] pinctrl core: initialized pinctrl subsystem
[    0.273168] PM: RTC time: 18:09:03, date: 2026-06-10
[    0.273506] NET: Registered PF_NETLINK/PF_ROUTE protocol family
[    0.273789] DMA: preallocated 4096 KiB GFP_KERNEL pool for atomic allocations
[    0.273942] DMA: preallocated 4096 KiB GFP_KERNEL|GFP_DMA pool for atomic allocations
[    0.274102] DMA: preallocated 4096 KiB GFP_KERNEL|GFP_DMA32 pool for atomic allocations
[    0.274110] audit: initializing netlink subsys (disabled)
[    0.274117] audit: type=2000 audit(1781114943.162:1): state=initialized audit_enabled=0 res=1
[    0.274169] thermal_sys: Registered thermal governor 'fair_share'
[    0.274171] thermal_sys: Registered thermal governor 'bang_bang'
[    0.274172] thermal_sys: Registered thermal governor 'step_wise'
[    0.274173] thermal_sys: Registered thermal governor 'user_space'
[    0.274174] thermal_sys: Registered thermal governor 'power_allocator'
[    0.274191] cpuidle: using governor ladder
[    0.274191] cpuidle: using governor menu
[    0.274191] Detected 1 PCC Subspaces
[    0.274191] Registering PCC driver as Mailbox controller
[    0.274191] acpiphp: ACPI Hot Plug PCI Controller Driver version: 0.5
[    0.274192] PCI: ECAM [mem 0xf0000000-0xf7ffffff] (base 0xf0000000) for domain 0000 [bus 00-7f]
[    0.274200] PCI: Using configuration type 1 for base access
[    0.274329] kprobes: kprobe jump-optimization is enabled. All kprobes are optimized if possible.
[    0.274334] HugeTLB: registered 1.00 GiB page size, pre-allocated 0 pages
[    0.274334] HugeTLB: 16380 KiB vmemmap can be freed for a 1.00 GiB page
[    0.274334] HugeTLB: registered 2.00 MiB page size, pre-allocated 0 pages
[    0.274334] HugeTLB: 28 KiB vmemmap can be freed for a 2.00 MiB page
[    0.275175] ACPI: Added _OSI(Module Device)
[    0.275176] ACPI: Added _OSI(Processor Device)
[    0.275178] ACPI: Added _OSI(Processor Aggregator Device)
[    0.295641] ACPI: 12 ACPI AML tables successfully acquired and loaded
[    0.298191] ACPI: [Firmware Bug]: BIOS _OSI(Linux) query ignored
[    0.303575] ACPI: _OSC evaluation for CPUs failed, trying _PDC
[    0.304846] ACPI: Interpreter enabled
[    0.304862] ACPI: PM: (supports S0 S3 S4 S5)
[    0.304863] ACPI: Using IOAPIC for interrupt routing
[    0.306624] PCI: Using host bridge windows from ACPI; if necessary, use "pci=nocrs" and report a bug
[    0.306625] PCI: Ignoring E820 reservations for host bridge windows
[    0.307223] ACPI: Enabled 8 GPEs in block 00 to 1F
[    0.323855] ACPI: PCI Root Bridge [PCI0] (domain 0000 [bus 00-ff])
[    0.323862] acpi PNP0A08:00: _OSC: OS supports [ExtendedConfig ASPM ClockPM Segments MSI EDR HPX-Type3]
[    0.323985] acpi PNP0A08:00: _OSC: platform does not support [SHPCHotplug LTR DPC]
[    0.324210] acpi PNP0A08:00: _OSC: OS now controls [PCIeHotplug PME AER PCIeCapability]
[    0.324222] acpi PNP0A08:00: [Firmware Info]: ECAM [mem 0xf0000000-0xf7ffffff] for domain 0000 [bus 00-7f] only partially covers this bridge
[    0.324836] PCI host bridge to bus 0000:00
[    0.324838] pci_bus 0000:00: root bus resource [io  0x0000-0x03af window]
[    0.324840] pci_bus 0000:00: root bus resource [io  0x03e0-0x0cf7 window]
[    0.324842] pci_bus 0000:00: root bus resource [io  0x03b0-0x03df window]
[    0.324843] pci_bus 0000:00: root bus resource [io  0x0d00-0xffff window]
[    0.324845] pci_bus 0000:00: root bus resource [mem 0x000a0000-0x000dffff window]
[    0.324846] pci_bus 0000:00: root bus resource [mem 0xc0000000-0xfcffffff window]
[    0.324848] pci_bus 0000:00: root bus resource [mem 0x840000000-0x7fffffffff window]
[    0.324850] pci_bus 0000:00: root bus resource [bus 00-ff]
[    0.324865] pci 0000:00:00.0: [1022:1480] type 00 class 0x060000 conventional PCI endpoint
[    0.324971] pci 0000:00:01.0: [1022:1482] type 00 class 0x060000 conventional PCI endpoint
[    0.325036] pci 0000:00:01.1: [1022:1483] type 01 class 0x060400 PCIe Root Port
[    0.325055] pci 0000:00:01.1: PCI bridge to [bus 01]
[    0.325061] pci 0000:00:01.1:   bridge window [mem 0xfcf00000-0xfcffffff]
[    0.325075] pci 0000:00:01.1: enabling Extended Tags
[    0.325124] pci 0000:00:01.1: PME# supported from D0 D3hot D3cold
[    0.325262] pci 0000:00:01.2: [1022:1483] type 01 class 0x060400 PCIe Root Port
[    0.325279] pci 0000:00:01.2: PCI bridge to [bus 02-05]
[    0.325284] pci 0000:00:01.2:   bridge window [io  0xf000-0xffff]
[    0.325287] pci 0000:00:01.2:   bridge window [mem 0xfcc00000-0xfcefffff]
[    0.325300] pci 0000:00:01.2: enabling Extended Tags
[    0.325348] pci 0000:00:01.2: PME# supported from D0 D3hot D3cold
[    0.325516] pci 0000:00:02.0: [1022:1482] type 00 class 0x060000 conventional PCI endpoint
[    0.325579] pci 0000:00:03.0: [1022:1482] type 00 class 0x060000 conventional PCI endpoint
[    0.325640] pci 0000:00:03.1: [1022:1483] type 01 class 0x060400 PCIe Root Port
[    0.325655] pci 0000:00:03.1: PCI bridge to [bus 06-08]
[    0.325659] pci 0000:00:03.1:   bridge window [io  0xe000-0xefff]
[    0.325661] pci 0000:00:03.1:   bridge window [mem 0xfc500000-0xfc8fffff]
[    0.325668] pci 0000:00:03.1:   bridge window [mem 0x7000000000-0x780fffffff 64bit pref]
[    0.325713] pci 0000:00:03.1: PME# supported from D0 D3hot D3cold
[    0.325839] pci 0000:00:04.0: [1022:1482] type 00 class 0x060000 conventional PCI endpoint
[    0.325902] pci 0000:00:05.0: [1022:1482] type 00 class 0x060000 conventional PCI endpoint
[    0.325965] pci 0000:00:07.0: [1022:1482] type 00 class 0x060000 conventional PCI endpoint
[    0.326024] pci 0000:00:07.1: [1022:1484] type 01 class 0x060400 PCIe Root Port
[    0.326037] pci 0000:00:07.1: PCI bridge to [bus 09]
[    0.326051] pci 0000:00:07.1: enabling Extended Tags
[    0.326086] pci 0000:00:07.1: PME# supported from D0 D3hot D3cold
[    0.326202] pci 0000:00:08.0: [1022:1482] type 00 class 0x060000 conventional PCI endpoint
[    0.326262] pci 0000:00:08.1: [1022:1484] type 01 class 0x060400 PCIe Root Port
[    0.326276] pci 0000:00:08.1: PCI bridge to [bus 0a]
[    0.326281] pci 0000:00:08.1:   bridge window [mem 0xfc900000-0xfcbfffff]
[    0.326291] pci 0000:00:08.1: enabling Extended Tags
[    0.326330] pci 0000:00:08.1: PME# supported from D0 D3hot D3cold
[    0.326473] pci 0000:00:14.0: [1022:790b] type 00 class 0x0c0500 conventional PCI endpoint
[    0.326579] pci 0000:00:14.3: [1022:790e] type 00 class 0x060100 conventional PCI endpoint
[    0.326698] pci 0000:00:18.0: [1022:1440] type 00 class 0x060000 conventional PCI endpoint
[    0.326741] pci 0000:00:18.1: [1022:1441] type 00 class 0x060000 conventional PCI endpoint
[    0.326781] pci 0000:00:18.2: [1022:1442] type 00 class 0x060000 conventional PCI endpoint
[    0.326822] pci 0000:00:18.3: [1022:1443] type 00 class 0x060000 conventional PCI endpoint
[    0.326863] pci 0000:00:18.4: [1022:1444] type 00 class 0x060000 conventional PCI endpoint
[    0.326902] pci 0000:00:18.5: [1022:1445] type 00 class 0x060000 conventional PCI endpoint
[    0.326942] pci 0000:00:18.6: [1022:1446] type 00 class 0x060000 conventional PCI endpoint
[    0.326982] pci 0000:00:18.7: [1022:1447] type 00 class 0x060000 conventional PCI endpoint
[    0.327090] pci 0000:01:00.0: [8086:faf0] type 00 class 0x010802 PCIe Endpoint
[    0.327137] pci 0000:01:00.0: BAR 0 [mem 0xfcf00000-0xfcf03fff 64bit]
[    0.327354] pci 0000:00:01.1: PCI bridge to [bus 01]
[    0.327432] pci 0000:02:00.0: [1022:43ee] type 00 class 0x0c0330 PCIe Legacy Endpoint
[    0.327471] pci 0000:02:00.0: BAR 0 [mem 0xfcea0000-0xfcea7fff 64bit]
[    0.327483] pci 0000:02:00.0: enabling Extended Tags
[    0.327540] pci 0000:02:00.0: PME# supported from D3hot D3cold
[    0.327692] pci 0000:02:00.1: [1022:43eb] type 00 class 0x010601 PCIe Legacy Endpoint
[    0.327736] pci 0000:02:00.1: BAR 5 [mem 0xfce80000-0xfce9ffff]
[    0.327738] pci 0000:02:00.1: ROM [mem 0xfce00000-0xfce7ffff pref]
[    0.327745] pci 0000:02:00.1: enabling Extended Tags
[    0.327789] pci 0000:02:00.1: PME# supported from D3hot D3cold
[    0.327892] pci 0000:02:00.2: [1022:43e9] type 01 class 0x060400 PCIe Switch Upstream Port
[    0.327918] pci 0000:02:00.2: PCI bridge to [bus 03-05]
[    0.327925] pci 0000:02:00.2:   bridge window [io  0xf000-0xffff]
[    0.327928] pci 0000:02:00.2:   bridge window [mem 0xfcc00000-0xfcdfffff]
[    0.327949] pci 0000:02:00.2: enabling Extended Tags
[    0.327998] pci 0000:02:00.2: PME# supported from D3hot D3cold
[    0.328130] pci 0000:00:01.2: PCI bridge to [bus 02-05]
[    0.328272] pci 0000:03:00.0: [1022:43ea] type 01 class 0x060400 PCIe Switch Downstream Port
[    0.328299] pci 0000:03:00.0: PCI bridge to [bus 04]
[    0.328306] pci 0000:03:00.0:   bridge window [io  0xf000-0xffff]
[    0.328309] pci 0000:03:00.0:   bridge window [mem 0xfcd00000-0xfcdfffff]
[    0.328333] pci 0000:03:00.0: enabling Extended Tags
[    0.328392] pci 0000:03:00.0: PME# supported from D3hot D3cold
[    0.328523] pci 0000:03:01.0: [1022:43ea] type 01 class 0x060400 PCIe Switch Downstream Port
[    0.328550] pci 0000:03:01.0: PCI bridge to [bus 05]
[    0.328558] pci 0000:03:01.0:   bridge window [mem 0xfcc00000-0xfccfffff]
[    0.328582] pci 0000:03:01.0: enabling Extended Tags
[    0.328641] pci 0000:03:01.0: PME# supported from D3hot D3cold
[    0.328772] pci 0000:02:00.2: PCI bridge to [bus 03-05]
[    0.328852] pci 0000:04:00.0: [10ec:8168] type 00 class 0x020000 PCIe Endpoint
[    0.328934] pci 0000:04:00.0: BAR 0 [io  0xf000-0xf0ff]
[    0.328943] pci 0000:04:00.0: BAR 2 [mem 0xfcd04000-0xfcd04fff 64bit]
[    0.328948] pci 0000:04:00.0: BAR 4 [mem 0xfcd00000-0xfcd03fff 64bit]
[    0.329109] pci 0000:04:00.0: supports D1 D2
[    0.329110] pci 0000:04:00.0: PME# supported from D0 D1 D2 D3hot D3cold
[    0.329374] pci 0000:03:00.0: PCI bridge to [bus 04]
[    0.329500] pci 0000:05:00.0: [8086:24fb] type 00 class 0x028000 PCIe Endpoint
[    0.329607] pci 0000:05:00.0: BAR 0 [mem 0xfcc00000-0xfcc01fff 64bit]
[    0.329796] pci 0000:05:00.0: PME# supported from D0 D3hot D3cold
[    0.330152] pci 0000:03:01.0: PCI bridge to [bus 05]
[    0.330242] pci 0000:06:00.0: [1002:1478] type 01 class 0x060400 PCIe Switch Upstream Port
[    0.330263] pci 0000:06:00.0: BAR 0 [mem 0xfc800000-0xfc803fff]
[    0.330267] pci 0000:06:00.0: PCI bridge to [bus 07-08]
[    0.330273] pci 0000:06:00.0:   bridge window [io  0xe000-0xefff]
[    0.330276] pci 0000:06:00.0:   bridge window [mem 0xfc500000-0xfc7fffff]
[    0.330285] pci 0000:06:00.0:   bridge window [mem 0x7000000000-0x780fffffff 64bit pref]
[    0.330364] pci 0000:06:00.0: PME# supported from D0 D3hot D3cold
[    0.330540] pci 0000:00:03.1: PCI bridge to [bus 06-08]
[    0.330608] pci 0000:07:00.0: [1002:1479] type 01 class 0x060400 PCIe Switch Downstream Port
[    0.330631] pci 0000:07:00.0: PCI bridge to [bus 08]
[    0.330637] pci 0000:07:00.0:   bridge window [io  0xe000-0xefff]
[    0.330640] pci 0000:07:00.0:   bridge window [mem 0xfc500000-0xfc7fffff]
[    0.330649] pci 0000:07:00.0:   bridge window [mem 0x7000000000-0x780fffffff 64bit pref]
[    0.330728] pci 0000:07:00.0: PME# supported from D0 D3hot D3cold
[    0.331523] pci 0000:06:00.0: PCI bridge to [bus 07-08]
[    0.331603] pci 0000:08:00.0: [1002:744c] type 00 class 0x030000 PCIe Legacy Endpoint
[    0.331638] pci 0000:08:00.0: BAR 0 [mem 0x7000000000-0x77ffffffff 64bit pref]
[    0.331642] pci 0000:08:00.0: BAR 2 [mem 0x7800000000-0x780fffffff 64bit pref]
[    0.331644] pci 0000:08:00.0: BAR 4 [io  0xe000-0xe0ff]
[    0.331647] pci 0000:08:00.0: BAR 5 [mem 0xfc600000-0xfc6fffff]
[    0.331649] pci 0000:08:00.0: ROM [mem 0xfc700000-0xfc71ffff pref]
[    0.331735] pci 0000:08:00.0: PME# supported from D1 D2 D3hot D3cold
[    0.331911] pci 0000:08:00.1: [1002:ab30] type 00 class 0x040300 PCIe Legacy Endpoint
[    0.331943] pci 0000:08:00.1: BAR 0 [mem 0xfc724000-0xfc727fff]
[    0.332005] pci 0000:08:00.1: PME# supported from D1 D2 D3hot D3cold
[    0.332124] pci 0000:08:00.2: [1002:7446] type 00 class 0x0c0330 PCIe Endpoint
[    0.332159] pci 0000:08:00.2: BAR 0 [mem 0xfc500000-0xfc5fffff 64bit]
[    0.332224] pci 0000:08:00.2: PME# supported from D0 D3hot D3cold
[    0.332319] pci 0000:08:00.3: [1002:7444] type 00 class 0x0c8000 PCIe Endpoint
[    0.332351] pci 0000:08:00.3: BAR 0 [mem 0xfc720000-0xfc723fff 64bit]
[    0.332412] pci 0000:08:00.3: PME# supported from D0 D3hot
[    0.332536] pci 0000:07:00.0: PCI bridge to [bus 08]
[    0.332597] pci 0000:09:00.0: [1022:148a] type 00 class 0x130000 PCIe Endpoint
[    0.332621] pci 0000:09:00.0: enabling Extended Tags
[    0.332757] pci 0000:00:07.1: PCI bridge to [bus 09]
[    0.332818] pci 0000:0a:00.0: [1022:1485] type 00 class 0x130000 PCIe Endpoint
[    0.332845] pci 0000:0a:00.0: enabling Extended Tags
[    0.332969] pci 0000:0a:00.1: [1022:1486] type 00 class 0x108000 PCIe Endpoint
[    0.332992] pci 0000:0a:00.1: BAR 2 [mem 0xfca00000-0xfcafffff]
[    0.332995] pci 0000:0a:00.1: BAR 5 [mem 0xfcb08000-0xfcb09fff]
[    0.333000] pci 0000:0a:00.1: enabling Extended Tags
[    0.333111] pci 0000:0a:00.3: [1022:149c] type 00 class 0x0c0330 PCIe Endpoint
[    0.333134] pci 0000:0a:00.3: BAR 0 [mem 0xfc900000-0xfc9fffff 64bit]
[    0.333142] pci 0000:0a:00.3: enabling Extended Tags
[    0.333180] pci 0000:0a:00.3: PME# supported from D0 D3hot D3cold
[    0.333287] pci 0000:0a:00.4: [1022:1487] type 00 class 0x040300 PCIe Endpoint
[    0.333308] pci 0000:0a:00.4: BAR 0 [mem 0xfcb00000-0xfcb07fff]
[    0.333316] pci 0000:0a:00.4: enabling Extended Tags
[    0.333353] pci 0000:0a:00.4: PME# supported from D0 D3hot D3cold
[    0.333458] pci 0000:00:08.1: PCI bridge to [bus 0a]
[    0.335168] ACPI: PCI: Interrupt link LNKA configured for IRQ 0
[    0.335235] ACPI: PCI: Interrupt link LNKB configured for IRQ 0
[    0.335294] ACPI: PCI: Interrupt link LNKC configured for IRQ 0
[    0.335364] ACPI: PCI: Interrupt link LNKD configured for IRQ 0
[    0.335429] ACPI: PCI: Interrupt link LNKE configured for IRQ 0
[    0.335482] ACPI: PCI: Interrupt link LNKF configured for IRQ 0
[    0.335536] ACPI: PCI: Interrupt link LNKG configured for IRQ 0
[    0.335590] ACPI: PCI: Interrupt link LNKH configured for IRQ 0
[    0.337055] iommu: Default domain type: Translated
[    0.337055] iommu: DMA domain TLB invalidation policy: lazy mode
[    0.337230] SCSI subsystem initialized
[    0.337240] libata version 3.00 loaded.
[    0.337240] ACPI: bus type USB registered
[    0.337240] usbcore: registered new interface driver usbfs
[    0.337240] usbcore: registered new interface driver hub
[    0.337240] usbcore: registered new device driver usb
[    0.337240] pps_core: LinuxPPS API ver. 1 registered
[    0.337240] pps_core: Software ver. 5.3.6 - Copyright 2005-2007 Rodolfo Giometti <giometti@linux.it>
[    0.337240] PTP clock support registered
[    0.337240] EDAC MC: Ver: 3.0.0
[    0.337240] efivars: Registered efivars operations
[    0.337252] NetLabel: Initializing
[    0.337254] NetLabel:  domain hash size = 128
[    0.337255] NetLabel:  protocols = UNLABELED CIPSOv4 CALIPSO
[    0.337274] NetLabel:  unlabeled traffic allowed by default
[    0.338065] mctp: management component transport protocol core
[    0.338065] NET: Registered PF_MCTP protocol family
[    0.338065] PCI: Using ACPI for IRQ routing
[    0.341025] PCI: pci_cache_line_size set to 64 bytes
[    0.341168] e820: reserve RAM buffer [mem 0x09bff000-0x0bffffff]
[    0.341170] e820: reserve RAM buffer [mem 0x0a200000-0x0bffffff]
[    0.341171] e820: reserve RAM buffer [mem 0x0b000000-0x0bffffff]
[    0.341172] e820: reserve RAM buffer [mem 0xb75c8018-0xb7ffffff]
[    0.341174] e820: reserve RAM buffer [mem 0xba953000-0xbbffffff]
[    0.341175] e820: reserve RAM buffer [mem 0xbb31c000-0xbbffffff]
[    0.341176] e820: reserve RAM buffer [mem 0xbf000000-0xbfffffff]
[    0.341177] e820: reserve RAM buffer [mem 0x83f380000-0x83fffffff]
[    0.341241] pci 0000:08:00.0: vgaarb: setting as boot VGA device
[    0.341241] pci 0000:08:00.0: vgaarb: bridge control possible
[    0.341241] pci 0000:08:00.0: vgaarb: VGA device added: decodes=io+mem,owns=none,locks=none
[    0.341241] vgaarb: loaded
[    0.341241] hpet0: at MMIO 0xfed00000, IRQs 2, 8, 0
[    0.341241] hpet0: 3 comparators, 32-bit 14.318180 MHz counter
[    0.344092] clocksource: Switched to clocksource tsc-early
[    0.344819] VFS: Disk quotas dquot_6.6.0
[    0.344833] VFS: Dquot-cache hash table entries: 512 (order 0, 4096 bytes)
[    0.344995] AppArmor: AppArmor Filesystem Enabled
[    0.345022] pnp: PnP ACPI init
[    0.345115] system 00:00: [mem 0xf0000000-0xf7ffffff] has been reserved
[    0.345157] system 00:01: [mem 0xfeb80000-0xfebfffff] has been reserved
[    0.345240] system 00:02: [mem 0xfd200000-0xfd2fffff] has been reserved
[    0.345528] system 00:04: [io  0x0280-0x028f] has been reserved
[    0.345530] system 00:04: [io  0x0290-0x029f] has been reserved
[    0.345532] system 00:04: [io  0x02a0-0x02af] has been reserved
[    0.345533] system 00:04: [io  0x02b0-0x02bf] has been reserved
[    0.345836] pnp 00:05: [dma 0 disabled]
[    0.346164] system 00:06: [io  0x04d0-0x04d1] has been reserved
[    0.346166] system 00:06: [io  0x040b] has been reserved
[    0.346168] system 00:06: [io  0x04d6] has been reserved
[    0.346170] system 00:06: [io  0x0c00-0x0c01] has been reserved
[    0.346172] system 00:06: [io  0x0c14] has been reserved
[    0.346173] system 00:06: [io  0x0c50-0x0c51] has been reserved
[    0.346175] system 00:06: [io  0x0c52] has been reserved
[    0.346176] system 00:06: [io  0x0c6c] has been reserved
[    0.346178] system 00:06: [io  0x0c6f] has been reserved
[    0.346180] system 00:06: [io  0x0cd8-0x0cdf] has been reserved
[    0.346181] system 00:06: [io  0x0800-0x089f] has been reserved
[    0.346183] system 00:06: [io  0x0b00-0x0b0f] has been reserved
[    0.346185] system 00:06: [io  0x0b20-0x0b3f] has been reserved
[    0.346186] system 00:06: [io  0x0900-0x090f] has been reserved
[    0.346188] system 00:06: [io  0x0910-0x091f] has been reserved
[    0.346190] system 00:06: [mem 0xfec00000-0xfec00fff] could not be reserved
[    0.346192] system 00:06: [mem 0xfec01000-0xfec01fff] could not be reserved
[    0.346193] system 00:06: [mem 0xfedc0000-0xfedc0fff] has been reserved
[    0.346195] system 00:06: [mem 0xfee00000-0xfee00fff] has been reserved
[    0.346197] system 00:06: [mem 0xfed80000-0xfed8ffff] could not be reserved
[    0.346199] system 00:06: [mem 0xfec10000-0xfec10fff] has been reserved
[    0.346200] system 00:06: [mem 0xff000000-0xffffffff] has been reserved
[    0.346975] pnp: PnP ACPI: found 7 devices
[    0.352836] clocksource: acpi_pm: mask: 0xffffff max_cycles: 0xffffff, max_idle_ns: 2085701024 ns
[    0.352910] NET: Registered PF_INET protocol family
[    0.353074] IP idents hash table entries: 262144 (order: 9, 2097152 bytes, linear)
[    0.365190] tcp_listen_portaddr_hash hash table entries: 16384 (order: 6, 262144 bytes, linear)
[    0.365207] Table-perturb hash table entries: 65536 (order: 6, 262144 bytes, linear)
[    0.365334] TCP established hash table entries: 262144 (order: 9, 2097152 bytes, linear)
[    0.365570] TCP bind hash table entries: 65536 (order: 9, 2097152 bytes, linear)
[    0.365661] TCP: Hash tables configured (established 262144 bind 65536)
[    0.365759] MPTCP token hash table entries: 32768 (order: 8, 786432 bytes, linear)
[    0.365798] UDP hash table entries: 16384 (order: 7, 524288 bytes, linear)
[    0.365848] UDP-Lite hash table entries: 16384 (order: 7, 524288 bytes, linear)
[    0.365928] NET: Registered PF_UNIX/PF_LOCAL protocol family
[    0.365934] NET: Registered PF_XDP protocol family
[    0.365946] pci 0000:00:01.1: PCI bridge to [bus 01]
[    0.365950] pci 0000:00:01.1:   bridge window [mem 0xfcf00000-0xfcffffff]
[    0.365956] pci 0000:03:00.0: PCI bridge to [bus 04]
[    0.365959] pci 0000:03:00.0:   bridge window [io  0xf000-0xffff]
[    0.365963] pci 0000:03:00.0:   bridge window [mem 0xfcd00000-0xfcdfffff]
[    0.365971] pci 0000:03:01.0: PCI bridge to [bus 05]
[    0.365975] pci 0000:03:01.0:   bridge window [mem 0xfcc00000-0xfccfffff]
[    0.365983] pci 0000:02:00.2: PCI bridge to [bus 03-05]
[    0.365985] pci 0000:02:00.2:   bridge window [io  0xf000-0xffff]
[    0.365990] pci 0000:02:00.2:   bridge window [mem 0xfcc00000-0xfcdfffff]
[    0.365997] pci 0000:00:01.2: PCI bridge to [bus 02-05]
[    0.365999] pci 0000:00:01.2:   bridge window [io  0xf000-0xffff]
[    0.366002] pci 0000:00:01.2:   bridge window [mem 0xfcc00000-0xfcefffff]
[    0.366008] pci 0000:07:00.0: PCI bridge to [bus 08]
[    0.366015] pci 0000:07:00.0:   bridge window [io  0xe000-0xefff]
[    0.366019] pci 0000:07:00.0:   bridge window [mem 0xfc500000-0xfc7fffff]
[    0.366022] pci 0000:07:00.0:   bridge window [mem 0x7000000000-0x780fffffff 64bit pref]
[    0.366027] pci 0000:06:00.0: PCI bridge to [bus 07-08]
[    0.366029] pci 0000:06:00.0:   bridge window [io  0xe000-0xefff]
[    0.366033] pci 0000:06:00.0:   bridge window [mem 0xfc500000-0xfc7fffff]
[    0.366036] pci 0000:06:00.0:   bridge window [mem 0x7000000000-0x780fffffff 64bit pref]
[    0.366041] pci 0000:00:03.1: PCI bridge to [bus 06-08]
[    0.366043] pci 0000:00:03.1:   bridge window [io  0xe000-0xefff]
[    0.366046] pci 0000:00:03.1:   bridge window [mem 0xfc500000-0xfc8fffff]
[    0.366049] pci 0000:00:03.1:   bridge window [mem 0x7000000000-0x780fffffff 64bit pref]
[    0.366053] pci 0000:00:07.1: PCI bridge to [bus 09]
[    0.366058] pci 0000:00:08.1: PCI bridge to [bus 0a]
[    0.366061] pci 0000:00:08.1:   bridge window [mem 0xfc900000-0xfcbfffff]
[    0.366066] pci_bus 0000:00: resource 4 [io  0x0000-0x03af window]
[    0.366068] pci_bus 0000:00: resource 5 [io  0x03e0-0x0cf7 window]
[    0.366069] pci_bus 0000:00: resource 6 [io  0x03b0-0x03df window]
[    0.366071] pci_bus 0000:00: resource 7 [io  0x0d00-0xffff window]
[    0.366072] pci_bus 0000:00: resource 8 [mem 0x000a0000-0x000dffff window]
[    0.366074] pci_bus 0000:00: resource 9 [mem 0xc0000000-0xfcffffff window]
[    0.366075] pci_bus 0000:00: resource 10 [mem 0x840000000-0x7fffffffff window]
[    0.366077] pci_bus 0000:01: resource 1 [mem 0xfcf00000-0xfcffffff]
[    0.366079] pci_bus 0000:02: resource 0 [io  0xf000-0xffff]
[    0.366080] pci_bus 0000:02: resource 1 [mem 0xfcc00000-0xfcefffff]
[    0.366082] pci_bus 0000:03: resource 0 [io  0xf000-0xffff]
[    0.366083] pci_bus 0000:03: resource 1 [mem 0xfcc00000-0xfcdfffff]
[    0.366085] pci_bus 0000:04: resource 0 [io  0xf000-0xffff]
[    0.366086] pci_bus 0000:04: resource 1 [mem 0xfcd00000-0xfcdfffff]
[    0.366088] pci_bus 0000:05: resource 1 [mem 0xfcc00000-0xfccfffff]
[    0.366089] pci_bus 0000:06: resource 0 [io  0xe000-0xefff]
[    0.366091] pci_bus 0000:06: resource 1 [mem 0xfc500000-0xfc8fffff]
[    0.366092] pci_bus 0000:06: resource 2 [mem 0x7000000000-0x780fffffff 64bit pref]
[    0.366094] pci_bus 0000:07: resource 0 [io  0xe000-0xefff]
[    0.366095] pci_bus 0000:07: resource 1 [mem 0xfc500000-0xfc7fffff]
[    0.366096] pci_bus 0000:07: resource 2 [mem 0x7000000000-0x780fffffff 64bit pref]
[    0.366098] pci_bus 0000:08: resource 0 [io  0xe000-0xefff]
[    0.366099] pci_bus 0000:08: resource 1 [mem 0xfc500000-0xfc7fffff]
[    0.366101] pci_bus 0000:08: resource 2 [mem 0x7000000000-0x780fffffff 64bit pref]
[    0.366103] pci_bus 0000:0a: resource 1 [mem 0xfc900000-0xfcbfffff]
[    0.366383] pci 0000:08:00.1: D0 power state depends on 0000:08:00.0
[    0.366440] pci 0000:08:00.2: D0 power state depends on 0000:08:00.0
[    0.366627] pci 0000:08:00.3: D0 power state depends on 0000:08:00.0
[    0.366792] PCI: CLS 64 bytes, default 64
[    0.366803] PCI-DMA: Using software bounce buffering for IO (SWIOTLB)
[    0.366804] software IO TLB: mapped [mem 0x00000000b35c8000-0x00000000b75c8000] (64MB)
[    0.366847] LVT offset 0 assigned for vector 0x400
[    0.366851] Trying to unpack rootfs image as initramfs...
[    0.370633] perf: AMD IBS detected (0x000003ff)
[    0.371478] Initialise system trusted keyrings
[    0.371488] Key type blacklist registered
[    0.371515] workingset: timestamp_bits=36 max_order=23 bucket_order=0
[    0.371522] zbud: loaded
[    0.371730] squashfs: version 4.0 (2009/01/31) Phillip Lougher
[    0.371806] fuse: init (API version 7.39)
[    0.371916] integrity: Platform Keyring initialized
[    0.371919] integrity: Machine keyring initialized
[    0.379925] Key type asymmetric registered
[    0.379927] Asymmetric key parser 'x509' registered
[    0.379941] Block layer SCSI generic (bsg) driver version 0.4 loaded (major 243)
[    0.379976] io scheduler mq-deadline registered
[    0.380977] pcieport 0000:00:01.1: PME: Signaling with IRQ 27
[    0.381093] pcieport 0000:00:01.2: PME: Signaling with IRQ 28
[    0.381198] pcieport 0000:00:03.1: PME: Signaling with IRQ 29
[    0.381373] pcieport 0000:00:07.1: PME: Signaling with IRQ 31
[    0.381425] pcieport 0000:00:07.1: AER: enabled with IRQ 31
[    0.381516] pcieport 0000:00:08.1: PME: Signaling with IRQ 32
[    0.381579] pcieport 0000:00:08.1: AER: enabled with IRQ 32
[    0.382184] shpchp: Standard Hot Plug PCI Controller Driver version: 0.4
[    0.382342] input: Power Button as /devices/LNXSYSTM:00/LNXSYBUS:00/PNP0C0C:00/input/input0
[    0.382362] ACPI: button: Power Button [PWRB]
[    0.382395] input: Power Button as /devices/LNXSYSTM:00/LNXPWRBN:00/input/input1
[    0.382440] ACPI: button: Power Button [PWRF]
[    0.383677] Estimated ratio of average max frequency by base frequency (times 1024): 1165
[    0.383690] Monitor-Mwait will be used to enter C-1 state
[    0.383696] ACPI: \_SB_.PLTF.C000: Found 2 idle states
[    0.383837] ACPI: \_SB_.PLTF.C002: Found 2 idle states
[    0.383950] ACPI: \_SB_.PLTF.C004: Found 2 idle states
[    0.384067] ACPI: \_SB_.PLTF.C006: Found 2 idle states
[    0.384183] ACPI: \_SB_.PLTF.C008: Found 2 idle states
[    0.384293] ACPI: \_SB_.PLTF.C00A: Found 2 idle states
[    0.384377] ACPI: \_SB_.PLTF.C00C: Found 2 idle states
[    0.384456] ACPI: \_SB_.PLTF.C00E: Found 2 idle states
[    0.384539] ACPI: \_SB_.PLTF.C001: Found 2 idle states
[    0.384650] ACPI: \_SB_.PLTF.C003: Found 2 idle states
[    0.384758] ACPI: \_SB_.PLTF.C005: Found 2 idle states
[    0.384872] ACPI: \_SB_.PLTF.C007: Found 2 idle states
[    0.384980] ACPI: \_SB_.PLTF.C009: Found 2 idle states
[    0.385085] ACPI: \_SB_.PLTF.C00B: Found 2 idle states
[    0.385199] ACPI: \_SB_.PLTF.C00D: Found 2 idle states
[    0.385316] ACPI: \_SB_.PLTF.C00F: Found 2 idle states
[    0.385535] Serial: 8250/16550 driver, 32 ports, IRQ sharing enabled
[    0.406226] 00:05: ttyS0 at I/O 0x3f8 (irq = 4, base_baud = 115200) is a 16550A
[    0.409593] Linux agpgart interface v0.103
[    0.422708] tpm_crb MSFT0101:00: Disabling hwrng
[    0.426475] loop: module loaded
[    0.426685] ACPI: bus type drm_connector registered
[    0.427396] tun: Universal TUN/TAP device driver, 1.6
[    0.427429] PPP generic driver version 2.4.2
[    0.427549] i8042: PNP: No PS/2 controller found.
[    0.427597] mousedev: PS/2 mouse device common for all mice
[    0.427683] rtc_cmos 00:03: RTC can wake from S4
[    0.427875] rtc_cmos 00:03: registered as rtc0
[    0.427899] rtc_cmos 00:03: setting system clock to 2026-06-10T18:09:03 UTC (1781114943)
[    0.427926] rtc_cmos 00:03: alarms up to one month, y3k, 114 bytes nvram
[    0.427934] i2c_dev: i2c /dev entries driver
[    0.427955] device-mapper: core: CONFIG_IMA_DISABLE_HTABLE is disabled. Duplicate IMA measurements will not be recorded in the IMA log.
[    0.427964] device-mapper: uevent: version 1.0.3
[    0.428006] device-mapper: ioctl: 4.48.0-ioctl (2023-03-01) initialised: dm-devel@redhat.com
[    0.428010] amd_pstate: driver load is disabled, boot with specific mode to enable this
[    0.428147] ledtrig-cpu: registered to indicate activity on CPUs
[    0.428218] drop_monitor: Initializing network drop monitor service
[    0.428301] NET: Registered PF_INET6 protocol family
[    0.452230] Freeing initrd memory: 73244K
[    0.457240] Segment Routing with IPv6
[    0.457252] In-situ OAM (IOAM) with IPv6
[    0.457282] NET: Registered PF_PACKET protocol family
[    0.457319] Key type dns_resolver registered
[    0.458661] microcode: Current revision: 0x0a201030
[    0.458929] resctrl: L3 allocation detected
[    0.458931] resctrl: MB allocation detected
[    0.458932] resctrl: L3 monitoring detected
[    0.458981] IPI shorthand broadcast: enabled
[    0.460915] sched_clock: Marking stable (460431390, 235059)->(477260247, -16593798)
[    0.461013] registered taskstats version 1
[    0.461505] Loading compiled-in X.509 certificates
[    0.461852] Loaded X.509 cert 'Build time autogenerated kernel key: 4616851849424b6aa13d3fe487d4bbc60db2a85f'
[    0.462121] Loaded X.509 cert 'Canonical Ltd. Live Patch Signing 2025 Kmod: d541cef61dc7e793b7eb7e899970a2eef0b5dc8c'
[    0.462390] Loaded X.509 cert 'Canonical Ltd. Live Patch Signing: 14df34d1a87cf37625abec039ef2bf521249b969'
[    0.462657] Loaded X.509 cert 'Canonical Ltd. Kernel Module Signing 2025 Kmod: 4627603d2357a2a3f81006370894c221175893e9'
[    0.462924] Loaded X.509 cert 'Canonical Ltd. Kernel Module Signing: 88f752e560a1e0737e31163a466ad7b70a850c19'
[    0.462925] blacklist: Loading compiled-in revocation X.509 certificates
[    0.462938] Loaded X.509 cert 'Canonical Ltd. Secure Boot Signing: 61482aa2830d0ab2ad5af10b7250da9033ddcef0'
[    0.462949] Loaded X.509 cert 'Canonical Ltd. Secure Boot Signing (2017): 242ade75ac4a15e50d50c84b0d45ff3eae707a03'
[    0.462959] Loaded X.509 cert 'Canonical Ltd. Secure Boot Signing (ESM 2018): 365188c1d374d6b07c3c8f240f8ef722433d6a8b'
[    0.462969] Loaded X.509 cert 'Canonical Ltd. Secure Boot Signing (2019): c0746fd6c5da3ae827864651ad66ae47fe24b3e8'
[    0.462979] Loaded X.509 cert 'Canonical Ltd. Secure Boot Signing (2021 v1): a8d54bbb3825cfb94fa13c9f8a594a195c107b8d'
[    0.462989] Loaded X.509 cert 'Canonical Ltd. Secure Boot Signing (2021 v2): 4cf046892d6fd3c9a5b03f98d845f90851dc6a8c'
[    0.462998] Loaded X.509 cert 'Canonical Ltd. Secure Boot Signing (2021 v3): 100437bb6de6e469b581e61cd66bce3ef4ed53af'
[    0.463011] Loaded X.509 cert 'Canonical Ltd. Secure Boot Signing (Ubuntu Core 2019): c1d57b8f6b743f23ee41f4f7ee292f06eecadfb9'
[    0.466768] Key type .fscrypt registered
[    0.466770] Key type fscrypt-provisioning registered
[    0.466812] Key type trusted registered
[    0.478018] Key type encrypted registered
[    0.478022] AppArmor: AppArmor sha256 policy hashing enabled
[    0.478116] Loading compiled-in module X.509 certificates
[    0.478460] Loaded X.509 cert 'Build time autogenerated kernel key: 4616851849424b6aa13d3fe487d4bbc60db2a85f'
[    0.478463] ima: Allocated hash algorithm: sha256
[    0.511057] ima: No architecture policies found
[    0.511072] evm: Initialising EVM extended attributes:
[    0.511073] evm: security.selinux
[    0.511075] evm: security.SMACK64
[    0.511076] evm: security.SMACK64EXEC
[    0.511077] evm: security.SMACK64TRANSMUTE
[    0.511078] evm: security.SMACK64MMAP
[    0.511079] evm: security.apparmor
[    0.511081] evm: security.ima
[    0.511082] evm: security.capability
[    0.511083] evm: HMAC attrs: 0x1
[    0.511392] PM:   Magic number: 14:277:190
[    0.511451] acpi device:49: hash matches
[    0.511459] acpi device:1c: hash matches
[    0.536543] RAS: Correctable Errors collector initialized.
[    0.536802] clk: Disabling unused clocks
[    0.538990] Freeing unused decrypted memory: 2028K
[    0.539680] Freeing unused kernel image (initmem) memory: 4924K
[    0.539683] Write protecting the kernel read-only data: 38912k
[    0.540312] Freeing unused kernel image (rodata/data gap) memory: 1968K
[    0.581897] x86/mm: Checked W+X mappings: passed, no W+X pages found.
[    0.581901] Run /init as init process
[    0.581903]   with arguments:
[    0.581904]     /init
[    0.581905]     splash
[    0.581906]   with environment:
[    0.581907]     HOME=/
[    0.581908]     TERM=linux
[    0.725109] xhci_hcd 0000:02:00.0: xHCI Host Controller
[    0.725128] xhci_hcd 0000:02:00.0: new USB bus registered, assigned bus number 1
[    0.730424] ahci 0000:02:00.1: version 3.0
[    0.731365] ahci 0000:02:00.1: SSS flag set, parallel bus scan disabled
[    0.731421] ahci 0000:02:00.1: AHCI 0001.0301 32 slots 6 ports 6 Gbps 0x3f impl SATA mode
[    0.731425] ahci 0000:02:00.1: flags: 64bit ncq sntf stag pm led clo only pmp pio slum part sxs deso sadm sds apst 
[    0.733816] scsi host0: ahci
[    0.734024] scsi host1: ahci
[    0.734167] scsi host2: ahci
[    0.734266] scsi host3: ahci
[    0.734384] scsi host4: ahci
[    0.734506] scsi host5: ahci
[    0.734573] ata1: SATA max UDMA/133 abar m131072@0xfce80000 port 0xfce80100 irq 39 lpm-pol 0
[    0.734577] ata2: SATA max UDMA/133 abar m131072@0xfce80000 port 0xfce80180 irq 39 lpm-pol 0
[    0.734580] ata3: SATA max UDMA/133 abar m131072@0xfce80000 port 0xfce80200 irq 39 lpm-pol 0
[    0.734583] ata4: SATA max UDMA/133 abar m131072@0xfce80000 port 0xfce80280 irq 39 lpm-pol 0
[    0.734585] ata5: SATA max UDMA/133 abar m131072@0xfce80000 port 0xfce80300 irq 39 lpm-pol 0
[    0.734588] ata6: SATA max UDMA/133 abar m131072@0xfce80000 port 0xfce80380 irq 39 lpm-pol 0
[    0.739875] nvme nvme0: pci function 0000:01:00.0
[    0.746719] r8169 0000:04:00.0 eth0: RTL8168h/8111h, a8:a1:59:34:d6:1c, XID 541, IRQ 42
[    0.746726] r8169 0000:04:00.0 eth0: jumbo features [frames: 9194 bytes, tx checksumming: ko]
[    0.747864] nvme nvme0: 8/0/0 default/read/poll queues
[    0.750559]  nvme0n1: p1 p2 p3
[    0.780425] xhci_hcd 0000:02:00.0: hcc params 0x0200ef81 hci version 0x110 quirks 0x0000000000000010
[    0.780703] xhci_hcd 0000:02:00.0: xHCI Host Controller
[    0.780707] xhci_hcd 0000:02:00.0: new USB bus registered, assigned bus number 2
[    0.780710] xhci_hcd 0000:02:00.0: Host supports USB 3.1 Enhanced SuperSpeed
[    0.780777] usb usb1: New USB device found, idVendor=1d6b, idProduct=0002, bcdDevice= 6.08
[    0.780779] usb usb1: New USB device strings: Mfr=3, Product=2, SerialNumber=1
[    0.780781] usb usb1: Product: xHCI Host Controller
[    0.780783] usb usb1: Manufacturer: Linux 6.8.0-117-generic xhci-hcd
[    0.780784] usb usb1: SerialNumber: 0000:02:00.0
[    0.780914] hub 1-0:1.0: USB hub found
[    0.780936] hub 1-0:1.0: 10 ports detected
[    0.781329] usb usb2: We don't know the algorithms for LPM for this host, disabling LPM.
[    0.781349] usb usb2: New USB device found, idVendor=1d6b, idProduct=0003, bcdDevice= 6.08
[    0.781351] usb usb2: New USB device strings: Mfr=3, Product=2, SerialNumber=1
[    0.781353] usb usb2: Product: xHCI Host Controller
[    0.781354] usb usb2: Manufacturer: Linux 6.8.0-117-generic xhci-hcd
[    0.781355] usb usb2: SerialNumber: 0000:02:00.0
[    0.781430] hub 2-0:1.0: USB hub found
[    0.781439] hub 2-0:1.0: 4 ports detected
[    0.781752] xhci_hcd 0000:08:00.2: xHCI Host Controller
[    0.781756] xhci_hcd 0000:08:00.2: new USB bus registered, assigned bus number 3
[    0.782125] xhci_hcd 0000:08:00.2: hcc params 0x0110ffc5 hci version 0x120 quirks 0x0000000200000010
[    0.782322] xhci_hcd 0000:08:00.2: xHCI Host Controller
[    0.782324] xhci_hcd 0000:08:00.2: new USB bus registered, assigned bus number 4
[    0.782327] xhci_hcd 0000:08:00.2: Host supports USB 3.1 Enhanced SuperSpeed
[    0.782358] usb usb3: New USB device found, idVendor=1d6b, idProduct=0002, bcdDevice= 6.08
[    0.782359] usb usb3: New USB device strings: Mfr=3, Product=2, SerialNumber=1
[    0.782361] usb usb3: Product: xHCI Host Controller
[    0.782362] usb usb3: Manufacturer: Linux 6.8.0-117-generic xhci-hcd
[    0.782364] usb usb3: SerialNumber: 0000:08:00.2
[    0.782433] hub 3-0:1.0: USB hub found
[    0.782439] hub 3-0:1.0: 1 port detected
[    0.782504] usb usb4: We don't know the algorithms for LPM for this host, disabling LPM.
[    0.782523] usb usb4: New USB device found, idVendor=1d6b, idProduct=0003, bcdDevice= 6.08
[    0.782525] usb usb4: New USB device strings: Mfr=3, Product=2, SerialNumber=1
[    0.782526] usb usb4: Product: xHCI Host Controller
[    0.782527] usb usb4: Manufacturer: Linux 6.8.0-117-generic xhci-hcd
[    0.782529] usb usb4: SerialNumber: 0000:08:00.2
[    0.782596] hub 4-0:1.0: USB hub found
[    0.782602] hub 4-0:1.0: 1 port detected
[    0.782712] xhci_hcd 0000:0a:00.3: xHCI Host Controller
[    0.782717] xhci_hcd 0000:0a:00.3: new USB bus registered, assigned bus number 5
[    0.782825] xhci_hcd 0000:0a:00.3: hcc params 0x0278ffe5 hci version 0x110 quirks 0x0000000000000010
[    0.783034] xhci_hcd 0000:0a:00.3: xHCI Host Controller
[    0.783037] xhci_hcd 0000:0a:00.3: new USB bus registered, assigned bus number 6
[    0.783039] xhci_hcd 0000:0a:00.3: Host supports USB 3.1 Enhanced SuperSpeed
[    0.783068] usb usb5: New USB device found, idVendor=1d6b, idProduct=0002, bcdDevice= 6.08
[    0.783070] usb usb5: New USB device strings: Mfr=3, Product=2, SerialNumber=1
[    0.783071] usb usb5: Product: xHCI Host Controller
[    0.783073] usb usb5: Manufacturer: Linux 6.8.0-117-generic xhci-hcd
[    0.783074] usb usb5: SerialNumber: 0000:0a:00.3
[    0.783157] hub 5-0:1.0: USB hub found
[    0.783165] hub 5-0:1.0: 4 ports detected
[    0.783362] usb usb6: We don't know the algorithms for LPM for this host, disabling LPM.
[    0.783382] usb usb6: New USB device found, idVendor=1d6b, idProduct=0003, bcdDevice= 6.08
[    0.783384] usb usb6: New USB device strings: Mfr=3, Product=2, SerialNumber=1
[    0.783385] usb usb6: Product: xHCI Host Controller
[    0.783386] usb usb6: Manufacturer: Linux 6.8.0-117-generic xhci-hcd
[    0.783388] usb usb6: SerialNumber: 0000:0a:00.3
[    0.783461] hub 6-0:1.0: USB hub found
[    0.783469] hub 6-0:1.0: 4 ports detected
[    1.026488] usb 5-2: new high-speed USB device number 2 using xhci_hcd
[    1.046590] ata1: SATA link down (SStatus 0 SControl 300)
[    1.080493] usb 1-6: new full-speed USB device number 2 using xhci_hcd
[    1.154586] usb 5-2: New USB device found, idVendor=2357, idProduct=011e, bcdDevice= 2.00
[    1.154593] usb 5-2: New USB device strings: Mfr=1, Product=2, SerialNumber=3
[    1.154595] usb 5-2: Product: 802.11ac WLAN Adapter 
[    1.154597] usb 5-2: Manufacturer: Realtek 
[    1.154599] usb 5-2: SerialNumber: 00e04c000001
[    1.423572] tsc: Refined TSC clocksource calibration: 3792.872 MHz
[    1.423584] clocksource: tsc: mask: 0xffffffffffffffff max_cycles: 0x6d5815bbf2a, max_idle_ns: 881590783532 ns
[    1.423621] clocksource: Switched to clocksource tsc
[    1.452097] usb 1-6: New USB device found, idVendor=1e71, idProduct=2007, bcdDevice= 2.00
[    1.452107] usb 1-6: New USB device strings: Mfr=1, Product=2, SerialNumber=3
[    1.452111] usb 1-6: Product: NZXT USB Device
[    1.452114] usb 1-6: Manufacturer: NZXT. - Inc.
[    1.452117] usb 1-6: SerialNumber: 00000000001A
[    1.511613] ata2: SATA link up 6.0 Gbps (SStatus 133 SControl 300)
[    1.515372] ata2.00: ATA-9: TEAM T253X2001T, S1230A0, max UDMA/133
[    1.517447] ata2.00: 2000409264 sectors, multi 1: LBA48 NCQ (depth 32), AA
[    1.523836] ata2.00: Features: Dev-Sleep
[    1.539343] ata2.00: configured for UDMA/133
[    1.539577] scsi 1:0:0:0: Direct-Access     ATA      TEAM T253X2001T  0A0  PQ: 0 ANSI: 5
[    1.540102] sd 1:0:0:0: Attached scsi generic sg0 type 0
[    1.540201] sd 1:0:0:0: [sda] 2000409264 512-byte logical blocks: (1.02 TB/954 GiB)
[    1.540217] sd 1:0:0:0: [sda] Write Protect is off
[    1.540222] sd 1:0:0:0: [sda] Mode Sense: 00 3a 00 00
[    1.540253] sd 1:0:0:0: [sda] Write cache: enabled, read cache: enabled, doesn't support DPO or FUA
[    1.540283] sd 1:0:0:0: [sda] Preferred minimum I/O size 512 bytes
[    1.541142]  sda: sda1 sda2 sda3
[    1.541341] sd 1:0:0:0: [sda] Attached SCSI disk
[    1.636590] usb 1-8: new full-speed USB device number 3 using xhci_hcd
[    1.845552] ata3: SATA link down (SStatus 0 SControl 300)
[    1.941325] usb 1-8: New USB device found, idVendor=26ce, idProduct=01a2, bcdDevice= 0.00
[    1.941334] usb 1-8: New USB device strings: Mfr=1, Product=2, SerialNumber=3
[    1.941339] usb 1-8: Product: LED Controller
[    1.941342] usb 1-8: Manufacturer: ASRock
[    1.941345] usb 1-8: SerialNumber: A02019100900
[    2.128582] usb 1-9: new full-speed USB device number 4 using xhci_hcd
[    2.158090] ata4: SATA link down (SStatus 0 SControl 300)
[    2.468719] ata5: SATA link down (SStatus 0 SControl 330)
[    2.499121] usb 1-9: New USB device found, idVendor=8087, idProduct=0aa7, bcdDevice= 0.01
[    2.499130] usb 1-9: New USB device strings: Mfr=0, Product=0, SerialNumber=0
[    2.774069] ata6: SATA link down (SStatus 0 SControl 330)
[    2.776312] r8169 0000:04:00.0 enp4s0: renamed from eth0
[    2.781857] hid: raw HID events driver (C) Jiri Kosina
[    2.808812] usbcore: registered new interface driver usbhid
[    2.808815] usbhid: USB HID core driver
[    2.810712] hid-generic 0003:1E71:2007.0001: hiddev0,hidraw0: USB HID v1.11 Device [NZXT. - Inc. NZXT USB Device] on usb-0000:02:00.0-6/input0
[    2.810799] input: ASRock LED Controller as /devices/pci0000:00/0000:00:01.2/0000:02:00.0/usb1/1-8/1-8:1.0/0003:26CE:01A2.0002/input/input2
[    2.862726] hid-generic 0003:26CE:01A2.0002: input,hidraw1: USB HID v1.10 Device [ASRock LED Controller] on usb-0000:02:00.0-8/input0
[    3.938573] EXT4-fs (nvme0n1p3): mounted filesystem a076301c-b9f2-4913-9778-e6596aaa787b ro with ordered data mode. Quota mode: none.
[    4.020498] systemd[1]: Inserted module 'autofs4'
[    4.030401] systemd[1]: systemd 255.4-1ubuntu8.15 running in system mode (+PAM +AUDIT +SELINUX +APPARMOR +IMA +SMACK +SECCOMP +GCRYPT -GNUTLS +OPENSSL +ACL +BLKID +CURL +ELFUTILS +FIDO2 +IDN2 -IDN +IPTC +KMOD +LIBCRYPTSETUP +LIBFDISK +PCRE2 -PWQUALITY +P11KIT +QRENCODE +TPM2 +BZIP2 +LZ4 +XZ +ZLIB +ZSTD -BPF_FRAMEWORK -XKBCOMMON +UTMP +SYSVINIT default-hierarchy=unified)
[    4.030411] systemd[1]: Detected architecture x86-64.
[    4.031093] systemd[1]: Hostname set to <ubuntu-dualboot>.
[    4.095903] systemd[1]: Configuration file /run/systemd/system/netplan-ovs-cleanup.service is marked world-inaccessible. This has no effect as configuration data is accessible via APIs without restrictions. Proceeding anyway.
[    4.139510] systemd[1]: Queued start job for default target graphical.target.
[    4.152106] systemd[1]: Created slice system-modprobe.slice - Slice /system/modprobe.
[    4.152404] systemd[1]: Created slice system-systemd\x2dfsck.slice - Slice /system/systemd-fsck.
[    4.152602] systemd[1]: Created slice user.slice - User and Session Slice.
[    4.152650] systemd[1]: Started systemd-ask-password-wall.path - Forward Password Requests to Wall Directory Watch.
[    4.152775] systemd[1]: Set up automount proc-sys-fs-binfmt_misc.automount - Arbitrary Executable File Formats File System Automount Point.
[    4.152790] systemd[1]: Expecting device dev-disk-by\x2duuid-6EE4\x2d6614.device - /dev/disk/by-uuid/6EE4-6614...
[    4.152800] systemd[1]: Reached target integritysetup.target - Local Integrity Protected Volumes.
[    4.152811] systemd[1]: Reached target network-pre.target - Preparation for Network.
[    4.152820] systemd[1]: Reached target remote-fs.target - Remote File Systems.
[    4.152826] systemd[1]: Reached target slices.target - Slice Units.
[    4.152834] systemd[1]: Reached target snapd.mounts-pre.target - Mounting snaps.
[    4.152842] systemd[1]: Reached target swap.target - Swaps.
[    4.152853] systemd[1]: Reached target veritysetup.target - Local Verity Protected Volumes.
[    4.152971] systemd[1]: Listening on syslog.socket - Syslog Socket.
[    4.153041] systemd[1]: Listening on systemd-fsckd.socket - fsck to fsckd communication Socket.
[    4.153082] systemd[1]: Listening on systemd-initctl.socket - initctl Compatibility Named Pipe.
[    4.153161] systemd[1]: Listening on systemd-journald-dev-log.socket - Journal Socket (/dev/log).
[    4.153261] systemd[1]: Listening on systemd-journald.socket - Journal Socket.
[    4.153388] systemd[1]: Listening on systemd-oomd.socket - Userspace Out-Of-Memory (OOM) Killer Socket.
[    4.153415] systemd[1]: systemd-pcrextend.socket - TPM2 PCR Extension (Varlink) was skipped because of an unmet condition check (ConditionSecurity=measured-uki).
[    4.153511] systemd[1]: Listening on systemd-udevd-control.socket - udev Control Socket.
[    4.153582] systemd[1]: Listening on systemd-udevd-kernel.socket - udev Kernel Socket.
[    4.154212] systemd[1]: Mounting dev-hugepages.mount - Huge Pages File System...
[    4.154697] systemd[1]: Mounting dev-mqueue.mount - POSIX Message Queue File System...
[    4.155206] systemd[1]: Mounting sys-kernel-debug.mount - Kernel Debug File System...
[    4.155700] systemd[1]: Mounting sys-kernel-tracing.mount - Kernel Trace File System...
[    4.156761] systemd[1]: Starting systemd-journald.service - Journal Service...
[    4.157384] systemd[1]: Starting keyboard-setup.service - Set the console keyboard layout...
[    4.157918] systemd[1]: Starting kmod-static-nodes.service - Create List of Static Device Nodes...
[    4.158494] systemd[1]: Starting modprobe@configfs.service - Load Kernel Module configfs...
[    4.159020] systemd[1]: Starting modprobe@dm_mod.service - Load Kernel Module dm_mod...
[    4.159544] systemd[1]: Starting modprobe@drm.service - Load Kernel Module drm...
[    4.160055] systemd[1]: Starting modprobe@efi_pstore.service - Load Kernel Module efi_pstore...
[    4.160595] systemd[1]: Starting modprobe@fuse.service - Load Kernel Module fuse...
[    4.161331] systemd[1]: Starting modprobe@loop.service - Load Kernel Module loop...
[    4.161419] systemd[1]: systemd-fsck-root.service - File System Check on Root Device was skipped because of an unmet condition check (ConditionPathExists=!/run/initramfs/fsck-root).
[    4.162713] systemd[1]: Starting systemd-modules-load.service - Load Kernel Modules...
[    4.162727] systemd[1]: systemd-pcrmachine.service - TPM2 PCR Machine ID Measurement was skipped because of an unmet condition check (ConditionSecurity=measured-uki).
[    4.163380] systemd[1]: Starting systemd-remount-fs.service - Remount Root and Kernel File Systems...
[    4.163415] systemd[1]: systemd-tpm2-setup-early.service - TPM2 SRK Setup (Early) was skipped because of an unmet condition check (ConditionSecurity=measured-uki).
[    4.164033] systemd[1]: Starting systemd-udev-trigger.service - Coldplug All udev Devices...
[    4.164244] pstore: Using crash dump compression: deflate
[    4.164951] pstore: Registered efi_pstore as persistent store backend
[    4.165203] systemd[1]: Mounted dev-hugepages.mount - Huge Pages File System.
[    4.165353] systemd[1]: Mounted dev-mqueue.mount - POSIX Message Queue File System.
[    4.165455] systemd[1]: Mounted sys-kernel-debug.mount - Kernel Debug File System.
[    4.165540] systemd[1]: Mounted sys-kernel-tracing.mount - Kernel Trace File System.
[    4.165699] systemd[1]: Finished kmod-static-nodes.service - Create List of Static Device Nodes.
[    4.165937] systemd[1]: modprobe@configfs.service: Deactivated successfully.
[    4.166048] systemd[1]: Finished modprobe@configfs.service - Load Kernel Module configfs.
[    4.166257] systemd[1]: modprobe@dm_mod.service: Deactivated successfully.
[    4.166380] systemd[1]: Finished modprobe@dm_mod.service - Load Kernel Module dm_mod.
[    4.166572] systemd[1]: modprobe@drm.service: Deactivated successfully.
[    4.166673] systemd[1]: Finished modprobe@drm.service - Load Kernel Module drm.
[    4.166862] systemd[1]: modprobe@efi_pstore.service: Deactivated successfully.
[    4.166968] systemd[1]: Finished modprobe@efi_pstore.service - Load Kernel Module efi_pstore.
[    4.167160] systemd[1]: modprobe@fuse.service: Deactivated successfully.
[    4.167268] systemd[1]: Finished modprobe@fuse.service - Load Kernel Module fuse.
[    4.167458] systemd[1]: modprobe@loop.service: Deactivated successfully.
[    4.167535] systemd-journald[397]: Collecting audit messages is disabled.
[    4.167557] systemd[1]: Finished modprobe@loop.service - Load Kernel Module loop.
[    4.168218] systemd[1]: Mounting sys-fs-fuse-connections.mount - FUSE Control File System...
[    4.168701] systemd[1]: Mounting sys-kernel-config.mount - Kernel Configuration File System...
[    4.168737] systemd[1]: systemd-repart.service - Repartition Root Disk was skipped because no trigger condition checks were met.
[    4.169305] systemd[1]: Starting systemd-tmpfiles-setup-dev-early.service - Create Static Device Nodes in /dev gracefully...
[    4.171812] lp: driver loaded but no devices found
[    4.172285] systemd[1]: Mounted sys-fs-fuse-connections.mount - FUSE Control File System.
[    4.172790] systemd[1]: Mounted sys-kernel-config.mount - Kernel Configuration File System.
[    4.173612] ppdev: user-space parallel port driver
[    4.180354] systemd[1]: Finished systemd-tmpfiles-setup-dev-early.service - Create Static Device Nodes in /dev gracefully.
[    4.187099] systemd[1]: Finished systemd-modules-load.service - Load Kernel Modules.
[    4.187871] systemd[1]: Starting systemd-sysctl.service - Apply Kernel Variables...
[    4.190259] EXT4-fs (nvme0n1p3): re-mounted a076301c-b9f2-4913-9778-e6596aaa787b r/w.
[    4.190955] systemd[1]: Finished systemd-remount-fs.service - Remount Root and Kernel File Systems.
[    4.191601] systemd[1]: systemd-hwdb-update.service - Rebuild Hardware Database was skipped because of an unmet condition check (ConditionNeedsUpdate=/etc).
[    4.191627] systemd[1]: systemd-pstore.service - Platform Persistent Storage Archival was skipped because of an unmet condition check (ConditionDirectoryNotEmpty=/sys/fs/pstore).
[    4.192310] systemd[1]: Starting systemd-random-seed.service - Load/Save OS Random Seed...
[    4.192344] systemd[1]: systemd-sysusers.service - Create System Users was skipped because no trigger condition checks were met.
[    4.192862] systemd[1]: Starting systemd-tmpfiles-setup-dev.service - Create Static Device Nodes in /dev...
[    4.192872] systemd[1]: systemd-tpm2-setup.service - TPM2 SRK Setup was skipped because of an unmet condition check (ConditionSecurity=measured-uki).
[    4.195243] systemd[1]: Finished systemd-sysctl.service - Apply Kernel Variables.
[    4.199007] systemd[1]: Finished systemd-random-seed.service - Load/Save OS Random Seed.
[    4.200613] systemd[1]: Finished systemd-tmpfiles-setup-dev.service - Create Static Device Nodes in /dev.
[    4.201511] systemd[1]: Starting systemd-udevd.service - Rule-based Manager for Device Events and Files...
[    4.201733] systemd[1]: Finished keyboard-setup.service - Set the console keyboard layout.
[    4.201795] systemd[1]: Reached target local-fs-pre.target - Preparation for Local File Systems.
[    4.202644] systemd[1]: Mounting snap-bare-5.mount - Mount unit for bare, revision 5...
[    4.203226] systemd[1]: Mounting snap-core24-1643.mount - Mount unit for core24, revision 1643...
[    4.203926] systemd[1]: Mounting snap-firefox-8387.mount - Mount unit for firefox, revision 8387...
[    4.204511] systemd[1]: Mounting snap-firefox-8417.mount - Mount unit for firefox, revision 8417...
[    4.205183] systemd[1]: Mounting snap-gnome\x2d46\x2d2404-153.mount - Mount unit for gnome-46-2404, revision 153...
[    4.206036] systemd[1]: Mounting snap-gtk\x2dcommon\x2dthemes-1535.mount - Mount unit for gtk-common-themes, revision 1535...
[    4.206962] systemd[1]: Mounting snap-mesa\x2d2404-1165.mount - Mount unit for mesa-2404, revision 1165...
[    4.207231] loop0: detected capacity change from 0 to 8
[    4.207416] loop1: detected capacity change from 0 to 136816
[    4.207809] systemd[1]: Mounting snap-snapd-26865.mount - Mount unit for snapd, revision 26865...
[    4.207813] loop2: detected capacity change from 0 to 508992
[    4.208247] loop3: detected capacity change from 0 to 509160
[    4.209381] loop4: detected capacity change from 0 to 1241248
[    4.210049] systemd[1]: Mounted snap-bare-5.mount - Mount unit for bare, revision 5.
[    4.210503] loop5: detected capacity change from 0 to 187776
[    4.211066] systemd[1]: Mounted snap-core24-1643.mount - Mount unit for core24, revision 1643.
[    4.211174] loop6: detected capacity change from 0 to 808920
[    4.212020] loop7: detected capacity change from 0 to 100888
[    4.212083] systemd[1]: Mounted snap-firefox-8387.mount - Mount unit for firefox, revision 8387.
[    4.213166] systemd[1]: Mounted snap-firefox-8417.mount - Mount unit for firefox, revision 8417.
[    4.214491] systemd[1]: Mounted snap-gnome\x2d46\x2d2404-153.mount - Mount unit for gnome-46-2404, revision 153.
[    4.214613] systemd[1]: Mounted snap-gtk\x2dcommon\x2dthemes-1535.mount - Mount unit for gtk-common-themes, revision 1535.
[    4.214688] systemd[1]: Mounted snap-mesa\x2d2404-1165.mount - Mount unit for mesa-2404, revision 1165.
[    4.214759] systemd[1]: Mounted snap-snapd-26865.mount - Mount unit for snapd, revision 26865.
[    4.214855] systemd[1]: Reached target snapd.mounts.target - Mounted snaps.
[    4.222836] systemd[1]: Started systemd-journald.service - Journal Service.
[    4.228520] systemd-journald[397]: Received client request to flush runtime journal.
[    4.235758] systemd-journald[397]: /var/log/journal/288b6cba6cec405188c18f26e7617eed/system.journal: Journal file uses a different sequence number ID, rotating.
[    4.235763] systemd-journald[397]: Rotating system journal.
[    4.379665] piix4_smbus 0000:00:14.0: SMBus Host Controller at 0xb00, revision 0
[    4.379672] piix4_smbus 0000:00:14.0: Using register 0x02 for SMBus port selection
[    4.391993] piix4_smbus 0000:00:14.0: Auxiliary SMBus Host Controller at 0xb20
[    4.395751] ccp 0000:0a:00.1: enabling device (0000 -> 0002)
[    4.402173] ccp 0000:0a:00.1: ccp: unable to access the device: you might be running a broken BIOS.
[    4.402191] ccp 0000:0a:00.1: psp enabled
[    4.443976] Bluetooth: Core ver 2.22
[    4.443999] NET: Registered PF_BLUETOOTH protocol family
[    4.444001] Bluetooth: HCI device and connection manager initialized
[    4.444004] Bluetooth: HCI socket layer initialized
[    4.444007] Bluetooth: L2CAP socket layer initialized
[    4.444011] Bluetooth: SCO socket layer initialized
[    4.444335] i2c-designware-pci 0000:08:00.3: enabling device (0000 -> 0002)
[    4.444572] cfg80211: Loading compiled-in X.509 certificates for regulatory database
[    4.444741] Loaded X.509 cert 'sforshee: 00b28ddf47aef9cea7'
[    4.444836] Loaded X.509 cert 'wens: 61c038651aabdcf94bd0ac7ff06c7248db18c600'
[    4.445146] RAPL PMU: API unit is 2^-32 Joules, 1 fixed counters, 163840 ms ovfl timer
[    4.445149] RAPL PMU: hw unit of domain package 2^-16 Joules
[    4.462638] cryptd: max_cpu_qlen set to 1000
[    4.469241] Intel(R) Wireless WiFi driver for Linux
[    4.469364] iwlwifi 0000:05:00.0: enabling device (0000 -> 0002)
[    4.470040] iwlwifi 0000:05:00.0: Detected crf-id 0x0, cnv-id 0x0 wfpm id 0x0
[    4.470050] iwlwifi 0000:05:00.0: PCI dev 24fb/2110, rev=0x220, rfid=0xd55555d5
[    4.471047] AVX2 version of gcm_enc/dec engaged.
[    4.471085] AES CTR mode by8 optimization enabled
[    4.472659] usbcore: registered new interface driver btusb
[    4.475255] iwlwifi 0000:05:00.0: loaded firmware version 29.198743027.0 3168-29.ucode op_mode iwlmvm
[    4.484812] snd_hda_intel 0000:08:00.1: enabling device (0000 -> 0002)
[    4.484939] snd_hda_intel 0000:08:00.1: Handle vga_switcheroo audio client
[    4.484942] snd_hda_intel 0000:08:00.1: Force to non-snoop mode
[    4.484989] snd_hda_intel 0000:0a:00.4: enabling device (0000 -> 0002)
[    4.488854] Bluetooth: hci0: Legacy ROM 2.x revision 5.0 build 25 week 20 2015
[    4.489759] Bluetooth: hci0: Intel Bluetooth firmware file: intel/ibt-hw-37.8.10-fw-22.50.19.14.f.bseq
[    4.492110] input: HDA ATI HDMI HDMI/DP,pcm=3 as /devices/pci0000:00/0000:00:03.1/0000:06:00.0/0000:07:00.0/0000:08:00.1/sound/card0/input3
[    4.492221] input: HDA ATI HDMI HDMI/DP,pcm=7 as /devices/pci0000:00/0000:00:03.1/0000:06:00.0/0000:07:00.0/0000:08:00.1/sound/card0/input4
[    4.492305] input: HDA ATI HDMI HDMI/DP,pcm=8 as /devices/pci0000:00/0000:00:03.1/0000:06:00.0/0000:07:00.0/0000:08:00.1/sound/card0/input5
[    4.492353] input: HDA ATI HDMI HDMI/DP,pcm=9 as /devices/pci0000:00/0000:00:03.1/0000:06:00.0/0000:07:00.0/0000:08:00.1/sound/card0/input6
[    4.509183] snd_hda_codec_realtek hdaudioC1D0: autoconfig for ALC887-VD: line_outs=1 (0x14/0x0/0x0/0x0/0x0) type:line
[    4.509187] snd_hda_codec_realtek hdaudioC1D0:    speaker_outs=0 (0x0/0x0/0x0/0x0/0x0)
[    4.509190] snd_hda_codec_realtek hdaudioC1D0:    hp_outs=1 (0x1b/0x0/0x0/0x0/0x0)
[    4.509191] snd_hda_codec_realtek hdaudioC1D0:    mono: mono_out=0x0
[    4.509193] snd_hda_codec_realtek hdaudioC1D0:    inputs:
[    4.509194] snd_hda_codec_realtek hdaudioC1D0:      Rear Mic=0x18
[    4.509196] snd_hda_codec_realtek hdaudioC1D0:      Front Mic=0x19
[    4.509198] snd_hda_codec_realtek hdaudioC1D0:      Line=0x1a
[    4.585875] input: HD-Audio Generic Rear Mic as /devices/pci0000:00/0000:00:08.1/0000:0a:00.4/sound/card1/input7
[    4.585955] input: HD-Audio Generic Front Mic as /devices/pci0000:00/0000:00:08.1/0000:0a:00.4/sound/card1/input8
[    4.586031] input: HD-Audio Generic Line as /devices/pci0000:00/0000:00:08.1/0000:0a:00.4/sound/card1/input9
[    4.586121] input: HD-Audio Generic Line Out as /devices/pci0000:00/0000:00:08.1/0000:0a:00.4/sound/card1/input10
[    4.586210] input: HD-Audio Generic Front Headphone as /devices/pci0000:00/0000:00:08.1/0000:0a:00.4/sound/card1/input11
[    4.600769] kvm_amd: TSC scaling supported
[    4.600771] kvm_amd: Nested Virtualization enabled
[    4.600772] kvm_amd: Nested Paging enabled
[    4.600773] kvm_amd: LBR virtualization supported
[    4.600783] kvm_amd: Virtual VMLOAD VMSAVE supported
[    4.600784] kvm_amd: Virtual GIF supported
[    4.610370] MCE: In-kernel MCE decoding enabled.
[    4.610978] iwlwifi 0000:05:00.0: Detected Intel(R) Dual Band Wireless AC 3168, REV=0x220
[    4.611037] thermal thermal_zone0: failed to read out thermal zone (-61)
[    4.629115] iwlwifi 0000:05:00.0: base HW address: 04:33:c2:22:c0:81, OTP minor version: 0x0
[    4.651038] intel_rapl_common: Found RAPL domain package
[    4.651041] intel_rapl_common: Found RAPL domain core
[    4.665322] ieee80211 phy0: Selected rate control algorithm 'iwl-mvm-rs'
[    4.668105] iwlwifi 0000:05:00.0 wlp5s0: renamed from wlan0
[    5.201648] audit: type=1400 audit(1781114948.272:2): apparmor="STATUS" operation="profile_load" profile="unconfined" name=4D6F6E676F444220436F6D70617373 pid=645 comm="apparmor_parser"
[    5.201654] audit: type=1400 audit(1781114948.272:3): apparmor="STATUS" operation="profile_load" profile="unconfined" name="vscode" pid=655 comm="apparmor_parser"
[    5.201656] audit: type=1400 audit(1781114948.272:4): apparmor="STATUS" operation="profile_load" profile="unconfined" name="brave" pid=648 comm="apparmor_parser"
[    5.201659] audit: type=1400 audit(1781114948.272:5): apparmor="STATUS" operation="profile_load" profile="unconfined" name="crun" pid=656 comm="apparmor_parser"
[    5.201661] audit: type=1400 audit(1781114948.272:6): apparmor="STATUS" operation="profile_load" profile="unconfined" name="balena-etcher" pid=647 comm="apparmor_parser"
[    5.201663] audit: type=1400 audit(1781114948.272:7): apparmor="STATUS" operation="profile_load" profile="unconfined" name="chrome" pid=654 comm="apparmor_parser"
[    5.201682] audit: type=1400 audit(1781114948.272:8): apparmor="STATUS" operation="profile_load" profile="unconfined" name="ch-run" pid=652 comm="apparmor_parser"
[    5.201712] audit: type=1400 audit(1781114948.272:9): apparmor="STATUS" operation="profile_load" profile="unconfined" name="buildah" pid=649 comm="apparmor_parser"
[    5.201747] audit: type=1400 audit(1781114948.272:10): apparmor="STATUS" operation="profile_load" profile="unconfined" name="ch-checkns" pid=651 comm="apparmor_parser"
[    5.353592] Bluetooth: BNEP (Ethernet Emulation) ver 1.3
[    5.353597] Bluetooth: BNEP filters: protocol multicast
[    5.353602] Bluetooth: BNEP socket layer initialized
[    5.354578] kauditd_printk_skb: 123 callbacks suppressed
[    5.354581] audit: type=1400 audit(1781114948.425:134): apparmor="STATUS" operation="profile_replace" info="same as current profile, skipping" profile="unconfined" name="rsyslogd" pid=835 comm="apparmor_parser"
[    5.443679] block nvme0n1: No UUID available providing old NGUID
[    5.519359] NET: Registered PF_QIPCRTR protocol family
[    5.557818] loop8: detected capacity change from 0 to 8
[    5.662904] audit: type=1400 audit(1781114948.733:135): apparmor="STATUS" operation="profile_replace" info="same as current profile, skipping" profile="unconfined" name="/usr/lib/snapd/snap-confine" pid=1012 comm="apparmor_parser"
[    5.958254] Generic FE-GE Realtek PHY r8169-0-400:00: attached PHY driver (mii_bus:phy_addr=r8169-0-400:00, irq=MAC)
[    5.993908] Bluetooth: hci0: Intel BT fw patch 0x43 completed & activated
[    6.096379] r8169 0000:04:00.0 enp4s0: Link is Down
[    6.168476] ACPI: \: failed to evaluate _DSM bf0212f2-788f-c64d-a5b3-1f738e285ade (0x1001)
[    6.168483] ACPI: \: failed to evaluate _DSM bf0212f2-788f-c64d-a5b3-1f738e285ade (0x1001)
[    6.168487] ACPI: \: failed to evaluate _DSM bf0212f2-788f-c64d-a5b3-1f738e285ade (0x1001)
[    6.168490] ACPI: \: failed to evaluate _DSM bf0212f2-788f-c64d-a5b3-1f738e285ade (0x1001)
[    6.168493] ACPI: \: failed to evaluate _DSM bf0212f2-788f-c64d-a5b3-1f738e285ade (0x1001)
[    6.168496] ACPI: \: failed to evaluate _DSM bf0212f2-788f-c64d-a5b3-1f738e285ade (0x1001)
[    6.168498] ACPI: \: failed to evaluate _DSM bf0212f2-788f-c64d-a5b3-1f738e285ade (0x1001)
[    6.169605] iwlwifi 0000:05:00.0: Registered PHC clock: iwlwifi-PTP, with index: 0
[    6.205429] audit: type=1400 audit(1781114949.276:136): apparmor="DENIED" operation="capable" class="cap" profile="/usr/sbin/cupsd" pid=1100 comm="cupsd" capability=12  capname="net_admin"
[    6.221081] Bluetooth: MGMT ver 1.22
[    6.223486] NET: Registered PF_ALG protocol family
[    9.446632] wlp5s0: authenticate with 3c:bd:c5:69:29:4f (local address=04:33:c2:22:c0:81)
[    9.447130] wlp5s0: send auth to 3c:bd:c5:69:29:4f (try 1/3)
[    9.448241] wlp5s0: authenticated
[    9.449257] wlp5s0: associate with 3c:bd:c5:69:29:4f (try 1/3)
[    9.450398] wlp5s0: RX AssocResp from 3c:bd:c5:69:29:4f (capab=0x1011 status=0 aid=11)
[    9.451694] wlp5s0: associated
[    9.463173] wlp5s0: Limiting TX power to 30 (30 - 0) dBm as advertised by 3c:bd:c5:69:29:4f
[   17.593497] Bluetooth: RFCOMM TTY layer initialized
[   17.593504] Bluetooth: RFCOMM socket layer initialized
[   17.593508] Bluetooth: RFCOMM ver 1.11
[   35.591642] systemd-journald[397]: Time jumped backwards, rotating.
[  845.440160] audit: type=1400 audit(1781115788.107:137): apparmor="AUDIT" operation="userns_create" class="namespace" info="Userns create - transitioning profile" profile="unconfined" pid=1960 comm="bwrap" requested="userns_create" target="unprivileged_userns"
[  845.440755] audit: type=1400 audit(1781115788.107:138): apparmor="DENIED" operation="capable" class="cap" profile="unprivileged_userns" pid=1961 comm="bwrap" capability=8  capname="setpcap"
[  845.440812] audit: type=1400 audit(1781115788.107:139): apparmor="DENIED" operation="capable" class="cap" profile="unprivileged_userns" pid=1961 comm="bwrap" capability=12  capname="net_admin"
[  910.641037] audit: type=1400 audit(1781115853.307:140): apparmor="AUDIT" operation="userns_create" class="namespace" info="Userns create - transitioning profile" profile="unconfined" pid=2498 comm="bwrap" requested="userns_create" target="unprivileged_userns"
[  910.641634] audit: type=1400 audit(1781115853.308:141): apparmor="DENIED" operation="capable" class="cap" profile="unprivileged_userns" pid=2500 comm="bwrap" capability=8  capname="setpcap"
[  910.641692] audit: type=1400 audit(1781115853.308:142): apparmor="DENIED" operation="capable" class="cap" profile="unprivileged_userns" pid=2500 comm="bwrap" capability=12  capname="net_admin"
[  910.644617] audit: type=1400 audit(1781115853.311:143): apparmor="AUDIT" operation="userns_create" class="namespace" info="Userns create - transitioning profile" profile="unconfined" pid=2503 comm="bwrap" requested="userns_create" target="unprivileged_userns"
[  910.645162] audit: type=1400 audit(1781115853.311:144): apparmor="DENIED" operation="capable" class="cap" profile="unprivileged_userns" pid=2504 comm="bwrap" capability=8  capname="setpcap"
[  910.645219] audit: type=1400 audit(1781115853.311:145): apparmor="DENIED" operation="capable" class="cap" profile="unprivileged_userns" pid=2504 comm="bwrap" capability=12  capname="net_admin"
[  914.688319] audit: type=1400 audit(1781115857.354:146): apparmor="AUDIT" operation="userns_create" class="namespace" info="Userns create - transitioning profile" profile="unconfined" pid=2540 comm="bwrap" requested="userns_create" target="unprivileged_userns"
[  914.688917] audit: type=1400 audit(1781115857.355:147): apparmor="DENIED" operation="capable" class="cap" profile="unprivileged_userns" pid=2542 comm="bwrap" capability=8  capname="setpcap"
[  914.688957] audit: type=1400 audit(1781115857.355:148): apparmor="DENIED" operation="capable" class="cap" profile="unprivileged_userns" pid=2542 comm="bwrap" capability=12  capname="net_admin"
[  914.691704] audit: type=1400 audit(1781115857.358:149): apparmor="AUDIT" operation="userns_create" class="namespace" info="Userns create - transitioning profile" profile="unconfined" pid=2545 comm="bwrap" requested="userns_create" target="unprivileged_userns"
[ 1239.551458] audit: type=1400 audit(1781116182.220:150): apparmor="AUDIT" operation="userns_create" class="namespace" info="Userns create - transitioning profile" profile="unconfined" pid=2790 comm="bwrap" requested="userns_create" target="unprivileged_userns"
[ 1239.552083] audit: type=1400 audit(1781116182.221:151): apparmor="DENIED" operation="capable" class="cap" profile="unprivileged_userns" pid=2792 comm="bwrap" capability=8  capname="setpcap"
[ 1239.552145] audit: type=1400 audit(1781116182.221:152): apparmor="DENIED" operation="capable" class="cap" profile="unprivileged_userns" pid=2792 comm="bwrap" capability=12  capname="net_admin"
[ 1239.555094] audit: type=1400 audit(1781116182.224:153): apparmor="AUDIT" operation="userns_create" class="namespace" info="Userns create - transitioning profile" profile="unconfined" pid=2795 comm="bwrap" requested="userns_create" target="unprivileged_userns"
[ 1239.555612] audit: type=1400 audit(1781116182.225:154): apparmor="DENIED" operation="capable" class="cap" profile="unprivileged_userns" pid=2796 comm="bwrap" capability=8  capname="setpcap"
[ 1239.555667] audit: type=1400 audit(1781116182.225:155): apparmor="DENIED" operation="capable" class="cap" profile="unprivileged_userns" pid=2796 comm="bwrap" capability=12  capname="net_admin"
