[    0.000000] Linux version 6.8.0-117-generic (buildd@lcy02-amd64-102) (x86_64-linux-gnu-gcc-13 (Ubuntu 13.3.0-6ubuntu2~24.04.1) 13.3.0, GNU ld (GNU Binutils for Ubuntu) 2.42) #117-Ubuntu SMP PREEMPT_DYNAMIC Tue May  5 19:26:24 UTC 2026 (Ubuntu 6.8.0-117.117-generic 6.8.12)
[    0.000000] Command line: BOOT_IMAGE=/boot/vmlinuz-6.8.0-117-generic root=UUID=a076301c-b9f2-4913-9778-e6596aaa787b ro quiet splash modprobe.blacklist=amdgpu
[    0.000000] KERNEL supported cpus:
[    0.000000]   Intel GenuineIntel
[    0.000000]   AMD AuthenticAMD
[    0.000000]   Hygon HygonGenuine
[    0.000000]   Centaur CentaurHauls
[    0.000000]   zhaoxin   Shanghai  
[    0.000000] BIOS-provided physical RAM map:
[    0.000000] BIOS-e820: [mem 0x0000000000000000-0x000000000009ffff] usable
[    0.000000] BIOS-e820: [mem 0x00000000000a0000-0x00000000000fffff] reserved
[    0.000000] BIOS-e820: [mem 0x0000000000100000-0x0000000009bfefff] usable
[    0.000000] BIOS-e820: [mem 0x0000000009bff000-0x0000000009ffffff] reserved
[    0.000000] BIOS-e820: [mem 0x000000000a000000-0x000000000a1fffff] usable
[    0.000000] BIOS-e820: [mem 0x000000000a200000-0x000000000a20dfff] ACPI NVS
[    0.000000] BIOS-e820: [mem 0x000000000a20e000-0x000000000affffff] usable
[    0.000000] BIOS-e820: [mem 0x000000000b000000-0x000000000b01ffff] reserved
[    0.000000] BIOS-e820: [mem 0x000000000b020000-0x00000000bb31bfff] usable
[    0.000000] BIOS-e820: [mem 0x00000000bb31c000-0x00000000bca84fff] reserved
[    0.000000] BIOS-e820: [mem 0x00000000bca85000-0x00000000bcad6fff] ACPI data
[    0.000000] BIOS-e820: [mem 0x00000000bcad7000-0x00000000bd1b6fff] ACPI NVS
[    0.000000] BIOS-e820: [mem 0x00000000bd1b7000-0x00000000bdffefff] reserved
[    0.000000] BIOS-e820: [mem 0x00000000bdfff000-0x00000000beffffff] usable
[    0.000000] BIOS-e820: [mem 0x00000000bf000000-0x00000000bfffffff] reserved
[    0.000000] BIOS-e820: [mem 0x00000000f0000000-0x00000000f7ffffff] reserved
[    0.000000] BIOS-e820: [mem 0x00000000fd200000-0x00000000fd2fffff] reserved
[    0.000000] BIOS-e820: [mem 0x00000000fd600000-0x00000000fd7fffff] reserved
[    0.000000] BIOS-e820: [mem 0x00000000fea00000-0x00000000fea0ffff] reserved
[    0.000000] BIOS-e820: [mem 0x00000000feb80000-0x00000000fec01fff] reserved
[    0.000000] BIOS-e820: [mem 0x00000000fec10000-0x00000000fec10fff] reserved
[    0.000000] BIOS-e820: [mem 0x00000000fec30000-0x00000000fec30fff] reserved
[    0.000000] BIOS-e820: [mem 0x00000000fed00000-0x00000000fed00fff] reserved
[    0.000000] BIOS-e820: [mem 0x00000000fed40000-0x00000000fed44fff] reserved
[    0.000000] BIOS-e820: [mem 0x00000000fed80000-0x00000000fed8ffff] reserved
[    0.000000] BIOS-e820: [mem 0x00000000fedc2000-0x00000000fedcffff] reserved
[    0.000000] BIOS-e820: [mem 0x00000000fedd4000-0x00000000fedd5fff] reserved
[    0.000000] BIOS-e820: [mem 0x00000000ff000000-0x00000000ffffffff] reserved
[    0.000000] BIOS-e820: [mem 0x0000000100000000-0x000000083f37ffff] usable
[    0.000000] BIOS-e820: [mem 0x000000083f380000-0x000000083fffffff] reserved
[    0.000000] NX (Execute Disable) protection: active
[    0.000000] APIC: Static calls initialized
[    0.000000] e820: update [mem 0xb75c8018-0xb75e3257] usable ==> usable
[    0.000000] e820: update [mem 0xb75c8018-0xb75e3257] usable ==> usable
[    0.000000] extended physical RAM map:
[    0.000000] reserve setup_data: [mem 0x0000000000000000-0x000000000009ffff] usable
[    0.000000] reserve setup_data: [mem 0x00000000000a0000-0x00000000000fffff] reserved
[    0.000000] reserve setup_data: [mem 0x0000000000100000-0x0000000009bfefff] usable
[    0.000000] reserve setup_data: [mem 0x0000000009bff000-0x0000000009ffffff] reserved
[    0.000000] reserve setup_data: [mem 0x000000000a000000-0x000000000a1fffff] usable
[    0.000000] reserve setup_data: [mem 0x000000000a200000-0x000000000a20dfff] ACPI NVS
[    0.000000] reserve setup_data: [mem 0x000000000a20e000-0x000000000affffff] usable
[    0.000000] reserve setup_data: [mem 0x000000000b000000-0x000000000b01ffff] reserved
[    0.000000] reserve setup_data: [mem 0x000000000b020000-0x00000000b75c8017] usable
[    0.000000] reserve setup_data: [mem 0x00000000b75c8018-0x00000000b75e3257] usable
[    0.000000] reserve setup_data: [mem 0x00000000b75e3258-0x00000000bb31bfff] usable
[    0.000000] reserve setup_data: [mem 0x00000000bb31c000-0x00000000bca84fff] reserved
[    0.000000] reserve setup_data: [mem 0x00000000bca85000-0x00000000bcad6fff] ACPI data
[    0.000000] reserve setup_data: [mem 0x00000000bcad7000-0x00000000bd1b6fff] ACPI NVS
[    0.000000] reserve setup_data: [mem 0x00000000bd1b7000-0x00000000bdffefff] reserved
[    0.000000] reserve setup_data: [mem 0x00000000bdfff000-0x00000000beffffff] usable
[    0.000000] reserve setup_data: [mem 0x00000000bf000000-0x00000000bfffffff] reserved
[    0.000000] reserve setup_data: [mem 0x00000000f0000000-0x00000000f7ffffff] reserved
[    0.000000] reserve setup_data: [mem 0x00000000fd200000-0x00000000fd2fffff] reserved
[    0.000000] reserve setup_data: [mem 0x00000000fd600000-0x00000000fd7fffff] reserved
[    0.000000] reserve setup_data: [mem 0x00000000fea00000-0x00000000fea0ffff] reserved
[    0.000000] reserve setup_data: [mem 0x00000000feb80000-0x00000000fec01fff] reserved
[    0.000000] reserve setup_data: [mem 0x00000000fec10000-0x00000000fec10fff] reserved
[    0.000000] reserve setup_data: [mem 0x00000000fec30000-0x00000000fec30fff] reserved
[    0.000000] reserve setup_data: [mem 0x00000000fed00000-0x00000000fed00fff] reserved
[    0.000000] reserve setup_data: [mem 0x00000000fed40000-0x00000000fed44fff] reserved
[    0.000000] reserve setup_data: [mem 0x00000000fed80000-0x00000000fed8ffff] reserved
[    0.000000] reserve setup_data: [mem 0x00000000fedc2000-0x00000000fedcffff] reserved
[    0.000000] reserve setup_data: [mem 0x00000000fedd4000-0x00000000fedd5fff] reserved
[    0.000000] reserve setup_data: [mem 0x00000000ff000000-0x00000000ffffffff] reserved
[    0.000000] reserve setup_data: [mem 0x0000000100000000-0x000000083f37ffff] usable
[    0.000000] reserve setup_data: [mem 0x000000083f380000-0x000000083fffffff] reserved
[    0.000000] efi: EFI v2.7 by American Megatrends
[    0.000000] efi: ACPI=0xbd1a0000 ACPI 2.0=0xbd1a0014 TPMFinalLog=0xbd16a000 SMBIOS=0xbde22000 SMBIOS 3.0=0xbde21000 MEMATTR=0xb7e35018 ESRT=0xba953598 INITRD=0xb76d4518 RNG=0xbca95018 TPMEventLog=0xbca90018 
[    0.000000] random: crng init done
[    0.000000] efi: Remove mem287: MMIO range=[0xf0000000-0xf7ffffff] (128MB) from e820 map
[    0.000000] e820: remove [mem 0xf0000000-0xf7ffffff] reserved
[    0.000000] efi: Remove mem288: MMIO range=[0xfd200000-0xfd2fffff] (1MB) from e820 map
[    0.000000] e820: remove [mem 0xfd200000-0xfd2fffff] reserved
[    0.000000] efi: Remove mem289: MMIO range=[0xfd600000-0xfd7fffff] (2MB) from e820 map
[    0.000000] e820: remove [mem 0xfd600000-0xfd7fffff] reserved
[    0.000000] efi: Not removing mem290: MMIO range=[0xfea00000-0xfea0ffff] (64KB) from e820 map
[    0.000000] efi: Remove mem291: MMIO range=[0xfeb80000-0xfec01fff] (0MB) from e820 map
[    0.000000] e820: remove [mem 0xfeb80000-0xfec01fff] reserved
[    0.000000] efi: Not removing mem292: MMIO range=[0xfec10000-0xfec10fff] (4KB) from e820 map
[    0.000000] efi: Not removing mem293: MMIO range=[0xfec30000-0xfec30fff] (4KB) from e820 map
[    0.000000] efi: Not removing mem294: MMIO range=[0xfed00000-0xfed00fff] (4KB) from e820 map
[    0.000000] efi: Not removing mem295: MMIO range=[0xfed40000-0xfed44fff] (20KB) from e820 map
[    0.000000] efi: Not removing mem296: MMIO range=[0xfed80000-0xfed8ffff] (64KB) from e820 map
[    0.000000] efi: Not removing mem297: MMIO range=[0xfedc2000-0xfedcffff] (56KB) from e820 map
[    0.000000] efi: Not removing mem298: MMIO range=[0xfedd4000-0xfedd5fff] (8KB) from e820 map
[    0.000000] efi: Remove mem299: MMIO range=[0xff000000-0xffffffff] (16MB) from e820 map
[    0.000000] e820: remove [mem 0xff000000-0xffffffff] reserved
[    0.000000] secureboot: Secure boot disabled
[    0.000000] SMBIOS 3.3.0 present.
[    0.000000] DMI: To Be Filled By O.E.M. B550M-ITX/ac/B550M-ITX/ac, BIOS P3.90 10/01/2025
[    0.000000] tsc: Fast TSC calibration using PIT
[    0.000000] tsc: Detected 3792.823 MHz processor
[    0.000216] e820: update [mem 0x00000000-0x00000fff] usable ==> reserved
[    0.000218] e820: remove [mem 0x000a0000-0x000fffff] usable
[    0.000223] last_pfn = 0x83f380 max_arch_pfn = 0x400000000
[    0.000228] total RAM covered: 3071M
[    0.000323] Found optimal setting for mtrr clean up
[    0.000324]  gran_size: 64K 	chunk_size: 64M 	num_reg: 3  	lose cover RAM: 0G
[    0.000326] MTRR map: 8 entries (4 fixed + 4 variable; max 21), built from 9 variable MTRRs
[    0.000328] x86/PAT: Configuration [0-7]: WB  WC  UC- UC  WB  WP  UC- WT  
[    0.000739] e820: update [mem 0xbcf40000-0xbcf4ffff] usable ==> reserved
[    0.000744] e820: update [mem 0xc0000000-0xffffffff] usable ==> reserved
[    0.000748] last_pfn = 0xbf000 max_arch_pfn = 0x400000000
[    0.003282] esrt: Reserving ESRT space from 0x00000000ba953598 to 0x00000000ba9535d0.
[    0.003288] e820: update [mem 0xba953000-0xba953fff] usable ==> reserved
[    0.003310] Using GB pages for direct mapping
[    0.003738] secureboot: Secure boot disabled
[    0.003739] RAMDISK: [mem 0xa9ec0000-0xae646fff]
[    0.003969] ACPI: Early table checksum verification disabled
[    0.003972] ACPI: RSDP 0x00000000BD1A0014 000024 (v02 ALASKA)
[    0.003975] ACPI: XSDT 0x00000000BD19F728 0000E4 (v01 ALASKA A M I    01072009 AMI  01000013)
[    0.003979] ACPI: FACP 0x00000000BCAC8000 000114 (v06 ALASKA A M I    01072009 AMI  00010013)
[    0.003983] ACPI: DSDT 0x00000000BCAC1000 006866 (v02 ALASKA A M I    01072009 INTL 20120913)
[    0.003984] ACPI: FACS 0x00000000BD19A000 000040
[    0.003986] ACPI: SSDT 0x00000000BCACE000 008CE9 (v02 AMD    AmdTable 00000002 MSFT 04000000)
[    0.003988] ACPI: SSDT 0x00000000BCACA000 003B45 (v02 AMD    AMD AOD  00000001 INTL 20120913)
[    0.003989] ACPI: SSDT 0x00000000BCAC9000 000221 (v02 ALASKA CPUSSDT  01072009 AMI  01072009)
[    0.003991] ACPI: FIDT 0x00000000BCAC0000 00009C (v01 ALASKA A M I    01072009 AMI  00010013)
[    0.003993] ACPI: MCFG 0x00000000BCABF000 00003C (v01 ALASKA A M I    01072009 MSFT 00010013)
[    0.003994] ACPI: AAFT 0x00000000BCABE000 000115 (v01 ALASKA OEMAAFT  01072009 MSFT 00000097)
[    0.003996] ACPI: HPET 0x00000000BCABD000 000038 (v01 ALASKA A M I    01072009 AMI  00000005)
[    0.003997] ACPI: VFCT 0x00000000BCAAE000 00E284 (v01 ALASKA A M I    00000001 AMD  31504F47)
[    0.003999] ACPI: TPM2 0x00000000BCAAD000 00004C (v04 ALASKA A M I    00000001 AMI  00000000)
[    0.004001] ACPI: PCCT 0x00000000BCAAC000 00006E (v02 AMD    AmdTable 00000001 AMD  00000001)
[    0.004002] ACPI: SSDT 0x00000000BCAA7000 004133 (v02 AMD    AmdTable 00000001 AMD  00000001)
[    0.004004] ACPI: CRAT 0x00000000BCAA6000 000F10 (v01 AMD    AmdTable 00000001 AMD  00000001)
[    0.004006] ACPI: CDIT 0x00000000BCAA5000 000029 (v01 AMD    AmdTable 00000001 AMD  00000001)
[    0.004007] ACPI: SSDT 0x00000000BCAA4000 0002C2 (v02 AMD    ArticDGP 00000001 INTL 20120913)
[    0.004009] ACPI: SSDT 0x00000000BCAA2000 0010C9 (v02 AMD    ArticTPX 00000001 INTL 20120913)
[    0.004011] ACPI: SSDT 0x00000000BCAA1000 00052C (v02 AMD    ArticNOI 00000001 INTL 20120913)
[    0.004012] ACPI: SSDT 0x00000000BCA9D000 0037C4 (v02 AMD    ArticN   00000001 INTL 20120913)
[    0.004014] ACPI: WSMT 0x00000000BCA9C000 000028 (v01 ALASKA A M I    01072009 AMI  00010013)
[    0.004015] ACPI: APIC 0x00000000BCA9B000 00015E (v04 ALASKA A M I    01072009 AMI  00010013)
[    0.004017] ACPI: SSDT 0x00000000BCA9A000 00007D (v02 AMD    ArticDIS 00000001 INTL 20120913)
[    0.004019] ACPI: SSDT 0x00000000BCA98000 0010AF (v02 AMD    ArticC   00000001 INTL 20120913)
[    0.004020] ACPI: SSDT 0x00000000BCA97000 0000BF (v01 AMD    AmdTable 00001000 INTL 20120913)
[    0.004022] ACPI: FPDT 0x00000000BCA96000 000044 (v01 ALASKA A M I    01072009 AMI  01000013)
[    0.004023] ACPI: Reserving FACP table memory at [mem 0xbcac8000-0xbcac8113]
[    0.004024] ACPI: Reserving DSDT table memory at [mem 0xbcac1000-0xbcac7865]
[    0.004025] ACPI: Reserving FACS table memory at [mem 0xbd19a000-0xbd19a03f]
[    0.004025] ACPI: Reserving SSDT table memory at [mem 0xbcace000-0xbcad6ce8]
[    0.004026] ACPI: Reserving SSDT table memory at [mem 0xbcaca000-0xbcacdb44]
[    0.004026] ACPI: Reserving SSDT table memory at [mem 0xbcac9000-0xbcac9220]
[    0.004027] ACPI: Reserving FIDT table memory at [mem 0xbcac0000-0xbcac009b]
[    0.004027] ACPI: Reserving MCFG table memory at [mem 0xbcabf000-0xbcabf03b]
[    0.004027] ACPI: Reserving AAFT table memory at [mem 0xbcabe000-0xbcabe114]
[    0.004028] ACPI: Reserving HPET table memory at [mem 0xbcabd000-0xbcabd037]
[    0.004028] ACPI: Reserving VFCT table memory at [mem 0xbcaae000-0xbcabc283]
[    0.004029] ACPI: Reserving TPM2 table memory at [mem 0xbcaad000-0xbcaad04b]
[    0.004029] ACPI: Reserving PCCT table memory at [mem 0xbcaac000-0xbcaac06d]
[    0.004030] ACPI: Reserving SSDT table memory at [mem 0xbcaa7000-0xbcaab132]
[    0.004030] ACPI: Reserving CRAT table memory at [mem 0xbcaa6000-0xbcaa6f0f]
[    0.004031] ACPI: Reserving CDIT table memory at [mem 0xbcaa5000-0xbcaa5028]
[    0.004031] ACPI: Reserving SSDT table memory at [mem 0xbcaa4000-0xbcaa42c1]
[    0.004032] ACPI: Reserving SSDT table memory at [mem 0xbcaa2000-0xbcaa30c8]
[    0.004032] ACPI: Reserving SSDT table memory at [mem 0xbcaa1000-0xbcaa152b]
[    0.004033] ACPI: Reserving SSDT table memory at [mem 0xbca9d000-0xbcaa07c3]
[    0.004033] ACPI: Reserving WSMT table memory at [mem 0xbca9c000-0xbca9c027]
[    0.004034] ACPI: Reserving APIC table memory at [mem 0xbca9b000-0xbca9b15d]
[    0.004034] ACPI: Reserving SSDT table memory at [mem 0xbca9a000-0xbca9a07c]
[    0.004035] ACPI: Reserving SSDT table memory at [mem 0xbca98000-0xbca990ae]
[    0.004035] ACPI: Reserving SSDT table memory at [mem 0xbca97000-0xbca970be]
[    0.004036] ACPI: Reserving FPDT table memory at [mem 0xbca96000-0xbca96043]
[    0.004117] No NUMA configuration found
[    0.004117] Faking a node at [mem 0x0000000000000000-0x000000083f37ffff]
[    0.004121] NODE_DATA(0) allocated [mem 0x83f355000-0x83f37ffff]
[    0.004218] Zone ranges:
[    0.004219]   DMA      [mem 0x0000000000001000-0x0000000000ffffff]
[    0.004220]   DMA32    [mem 0x0000000001000000-0x00000000ffffffff]
[    0.004221]   Normal   [mem 0x0000000100000000-0x000000083f37ffff]
[    0.004221]   Device   empty
[    0.004222] Movable zone start for each node
[    0.004223] Early memory node ranges
[    0.004223]   node   0: [mem 0x0000000000001000-0x000000000009ffff]
[    0.004225]   node   0: [mem 0x0000000000100000-0x0000000009bfefff]
[    0.004225]   node   0: [mem 0x000000000a000000-0x000000000a1fffff]
[    0.004226]   node   0: [mem 0x000000000a20e000-0x000000000affffff]
[    0.004226]   node   0: [mem 0x000000000b020000-0x00000000bb31bfff]
[    0.004227]   node   0: [mem 0x00000000bdfff000-0x00000000beffffff]
[    0.004227]   node   0: [mem 0x0000000100000000-0x000000083f37ffff]
[    0.004229] Initmem setup node 0 [mem 0x0000000000001000-0x000000083f37ffff]
[    0.004233] On node 0, zone DMA: 1 pages in unavailable ranges
[    0.004242] On node 0, zone DMA: 96 pages in unavailable ranges
[    0.004326] On node 0, zone DMA32: 1025 pages in unavailable ranges
[    0.004335] On node 0, zone DMA32: 14 pages in unavailable ranges
[    0.006515] On node 0, zone DMA32: 32 pages in unavailable ranges
[    0.006591] On node 0, zone DMA32: 11491 pages in unavailable ranges
[    0.042301] On node 0, zone Normal: 4096 pages in unavailable ranges
[    0.042323] On node 0, zone Normal: 3200 pages in unavailable ranges
[    0.042781] ACPI: PM-Timer IO Port: 0x808
[    0.042790] ACPI: LAPIC_NMI (acpi_id[0xff] high edge lint[0x1])
[    0.042800] IOAPIC[0]: apic_id 17, version 33, address 0xfec00000, GSI 0-23
[    0.042804] IOAPIC[1]: apic_id 18, version 33, address 0xfec01000, GSI 24-55
[    0.042805] ACPI: INT_SRC_OVR (bus 0 bus_irq 0 global_irq 2 dfl dfl)
[    0.042806] ACPI: INT_SRC_OVR (bus 0 bus_irq 9 global_irq 9 low level)
[    0.042809] ACPI: Using ACPI (MADT) for SMP configuration information
[    0.042810] ACPI: HPET id: 0x10228201 base: 0xfed00000
[    0.042813] smpboot: Allowing 32 CPUs, 16 hotplug CPUs
[    0.042829] PM: hibernation: Registered nosave memory: [mem 0x00000000-0x00000fff]
[    0.042830] PM: hibernation: Registered nosave memory: [mem 0x000a0000-0x000fffff]
[    0.042831] PM: hibernation: Registered nosave memory: [mem 0x09bff000-0x09ffffff]
[    0.042832] PM: hibernation: Registered nosave memory: [mem 0x0a200000-0x0a20dfff]
[    0.042833] PM: hibernation: Registered nosave memory: [mem 0x0b000000-0x0b01ffff]
[    0.042834] PM: hibernation: Registered nosave memory: [mem 0xba953000-0xba953fff]
[    0.042835] PM: hibernation: Registered nosave memory: [mem 0xbb31c000-0xbdffefff]
[    0.042836] PM: hibernation: Registered nosave memory: [mem 0xbf000000-0xffffffff]
[    0.042837] [mem 0xc0000000-0xfe9fffff] available for PCI devices
[    0.042840] Booting paravirtualized kernel on bare hardware
[    0.042842] clocksource: refined-jiffies: mask: 0xffffffff max_cycles: 0xffffffff, max_idle_ns: 1910969940391419 ns
[    0.042848] setup_percpu: NR_CPUS:8192 nr_cpumask_bits:32 nr_cpu_ids:32 nr_node_ids:1
[    0.044207] percpu: Embedded 86 pages/cpu s229376 r8192 d114688 u524288
[    0.044212] pcpu-alloc: s229376 r8192 d114688 u524288 alloc=1*2097152
[    0.044213] pcpu-alloc: [0] 00 01 02 03 [0] 04 05 06 07 
[    0.044216] pcpu-alloc: [0] 08 09 10 11 [0] 12 13 14 15 
[    0.044219] pcpu-alloc: [0] 16 17 18 19 [0] 20 21 22 23 
[    0.044222] pcpu-alloc: [0] 24 25 26 27 [0] 28 29 30 31 
[    0.044238] Kernel command line: BOOT_IMAGE=/boot/vmlinuz-6.8.0-117-generic root=UUID=a076301c-b9f2-4913-9778-e6596aaa787b ro quiet splash modprobe.blacklist=amdgpu
[    0.044295] Unknown kernel command line parameters "splash", will be passed to user space.
[    0.046617] Dentry cache hash table entries: 4194304 (order: 13, 33554432 bytes, linear)
[    0.047767] Inode-cache hash table entries: 2097152 (order: 12, 16777216 bytes, linear)
[    0.047907] Fallback order for Node 0: 0 
[    0.047911] Built 1 zonelists, mobility grouping on.  Total pages: 8237732
[    0.047912] Policy zone: Normal
[    0.047919] mem auto-init: stack:all(zero), heap alloc:on, heap free:off
[    0.047923] software IO TLB: area num 32.
[    0.099549] Memory: 32618288K/33474612K available (22528K kernel code, 4438K rwdata, 14416K rodata, 4924K init, 4788K bss, 856064K reserved, 0K cma-reserved)
[    0.100146] SLUB: HWalign=64, Order=0-3, MinObjects=0, CPUs=32, Nodes=1
[    0.100168] ftrace: allocating 58286 entries in 228 pages
[    0.109612] ftrace: allocated 228 pages with 4 groups
[    0.110313] Dynamic Preempt: voluntary
[    0.110403] rcu: Preemptible hierarchical RCU implementation.
[    0.110403] rcu: 	RCU restricting CPUs from NR_CPUS=8192 to nr_cpu_ids=32.
[    0.110404] 	Trampoline variant of Tasks RCU enabled.
[    0.110405] 	Rude variant of Tasks RCU enabled.
[    0.110405] 	Tracing variant of Tasks RCU enabled.
[    0.110406] rcu: RCU calculated value of scheduler-enlistment delay is 100 jiffies.
[    0.110407] rcu: Adjusting geometry for rcu_fanout_leaf=16, nr_cpu_ids=32
[    0.110421] RCU Tasks: Setting shift to 5 and lim to 1 rcu_task_cb_adjust=1 rcu_task_cpu_ids=32.
[    0.110424] RCU Tasks Rude: Setting shift to 5 and lim to 1 rcu_task_cb_adjust=1 rcu_task_cpu_ids=32.
[    0.110426] RCU Tasks Trace: Setting shift to 5 and lim to 1 rcu_task_cb_adjust=1 rcu_task_cpu_ids=32.
[    0.112280] NR_IRQS: 524544, nr_irqs: 1224, preallocated irqs: 16
[    0.112467] rcu: srcu_init: Setting srcu_struct sizes based on contention.
[    0.112558] Console: colour dummy device 80x25
[    0.112560] printk: legacy console [tty0] enabled
[    0.112597] ACPI: Core revision 20230628
[    0.112717] clocksource: hpet: mask: 0xffffffff max_cycles: 0xffffffff, max_idle_ns: 133484873504 ns
[    0.112732] APIC: Switch to symmetric I/O mode setup
[    0.112833] x2apic: IRQ remapping doesn't support X2APIC mode
[    0.113386] ..TIMER: vector=0x30 apic1=0 pin1=2 apic2=-1 pin2=-1
[    0.117732] clocksource: tsc-early: mask: 0xffffffffffffffff max_cycles: 0x6d57b85400d, max_idle_ns: 881590936851 ns
[    0.117735] Calibrating delay loop (skipped), value calculated using timer frequency.. 7585.64 BogoMIPS (lpj=3792823)
[    0.117748] x86/cpu: User Mode Instruction Prevention (UMIP) activated
[    0.117793] LVT offset 1 assigned for vector 0xf9
[    0.117941] LVT offset 2 assigned for vector 0xf4
[    0.117981] process: using mwait in idle threads
[    0.117983] Last level iTLB entries: 4KB 512, 2MB 512, 4MB 256
[    0.117983] Last level dTLB entries: 4KB 2048, 2MB 2048, 4MB 1024, 1GB 0
[    0.117985] Spectre V1 : Mitigation: usercopy/swapgs barriers and __user pointer sanitization
[    0.117987] Spectre V2 : Mitigation: Retpolines
[    0.117988] Spectre V2 : Spectre v2 / SpectreRSB: Filling RSB on context switch and VMEXIT
[    0.117988] Spectre V2 : Enabling Restricted Speculation for firmware calls
[    0.117990] Spectre V2 : mitigation: Enabling conditional Indirect Branch Prediction Barrier
[    0.117990] Spectre V2 : User space: Mitigation: STIBP always-on protection
[    0.117991] Speculative Store Bypass: Mitigation: Speculative Store Bypass disabled via prctl
[    0.117992] active return thunk: srso_alias_return_thunk
[    0.117996] Speculative Return Stack Overflow: Mitigation: Safe RET
[    0.117997] Transient Scheduler Attacks: Mitigation: Clear CPU buffers
[    0.117998] VMSCAPE: Mitigation: IBPB before exit to userspace
[    0.118001] x86/fpu: Supporting XSAVE feature 0x001: 'x87 floating point registers'
[    0.118002] x86/fpu: Supporting XSAVE feature 0x002: 'SSE registers'
[    0.118003] x86/fpu: Supporting XSAVE feature 0x004: 'AVX registers'
[    0.118003] x86/fpu: Supporting XSAVE feature 0x200: 'Protection Keys User registers'
[    0.118004] x86/fpu: Supporting XSAVE feature 0x800: 'Control-flow User registers'
[    0.118005] x86/fpu: xstate_offset[2]:  576, xstate_sizes[2]:  256
[    0.118005] x86/fpu: xstate_offset[9]:  832, xstate_sizes[9]:    8
[    0.118006] x86/fpu: xstate_offset[11]:  840, xstate_sizes[11]:   16
[    0.118007] x86/fpu: Enabled xstate features 0xa07, context size is 856 bytes, using 'compacted' format.
[    0.141016] Freeing SMP alternatives memory: 48K
[    0.141019] pid_max: default: 32768 minimum: 301
[    0.144371] LSM: initializing lsm=lockdown,capability,landlock,yama,apparmor,integrity
[    0.144388] landlock: Up and running.
[    0.144389] Yama: becoming mindful.
[    0.144418] AppArmor: AppArmor initialized
[    0.144495] Mount-cache hash table entries: 65536 (order: 7, 524288 bytes, linear)
[    0.144537] Mountpoint-cache hash table entries: 65536 (order: 7, 524288 bytes, linear)
[    0.246961] smpboot: CPU0: AMD Ryzen 7 5800X 8-Core Processor (family: 0x19, model: 0x21, stepping: 0x0)
[    0.247143] Performance Events: Fam17h+ core perfctr, AMD PMU driver.
[    0.247148] ... version:                0
[    0.247149] ... bit width:              48
[    0.247150] ... generic registers:      6
[    0.247151] ... value mask:             0000ffffffffffff
[    0.247152] ... max period:             00007fffffffffff
[    0.247153] ... fixed-purpose events:   0
[    0.247154] ... event mask:             000000000000003f
[    0.247225] signal: max sigframe size: 3376
[    0.247261] rcu: Hierarchical SRCU implementation.
[    0.247263] rcu: 	Max phase no-delay instances is 400.
[    0.249721] NMI watchdog: Enabled. Permanently consumes one hw-PMU counter.
[    0.249945] smp: Bringing up secondary CPUs ...
[    0.250038] smpboot: x86: Booting SMP configuration:
[    0.250039] .... node  #0, CPUs:        #1  #2  #3  #4  #5  #6  #7  #8  #9 #10 #11 #12 #13 #14 #15
[    0.261847] Spectre V2 : Update user space SMT mitigation: STIBP always-on
[    0.268774] smp: Brought up 1 node, 16 CPUs
[    0.268774] smpboot: Max logical packages: 2
[    0.268774] smpboot: Total of 16 processors activated (121370.33 BogoMIPS)
[    0.271069] devtmpfs: initialized
[    0.271069] x86/mm: Memory block size: 128MB
[    0.274541] ACPI: PM: Registering ACPI NVS region [mem 0x0a200000-0x0a20dfff] (57344 bytes)
[    0.274541] ACPI: PM: Registering ACPI NVS region [mem 0xbcad7000-0xbd1b6fff] (7208960 bytes)
[    0.274541] clocksource: jiffies: mask: 0xffffffff max_cycles: 0xffffffff, max_idle_ns: 1911260446275000 ns
[    0.274750] futex hash table entries: 8192 (order: 7, 524288 bytes, linear)
[    0.274845] pinctrl core: initialized pinctrl subsystem
[    0.274957] PM: RTC time: 21:33:01, date: 2026-06-10
[    0.275289] NET: Registered PF_NETLINK/PF_ROUTE protocol family
[    0.275571] DMA: preallocated 4096 KiB GFP_KERNEL pool for atomic allocations
[    0.275723] DMA: preallocated 4096 KiB GFP_KERNEL|GFP_DMA pool for atomic allocations
[    0.275884] DMA: preallocated 4096 KiB GFP_KERNEL|GFP_DMA32 pool for atomic allocations
[    0.275892] audit: initializing netlink subsys (disabled)
[    0.275898] audit: type=2000 audit(1781127181.163:1): state=initialized audit_enabled=0 res=1
[    0.275898] thermal_sys: Registered thermal governor 'fair_share'
[    0.275898] thermal_sys: Registered thermal governor 'bang_bang'
[    0.275898] thermal_sys: Registered thermal governor 'step_wise'
[    0.275898] thermal_sys: Registered thermal governor 'user_space'
[    0.275898] thermal_sys: Registered thermal governor 'power_allocator'
[    0.275898] cpuidle: using governor ladder
[    0.275898] cpuidle: using governor menu
[    0.275898] Detected 1 PCC Subspaces
[    0.275898] Registering PCC driver as Mailbox controller
[    0.275898] acpiphp: ACPI Hot Plug PCI Controller Driver version: 0.5
[    0.275898] PCI: ECAM [mem 0xf0000000-0xf7ffffff] (base 0xf0000000) for domain 0000 [bus 00-7f]
[    0.275898] PCI: Using configuration type 1 for base access
[    0.276022] kprobes: kprobe jump-optimization is enabled. All kprobes are optimized if possible.
[    0.276027] HugeTLB: registered 1.00 GiB page size, pre-allocated 0 pages
[    0.276027] HugeTLB: 16380 KiB vmemmap can be freed for a 1.00 GiB page
[    0.276027] HugeTLB: registered 2.00 MiB page size, pre-allocated 0 pages
[    0.276027] HugeTLB: 28 KiB vmemmap can be freed for a 2.00 MiB page
[    0.276881] ACPI: Added _OSI(Module Device)
[    0.276883] ACPI: Added _OSI(Processor Device)
[    0.276885] ACPI: Added _OSI(Processor Aggregator Device)
[    0.297623] ACPI: 12 ACPI AML tables successfully acquired and loaded
[    0.300196] ACPI: [Firmware Bug]: BIOS _OSI(Linux) query ignored
[    0.305799] ACPI: _OSC evaluation for CPUs failed, trying _PDC
[    0.306897] ACPI: Interpreter enabled
[    0.306914] ACPI: PM: (supports S0 S3 S4 S5)
[    0.306916] ACPI: Using IOAPIC for interrupt routing
[    0.308669] PCI: Using host bridge windows from ACPI; if necessary, use "pci=nocrs" and report a bug
[    0.308671] PCI: Ignoring E820 reservations for host bridge windows
[    0.309272] ACPI: Enabled 8 GPEs in block 00 to 1F
[    0.325901] ACPI: PCI Root Bridge [PCI0] (domain 0000 [bus 00-ff])
[    0.325906] acpi PNP0A08:00: _OSC: OS supports [ExtendedConfig ASPM ClockPM Segments MSI EDR HPX-Type3]
[    0.326028] acpi PNP0A08:00: _OSC: platform does not support [SHPCHotplug LTR DPC]
[    0.326250] acpi PNP0A08:00: _OSC: OS now controls [PCIeHotplug PME AER PCIeCapability]
[    0.326261] acpi PNP0A08:00: [Firmware Info]: ECAM [mem 0xf0000000-0xf7ffffff] for domain 0000 [bus 00-7f] only partially covers this bridge
[    0.326874] PCI host bridge to bus 0000:00
[    0.326875] pci_bus 0000:00: root bus resource [io  0x0000-0x03af window]
[    0.326878] pci_bus 0000:00: root bus resource [io  0x03e0-0x0cf7 window]
[    0.326879] pci_bus 0000:00: root bus resource [io  0x03b0-0x03df window]
[    0.326881] pci_bus 0000:00: root bus resource [io  0x0d00-0xffff window]
[    0.326882] pci_bus 0000:00: root bus resource [mem 0x000a0000-0x000dffff window]
[    0.326884] pci_bus 0000:00: root bus resource [mem 0xc0000000-0xfcffffff window]
[    0.326885] pci_bus 0000:00: root bus resource [mem 0x840000000-0x7fffffffff window]
[    0.326887] pci_bus 0000:00: root bus resource [bus 00-ff]
[    0.326905] pci 0000:00:00.0: [1022:1480] type 00 class 0x060000 conventional PCI endpoint
[    0.327012] pci 0000:00:01.0: [1022:1482] type 00 class 0x060000 conventional PCI endpoint
[    0.327077] pci 0000:00:01.1: [1022:1483] type 01 class 0x060400 PCIe Root Port
[    0.327094] pci 0000:00:01.1: PCI bridge to [bus 01]
[    0.327100] pci 0000:00:01.1:   bridge window [mem 0xfcf00000-0xfcffffff]
[    0.327114] pci 0000:00:01.1: enabling Extended Tags
[    0.327163] pci 0000:00:01.1: PME# supported from D0 D3hot D3cold
[    0.327300] pci 0000:00:01.2: [1022:1483] type 01 class 0x060400 PCIe Root Port
[    0.327317] pci 0000:00:01.2: PCI bridge to [bus 02-05]
[    0.327321] pci 0000:00:01.2:   bridge window [io  0xf000-0xffff]
[    0.327324] pci 0000:00:01.2:   bridge window [mem 0xfcc00000-0xfcefffff]
[    0.327338] pci 0000:00:01.2: enabling Extended Tags
[    0.327385] pci 0000:00:01.2: PME# supported from D0 D3hot D3cold
[    0.327553] pci 0000:00:02.0: [1022:1482] type 00 class 0x060000 conventional PCI endpoint
[    0.327616] pci 0000:00:03.0: [1022:1482] type 00 class 0x060000 conventional PCI endpoint
[    0.327677] pci 0000:00:03.1: [1022:1483] type 01 class 0x060400 PCIe Root Port
[    0.327691] pci 0000:00:03.1: PCI bridge to [bus 06-08]
[    0.327695] pci 0000:00:03.1:   bridge window [io  0xe000-0xefff]
[    0.327698] pci 0000:00:03.1:   bridge window [mem 0xfc500000-0xfc8fffff]
[    0.327704] pci 0000:00:03.1:   bridge window [mem 0x7000000000-0x780fffffff 64bit pref]
[    0.327751] pci 0000:00:03.1: PME# supported from D0 D3hot D3cold
[    0.327878] pci 0000:00:04.0: [1022:1482] type 00 class 0x060000 conventional PCI endpoint
[    0.327942] pci 0000:00:05.0: [1022:1482] type 00 class 0x060000 conventional PCI endpoint
[    0.328004] pci 0000:00:07.0: [1022:1482] type 00 class 0x060000 conventional PCI endpoint
[    0.328064] pci 0000:00:07.1: [1022:1484] type 01 class 0x060400 PCIe Root Port
[    0.328077] pci 0000:00:07.1: PCI bridge to [bus 09]
[    0.328089] pci 0000:00:07.1: enabling Extended Tags
[    0.328124] pci 0000:00:07.1: PME# supported from D0 D3hot D3cold
[    0.328237] pci 0000:00:08.0: [1022:1482] type 00 class 0x060000 conventional PCI endpoint
[    0.328298] pci 0000:00:08.1: [1022:1484] type 01 class 0x060400 PCIe Root Port
[    0.328311] pci 0000:00:08.1: PCI bridge to [bus 0a]
[    0.328316] pci 0000:00:08.1:   bridge window [mem 0xfc900000-0xfcbfffff]
[    0.328327] pci 0000:00:08.1: enabling Extended Tags
[    0.328365] pci 0000:00:08.1: PME# supported from D0 D3hot D3cold
[    0.328508] pci 0000:00:14.0: [1022:790b] type 00 class 0x0c0500 conventional PCI endpoint
[    0.328612] pci 0000:00:14.3: [1022:790e] type 00 class 0x060100 conventional PCI endpoint
[    0.328731] pci 0000:00:18.0: [1022:1440] type 00 class 0x060000 conventional PCI endpoint
[    0.328777] pci 0000:00:18.1: [1022:1441] type 00 class 0x060000 conventional PCI endpoint
[    0.328817] pci 0000:00:18.2: [1022:1442] type 00 class 0x060000 conventional PCI endpoint
[    0.328857] pci 0000:00:18.3: [1022:1443] type 00 class 0x060000 conventional PCI endpoint
[    0.328898] pci 0000:00:18.4: [1022:1444] type 00 class 0x060000 conventional PCI endpoint
[    0.328939] pci 0000:00:18.5: [1022:1445] type 00 class 0x060000 conventional PCI endpoint
[    0.328978] pci 0000:00:18.6: [1022:1446] type 00 class 0x060000 conventional PCI endpoint
[    0.329018] pci 0000:00:18.7: [1022:1447] type 00 class 0x060000 conventional PCI endpoint
[    0.329126] pci 0000:01:00.0: [8086:faf0] type 00 class 0x010802 PCIe Endpoint
[    0.329173] pci 0000:01:00.0: BAR 0 [mem 0xfcf00000-0xfcf03fff 64bit]
[    0.329387] pci 0000:00:01.1: PCI bridge to [bus 01]
[    0.329466] pci 0000:02:00.0: [1022:43ee] type 00 class 0x0c0330 PCIe Legacy Endpoint
[    0.329505] pci 0000:02:00.0: BAR 0 [mem 0xfcea0000-0xfcea7fff 64bit]
[    0.329517] pci 0000:02:00.0: enabling Extended Tags
[    0.329575] pci 0000:02:00.0: PME# supported from D3hot D3cold
[    0.329727] pci 0000:02:00.1: [1022:43eb] type 00 class 0x010601 PCIe Legacy Endpoint
[    0.329772] pci 0000:02:00.1: BAR 5 [mem 0xfce80000-0xfce9ffff]
[    0.329774] pci 0000:02:00.1: ROM [mem 0xfce00000-0xfce7ffff pref]
[    0.329782] pci 0000:02:00.1: enabling Extended Tags
[    0.329825] pci 0000:02:00.1: PME# supported from D3hot D3cold
[    0.329930] pci 0000:02:00.2: [1022:43e9] type 01 class 0x060400 PCIe Switch Upstream Port
[    0.329956] pci 0000:02:00.2: PCI bridge to [bus 03-05]
[    0.329962] pci 0000:02:00.2:   bridge window [io  0xf000-0xffff]
[    0.329966] pci 0000:02:00.2:   bridge window [mem 0xfcc00000-0xfcdfffff]
[    0.329987] pci 0000:02:00.2: enabling Extended Tags
[    0.330036] pci 0000:02:00.2: PME# supported from D3hot D3cold
[    0.330166] pci 0000:00:01.2: PCI bridge to [bus 02-05]
[    0.330309] pci 0000:03:00.0: [1022:43ea] type 01 class 0x060400 PCIe Switch Downstream Port
[    0.330336] pci 0000:03:00.0: PCI bridge to [bus 04]
[    0.330342] pci 0000:03:00.0:   bridge window [io  0xf000-0xffff]
[    0.330346] pci 0000:03:00.0:   bridge window [mem 0xfcd00000-0xfcdfffff]
[    0.330369] pci 0000:03:00.0: enabling Extended Tags
[    0.330428] pci 0000:03:00.0: PME# supported from D3hot D3cold
[    0.330559] pci 0000:03:01.0: [1022:43ea] type 01 class 0x060400 PCIe Switch Downstream Port
[    0.330586] pci 0000:03:01.0: PCI bridge to [bus 05]
[    0.330595] pci 0000:03:01.0:   bridge window [mem 0xfcc00000-0xfccfffff]
[    0.330619] pci 0000:03:01.0: enabling Extended Tags
[    0.330678] pci 0000:03:01.0: PME# supported from D3hot D3cold
[    0.330813] pci 0000:02:00.2: PCI bridge to [bus 03-05]
[    0.330893] pci 0000:04:00.0: [10ec:8168] type 00 class 0x020000 PCIe Endpoint
[    0.330976] pci 0000:04:00.0: BAR 0 [io  0xf000-0xf0ff]
[    0.330984] pci 0000:04:00.0: BAR 2 [mem 0xfcd04000-0xfcd04fff 64bit]
[    0.330989] pci 0000:04:00.0: BAR 4 [mem 0xfcd00000-0xfcd03fff 64bit]
[    0.331148] pci 0000:04:00.0: supports D1 D2
[    0.331150] pci 0000:04:00.0: PME# supported from D0 D1 D2 D3hot D3cold
[    0.331414] pci 0000:03:00.0: PCI bridge to [bus 04]
[    0.331540] pci 0000:05:00.0: [8086:24fb] type 00 class 0x028000 PCIe Endpoint
[    0.331647] pci 0000:05:00.0: BAR 0 [mem 0xfcc00000-0xfcc01fff 64bit]
[    0.331840] pci 0000:05:00.0: PME# supported from D0 D3hot D3cold
[    0.332162] pci 0000:03:01.0: PCI bridge to [bus 05]
[    0.332252] pci 0000:06:00.0: [1002:1478] type 01 class 0x060400 PCIe Switch Upstream Port
[    0.332273] pci 0000:06:00.0: BAR 0 [mem 0xfc800000-0xfc803fff]
[    0.332277] pci 0000:06:00.0: PCI bridge to [bus 07-08]
[    0.332283] pci 0000:06:00.0:   bridge window [io  0xe000-0xefff]
[    0.332286] pci 0000:06:00.0:   bridge window [mem 0xfc500000-0xfc7fffff]
[    0.332295] pci 0000:06:00.0:   bridge window [mem 0x7000000000-0x780fffffff 64bit pref]
[    0.332374] pci 0000:06:00.0: PME# supported from D0 D3hot D3cold
[    0.332547] pci 0000:00:03.1: PCI bridge to [bus 06-08]
[    0.332618] pci 0000:07:00.0: [1002:1479] type 01 class 0x060400 PCIe Switch Downstream Port
[    0.332641] pci 0000:07:00.0: PCI bridge to [bus 08]
[    0.332646] pci 0000:07:00.0:   bridge window [io  0xe000-0xefff]
[    0.332649] pci 0000:07:00.0:   bridge window [mem 0xfc500000-0xfc7fffff]
[    0.332658] pci 0000:07:00.0:   bridge window [mem 0x7000000000-0x780fffffff 64bit pref]
[    0.332740] pci 0000:07:00.0: PME# supported from D0 D3hot D3cold
[    0.333539] pci 0000:06:00.0: PCI bridge to [bus 07-08]
[    0.333619] pci 0000:08:00.0: [1002:744c] type 00 class 0x030000 PCIe Legacy Endpoint
[    0.333654] pci 0000:08:00.0: BAR 0 [mem 0x7000000000-0x77ffffffff 64bit pref]
[    0.333657] pci 0000:08:00.0: BAR 2 [mem 0x7800000000-0x780fffffff 64bit pref]
[    0.333660] pci 0000:08:00.0: BAR 4 [io  0xe000-0xe0ff]
[    0.333662] pci 0000:08:00.0: BAR 5 [mem 0xfc600000-0xfc6fffff]
[    0.333664] pci 0000:08:00.0: ROM [mem 0xfc700000-0xfc71ffff pref]
[    0.333755] pci 0000:08:00.0: PME# supported from D1 D2 D3hot D3cold
[    0.333933] pci 0000:08:00.1: [1002:ab30] type 00 class 0x040300 PCIe Legacy Endpoint
[    0.333965] pci 0000:08:00.1: BAR 0 [mem 0xfc724000-0xfc727fff]
[    0.334028] pci 0000:08:00.1: PME# supported from D1 D2 D3hot D3cold
[    0.334144] pci 0000:08:00.2: [1002:7446] type 00 class 0x0c0330 PCIe Endpoint
[    0.334178] pci 0000:08:00.2: BAR 0 [mem 0xfc500000-0xfc5fffff 64bit]
[    0.334244] pci 0000:08:00.2: PME# supported from D0 D3hot D3cold
[    0.334339] pci 0000:08:00.3: [1002:7444] type 00 class 0x0c8000 PCIe Endpoint
[    0.334371] pci 0000:08:00.3: BAR 0 [mem 0xfc720000-0xfc723fff 64bit]
[    0.334432] pci 0000:08:00.3: PME# supported from D0 D3hot
[    0.334555] pci 0000:07:00.0: PCI bridge to [bus 08]
[    0.334616] pci 0000:09:00.0: [1022:148a] type 00 class 0x130000 PCIe Endpoint
[    0.334641] pci 0000:09:00.0: enabling Extended Tags
[    0.334779] pci 0000:00:07.1: PCI bridge to [bus 09]
[    0.334841] pci 0000:0a:00.0: [1022:1485] type 00 class 0x130000 PCIe Endpoint
[    0.334868] pci 0000:0a:00.0: enabling Extended Tags
[    0.334994] pci 0000:0a:00.1: [1022:1486] type 00 class 0x108000 PCIe Endpoint
[    0.335017] pci 0000:0a:00.1: BAR 2 [mem 0xfca00000-0xfcafffff]
[    0.335020] pci 0000:0a:00.1: BAR 5 [mem 0xfcb08000-0xfcb09fff]
[    0.335025] pci 0000:0a:00.1: enabling Extended Tags
[    0.335133] pci 0000:0a:00.3: [1022:149c] type 00 class 0x0c0330 PCIe Endpoint
[    0.335156] pci 0000:0a:00.3: BAR 0 [mem 0xfc900000-0xfc9fffff 64bit]
[    0.335164] pci 0000:0a:00.3: enabling Extended Tags
[    0.335202] pci 0000:0a:00.3: PME# supported from D0 D3hot D3cold
[    0.335309] pci 0000:0a:00.4: [1022:1487] type 00 class 0x040300 PCIe Endpoint
[    0.335330] pci 0000:0a:00.4: BAR 0 [mem 0xfcb00000-0xfcb07fff]
[    0.335338] pci 0000:0a:00.4: enabling Extended Tags
[    0.335374] pci 0000:0a:00.4: PME# supported from D0 D3hot D3cold
[    0.335479] pci 0000:00:08.1: PCI bridge to [bus 0a]
[    0.337194] ACPI: PCI: Interrupt link LNKA configured for IRQ 0
[    0.337260] ACPI: PCI: Interrupt link LNKB configured for IRQ 0
[    0.337319] ACPI: PCI: Interrupt link LNKC configured for IRQ 0
[    0.337390] ACPI: PCI: Interrupt link LNKD configured for IRQ 0
[    0.337455] ACPI: PCI: Interrupt link LNKE configured for IRQ 0
[    0.337509] ACPI: PCI: Interrupt link LNKF configured for IRQ 0
[    0.337563] ACPI: PCI: Interrupt link LNKG configured for IRQ 0
[    0.337617] ACPI: PCI: Interrupt link LNKH configured for IRQ 0
[    0.338767] iommu: Default domain type: Translated
[    0.338767] iommu: DMA domain TLB invalidation policy: lazy mode
[    0.338912] SCSI subsystem initialized
[    0.338923] libata version 3.00 loaded.
[    0.338923] ACPI: bus type USB registered
[    0.338923] usbcore: registered new interface driver usbfs
[    0.338923] usbcore: registered new interface driver hub
[    0.338923] usbcore: registered new device driver usb
[    0.338923] pps_core: LinuxPPS API ver. 1 registered
[    0.338923] pps_core: Software ver. 5.3.6 - Copyright 2005-2007 Rodolfo Giometti <giometti@linux.it>
[    0.338923] PTP clock support registered
[    0.339754] EDAC MC: Ver: 3.0.0
[    0.339890] efivars: Registered efivars operations
[    0.339940] NetLabel: Initializing
[    0.339942] NetLabel:  domain hash size = 128
[    0.339943] NetLabel:  protocols = UNLABELED CIPSOv4 CALIPSO
[    0.339962] NetLabel:  unlabeled traffic allowed by default
[    0.339976] mctp: management component transport protocol core
[    0.339976] NET: Registered PF_MCTP protocol family
[    0.339976] PCI: Using ACPI for IRQ routing
[    0.343067] PCI: pci_cache_line_size set to 64 bytes
[    0.343263] e820: reserve RAM buffer [mem 0x09bff000-0x0bffffff]
[    0.343265] e820: reserve RAM buffer [mem 0x0a200000-0x0bffffff]
[    0.343266] e820: reserve RAM buffer [mem 0x0b000000-0x0bffffff]
[    0.343267] e820: reserve RAM buffer [mem 0xb75c8018-0xb7ffffff]
[    0.343268] e820: reserve RAM buffer [mem 0xba953000-0xbbffffff]
[    0.343269] e820: reserve RAM buffer [mem 0xbb31c000-0xbbffffff]
[    0.343271] e820: reserve RAM buffer [mem 0xbf000000-0xbfffffff]
[    0.343272] e820: reserve RAM buffer [mem 0x83f380000-0x83fffffff]
[    0.343746] pci 0000:08:00.0: vgaarb: setting as boot VGA device
[    0.343748] pci 0000:08:00.0: vgaarb: bridge control possible
[    0.343749] pci 0000:08:00.0: vgaarb: VGA device added: decodes=io+mem,owns=none,locks=none
[    0.343752] vgaarb: loaded
[    0.343780] hpet0: at MMIO 0xfed00000, IRQs 2, 8, 0
[    0.343785] hpet0: 3 comparators, 32-bit 14.318180 MHz counter
[    0.345787] clocksource: Switched to clocksource tsc-early
[    0.346513] VFS: Disk quotas dquot_6.6.0
[    0.346527] VFS: Dquot-cache hash table entries: 512 (order 0, 4096 bytes)
[    0.346692] AppArmor: AppArmor Filesystem Enabled
[    0.346719] pnp: PnP ACPI init
[    0.346810] system 00:00: [mem 0xf0000000-0xf7ffffff] has been reserved
[    0.346852] system 00:01: [mem 0xfeb80000-0xfebfffff] has been reserved
[    0.346936] system 00:02: [mem 0xfd200000-0xfd2fffff] has been reserved
[    0.347226] system 00:04: [io  0x0280-0x028f] has been reserved
[    0.347228] system 00:04: [io  0x0290-0x029f] has been reserved
[    0.347230] system 00:04: [io  0x02a0-0x02af] has been reserved
[    0.347232] system 00:04: [io  0x02b0-0x02bf] has been reserved
[    0.347529] pnp 00:05: [dma 0 disabled]
[    0.347857] system 00:06: [io  0x04d0-0x04d1] has been reserved
[    0.347859] system 00:06: [io  0x040b] has been reserved
[    0.347861] system 00:06: [io  0x04d6] has been reserved
[    0.347863] system 00:06: [io  0x0c00-0x0c01] has been reserved
[    0.347864] system 00:06: [io  0x0c14] has been reserved
[    0.347866] system 00:06: [io  0x0c50-0x0c51] has been reserved
[    0.347868] system 00:06: [io  0x0c52] has been reserved
[    0.347869] system 00:06: [io  0x0c6c] has been reserved
[    0.347871] system 00:06: [io  0x0c6f] has been reserved
[    0.347872] system 00:06: [io  0x0cd8-0x0cdf] has been reserved
[    0.347874] system 00:06: [io  0x0800-0x089f] has been reserved
[    0.347875] system 00:06: [io  0x0b00-0x0b0f] has been reserved
[    0.347877] system 00:06: [io  0x0b20-0x0b3f] has been reserved
[    0.347879] system 00:06: [io  0x0900-0x090f] has been reserved
[    0.347880] system 00:06: [io  0x0910-0x091f] has been reserved
[    0.347882] system 00:06: [mem 0xfec00000-0xfec00fff] could not be reserved
[    0.347884] system 00:06: [mem 0xfec01000-0xfec01fff] could not be reserved
[    0.347886] system 00:06: [mem 0xfedc0000-0xfedc0fff] has been reserved
[    0.347887] system 00:06: [mem 0xfee00000-0xfee00fff] has been reserved
[    0.347889] system 00:06: [mem 0xfed80000-0xfed8ffff] could not be reserved
[    0.347891] system 00:06: [mem 0xfec10000-0xfec10fff] has been reserved
[    0.347893] system 00:06: [mem 0xff000000-0xffffffff] has been reserved
[    0.348671] pnp: PnP ACPI: found 7 devices
[    0.354493] clocksource: acpi_pm: mask: 0xffffff max_cycles: 0xffffff, max_idle_ns: 2085701024 ns
[    0.354569] NET: Registered PF_INET protocol family
[    0.354734] IP idents hash table entries: 262144 (order: 9, 2097152 bytes, linear)
[    0.366850] tcp_listen_portaddr_hash hash table entries: 16384 (order: 6, 262144 bytes, linear)
[    0.366868] Table-perturb hash table entries: 65536 (order: 6, 262144 bytes, linear)
[    0.366939] TCP established hash table entries: 262144 (order: 9, 2097152 bytes, linear)
[    0.367194] TCP bind hash table entries: 65536 (order: 9, 2097152 bytes, linear)
[    0.367275] TCP: Hash tables configured (established 262144 bind 65536)
[    0.367416] MPTCP token hash table entries: 32768 (order: 8, 786432 bytes, linear)
[    0.367455] UDP hash table entries: 16384 (order: 7, 524288 bytes, linear)
[    0.367506] UDP-Lite hash table entries: 16384 (order: 7, 524288 bytes, linear)
[    0.367588] NET: Registered PF_UNIX/PF_LOCAL protocol family
[    0.367595] NET: Registered PF_XDP protocol family
[    0.367607] pci 0000:00:01.1: PCI bridge to [bus 01]
[    0.367611] pci 0000:00:01.1:   bridge window [mem 0xfcf00000-0xfcffffff]
[    0.367617] pci 0000:03:00.0: PCI bridge to [bus 04]
[    0.367620] pci 0000:03:00.0:   bridge window [io  0xf000-0xffff]
[    0.367625] pci 0000:03:00.0:   bridge window [mem 0xfcd00000-0xfcdfffff]
[    0.367633] pci 0000:03:01.0: PCI bridge to [bus 05]
[    0.367637] pci 0000:03:01.0:   bridge window [mem 0xfcc00000-0xfccfffff]
[    0.367645] pci 0000:02:00.2: PCI bridge to [bus 03-05]
[    0.367647] pci 0000:02:00.2:   bridge window [io  0xf000-0xffff]
[    0.367652] pci 0000:02:00.2:   bridge window [mem 0xfcc00000-0xfcdfffff]
[    0.367659] pci 0000:00:01.2: PCI bridge to [bus 02-05]
[    0.367661] pci 0000:00:01.2:   bridge window [io  0xf000-0xffff]
[    0.367664] pci 0000:00:01.2:   bridge window [mem 0xfcc00000-0xfcefffff]
[    0.367670] pci 0000:07:00.0: PCI bridge to [bus 08]
[    0.367677] pci 0000:07:00.0:   bridge window [io  0xe000-0xefff]
[    0.367681] pci 0000:07:00.0:   bridge window [mem 0xfc500000-0xfc7fffff]
[    0.367684] pci 0000:07:00.0:   bridge window [mem 0x7000000000-0x780fffffff 64bit pref]
[    0.367689] pci 0000:06:00.0: PCI bridge to [bus 07-08]
[    0.367692] pci 0000:06:00.0:   bridge window [io  0xe000-0xefff]
[    0.367696] pci 0000:06:00.0:   bridge window [mem 0xfc500000-0xfc7fffff]
[    0.367699] pci 0000:06:00.0:   bridge window [mem 0x7000000000-0x780fffffff 64bit pref]
[    0.367704] pci 0000:00:03.1: PCI bridge to [bus 06-08]
[    0.367706] pci 0000:00:03.1:   bridge window [io  0xe000-0xefff]
[    0.367709] pci 0000:00:03.1:   bridge window [mem 0xfc500000-0xfc8fffff]
[    0.367712] pci 0000:00:03.1:   bridge window [mem 0x7000000000-0x780fffffff 64bit pref]
[    0.367715] pci 0000:00:07.1: PCI bridge to [bus 09]
[    0.367721] pci 0000:00:08.1: PCI bridge to [bus 0a]
[    0.367724] pci 0000:00:08.1:   bridge window [mem 0xfc900000-0xfcbfffff]
[    0.367729] pci_bus 0000:00: resource 4 [io  0x0000-0x03af window]
[    0.367731] pci_bus 0000:00: resource 5 [io  0x03e0-0x0cf7 window]
[    0.367732] pci_bus 0000:00: resource 6 [io  0x03b0-0x03df window]
[    0.367734] pci_bus 0000:00: resource 7 [io  0x0d00-0xffff window]
[    0.367735] pci_bus 0000:00: resource 8 [mem 0x000a0000-0x000dffff window]
[    0.367737] pci_bus 0000:00: resource 9 [mem 0xc0000000-0xfcffffff window]
[    0.367738] pci_bus 0000:00: resource 10 [mem 0x840000000-0x7fffffffff window]
[    0.367740] pci_bus 0000:01: resource 1 [mem 0xfcf00000-0xfcffffff]
[    0.367742] pci_bus 0000:02: resource 0 [io  0xf000-0xffff]
[    0.367743] pci_bus 0000:02: resource 1 [mem 0xfcc00000-0xfcefffff]
[    0.367745] pci_bus 0000:03: resource 0 [io  0xf000-0xffff]
[    0.367746] pci_bus 0000:03: resource 1 [mem 0xfcc00000-0xfcdfffff]
[    0.367748] pci_bus 0000:04: resource 0 [io  0xf000-0xffff]
[    0.367749] pci_bus 0000:04: resource 1 [mem 0xfcd00000-0xfcdfffff]
[    0.367751] pci_bus 0000:05: resource 1 [mem 0xfcc00000-0xfccfffff]
[    0.367752] pci_bus 0000:06: resource 0 [io  0xe000-0xefff]
[    0.367754] pci_bus 0000:06: resource 1 [mem 0xfc500000-0xfc8fffff]
[    0.367755] pci_bus 0000:06: resource 2 [mem 0x7000000000-0x780fffffff 64bit pref]
[    0.367757] pci_bus 0000:07: resource 0 [io  0xe000-0xefff]
[    0.367758] pci_bus 0000:07: resource 1 [mem 0xfc500000-0xfc7fffff]
[    0.367759] pci_bus 0000:07: resource 2 [mem 0x7000000000-0x780fffffff 64bit pref]
[    0.367761] pci_bus 0000:08: resource 0 [io  0xe000-0xefff]
[    0.367762] pci_bus 0000:08: resource 1 [mem 0xfc500000-0xfc7fffff]
[    0.367764] pci_bus 0000:08: resource 2 [mem 0x7000000000-0x780fffffff 64bit pref]
[    0.367766] pci_bus 0000:0a: resource 1 [mem 0xfc900000-0xfcbfffff]
[    0.368053] pci 0000:08:00.1: D0 power state depends on 0000:08:00.0
[    0.368111] pci 0000:08:00.2: D0 power state depends on 0000:08:00.0
[    0.368332] pci 0000:08:00.3: D0 power state depends on 0000:08:00.0
[    0.368511] PCI: CLS 64 bytes, default 64
[    0.368524] PCI-DMA: Using software bounce buffering for IO (SWIOTLB)
[    0.368526] software IO TLB: mapped [mem 0x00000000b35c8000-0x00000000b75c8000] (64MB)
[    0.368571] LVT offset 0 assigned for vector 0x400
[    0.368571] Trying to unpack rootfs image as initramfs...
[    0.371964] perf: AMD IBS detected (0x000003ff)
[    0.372796] Initialise system trusted keyrings
[    0.372807] Key type blacklist registered
[    0.372843] workingset: timestamp_bits=36 max_order=23 bucket_order=0
[    0.372852] zbud: loaded
[    0.373084] squashfs: version 4.0 (2009/01/31) Phillip Lougher
[    0.373159] fuse: init (API version 7.39)
[    0.373288] integrity: Platform Keyring initialized
[    0.373291] integrity: Machine keyring initialized
[    0.381268] Key type asymmetric registered
[    0.381269] Asymmetric key parser 'x509' registered
[    0.381286] Block layer SCSI generic (bsg) driver version 0.4 loaded (major 243)
[    0.381323] io scheduler mq-deadline registered
[    0.382341] pcieport 0000:00:01.1: PME: Signaling with IRQ 27
[    0.382460] pcieport 0000:00:01.2: PME: Signaling with IRQ 28
[    0.382563] pcieport 0000:00:03.1: PME: Signaling with IRQ 29
[    0.382736] pcieport 0000:00:07.1: PME: Signaling with IRQ 31
[    0.382797] pcieport 0000:00:07.1: AER: enabled with IRQ 31
[    0.382887] pcieport 0000:00:08.1: PME: Signaling with IRQ 32
[    0.382941] pcieport 0000:00:08.1: AER: enabled with IRQ 32
[    0.383543] shpchp: Standard Hot Plug PCI Controller Driver version: 0.4
[    0.383703] input: Power Button as /devices/LNXSYSTM:00/LNXSYBUS:00/PNP0C0C:00/input/input0
[    0.383724] ACPI: button: Power Button [PWRB]
[    0.383757] input: Power Button as /devices/LNXSYSTM:00/LNXPWRBN:00/input/input1
[    0.383801] ACPI: button: Power Button [PWRF]
[    0.384148] Estimated ratio of average max frequency by base frequency (times 1024): 1165
[    0.384162] Monitor-Mwait will be used to enter C-1 state
[    0.384170] ACPI: \_SB_.PLTF.C000: Found 2 idle states
[    0.384298] ACPI: \_SB_.PLTF.C002: Found 2 idle states
[    0.384411] ACPI: \_SB_.PLTF.C004: Found 2 idle states
[    0.384521] ACPI: \_SB_.PLTF.C006: Found 2 idle states
[    0.384632] ACPI: \_SB_.PLTF.C008: Found 2 idle states
[    0.384748] ACPI: \_SB_.PLTF.C00A: Found 2 idle states
[    0.384833] ACPI: \_SB_.PLTF.C00C: Found 2 idle states
[    0.384915] ACPI: \_SB_.PLTF.C00E: Found 2 idle states
[    0.385002] ACPI: \_SB_.PLTF.C001: Found 2 idle states
[    0.385111] ACPI: \_SB_.PLTF.C003: Found 2 idle states
[    0.385219] ACPI: \_SB_.PLTF.C005: Found 2 idle states
[    0.385329] ACPI: \_SB_.PLTF.C007: Found 2 idle states
[    0.385440] ACPI: \_SB_.PLTF.C009: Found 2 idle states
[    0.385547] ACPI: \_SB_.PLTF.C00B: Found 2 idle states
[    0.385662] ACPI: \_SB_.PLTF.C00D: Found 2 idle states
[    0.385744] ACPI: \_SB_.PLTF.C00F: Found 2 idle states
[    0.385968] Serial: 8250/16550 driver, 32 ports, IRQ sharing enabled
[    0.406665] 00:05: ttyS0 at I/O 0x3f8 (irq = 4, base_baud = 115200) is a 16550A
[    0.410155] Linux agpgart interface v0.103
[    0.426175] tpm_crb MSFT0101:00: Disabling hwrng
[    0.429883] loop: module loaded
[    0.430096] ACPI: bus type drm_connector registered
[    0.430806] tun: Universal TUN/TAP device driver, 1.6
[    0.430844] PPP generic driver version 2.4.2
[    0.430966] i8042: PNP: No PS/2 controller found.
[    0.431015] mousedev: PS/2 mouse device common for all mice
[    0.431099] rtc_cmos 00:03: RTC can wake from S4
[    0.431320] rtc_cmos 00:03: registered as rtc0
[    0.431345] rtc_cmos 00:03: setting system clock to 2026-06-10T21:33:01 UTC (1781127181)
[    0.431376] rtc_cmos 00:03: alarms up to one month, y3k, 114 bytes nvram
[    0.431386] i2c_dev: i2c /dev entries driver
[    0.431417] device-mapper: core: CONFIG_IMA_DISABLE_HTABLE is disabled. Duplicate IMA measurements will not be recorded in the IMA log.
[    0.431428] device-mapper: uevent: version 1.0.3
[    0.431482] device-mapper: ioctl: 4.48.0-ioctl (2023-03-01) initialised: dm-devel@redhat.com
[    0.431486] amd_pstate: driver load is disabled, boot with specific mode to enable this
[    0.431698] ledtrig-cpu: registered to indicate activity on CPUs
[    0.431783] drop_monitor: Initializing network drop monitor service
[    0.431883] NET: Registered PF_INET6 protocol family
[    0.454496] Freeing initrd memory: 73244K
[    0.459721] Segment Routing with IPv6
[    0.459735] In-situ OAM (IOAM) with IPv6
[    0.459771] NET: Registered PF_PACKET protocol family
[    0.459813] Key type dns_resolver registered
[    0.461159] microcode: Current revision: 0x0a201030
[    0.461419] resctrl: L3 allocation detected
[    0.461420] resctrl: MB allocation detected
[    0.461421] resctrl: L3 monitoring detected
[    0.461459] IPI shorthand broadcast: enabled
[    0.463269] sched_clock: Marking stable (462038339, 243924)->(478976675, -16694412)
[    0.463374] registered taskstats version 1
[    0.463826] Loading compiled-in X.509 certificates
[    0.464154] Loaded X.509 cert 'Build time autogenerated kernel key: 4616851849424b6aa13d3fe487d4bbc60db2a85f'
[    0.464425] Loaded X.509 cert 'Canonical Ltd. Live Patch Signing 2025 Kmod: d541cef61dc7e793b7eb7e899970a2eef0b5dc8c'
[    0.464695] Loaded X.509 cert 'Canonical Ltd. Live Patch Signing: 14df34d1a87cf37625abec039ef2bf521249b969'
[    0.464963] Loaded X.509 cert 'Canonical Ltd. Kernel Module Signing 2025 Kmod: 4627603d2357a2a3f81006370894c221175893e9'
[    0.465228] Loaded X.509 cert 'Canonical Ltd. Kernel Module Signing: 88f752e560a1e0737e31163a466ad7b70a850c19'
[    0.465230] blacklist: Loading compiled-in revocation X.509 certificates
[    0.465245] Loaded X.509 cert 'Canonical Ltd. Secure Boot Signing: 61482aa2830d0ab2ad5af10b7250da9033ddcef0'
[    0.465255] Loaded X.509 cert 'Canonical Ltd. Secure Boot Signing (2017): 242ade75ac4a15e50d50c84b0d45ff3eae707a03'
[    0.465265] Loaded X.509 cert 'Canonical Ltd. Secure Boot Signing (ESM 2018): 365188c1d374d6b07c3c8f240f8ef722433d6a8b'
[    0.465275] Loaded X.509 cert 'Canonical Ltd. Secure Boot Signing (2019): c0746fd6c5da3ae827864651ad66ae47fe24b3e8'
[    0.465286] Loaded X.509 cert 'Canonical Ltd. Secure Boot Signing (2021 v1): a8d54bbb3825cfb94fa13c9f8a594a195c107b8d'
[    0.465297] Loaded X.509 cert 'Canonical Ltd. Secure Boot Signing (2021 v2): 4cf046892d6fd3c9a5b03f98d845f90851dc6a8c'
[    0.465307] Loaded X.509 cert 'Canonical Ltd. Secure Boot Signing (2021 v3): 100437bb6de6e469b581e61cd66bce3ef4ed53af'
[    0.465317] Loaded X.509 cert 'Canonical Ltd. Secure Boot Signing (Ubuntu Core 2019): c1d57b8f6b743f23ee41f4f7ee292f06eecadfb9'
[    0.469126] Key type .fscrypt registered
[    0.469128] Key type fscrypt-provisioning registered
[    0.469170] Key type trusted registered
[    0.480666] Key type encrypted registered
[    0.480669] AppArmor: AppArmor sha256 policy hashing enabled
[    0.480764] Loading compiled-in module X.509 certificates
[    0.481106] Loaded X.509 cert 'Build time autogenerated kernel key: 4616851849424b6aa13d3fe487d4bbc60db2a85f'
[    0.481108] ima: Allocated hash algorithm: sha256
[    0.514331] ima: No architecture policies found
[    0.514344] evm: Initialising EVM extended attributes:
[    0.514346] evm: security.selinux
[    0.514347] evm: security.SMACK64
[    0.514349] evm: security.SMACK64EXEC
[    0.514350] evm: security.SMACK64TRANSMUTE
[    0.514351] evm: security.SMACK64MMAP
[    0.514352] evm: security.apparmor
[    0.514353] evm: security.ima
[    0.514355] evm: security.capability
[    0.514356] evm: HMAC attrs: 0x1
[    0.514668] PM:   Magic number: 14:10:601
[    0.539534] RAS: Correctable Errors collector initialized.
[    0.539717] clk: Disabling unused clocks
[    0.541688] Freeing unused decrypted memory: 2028K
[    0.542512] Freeing unused kernel image (initmem) memory: 4924K
[    0.542515] Write protecting the kernel read-only data: 38912k
[    0.543164] Freeing unused kernel image (rodata/data gap) memory: 1968K
[    0.586259] x86/mm: Checked W+X mappings: passed, no W+X pages found.
[    0.586264] Run /init as init process
[    0.586265]   with arguments:
[    0.586267]     /init
[    0.586268]     splash
[    0.586269]   with environment:
[    0.586270]     HOME=/
[    0.586271]     TERM=linux
[    0.727642] xhci_hcd 0000:02:00.0: xHCI Host Controller
[    0.727653] xhci_hcd 0000:02:00.0: new USB bus registered, assigned bus number 1
[    0.727653] ahci 0000:02:00.1: version 3.0
[    0.727828] ahci 0000:02:00.1: SSS flag set, parallel bus scan disabled
[    0.727885] ahci 0000:02:00.1: AHCI 0001.0301 32 slots 6 ports 6 Gbps 0x3f impl SATA mode
[    0.727889] ahci 0000:02:00.1: flags: 64bit ncq sntf stag pm led clo only pmp pio slum part sxs deso sadm sds apst 
[    0.728732] scsi host0: ahci
[    0.729544] scsi host1: ahci
[    0.729685] scsi host2: ahci
[    0.729805] scsi host3: ahci
[    0.729967] scsi host4: ahci
[    0.730104] scsi host5: ahci
[    0.730188] ata1: SATA max UDMA/133 abar m131072@0xfce80000 port 0xfce80100 irq 39 lpm-pol 0
[    0.730192] ata2: SATA max UDMA/133 abar m131072@0xfce80000 port 0xfce80180 irq 39 lpm-pol 0
[    0.730195] ata3: SATA max UDMA/133 abar m131072@0xfce80000 port 0xfce80200 irq 39 lpm-pol 0
[    0.730197] ata4: SATA max UDMA/133 abar m131072@0xfce80000 port 0xfce80280 irq 39 lpm-pol 0
[    0.730200] ata5: SATA max UDMA/133 abar m131072@0xfce80000 port 0xfce80300 irq 39 lpm-pol 0
[    0.730202] ata6: SATA max UDMA/133 abar m131072@0xfce80000 port 0xfce80380 irq 39 lpm-pol 0
[    0.739266] r8169 0000:04:00.0 eth0: RTL8168h/8111h, a8:a1:59:34:d6:1c, XID 541, IRQ 40
[    0.739270] r8169 0000:04:00.0 eth0: jumbo features [frames: 9194 bytes, tx checksumming: ko]
[    0.782947] xhci_hcd 0000:02:00.0: hcc params 0x0200ef81 hci version 0x110 quirks 0x0000000000000010
[    0.783226] xhci_hcd 0000:02:00.0: xHCI Host Controller
[    0.783229] xhci_hcd 0000:02:00.0: new USB bus registered, assigned bus number 2
[    0.783232] xhci_hcd 0000:02:00.0: Host supports USB 3.1 Enhanced SuperSpeed
[    0.783304] usb usb1: New USB device found, idVendor=1d6b, idProduct=0002, bcdDevice= 6.08
[    0.783307] usb usb1: New USB device strings: Mfr=3, Product=2, SerialNumber=1
[    0.783308] usb usb1: Product: xHCI Host Controller
[    0.783310] usb usb1: Manufacturer: Linux 6.8.0-117-generic xhci-hcd
[    0.783311] usb usb1: SerialNumber: 0000:02:00.0
[    0.783446] hub 1-0:1.0: USB hub found
[    0.783470] hub 1-0:1.0: 10 ports detected
[    0.783869] usb usb2: We don't know the algorithms for LPM for this host, disabling LPM.
[    0.783890] usb usb2: New USB device found, idVendor=1d6b, idProduct=0003, bcdDevice= 6.08
[    0.783892] usb usb2: New USB device strings: Mfr=3, Product=2, SerialNumber=1
[    0.783893] usb usb2: Product: xHCI Host Controller
[    0.783895] usb usb2: Manufacturer: Linux 6.8.0-117-generic xhci-hcd
[    0.783896] usb usb2: SerialNumber: 0000:02:00.0
[    0.783974] hub 2-0:1.0: USB hub found
[    0.783983] hub 2-0:1.0: 4 ports detected
[    0.784301] xhci_hcd 0000:08:00.2: xHCI Host Controller
[    0.784305] xhci_hcd 0000:08:00.2: new USB bus registered, assigned bus number 3
[    0.784667] xhci_hcd 0000:08:00.2: hcc params 0x0110ffc5 hci version 0x120 quirks 0x0000000200000010
[    0.784867] xhci_hcd 0000:08:00.2: xHCI Host Controller
[    0.784870] xhci_hcd 0000:08:00.2: new USB bus registered, assigned bus number 4
[    0.784872] xhci_hcd 0000:08:00.2: Host supports USB 3.1 Enhanced SuperSpeed
[    0.784903] usb usb3: New USB device found, idVendor=1d6b, idProduct=0002, bcdDevice= 6.08
[    0.784904] usb usb3: New USB device strings: Mfr=3, Product=2, SerialNumber=1
[    0.784906] usb usb3: Product: xHCI Host Controller
[    0.784907] usb usb3: Manufacturer: Linux 6.8.0-117-generic xhci-hcd
[    0.784909] usb usb3: SerialNumber: 0000:08:00.2
[    0.784982] hub 3-0:1.0: USB hub found
[    0.784988] hub 3-0:1.0: 1 port detected
[    0.785068] usb usb4: We don't know the algorithms for LPM for this host, disabling LPM.
[    0.785088] usb usb4: New USB device found, idVendor=1d6b, idProduct=0003, bcdDevice= 6.08
[    0.785090] usb usb4: New USB device strings: Mfr=3, Product=2, SerialNumber=1
[    0.785091] usb usb4: Product: xHCI Host Controller
[    0.785093] usb usb4: Manufacturer: Linux 6.8.0-117-generic xhci-hcd
[    0.785094] usb usb4: SerialNumber: 0000:08:00.2
[    0.785165] hub 4-0:1.0: USB hub found
[    0.785171] hub 4-0:1.0: 1 port detected
[    0.785284] xhci_hcd 0000:0a:00.3: xHCI Host Controller
[    0.785288] xhci_hcd 0000:0a:00.3: new USB bus registered, assigned bus number 5
[    0.785391] xhci_hcd 0000:0a:00.3: hcc params 0x0278ffe5 hci version 0x110 quirks 0x0000000000000010
[    0.785600] xhci_hcd 0000:0a:00.3: xHCI Host Controller
[    0.785604] xhci_hcd 0000:0a:00.3: new USB bus registered, assigned bus number 6
[    0.785606] xhci_hcd 0000:0a:00.3: Host supports USB 3.1 Enhanced SuperSpeed
[    0.785636] usb usb5: New USB device found, idVendor=1d6b, idProduct=0002, bcdDevice= 6.08
[    0.785638] usb usb5: New USB device strings: Mfr=3, Product=2, SerialNumber=1
[    0.785639] usb usb5: Product: xHCI Host Controller
[    0.785640] usb usb5: Manufacturer: Linux 6.8.0-117-generic xhci-hcd
[    0.785642] usb usb5: SerialNumber: 0000:0a:00.3
[    0.785733] hub 5-0:1.0: USB hub found
[    0.785740] hub 5-0:1.0: 4 ports detected
[    0.785942] usb usb6: We don't know the algorithms for LPM for this host, disabling LPM.
[    0.785962] usb usb6: New USB device found, idVendor=1d6b, idProduct=0003, bcdDevice= 6.08
[    0.785964] usb usb6: New USB device strings: Mfr=3, Product=2, SerialNumber=1
[    0.785965] usb usb6: Product: xHCI Host Controller
[    0.785966] usb usb6: Manufacturer: Linux 6.8.0-117-generic xhci-hcd
[    0.785968] usb usb6: SerialNumber: 0000:0a:00.3
[    0.786046] hub 6-0:1.0: USB hub found
[    0.786053] hub 6-0:1.0: 4 ports detected
[    1.027046] usb 5-2: new high-speed USB device number 2 using xhci_hcd
[    1.038344] ata1: SATA link down (SStatus 0 SControl 300)
[    1.089052] usb 1-6: new full-speed USB device number 2 using xhci_hcd
[    1.156632] usb 5-2: New USB device found, idVendor=2357, idProduct=011e, bcdDevice= 2.00
[    1.156639] usb 5-2: New USB device strings: Mfr=1, Product=2, SerialNumber=3
[    1.156642] usb 5-2: Product: 802.11ac WLAN Adapter 
[    1.156644] usb 5-2: Manufacturer: Realtek 
[    1.156646] usb 5-2: SerialNumber: 00e04c000001
[    1.424535] tsc: Refined TSC clocksource calibration: 3792.874 MHz
[    1.424548] clocksource: tsc: mask: 0xffffffffffffffff max_cycles: 0x6d5818a734c, max_idle_ns: 881590694765 ns
[    1.424584] clocksource: Switched to clocksource tsc
[    1.462601] usb 1-6: New USB device found, idVendor=1e71, idProduct=2007, bcdDevice= 2.00
[    1.462611] usb 1-6: New USB device strings: Mfr=1, Product=2, SerialNumber=3
[    1.462615] usb 1-6: Product: NZXT USB Device
[    1.462619] usb 1-6: Manufacturer: NZXT. - Inc.
[    1.462622] usb 1-6: SerialNumber: 00000000001A
[    1.504614] ata2: SATA link up 6.0 Gbps (SStatus 133 SControl 300)
[    1.508341] ata2.00: ATA-9: TEAM T253X2001T, S1230A0, max UDMA/133
[    1.510141] ata2.00: 2000409264 sectors, multi 1: LBA48 NCQ (depth 32), AA
[    1.516821] ata2.00: Features: Dev-Sleep
[    1.532347] ata2.00: configured for UDMA/133
[    1.532609] scsi 1:0:0:0: Direct-Access     ATA      TEAM T253X2001T  0A0  PQ: 0 ANSI: 5
[    1.532992] sd 1:0:0:0: Attached scsi generic sg0 type 0
[    1.533058] sd 1:0:0:0: [sda] 2000409264 512-byte logical blocks: (1.02 TB/954 GiB)
[    1.533069] sd 1:0:0:0: [sda] Write Protect is off
[    1.533072] sd 1:0:0:0: [sda] Mode Sense: 00 3a 00 00
[    1.533085] sd 1:0:0:0: [sda] Write cache: enabled, read cache: enabled, doesn't support DPO or FUA
[    1.533104] sd 1:0:0:0: [sda] Preferred minimum I/O size 512 bytes
[    1.533743]  sda: sda1 sda2 sda3
[    1.533896] sd 1:0:0:0: [sda] Attached SCSI disk
[    1.648564] usb 1-8: new full-speed USB device number 3 using xhci_hcd
[    1.838531] ata3: SATA link down (SStatus 0 SControl 330)
[    1.954755] usb 1-8: New USB device found, idVendor=26ce, idProduct=01a2, bcdDevice= 0.00
[    1.954764] usb 1-8: New USB device strings: Mfr=1, Product=2, SerialNumber=3
[    1.954769] usb 1-8: Product: LED Controller
[    1.954772] usb 1-8: Manufacturer: ASRock
[    1.954775] usb 1-8: SerialNumber: A02019100900
[    2.141535] usb 1-9: new full-speed USB device number 4 using xhci_hcd
[    2.150588] ata4: SATA link down (SStatus 0 SControl 330)
[    2.462592] ata5: SATA link down (SStatus 0 SControl 330)
[    2.512590] usb 1-9: New USB device found, idVendor=8087, idProduct=0aa7, bcdDevice= 0.01
[    2.512599] usb 1-9: New USB device strings: Mfr=0, Product=0, SerialNumber=0
[    2.775078] ata6: SATA link down (SStatus 0 SControl 330)
[    2.777085] r8169 0000:04:00.0 enp4s0: renamed from eth0
[    2.778024] nvme nvme0: pci function 0000:01:00.0
[    2.782720] hid: raw HID events driver (C) Jiri Kosina
[    2.786197] nvme nvme0: 8/0/0 default/read/poll queues
[    2.788847]  nvme0n1: p1 p2 p3
[    2.816323] usbcore: registered new interface driver usbhid
[    2.816326] usbhid: USB HID core driver
[    2.818094] hid-generic 0003:1E71:2007.0001: hiddev0,hidraw0: USB HID v1.11 Device [NZXT. - Inc. NZXT USB Device] on usb-0000:02:00.0-6/input0
[    2.818167] input: ASRock LED Controller as /devices/pci0000:00/0000:00:01.2/0000:02:00.0/usb1/1-8/1-8:1.0/0003:26CE:01A2.0002/input/input2
[    2.869710] hid-generic 0003:26CE:01A2.0002: input,hidraw1: USB HID v1.10 Device [ASRock LED Controller] on usb-0000:02:00.0-8/input0
[    3.942540] EXT4-fs (nvme0n1p3): mounted filesystem a076301c-b9f2-4913-9778-e6596aaa787b ro with ordered data mode. Quota mode: none.
[    4.022990] systemd[1]: Inserted module 'autofs4'
[    4.032932] systemd[1]: systemd 255.4-1ubuntu8.16 running in system mode (+PAM +AUDIT +SELINUX +APPARMOR +IMA +SMACK +SECCOMP +GCRYPT -GNUTLS +OPENSSL +ACL +BLKID +CURL +ELFUTILS +FIDO2 +IDN2 -IDN +IPTC +KMOD +LIBCRYPTSETUP +LIBFDISK +PCRE2 -PWQUALITY +P11KIT +QRENCODE +TPM2 +BZIP2 +LZ4 +XZ +ZLIB +ZSTD -BPF_FRAMEWORK -XKBCOMMON +UTMP +SYSVINIT default-hierarchy=unified)
[    4.032942] systemd[1]: Detected architecture x86-64.
[    4.033626] systemd[1]: Hostname set to <ubuntu-dualboot>.
[    4.101125] systemd[1]: Configuration file /run/systemd/system/netplan-ovs-cleanup.service is marked world-inaccessible. This has no effect as configuration data is accessible via APIs without restrictions. Proceeding anyway.
[    4.144964] systemd[1]: Queued start job for default target graphical.target.
[    4.159123] systemd[1]: Created slice system-modprobe.slice - Slice /system/modprobe.
[    4.159415] systemd[1]: Created slice system-systemd\x2dfsck.slice - Slice /system/systemd-fsck.
[    4.159615] systemd[1]: Created slice user.slice - User and Session Slice.
[    4.159661] systemd[1]: Started systemd-ask-password-wall.path - Forward Password Requests to Wall Directory Watch.
[    4.159786] systemd[1]: Set up automount proc-sys-fs-binfmt_misc.automount - Arbitrary Executable File Formats File System Automount Point.
[    4.159800] systemd[1]: Expecting device dev-disk-by\x2duuid-6EE4\x2d6614.device - /dev/disk/by-uuid/6EE4-6614...
[    4.159812] systemd[1]: Reached target integritysetup.target - Local Integrity Protected Volumes.
[    4.159822] systemd[1]: Reached target network-pre.target - Preparation for Network.
[    4.159832] systemd[1]: Reached target remote-fs.target - Remote File Systems.
[    4.159838] systemd[1]: Reached target slices.target - Slice Units.
[    4.159845] systemd[1]: Reached target snapd.mounts-pre.target - Mounting snaps.
[    4.159854] systemd[1]: Reached target swap.target - Swaps.
[    4.159866] systemd[1]: Reached target veritysetup.target - Local Verity Protected Volumes.
[    4.159979] systemd[1]: Listening on syslog.socket - Syslog Socket.
[    4.160047] systemd[1]: Listening on systemd-fsckd.socket - fsck to fsckd communication Socket.
[    4.160086] systemd[1]: Listening on systemd-initctl.socket - initctl Compatibility Named Pipe.
[    4.160161] systemd[1]: Listening on systemd-journald-dev-log.socket - Journal Socket (/dev/log).
[    4.160255] systemd[1]: Listening on systemd-journald.socket - Journal Socket.
[    4.160382] systemd[1]: Listening on systemd-oomd.socket - Userspace Out-Of-Memory (OOM) Killer Socket.
[    4.160406] systemd[1]: systemd-pcrextend.socket - TPM2 PCR Extension (Varlink) was skipped because of an unmet condition check (ConditionSecurity=measured-uki).
[    4.160504] systemd[1]: Listening on systemd-udevd-control.socket - udev Control Socket.
[    4.160578] systemd[1]: Listening on systemd-udevd-kernel.socket - udev Kernel Socket.
[    4.161209] systemd[1]: Mounting dev-hugepages.mount - Huge Pages File System...
[    4.161707] systemd[1]: Mounting dev-mqueue.mount - POSIX Message Queue File System...
[    4.162190] systemd[1]: Mounting sys-kernel-debug.mount - Kernel Debug File System...
[    4.162675] systemd[1]: Mounting sys-kernel-tracing.mount - Kernel Trace File System...
[    4.163737] systemd[1]: Starting systemd-journald.service - Journal Service...
[    4.164353] systemd[1]: Starting keyboard-setup.service - Set the console keyboard layout...
[    4.164879] systemd[1]: Starting kmod-static-nodes.service - Create List of Static Device Nodes...
[    4.165436] systemd[1]: Starting modprobe@configfs.service - Load Kernel Module configfs...
[    4.166131] systemd[1]: Starting modprobe@dm_mod.service - Load Kernel Module dm_mod...
[    4.166834] systemd[1]: Starting modprobe@drm.service - Load Kernel Module drm...
[    4.167556] systemd[1]: Starting modprobe@efi_pstore.service - Load Kernel Module efi_pstore...
[    4.168266] systemd[1]: Starting modprobe@fuse.service - Load Kernel Module fuse...
[    4.168934] systemd[1]: Starting modprobe@loop.service - Load Kernel Module loop...
[    4.169018] systemd[1]: systemd-fsck-root.service - File System Check on Root Device was skipped because of an unmet condition check (ConditionPathExists=!/run/initramfs/fsck-root).
[    4.170645] systemd[1]: Starting systemd-modules-load.service - Load Kernel Modules...
[    4.170660] systemd[1]: systemd-pcrmachine.service - TPM2 PCR Machine ID Measurement was skipped because of an unmet condition check (ConditionSecurity=measured-uki).
[    4.171302] systemd[1]: Starting systemd-remount-fs.service - Remount Root and Kernel File Systems...
[    4.171335] systemd[1]: systemd-tpm2-setup-early.service - TPM2 SRK Setup (Early) was skipped because of an unmet condition check (ConditionSecurity=measured-uki).
[    4.171981] systemd[1]: Starting systemd-udev-trigger.service - Coldplug All udev Devices...
[    4.172143] pstore: Using crash dump compression: deflate
[    4.172852] pstore: Registered efi_pstore as persistent store backend
[    4.172885] systemd[1]: Mounted dev-hugepages.mount - Huge Pages File System.
[    4.172967] systemd[1]: Mounted dev-mqueue.mount - POSIX Message Queue File System.
[    4.173040] systemd[1]: Mounted sys-kernel-debug.mount - Kernel Debug File System.
[    4.173114] systemd[1]: Mounted sys-kernel-tracing.mount - Kernel Trace File System.
[    4.173280] systemd[1]: Finished kmod-static-nodes.service - Create List of Static Device Nodes.
[    4.173505] systemd-journald[394]: Collecting audit messages is disabled.
[    4.173522] systemd[1]: modprobe@configfs.service: Deactivated successfully.
[    4.173628] systemd[1]: Finished modprobe@configfs.service - Load Kernel Module configfs.
[    4.173824] systemd[1]: modprobe@dm_mod.service: Deactivated successfully.
[    4.173928] systemd[1]: Finished modprobe@dm_mod.service - Load Kernel Module dm_mod.
[    4.174118] systemd[1]: modprobe@drm.service: Deactivated successfully.
[    4.174217] systemd[1]: Finished modprobe@drm.service - Load Kernel Module drm.
[    4.174419] systemd[1]: modprobe@efi_pstore.service: Deactivated successfully.
[    4.174521] systemd[1]: Finished modprobe@efi_pstore.service - Load Kernel Module efi_pstore.
[    4.174710] systemd[1]: modprobe@fuse.service: Deactivated successfully.
[    4.174809] systemd[1]: Finished modprobe@fuse.service - Load Kernel Module fuse.
[    4.174995] systemd[1]: modprobe@loop.service: Deactivated successfully.
[    4.175093] systemd[1]: Finished modprobe@loop.service - Load Kernel Module loop.
[    4.175781] systemd[1]: Mounting sys-fs-fuse-connections.mount - FUSE Control File System...
[    4.176270] systemd[1]: Mounting sys-kernel-config.mount - Kernel Configuration File System...
[    4.176306] systemd[1]: systemd-repart.service - Repartition Root Disk was skipped because no trigger condition checks were met.
[    4.176870] systemd[1]: Starting systemd-tmpfiles-setup-dev-early.service - Create Static Device Nodes in /dev gracefully...
[    4.179590] lp: driver loaded but no devices found
[    4.180038] systemd[1]: Mounted sys-fs-fuse-connections.mount - FUSE Control File System.
[    4.180117] systemd[1]: Mounted sys-kernel-config.mount - Kernel Configuration File System.
[    4.181488] ppdev: user-space parallel port driver
[    4.187327] EXT4-fs (nvme0n1p3): re-mounted a076301c-b9f2-4913-9778-e6596aaa787b r/w.
[    4.188062] systemd[1]: Finished systemd-remount-fs.service - Remount Root and Kernel File Systems.
[    4.188284] systemd[1]: Finished systemd-tmpfiles-setup-dev-early.service - Create Static Device Nodes in /dev gracefully.
[    4.188594] systemd[1]: systemd-hwdb-update.service - Rebuild Hardware Database was skipped because of an unmet condition check (ConditionNeedsUpdate=/etc).
[    4.188617] systemd[1]: systemd-pstore.service - Platform Persistent Storage Archival was skipped because of an unmet condition check (ConditionDirectoryNotEmpty=/sys/fs/pstore).
[    4.189172] systemd[1]: Starting systemd-random-seed.service - Load/Save OS Random Seed...
[    4.189205] systemd[1]: systemd-sysusers.service - Create System Users was skipped because no trigger condition checks were met.
[    4.189836] systemd[1]: Starting systemd-tmpfiles-setup-dev.service - Create Static Device Nodes in /dev...
[    4.189847] systemd[1]: systemd-tpm2-setup.service - TPM2 SRK Setup was skipped because of an unmet condition check (ConditionSecurity=measured-uki).
[    4.195286] systemd[1]: Finished systemd-modules-load.service - Load Kernel Modules.
[    4.195939] systemd[1]: Starting systemd-sysctl.service - Apply Kernel Variables...
[    4.196076] systemd[1]: Finished systemd-random-seed.service - Load/Save OS Random Seed.
[    4.196381] systemd[1]: Finished keyboard-setup.service - Set the console keyboard layout.
[    4.197833] systemd[1]: Finished systemd-tmpfiles-setup-dev.service - Create Static Device Nodes in /dev.
[    4.197903] systemd[1]: Reached target local-fs-pre.target - Preparation for Local File Systems.
[    4.198836] systemd[1]: Mounting snap-bare-5.mount - Mount unit for bare, revision 5...
[    4.199419] systemd[1]: Mounting snap-core24-1643.mount - Mount unit for core24, revision 1643...
[    4.200064] systemd[1]: Mounting snap-firefox-8387.mount - Mount unit for firefox, revision 8387...
[    4.200668] systemd[1]: Mounting snap-firefox-8417.mount - Mount unit for firefox, revision 8417...
[    4.201348] systemd[1]: Mounting snap-gnome\x2d46\x2d2404-153.mount - Mount unit for gnome-46-2404, revision 153...
[    4.202169] systemd[1]: Mounting snap-gtk\x2dcommon\x2dthemes-1535.mount - Mount unit for gtk-common-themes, revision 1535...
[    4.203052] systemd[1]: Mounting snap-mesa\x2d2404-1165.mount - Mount unit for mesa-2404, revision 1165...
[    4.203143] loop0: detected capacity change from 0 to 136816
[    4.203220] loop1: detected capacity change from 0 to 8
[    4.203673] loop2: detected capacity change from 0 to 508992
[    4.203879] systemd[1]: Mounting snap-snapd-26865.mount - Mount unit for snapd, revision 26865...
[    4.204398] loop3: detected capacity change from 0 to 509160
[    4.204746] systemd[1]: Starting systemd-udevd.service - Rule-based Manager for Device Events and Files...
[    4.205667] loop4: detected capacity change from 0 to 1241248
[    4.206087] loop5: detected capacity change from 0 to 187776
[    4.206398] systemd[1]: Finished systemd-sysctl.service - Apply Kernel Variables.
[    4.206973] loop6: detected capacity change from 0 to 808920
[    4.207461] loop7: detected capacity change from 0 to 100888
[    4.208000] systemd[1]: Mounted snap-bare-5.mount - Mount unit for bare, revision 5.
[    4.209628] systemd[1]: Mounted snap-core24-1643.mount - Mount unit for core24, revision 1643.
[    4.209732] systemd[1]: Mounted snap-firefox-8387.mount - Mount unit for firefox, revision 8387.
[    4.209810] systemd[1]: Mounted snap-firefox-8417.mount - Mount unit for firefox, revision 8417.
[    4.209882] systemd[1]: Mounted snap-gnome\x2d46\x2d2404-153.mount - Mount unit for gnome-46-2404, revision 153.
[    4.209953] systemd[1]: Mounted snap-gtk\x2dcommon\x2dthemes-1535.mount - Mount unit for gtk-common-themes, revision 1535.
[    4.210024] systemd[1]: Mounted snap-mesa\x2d2404-1165.mount - Mount unit for mesa-2404, revision 1165.
[    4.210097] systemd[1]: Mounted snap-snapd-26865.mount - Mount unit for snapd, revision 26865.
[    4.210202] systemd[1]: Reached target snapd.mounts.target - Mounted snaps.
[    4.221133] systemd[1]: Started systemd-journald.service - Journal Service.
[    4.226998] systemd-journald[394]: Received client request to flush runtime journal.
[    4.232868] systemd-journald[394]: /var/log/journal/288b6cba6cec405188c18f26e7617eed/system.journal: Journal file uses a different sequence number ID, rotating.
[    4.232874] systemd-journald[394]: Rotating system journal.
[    4.386269] piix4_smbus 0000:00:14.0: SMBus Host Controller at 0xb00, revision 0
[    4.386277] piix4_smbus 0000:00:14.0: Using register 0x02 for SMBus port selection
[    4.392526] piix4_smbus 0000:00:14.0: Auxiliary SMBus Host Controller at 0xb20
[    4.458668] Bluetooth: Core ver 2.22
[    4.458806] NET: Registered PF_BLUETOOTH protocol family
[    4.458809] Bluetooth: HCI device and connection manager initialized
[    4.458813] Bluetooth: HCI socket layer initialized
[    4.458817] Bluetooth: L2CAP socket layer initialized
[    4.458823] Bluetooth: SCO socket layer initialized
[    4.459120] ccp 0000:0a:00.1: enabling device (0000 -> 0002)
[    4.460399] cfg80211: Loading compiled-in X.509 certificates for regulatory database
[    4.460415] ccp 0000:0a:00.1: ccp: unable to access the device: you might be running a broken BIOS.
[    4.460437] ccp 0000:0a:00.1: psp enabled
[    4.460527] i2c-designware-pci 0000:08:00.3: enabling device (0000 -> 0002)
[    4.460583] Loaded X.509 cert 'sforshee: 00b28ddf47aef9cea7'
[    4.460679] Loaded X.509 cert 'wens: 61c038651aabdcf94bd0ac7ff06c7248db18c600'
[    4.463189] RAPL PMU: API unit is 2^-32 Joules, 1 fixed counters, 163840 ms ovfl timer
[    4.463192] RAPL PMU: hw unit of domain package 2^-16 Joules
[    4.465844] cryptd: max_cpu_qlen set to 1000
[    4.472402] AVX2 version of gcm_enc/dec engaged.
[    4.472440] AES CTR mode by8 optimization enabled
[    4.472877] Intel(R) Wireless WiFi driver for Linux
[    4.472992] iwlwifi 0000:05:00.0: enabling device (0000 -> 0002)
[    4.473616] iwlwifi 0000:05:00.0: Detected crf-id 0x0, cnv-id 0x0 wfpm id 0x0
[    4.473626] iwlwifi 0000:05:00.0: PCI dev 24fb/2110, rev=0x220, rfid=0xd55555d5
[    4.474960] usbcore: registered new interface driver btusb
[    4.478110] iwlwifi 0000:05:00.0: loaded firmware version 29.198743027.0 3168-29.ucode op_mode iwlmvm
[    4.490338] Bluetooth: hci0: Legacy ROM 2.x revision 5.0 build 25 week 20 2015
[    4.491194] Bluetooth: hci0: Intel Bluetooth firmware file: intel/ibt-hw-37.8.10-fw-22.50.19.14.f.bseq
[    4.568821] kvm_amd: TSC scaling supported
[    4.568824] kvm_amd: Nested Virtualization enabled
[    4.568825] kvm_amd: Nested Paging enabled
[    4.568826] kvm_amd: LBR virtualization supported
[    4.568834] kvm_amd: Virtual VMLOAD VMSAVE supported
[    4.568835] kvm_amd: Virtual GIF supported
[    4.574045] MCE: In-kernel MCE decoding enabled.
[    4.584455] iwlwifi 0000:05:00.0: Detected Intel(R) Dual Band Wireless AC 3168, REV=0x220
[    4.584515] thermal thermal_zone0: failed to read out thermal zone (-61)
[    4.585635] snd_hda_intel 0000:08:00.1: enabling device (0000 -> 0002)
[    4.585726] snd_hda_intel 0000:08:00.1: Handle vga_switcheroo audio client
[    4.585728] snd_hda_intel 0000:08:00.1: Force to non-snoop mode
[    4.585898] snd_hda_intel 0000:0a:00.4: enabling device (0000 -> 0002)
[    4.592623] input: HDA ATI HDMI HDMI/DP,pcm=3 as /devices/pci0000:00/0000:00:03.1/0000:06:00.0/0000:07:00.0/0000:08:00.1/sound/card0/input3
[    4.592745] input: HDA ATI HDMI HDMI/DP,pcm=7 as /devices/pci0000:00/0000:00:03.1/0000:06:00.0/0000:07:00.0/0000:08:00.1/sound/card0/input4
[    4.592802] input: HDA ATI HDMI HDMI/DP,pcm=8 as /devices/pci0000:00/0000:00:03.1/0000:06:00.0/0000:07:00.0/0000:08:00.1/sound/card0/input5
[    4.592914] input: HDA ATI HDMI HDMI/DP,pcm=9 as /devices/pci0000:00/0000:00:03.1/0000:06:00.0/0000:07:00.0/0000:08:00.1/sound/card0/input6
[    4.603191] iwlwifi 0000:05:00.0: base HW address: 04:33:c2:22:c0:81, OTP minor version: 0x0
[    4.604180] snd_hda_codec_realtek hdaudioC1D0: autoconfig for ALC887-VD: line_outs=1 (0x14/0x0/0x0/0x0/0x0) type:line
[    4.604183] snd_hda_codec_realtek hdaudioC1D0:    speaker_outs=0 (0x0/0x0/0x0/0x0/0x0)
[    4.604185] snd_hda_codec_realtek hdaudioC1D0:    hp_outs=1 (0x1b/0x0/0x0/0x0/0x0)
[    4.604187] snd_hda_codec_realtek hdaudioC1D0:    mono: mono_out=0x0
[    4.604189] snd_hda_codec_realtek hdaudioC1D0:    inputs:
[    4.604190] snd_hda_codec_realtek hdaudioC1D0:      Rear Mic=0x18
[    4.604192] snd_hda_codec_realtek hdaudioC1D0:      Front Mic=0x19
[    4.604193] snd_hda_codec_realtek hdaudioC1D0:      Line=0x1a
[    4.629889] input: HD-Audio Generic Rear Mic as /devices/pci0000:00/0000:00:08.1/0000:0a:00.4/sound/card1/input7
[    4.629974] input: HD-Audio Generic Front Mic as /devices/pci0000:00/0000:00:08.1/0000:0a:00.4/sound/card1/input8
[    4.630057] input: HD-Audio Generic Line as /devices/pci0000:00/0000:00:08.1/0000:0a:00.4/sound/card1/input9
[    4.630145] input: HD-Audio Generic Line Out as /devices/pci0000:00/0000:00:08.1/0000:0a:00.4/sound/card1/input10
[    4.630233] input: HD-Audio Generic Front Headphone as /devices/pci0000:00/0000:00:08.1/0000:0a:00.4/sound/card1/input11
[    4.632800] intel_rapl_common: Found RAPL domain package
[    4.632802] intel_rapl_common: Found RAPL domain core
[    4.646333] ieee80211 phy0: Selected rate control algorithm 'iwl-mvm-rs'
[    4.648875] iwlwifi 0000:05:00.0 wlp5s0: renamed from wlan0
[    5.209084] audit: type=1400 audit(1781127186.276:2): apparmor="STATUS" operation="profile_load" profile="unconfined" name="1password" pid=657 comm="apparmor_parser"
[    5.209089] audit: type=1400 audit(1781127186.276:3): apparmor="STATUS" operation="profile_load" profile="unconfined" name="devhelp" pid=674 comm="apparmor_parser"
[    5.209092] audit: type=1400 audit(1781127186.276:4): apparmor="STATUS" operation="profile_load" profile="unconfined" name="vscode" pid=670 comm="apparmor_parser"
[    5.209094] audit: type=1400 audit(1781127186.276:5): apparmor="STATUS" operation="profile_load" profile="unconfined" name="balena-etcher" pid=662 comm="apparmor_parser"
[    5.209097] audit: type=1400 audit(1781127186.276:6): apparmor="STATUS" operation="profile_load" profile="unconfined" name="cam" pid=666 comm="apparmor_parser"
[    5.209138] audit: type=1400 audit(1781127186.276:7): apparmor="STATUS" operation="profile_load" profile="unconfined" name="brave" pid=664 comm="apparmor_parser"
[    5.209173] audit: type=1400 audit(1781127186.276:8): apparmor="STATUS" operation="profile_load" profile="unconfined" name="buildah" pid=665 comm="apparmor_parser"
[    5.209209] audit: type=1400 audit(1781127186.276:9): apparmor="STATUS" operation="profile_load" profile="unconfined" name="QtWebEngineProcess" pid=661 comm="apparmor_parser"
[    5.209241] audit: type=1400 audit(1781127186.276:10): apparmor="STATUS" operation="profile_load" profile="unconfined" name="desktop-icons-ng" pid=673 comm="apparmor_parser"
[    5.277807] kauditd_printk_skb: 109 callbacks suppressed
[    5.277810] audit: type=1400 audit(1781127186.345:120): apparmor="STATUS" operation="profile_load" profile="unconfined" name="snap-update-ns.mesa-2404" pid=785 comm="apparmor_parser"
[    5.279620] audit: type=1400 audit(1781127186.347:121): apparmor="STATUS" operation="profile_load" profile="unconfined" name="/snap/snapd/26865/usr/lib/snapd/snap-confine" pid=783 comm="apparmor_parser"
[    5.279758] audit: type=1400 audit(1781127186.347:122): apparmor="STATUS" operation="profile_load" profile="unconfined" name="snap.firefox.hook.install" pid=790 comm="apparmor_parser"
[    5.279928] audit: type=1400 audit(1781127186.347:123): apparmor="STATUS" operation="profile_load" profile="unconfined" name="snap.firefox.hook.disconnect-plug-host-hunspell" pid=789 comm="apparmor_parser"
[    5.280339] audit: type=1400 audit(1781127186.348:124): apparmor="STATUS" operation="profile_load" profile="unconfined" name="snap.mesa-2404.component-monitor" pid=792 comm="apparmor_parser"
[    5.280620] audit: type=1400 audit(1781127186.348:125): apparmor="STATUS" operation="profile_load" profile="unconfined" name="snap.firefox.hook.post-refresh" pid=791 comm="apparmor_parser"
[    5.280688] audit: type=1400 audit(1781127186.348:126): apparmor="STATUS" operation="profile_load" profile="unconfined" name="snap.mesa-2404.hook.disconnect-plug-kernel-gpu-2404" pid=794 comm="apparmor_parser"
[    5.280989] audit: type=1400 audit(1781127186.348:127): apparmor="STATUS" operation="profile_load" profile="unconfined" name="snap.mesa-2404.hook.install" pid=795 comm="apparmor_parser"
[    5.281113] audit: type=1400 audit(1781127186.348:128): apparmor="STATUS" operation="profile_load" profile="unconfined" name="snap.mesa-2404.hook.post-refresh" pid=796 comm="apparmor_parser"
[    5.281155] audit: type=1400 audit(1781127186.348:129): apparmor="STATUS" operation="profile_load" profile="unconfined" name="snap.mesa-2404.hook.connect-plug-kernel-gpu-2404" pid=793 comm="apparmor_parser"
[    5.371694] Bluetooth: BNEP (Ethernet Emulation) ver 1.3
[    5.371698] Bluetooth: BNEP filters: protocol multicast
[    5.371703] Bluetooth: BNEP socket layer initialized
[    5.464350] block nvme0n1: No UUID available providing old NGUID
[    5.535932] NET: Registered PF_QIPCRTR protocol family
[    5.576404] loop8: detected capacity change from 0 to 8
[    5.972261] Generic FE-GE Realtek PHY r8169-0-400:00: attached PHY driver (mii_bus:phy_addr=r8169-0-400:00, irq=MAC)
[    5.994398] Bluetooth: hci0: Intel BT fw patch 0x43 completed & activated
[    6.136392] r8169 0000:04:00.0 enp4s0: Link is Down
[    6.201609] ACPI: \: failed to evaluate _DSM bf0212f2-788f-c64d-a5b3-1f738e285ade (0x1001)
[    6.201614] ACPI: \: failed to evaluate _DSM bf0212f2-788f-c64d-a5b3-1f738e285ade (0x1001)
[    6.201616] ACPI: \: failed to evaluate _DSM bf0212f2-788f-c64d-a5b3-1f738e285ade (0x1001)
[    6.201619] ACPI: \: failed to evaluate _DSM bf0212f2-788f-c64d-a5b3-1f738e285ade (0x1001)
[    6.201621] ACPI: \: failed to evaluate _DSM bf0212f2-788f-c64d-a5b3-1f738e285ade (0x1001)
[    6.201623] ACPI: \: failed to evaluate _DSM bf0212f2-788f-c64d-a5b3-1f738e285ade (0x1001)
[    6.201625] ACPI: \: failed to evaluate _DSM bf0212f2-788f-c64d-a5b3-1f738e285ade (0x1001)
[    6.202754] iwlwifi 0000:05:00.0: Registered PHC clock: iwlwifi-PTP, with index: 0
[    6.221566] Bluetooth: MGMT ver 1.22
[    6.223993] NET: Registered PF_ALG protocol family
[    9.484641] wlp5s0: authenticate with 3c:bd:c5:69:29:4f (local address=04:33:c2:22:c0:81)
[    9.485143] wlp5s0: send auth to 3c:bd:c5:69:29:4f (try 1/3)
[    9.486230] wlp5s0: authenticated
[    9.487254] wlp5s0: associate with 3c:bd:c5:69:29:4f (try 1/3)
[    9.488366] wlp5s0: RX AssocResp from 3c:bd:c5:69:29:4f (capab=0x1011 status=0 aid=27)
[    9.489564] wlp5s0: associated
[    9.586598] wlp5s0: Limiting TX power to 30 (30 - 0) dBm as advertised by 3c:bd:c5:69:29:4f
[   17.585059] Bluetooth: RFCOMM TTY layer initialized
[   17.585067] Bluetooth: RFCOMM socket layer initialized
[   17.585070] Bluetooth: RFCOMM ver 1.11
[   26.850325] systemd-journald[394]: /var/log/journal/288b6cba6cec405188c18f26e7617eed/user-1000.journal: Journal file uses a different sequence number ID, rotating.
[   29.476799] kauditd_printk_skb: 7 callbacks suppressed
[   29.476802] audit: type=1400 audit(1781127210.544:137): apparmor="AUDIT" operation="userns_create" class="namespace" info="Userns create - transitioning profile" profile="unconfined" pid=1884 comm="bwrap" requested="userns_create" target="unprivileged_userns"
[   29.477400] audit: type=1400 audit(1781127210.545:138): apparmor="DENIED" operation="capable" class="cap" profile="unprivileged_userns" pid=1889 comm="bwrap" capability=8  capname="setpcap"
[   29.477451] audit: type=1400 audit(1781127210.545:139): apparmor="DENIED" operation="capable" class="cap" profile="unprivileged_userns" pid=1889 comm="bwrap" capability=12  capname="net_admin"
[   58.713754] audit: type=1400 audit(1781127239.723:140): apparmor="AUDIT" operation="userns_create" class="namespace" info="Userns create - transitioning profile" profile="unconfined" pid=2376 comm="bwrap" requested="userns_create" target="unprivileged_userns"
[   58.714356] audit: type=1400 audit(1781127239.723:141): apparmor="DENIED" operation="capable" class="cap" profile="unprivileged_userns" pid=2378 comm="bwrap" capability=8  capname="setpcap"
[   58.714395] audit: type=1400 audit(1781127239.723:142): apparmor="DENIED" operation="capable" class="cap" profile="unprivileged_userns" pid=2378 comm="bwrap" capability=12  capname="net_admin"
[   58.717328] audit: type=1400 audit(1781127239.726:143): apparmor="AUDIT" operation="userns_create" class="namespace" info="Userns create - transitioning profile" profile="unconfined" pid=2380 comm="bwrap" requested="userns_create" target="unprivileged_userns"
[   95.871278] pci 0000:08:00.0: enabling device (0006 -> 0007)
