[    0.000000] Linux version 6.8.0-117-generic (buildd@lcy02-amd64-102) (x86_64-linux-gnu-gcc-13 (Ubuntu 13.3.0-6ubuntu2~24.04.1) 13.3.0, GNU ld (GNU Binutils for Ubuntu) 2.42) #117-Ubuntu SMP PREEMPT_DYNAMIC Tue May  5 19:26:24 UTC 2026 (Ubuntu 6.8.0-117.117-generic 6.8.12)
[    0.000000] Command line: BOOT_IMAGE=/boot/vmlinuz-6.8.0-117-generic root=UUID=a076301c-b9f2-4913-9778-e6596aaa787b ro quiet splash modprobe.blacklist=amdgpu
[    0.000000] KERNEL supported cpus:
[    0.000000]   Intel GenuineIntel
[    0.000000]   AMD AuthenticAMD
[    0.000000]   Hygon HygonGenuine
[    0.000000]   Centaur CentaurHauls
[    0.000000]   zhaoxin   Shanghai  
[    0.000000] BIOS-provided physical RAM map:
[    0.000000] BIOS-e820: [mem 0x0000000000000000-0x000000000009ffff] usable
[    0.000000] BIOS-e820: [mem 0x00000000000a0000-0x00000000000fffff] reserved
[    0.000000] BIOS-e820: [mem 0x0000000000100000-0x0000000009bfefff] usable
[    0.000000] BIOS-e820: [mem 0x0000000009bff000-0x0000000009ffffff] reserved
[    0.000000] BIOS-e820: [mem 0x000000000a000000-0x000000000a1fffff] usable
[    0.000000] BIOS-e820: [mem 0x000000000a200000-0x000000000a20dfff] ACPI NVS
[    0.000000] BIOS-e820: [mem 0x000000000a20e000-0x000000000affffff] usable
[    0.000000] BIOS-e820: [mem 0x000000000b000000-0x000000000b01ffff] reserved
[    0.000000] BIOS-e820: [mem 0x000000000b020000-0x00000000bb31bfff] usable
[    0.000000] BIOS-e820: [mem 0x00000000bb31c000-0x00000000bca84fff] reserved
[    0.000000] BIOS-e820: [mem 0x00000000bca85000-0x00000000bcad6fff] ACPI data
[    0.000000] BIOS-e820: [mem 0x00000000bcad7000-0x00000000bd1b6fff] ACPI NVS
[    0.000000] BIOS-e820: [mem 0x00000000bd1b7000-0x00000000bdffefff] reserved
[    0.000000] BIOS-e820: [mem 0x00000000bdfff000-0x00000000beffffff] usable
[    0.000000] BIOS-e820: [mem 0x00000000bf000000-0x00000000bfffffff] reserved
[    0.000000] BIOS-e820: [mem 0x00000000f0000000-0x00000000f7ffffff] reserved
[    0.000000] BIOS-e820: [mem 0x00000000fd200000-0x00000000fd2fffff] reserved
[    0.000000] BIOS-e820: [mem 0x00000000fd600000-0x00000000fd7fffff] reserved
[    0.000000] BIOS-e820: [mem 0x00000000fea00000-0x00000000fea0ffff] reserved
[    0.000000] BIOS-e820: [mem 0x00000000feb80000-0x00000000fec01fff] reserved
[    0.000000] BIOS-e820: [mem 0x00000000fec10000-0x00000000fec10fff] reserved
[    0.000000] BIOS-e820: [mem 0x00000000fec30000-0x00000000fec30fff] reserved
[    0.000000] BIOS-e820: [mem 0x00000000fed00000-0x00000000fed00fff] reserved
[    0.000000] BIOS-e820: [mem 0x00000000fed40000-0x00000000fed44fff] reserved
[    0.000000] BIOS-e820: [mem 0x00000000fed80000-0x00000000fed8ffff] reserved
[    0.000000] BIOS-e820: [mem 0x00000000fedc2000-0x00000000fedcffff] reserved
[    0.000000] BIOS-e820: [mem 0x00000000fedd4000-0x00000000fedd5fff] reserved
[    0.000000] BIOS-e820: [mem 0x00000000ff000000-0x00000000ffffffff] reserved
[    0.000000] BIOS-e820: [mem 0x0000000100000000-0x000000083f37ffff] usable
[    0.000000] BIOS-e820: [mem 0x000000083f380000-0x000000083fffffff] reserved
[    0.000000] NX (Execute Disable) protection: active
[    0.000000] APIC: Static calls initialized
[    0.000000] e820: update [mem 0xb75c8018-0xb75e3257] usable ==> usable
[    0.000000] e820: update [mem 0xb75c8018-0xb75e3257] usable ==> usable
[    0.000000] extended physical RAM map:
[    0.000000] reserve setup_data: [mem 0x0000000000000000-0x000000000009ffff] usable
[    0.000000] reserve setup_data: [mem 0x00000000000a0000-0x00000000000fffff] reserved
[    0.000000] reserve setup_data: [mem 0x0000000000100000-0x0000000009bfefff] usable
[    0.000000] reserve setup_data: [mem 0x0000000009bff000-0x0000000009ffffff] reserved
[    0.000000] reserve setup_data: [mem 0x000000000a000000-0x000000000a1fffff] usable
[    0.000000] reserve setup_data: [mem 0x000000000a200000-0x000000000a20dfff] ACPI NVS
[    0.000000] reserve setup_data: [mem 0x000000000a20e000-0x000000000affffff] usable
[    0.000000] reserve setup_data: [mem 0x000000000b000000-0x000000000b01ffff] reserved
[    0.000000] reserve setup_data: [mem 0x000000000b020000-0x00000000b75c8017] usable
[    0.000000] reserve setup_data: [mem 0x00000000b75c8018-0x00000000b75e3257] usable
[    0.000000] reserve setup_data: [mem 0x00000000b75e3258-0x00000000bb31bfff] usable
[    0.000000] reserve setup_data: [mem 0x00000000bb31c000-0x00000000bca84fff] reserved
[    0.000000] reserve setup_data: [mem 0x00000000bca85000-0x00000000bcad6fff] ACPI data
[    0.000000] reserve setup_data: [mem 0x00000000bcad7000-0x00000000bd1b6fff] ACPI NVS
[    0.000000] reserve setup_data: [mem 0x00000000bd1b7000-0x00000000bdffefff] reserved
[    0.000000] reserve setup_data: [mem 0x00000000bdfff000-0x00000000beffffff] usable
[    0.000000] reserve setup_data: [mem 0x00000000bf000000-0x00000000bfffffff] reserved
[    0.000000] reserve setup_data: [mem 0x00000000f0000000-0x00000000f7ffffff] reserved
[    0.000000] reserve setup_data: [mem 0x00000000fd200000-0x00000000fd2fffff] reserved
[    0.000000] reserve setup_data: [mem 0x00000000fd600000-0x00000000fd7fffff] reserved
[    0.000000] reserve setup_data: [mem 0x00000000fea00000-0x00000000fea0ffff] reserved
[    0.000000] reserve setup_data: [mem 0x00000000feb80000-0x00000000fec01fff] reserved
[    0.000000] reserve setup_data: [mem 0x00000000fec10000-0x00000000fec10fff] reserved
[    0.000000] reserve setup_data: [mem 0x00000000fec30000-0x00000000fec30fff] reserved
[    0.000000] reserve setup_data: [mem 0x00000000fed00000-0x00000000fed00fff] reserved
[    0.000000] reserve setup_data: [mem 0x00000000fed40000-0x00000000fed44fff] reserved
[    0.000000] reserve setup_data: [mem 0x00000000fed80000-0x00000000fed8ffff] reserved
[    0.000000] reserve setup_data: [mem 0x00000000fedc2000-0x00000000fedcffff] reserved
[    0.000000] reserve setup_data: [mem 0x00000000fedd4000-0x00000000fedd5fff] reserved
[    0.000000] reserve setup_data: [mem 0x00000000ff000000-0x00000000ffffffff] reserved
[    0.000000] reserve setup_data: [mem 0x0000000100000000-0x000000083f37ffff] usable
[    0.000000] reserve setup_data: [mem 0x000000083f380000-0x000000083fffffff] reserved
[    0.000000] efi: EFI v2.7 by American Megatrends
[    0.000000] efi: ACPI=0xbd1a0000 ACPI 2.0=0xbd1a0014 TPMFinalLog=0xbd16a000 SMBIOS=0xbde22000 SMBIOS 3.0=0xbde21000 MEMATTR=0xb7e35018 ESRT=0xba953598 INITRD=0xb76d4518 RNG=0xbca95018 TPMEventLog=0xbca90018 
[    0.000000] random: crng init done
[    0.000000] efi: Remove mem287: MMIO range=[0xf0000000-0xf7ffffff] (128MB) from e820 map
[    0.000000] e820: remove [mem 0xf0000000-0xf7ffffff] reserved
[    0.000000] efi: Remove mem288: MMIO range=[0xfd200000-0xfd2fffff] (1MB) from e820 map
[    0.000000] e820: remove [mem 0xfd200000-0xfd2fffff] reserved
[    0.000000] efi: Remove mem289: MMIO range=[0xfd600000-0xfd7fffff] (2MB) from e820 map
[    0.000000] e820: remove [mem 0xfd600000-0xfd7fffff] reserved
[    0.000000] efi: Not removing mem290: MMIO range=[0xfea00000-0xfea0ffff] (64KB) from e820 map
[    0.000000] efi: Remove mem291: MMIO range=[0xfeb80000-0xfec01fff] (0MB) from e820 map
[    0.000000] e820: remove [mem 0xfeb80000-0xfec01fff] reserved
[    0.000000] efi: Not removing mem292: MMIO range=[0xfec10000-0xfec10fff] (4KB) from e820 map
[    0.000000] efi: Not removing mem293: MMIO range=[0xfec30000-0xfec30fff] (4KB) from e820 map
[    0.000000] efi: Not removing mem294: MMIO range=[0xfed00000-0xfed00fff] (4KB) from e820 map
[    0.000000] efi: Not removing mem295: MMIO range=[0xfed40000-0xfed44fff] (20KB) from e820 map
[    0.000000] efi: Not removing mem296: MMIO range=[0xfed80000-0xfed8ffff] (64KB) from e820 map
[    0.000000] efi: Not removing mem297: MMIO range=[0xfedc2000-0xfedcffff] (56KB) from e820 map
[    0.000000] efi: Not removing mem298: MMIO range=[0xfedd4000-0xfedd5fff] (8KB) from e820 map
[    0.000000] efi: Remove mem299: MMIO range=[0xff000000-0xffffffff] (16MB) from e820 map
[    0.000000] e820: remove [mem 0xff000000-0xffffffff] reserved
[    0.000000] secureboot: Secure boot disabled
[    0.000000] SMBIOS 3.3.0 present.
[    0.000000] DMI: To Be Filled By O.E.M. B550M-ITX/ac/B550M-ITX/ac, BIOS P3.90 10/01/2025
[    0.000000] tsc: Fast TSC calibration using PIT
[    0.000000] tsc: Detected 3792.709 MHz processor
[    0.000216] e820: update [mem 0x00000000-0x00000fff] usable ==> reserved
[    0.000217] e820: remove [mem 0x000a0000-0x000fffff] usable
[    0.000223] last_pfn = 0x83f380 max_arch_pfn = 0x400000000
[    0.000228] total RAM covered: 3071M
[    0.000323] Found optimal setting for mtrr clean up
[    0.000324]  gran_size: 64K 	chunk_size: 64M 	num_reg: 3  	lose cover RAM: 0G
[    0.000326] MTRR map: 8 entries (4 fixed + 4 variable; max 21), built from 9 variable MTRRs
[    0.000328] x86/PAT: Configuration [0-7]: WB  WC  UC- UC  WB  WP  UC- WT  
[    0.000741] e820: update [mem 0xbcf40000-0xbcf4ffff] usable ==> reserved
[    0.000747] e820: update [mem 0xc0000000-0xffffffff] usable ==> reserved
[    0.000750] last_pfn = 0xbf000 max_arch_pfn = 0x400000000
[    0.003285] esrt: Reserving ESRT space from 0x00000000ba953598 to 0x00000000ba9535d0.
[    0.003291] e820: update [mem 0xba953000-0xba953fff] usable ==> reserved
[    0.003314] Using GB pages for direct mapping
[    0.003512] secureboot: Secure boot disabled
[    0.003512] RAMDISK: [mem 0xa9ec0000-0xae646fff]
[    0.003742] ACPI: Early table checksum verification disabled
[    0.003745] ACPI: RSDP 0x00000000BD1A0014 000024 (v02 ALASKA)
[    0.003748] ACPI: XSDT 0x00000000BD19F728 0000E4 (v01 ALASKA A M I    01072009 AMI  01000013)
[    0.003752] ACPI: FACP 0x00000000BCAC8000 000114 (v06 ALASKA A M I    01072009 AMI  00010013)
[    0.003755] ACPI: DSDT 0x00000000BCAC1000 006866 (v02 ALASKA A M I    01072009 INTL 20120913)
[    0.003757] ACPI: FACS 0x00000000BD19A000 000040
[    0.003759] ACPI: SSDT 0x00000000BCACE000 008CE9 (v02 AMD    AmdTable 00000002 MSFT 04000000)
[    0.003760] ACPI: SSDT 0x00000000BCACA000 003B45 (v02 AMD    AMD AOD  00000001 INTL 20120913)
[    0.003762] ACPI: SSDT 0x00000000BCAC9000 000221 (v02 ALASKA CPUSSDT  01072009 AMI  01072009)
[    0.003764] ACPI: FIDT 0x00000000BCAC0000 00009C (v01 ALASKA A M I    01072009 AMI  00010013)
[    0.003766] ACPI: MCFG 0x00000000BCABF000 00003C (v01 ALASKA A M I    01072009 MSFT 00010013)
[    0.003767] ACPI: AAFT 0x00000000BCABE000 000115 (v01 ALASKA OEMAAFT  01072009 MSFT 00000097)
[    0.003769] ACPI: HPET 0x00000000BCABD000 000038 (v01 ALASKA A M I    01072009 AMI  00000005)
[    0.003771] ACPI: VFCT 0x00000000BCAAE000 00E284 (v01 ALASKA A M I    00000001 AMD  31504F47)
[    0.003772] ACPI: TPM2 0x00000000BCAAD000 00004C (v04 ALASKA A M I    00000001 AMI  00000000)
[    0.003774] ACPI: PCCT 0x00000000BCAAC000 00006E (v02 AMD    AmdTable 00000001 AMD  00000001)
[    0.003775] ACPI: SSDT 0x00000000BCAA7000 004133 (v02 AMD    AmdTable 00000001 AMD  00000001)
[    0.003777] ACPI: CRAT 0x00000000BCAA6000 000F10 (v01 AMD    AmdTable 00000001 AMD  00000001)
[    0.003779] ACPI: CDIT 0x00000000BCAA5000 000029 (v01 AMD    AmdTable 00000001 AMD  00000001)
[    0.003780] ACPI: SSDT 0x00000000BCAA4000 0002C2 (v02 AMD    ArticDGP 00000001 INTL 20120913)
[    0.003782] ACPI: SSDT 0x00000000BCAA2000 0010C9 (v02 AMD    ArticTPX 00000001 INTL 20120913)
[    0.003783] ACPI: SSDT 0x00000000BCAA1000 00052C (v02 AMD    ArticNOI 00000001 INTL 20120913)
[    0.003785] ACPI: SSDT 0x00000000BCA9D000 0037C4 (v02 AMD    ArticN   00000001 INTL 20120913)
[    0.003786] ACPI: WSMT 0x00000000BCA9C000 000028 (v01 ALASKA A M I    01072009 AMI  00010013)
[    0.003788] ACPI: APIC 0x00000000BCA9B000 00015E (v04 ALASKA A M I    01072009 AMI  00010013)
[    0.003790] ACPI: SSDT 0x00000000BCA9A000 00007D (v02 AMD    ArticDIS 00000001 INTL 20120913)
[    0.003791] ACPI: SSDT 0x00000000BCA98000 0010AF (v02 AMD    ArticC   00000001 INTL 20120913)
[    0.003793] ACPI: SSDT 0x00000000BCA97000 0000BF (v01 AMD    AmdTable 00001000 INTL 20120913)
[    0.003794] ACPI: FPDT 0x00000000BCA96000 000044 (v01 ALASKA A M I    01072009 AMI  01000013)
[    0.003795] ACPI: Reserving FACP table memory at [mem 0xbcac8000-0xbcac8113]
[    0.003796] ACPI: Reserving DSDT table memory at [mem 0xbcac1000-0xbcac7865]
[    0.003797] ACPI: Reserving FACS table memory at [mem 0xbd19a000-0xbd19a03f]
[    0.003798] ACPI: Reserving SSDT table memory at [mem 0xbcace000-0xbcad6ce8]
[    0.003798] ACPI: Reserving SSDT table memory at [mem 0xbcaca000-0xbcacdb44]
[    0.003799] ACPI: Reserving SSDT table memory at [mem 0xbcac9000-0xbcac9220]
[    0.003799] ACPI: Reserving FIDT table memory at [mem 0xbcac0000-0xbcac009b]
[    0.003800] ACPI: Reserving MCFG table memory at [mem 0xbcabf000-0xbcabf03b]
[    0.003800] ACPI: Reserving AAFT table memory at [mem 0xbcabe000-0xbcabe114]
[    0.003801] ACPI: Reserving HPET table memory at [mem 0xbcabd000-0xbcabd037]
[    0.003801] ACPI: Reserving VFCT table memory at [mem 0xbcaae000-0xbcabc283]
[    0.003801] ACPI: Reserving TPM2 table memory at [mem 0xbcaad000-0xbcaad04b]
[    0.003802] ACPI: Reserving PCCT table memory at [mem 0xbcaac000-0xbcaac06d]
[    0.003802] ACPI: Reserving SSDT table memory at [mem 0xbcaa7000-0xbcaab132]
[    0.003803] ACPI: Reserving CRAT table memory at [mem 0xbcaa6000-0xbcaa6f0f]
[    0.003803] ACPI: Reserving CDIT table memory at [mem 0xbcaa5000-0xbcaa5028]
[    0.003804] ACPI: Reserving SSDT table memory at [mem 0xbcaa4000-0xbcaa42c1]
[    0.003804] ACPI: Reserving SSDT table memory at [mem 0xbcaa2000-0xbcaa30c8]
[    0.003805] ACPI: Reserving SSDT table memory at [mem 0xbcaa1000-0xbcaa152b]
[    0.003805] ACPI: Reserving SSDT table memory at [mem 0xbca9d000-0xbcaa07c3]
[    0.003806] ACPI: Reserving WSMT table memory at [mem 0xbca9c000-0xbca9c027]
[    0.003806] ACPI: Reserving APIC table memory at [mem 0xbca9b000-0xbca9b15d]
[    0.003807] ACPI: Reserving SSDT table memory at [mem 0xbca9a000-0xbca9a07c]
[    0.003807] ACPI: Reserving SSDT table memory at [mem 0xbca98000-0xbca990ae]
[    0.003808] ACPI: Reserving SSDT table memory at [mem 0xbca97000-0xbca970be]
[    0.003808] ACPI: Reserving FPDT table memory at [mem 0xbca96000-0xbca96043]
[    0.003890] No NUMA configuration found
[    0.003890] Faking a node at [mem 0x0000000000000000-0x000000083f37ffff]
[    0.003895] NODE_DATA(0) allocated [mem 0x83f355000-0x83f37ffff]
[    0.003992] Zone ranges:
[    0.003992]   DMA      [mem 0x0000000000001000-0x0000000000ffffff]
[    0.003993]   DMA32    [mem 0x0000000001000000-0x00000000ffffffff]
[    0.003994]   Normal   [mem 0x0000000100000000-0x000000083f37ffff]
[    0.003995]   Device   empty
[    0.003996] Movable zone start for each node
[    0.003997] Early memory node ranges
[    0.003997]   node   0: [mem 0x0000000000001000-0x000000000009ffff]
[    0.003998]   node   0: [mem 0x0000000000100000-0x0000000009bfefff]
[    0.003999]   node   0: [mem 0x000000000a000000-0x000000000a1fffff]
[    0.003999]   node   0: [mem 0x000000000a20e000-0x000000000affffff]
[    0.004000]   node   0: [mem 0x000000000b020000-0x00000000bb31bfff]
[    0.004000]   node   0: [mem 0x00000000bdfff000-0x00000000beffffff]
[    0.004001]   node   0: [mem 0x0000000100000000-0x000000083f37ffff]
[    0.004003] Initmem setup node 0 [mem 0x0000000000001000-0x000000083f37ffff]
[    0.004006] On node 0, zone DMA: 1 pages in unavailable ranges
[    0.004016] On node 0, zone DMA: 96 pages in unavailable ranges
[    0.004099] On node 0, zone DMA32: 1025 pages in unavailable ranges
[    0.004108] On node 0, zone DMA32: 14 pages in unavailable ranges
[    0.006287] On node 0, zone DMA32: 32 pages in unavailable ranges
[    0.006366] On node 0, zone DMA32: 11491 pages in unavailable ranges
[    0.042143] On node 0, zone Normal: 4096 pages in unavailable ranges
[    0.042164] On node 0, zone Normal: 3200 pages in unavailable ranges
[    0.042610] ACPI: PM-Timer IO Port: 0x808
[    0.042618] ACPI: LAPIC_NMI (acpi_id[0xff] high edge lint[0x1])
[    0.042628] IOAPIC[0]: apic_id 17, version 33, address 0xfec00000, GSI 0-23
[    0.042632] IOAPIC[1]: apic_id 18, version 33, address 0xfec01000, GSI 24-55
[    0.042633] ACPI: INT_SRC_OVR (bus 0 bus_irq 0 global_irq 2 dfl dfl)
[    0.042635] ACPI: INT_SRC_OVR (bus 0 bus_irq 9 global_irq 9 low level)
[    0.042637] ACPI: Using ACPI (MADT) for SMP configuration information
[    0.042638] ACPI: HPET id: 0x10228201 base: 0xfed00000
[    0.042642] smpboot: Allowing 32 CPUs, 16 hotplug CPUs
[    0.042657] PM: hibernation: Registered nosave memory: [mem 0x00000000-0x00000fff]
[    0.042659] PM: hibernation: Registered nosave memory: [mem 0x000a0000-0x000fffff]
[    0.042660] PM: hibernation: Registered nosave memory: [mem 0x09bff000-0x09ffffff]
[    0.042661] PM: hibernation: Registered nosave memory: [mem 0x0a200000-0x0a20dfff]
[    0.042662] PM: hibernation: Registered nosave memory: [mem 0x0b000000-0x0b01ffff]
[    0.042663] PM: hibernation: Registered nosave memory: [mem 0xba953000-0xba953fff]
[    0.042664] PM: hibernation: Registered nosave memory: [mem 0xbb31c000-0xbdffefff]
[    0.042665] PM: hibernation: Registered nosave memory: [mem 0xbf000000-0xffffffff]
[    0.042666] [mem 0xc0000000-0xfe9fffff] available for PCI devices
[    0.042668] Booting paravirtualized kernel on bare hardware
[    0.042670] clocksource: refined-jiffies: mask: 0xffffffff max_cycles: 0xffffffff, max_idle_ns: 1910969940391419 ns
[    0.042677] setup_percpu: NR_CPUS:8192 nr_cpumask_bits:32 nr_cpu_ids:32 nr_node_ids:1
[    0.044036] percpu: Embedded 86 pages/cpu s229376 r8192 d114688 u524288
[    0.044041] pcpu-alloc: s229376 r8192 d114688 u524288 alloc=1*2097152
[    0.044042] pcpu-alloc: [0] 00 01 02 03 [0] 04 05 06 07 
[    0.044045] pcpu-alloc: [0] 08 09 10 11 [0] 12 13 14 15 
[    0.044048] pcpu-alloc: [0] 16 17 18 19 [0] 20 21 22 23 
[    0.044051] pcpu-alloc: [0] 24 25 26 27 [0] 28 29 30 31 
[    0.044067] Kernel command line: BOOT_IMAGE=/boot/vmlinuz-6.8.0-117-generic root=UUID=a076301c-b9f2-4913-9778-e6596aaa787b ro quiet splash modprobe.blacklist=amdgpu
[    0.044126] Unknown kernel command line parameters "splash", will be passed to user space.
[    0.046437] Dentry cache hash table entries: 4194304 (order: 13, 33554432 bytes, linear)
[    0.047593] Inode-cache hash table entries: 2097152 (order: 12, 16777216 bytes, linear)
[    0.047732] Fallback order for Node 0: 0 
[    0.047736] Built 1 zonelists, mobility grouping on.  Total pages: 8237732
[    0.047738] Policy zone: Normal
[    0.047744] mem auto-init: stack:all(zero), heap alloc:on, heap free:off
[    0.047748] software IO TLB: area num 32.
[    0.099422] Memory: 32618284K/33474612K available (22528K kernel code, 4438K rwdata, 14416K rodata, 4924K init, 4788K bss, 856068K reserved, 0K cma-reserved)
[    0.100021] SLUB: HWalign=64, Order=0-3, MinObjects=0, CPUs=32, Nodes=1
[    0.100042] ftrace: allocating 58286 entries in 228 pages
[    0.109587] ftrace: allocated 228 pages with 4 groups
[    0.110275] Dynamic Preempt: voluntary
[    0.110362] rcu: Preemptible hierarchical RCU implementation.
[    0.110363] rcu: 	RCU restricting CPUs from NR_CPUS=8192 to nr_cpu_ids=32.
[    0.110363] 	Trampoline variant of Tasks RCU enabled.
[    0.110364] 	Rude variant of Tasks RCU enabled.
[    0.110365] 	Tracing variant of Tasks RCU enabled.
[    0.110365] rcu: RCU calculated value of scheduler-enlistment delay is 100 jiffies.
[    0.110366] rcu: Adjusting geometry for rcu_fanout_leaf=16, nr_cpu_ids=32
[    0.110383] RCU Tasks: Setting shift to 5 and lim to 1 rcu_task_cb_adjust=1 rcu_task_cpu_ids=32.
[    0.110385] RCU Tasks Rude: Setting shift to 5 and lim to 1 rcu_task_cb_adjust=1 rcu_task_cpu_ids=32.
[    0.110387] RCU Tasks Trace: Setting shift to 5 and lim to 1 rcu_task_cb_adjust=1 rcu_task_cpu_ids=32.
[    0.112238] NR_IRQS: 524544, nr_irqs: 1224, preallocated irqs: 16
[    0.112425] rcu: srcu_init: Setting srcu_struct sizes based on contention.
[    0.112513] Console: colour dummy device 80x25
[    0.112516] printk: legacy console [tty0] enabled
[    0.112551] ACPI: Core revision 20230628
[    0.112671] clocksource: hpet: mask: 0xffffffff max_cycles: 0xffffffff, max_idle_ns: 133484873504 ns
[    0.112685] APIC: Switch to symmetric I/O mode setup
[    0.112786] x2apic: IRQ remapping doesn't support X2APIC mode
[    0.113335] ..TIMER: vector=0x30 apic1=0 pin1=2 apic2=-1 pin2=-1
[    0.117684] clocksource: tsc-early: mask: 0xffffffffffffffff max_cycles: 0x6d56e341366, max_idle_ns: 881591146641 ns
[    0.117688] Calibrating delay loop (skipped), value calculated using timer frequency.. 7585.41 BogoMIPS (lpj=3792709)
[    0.117700] x86/cpu: User Mode Instruction Prevention (UMIP) activated
[    0.117746] LVT offset 1 assigned for vector 0xf9
[    0.117893] LVT offset 2 assigned for vector 0xf4
[    0.117924] process: using mwait in idle threads
[    0.117926] Last level iTLB entries: 4KB 512, 2MB 512, 4MB 256
[    0.117926] Last level dTLB entries: 4KB 2048, 2MB 2048, 4MB 1024, 1GB 0
[    0.117928] Spectre V1 : Mitigation: usercopy/swapgs barriers and __user pointer sanitization
[    0.117930] Spectre V2 : Mitigation: Retpolines
[    0.117931] Spectre V2 : Spectre v2 / SpectreRSB: Filling RSB on context switch and VMEXIT
[    0.117932] Spectre V2 : Enabling Restricted Speculation for firmware calls
[    0.117933] Spectre V2 : mitigation: Enabling conditional Indirect Branch Prediction Barrier
[    0.117934] Spectre V2 : User space: Mitigation: STIBP always-on protection
[    0.117935] Speculative Store Bypass: Mitigation: Speculative Store Bypass disabled via prctl
[    0.117936] active return thunk: srso_alias_return_thunk
[    0.117940] Speculative Return Stack Overflow: Mitigation: Safe RET
[    0.117940] Transient Scheduler Attacks: Mitigation: Clear CPU buffers
[    0.117941] VMSCAPE: Mitigation: IBPB before exit to userspace
[    0.117944] x86/fpu: Supporting XSAVE feature 0x001: 'x87 floating point registers'
[    0.117945] x86/fpu: Supporting XSAVE feature 0x002: 'SSE registers'
[    0.117945] x86/fpu: Supporting XSAVE feature 0x004: 'AVX registers'
[    0.117946] x86/fpu: Supporting XSAVE feature 0x200: 'Protection Keys User registers'
[    0.117947] x86/fpu: Supporting XSAVE feature 0x800: 'Control-flow User registers'
[    0.117948] x86/fpu: xstate_offset[2]:  576, xstate_sizes[2]:  256
[    0.117949] x86/fpu: xstate_offset[9]:  832, xstate_sizes[9]:    8
[    0.117949] x86/fpu: xstate_offset[11]:  840, xstate_sizes[11]:   16
[    0.117950] x86/fpu: Enabled xstate features 0xa07, context size is 856 bytes, using 'compacted' format.
[    0.140497] Freeing SMP alternatives memory: 48K
[    0.140500] pid_max: default: 32768 minimum: 301
[    0.143730] LSM: initializing lsm=lockdown,capability,landlock,yama,apparmor,integrity
[    0.143746] landlock: Up and running.
[    0.143748] Yama: becoming mindful.
[    0.143780] AppArmor: AppArmor initialized
[    0.143853] Mount-cache hash table entries: 65536 (order: 7, 524288 bytes, linear)
[    0.143891] Mountpoint-cache hash table entries: 65536 (order: 7, 524288 bytes, linear)
[    0.246462] smpboot: CPU0: AMD Ryzen 7 5800X 8-Core Processor (family: 0x19, model: 0x21, stepping: 0x0)
[    0.246649] Performance Events: Fam17h+ core perfctr, AMD PMU driver.
[    0.246654] ... version:                0
[    0.246655] ... bit width:              48
[    0.246656] ... generic registers:      6
[    0.246657] ... value mask:             0000ffffffffffff
[    0.246658] ... max period:             00007fffffffffff
[    0.246659] ... fixed-purpose events:   0
[    0.246660] ... event mask:             000000000000003f
[    0.246686] signal: max sigframe size: 3376
[    0.246686] rcu: Hierarchical SRCU implementation.
[    0.246686] rcu: 	Max phase no-delay instances is 400.
[    0.248676] NMI watchdog: Enabled. Permanently consumes one hw-PMU counter.
[    0.248901] smp: Bringing up secondary CPUs ...
[    0.248995] smpboot: x86: Booting SMP configuration:
[    0.248997] .... node  #0, CPUs:        #1  #2  #3  #4  #5  #6  #7  #8  #9 #10 #11 #12 #13 #14 #15
[    0.260798] Spectre V2 : Update user space SMT mitigation: STIBP always-on
[    0.267728] smp: Brought up 1 node, 16 CPUs
[    0.267728] smpboot: Max logical packages: 2
[    0.267728] smpboot: Total of 16 processors activated (121366.68 BogoMIPS)
[    0.270038] devtmpfs: initialized
[    0.270038] x86/mm: Memory block size: 128MB
[    0.273516] ACPI: PM: Registering ACPI NVS region [mem 0x0a200000-0x0a20dfff] (57344 bytes)
[    0.273516] ACPI: PM: Registering ACPI NVS region [mem 0xbcad7000-0xbd1b6fff] (7208960 bytes)
[    0.273703] clocksource: jiffies: mask: 0xffffffff max_cycles: 0xffffffff, max_idle_ns: 1911260446275000 ns
[    0.273725] futex hash table entries: 8192 (order: 7, 524288 bytes, linear)
[    0.273823] pinctrl core: initialized pinctrl subsystem
[    0.273926] PM: RTC time: 18:51:21, date: 2026-06-10
[    0.274261] NET: Registered PF_NETLINK/PF_ROUTE protocol family
[    0.274542] DMA: preallocated 4096 KiB GFP_KERNEL pool for atomic allocations
[    0.274701] DMA: preallocated 4096 KiB GFP_KERNEL|GFP_DMA pool for atomic allocations
[    0.274857] DMA: preallocated 4096 KiB GFP_KERNEL|GFP_DMA32 pool for atomic allocations
[    0.274865] audit: initializing netlink subsys (disabled)
[    0.274873] audit: type=2000 audit(1781117480.162:1): state=initialized audit_enabled=0 res=1
[    0.274873] thermal_sys: Registered thermal governor 'fair_share'
[    0.274873] thermal_sys: Registered thermal governor 'bang_bang'
[    0.274873] thermal_sys: Registered thermal governor 'step_wise'
[    0.274873] thermal_sys: Registered thermal governor 'user_space'
[    0.274873] thermal_sys: Registered thermal governor 'power_allocator'
[    0.274873] cpuidle: using governor ladder
[    0.274873] cpuidle: using governor menu
[    0.274873] Detected 1 PCC Subspaces
[    0.274873] Registering PCC driver as Mailbox controller
[    0.274873] acpiphp: ACPI Hot Plug PCI Controller Driver version: 0.5
[    0.274873] PCI: ECAM [mem 0xf0000000-0xf7ffffff] (base 0xf0000000) for domain 0000 [bus 00-7f]
[    0.274873] PCI: Using configuration type 1 for base access
[    0.274969] kprobes: kprobe jump-optimization is enabled. All kprobes are optimized if possible.
[    0.275740] HugeTLB: registered 1.00 GiB page size, pre-allocated 0 pages
[    0.275740] HugeTLB: 16380 KiB vmemmap can be freed for a 1.00 GiB page
[    0.275740] HugeTLB: registered 2.00 MiB page size, pre-allocated 0 pages
[    0.275740] HugeTLB: 28 KiB vmemmap can be freed for a 2.00 MiB page
[    0.275829] ACPI: Added _OSI(Module Device)
[    0.275832] ACPI: Added _OSI(Processor Device)
[    0.275833] ACPI: Added _OSI(Processor Aggregator Device)
[    0.297221] ACPI: 12 ACPI AML tables successfully acquired and loaded
[    0.299824] ACPI: [Firmware Bug]: BIOS _OSI(Linux) query ignored
[    0.305237] ACPI: _OSC evaluation for CPUs failed, trying _PDC
[    0.306613] ACPI: Interpreter enabled
[    0.306629] ACPI: PM: (supports S0 S3 S4 S5)
[    0.306630] ACPI: Using IOAPIC for interrupt routing
[    0.308420] PCI: Using host bridge windows from ACPI; if necessary, use "pci=nocrs" and report a bug
[    0.308422] PCI: Ignoring E820 reservations for host bridge windows
[    0.309034] ACPI: Enabled 8 GPEs in block 00 to 1F
[    0.325969] ACPI: PCI Root Bridge [PCI0] (domain 0000 [bus 00-ff])
[    0.325975] acpi PNP0A08:00: _OSC: OS supports [ExtendedConfig ASPM ClockPM Segments MSI EDR HPX-Type3]
[    0.326098] acpi PNP0A08:00: _OSC: platform does not support [SHPCHotplug LTR DPC]
[    0.326323] acpi PNP0A08:00: _OSC: OS now controls [PCIeHotplug PME AER PCIeCapability]
[    0.326334] acpi PNP0A08:00: [Firmware Info]: ECAM [mem 0xf0000000-0xf7ffffff] for domain 0000 [bus 00-7f] only partially covers this bridge
[    0.326959] PCI host bridge to bus 0000:00
[    0.326961] pci_bus 0000:00: root bus resource [io  0x0000-0x03af window]
[    0.326963] pci_bus 0000:00: root bus resource [io  0x03e0-0x0cf7 window]
[    0.326965] pci_bus 0000:00: root bus resource [io  0x03b0-0x03df window]
[    0.326967] pci_bus 0000:00: root bus resource [io  0x0d00-0xffff window]
[    0.326968] pci_bus 0000:00: root bus resource [mem 0x000a0000-0x000dffff window]
[    0.326970] pci_bus 0000:00: root bus resource [mem 0xc0000000-0xfcffffff window]
[    0.326971] pci_bus 0000:00: root bus resource [mem 0x840000000-0x7fffffffff window]
[    0.326973] pci_bus 0000:00: root bus resource [bus 00-ff]
[    0.326991] pci 0000:00:00.0: [1022:1480] type 00 class 0x060000 conventional PCI endpoint
[    0.327101] pci 0000:00:01.0: [1022:1482] type 00 class 0x060000 conventional PCI endpoint
[    0.327166] pci 0000:00:01.1: [1022:1483] type 01 class 0x060400 PCIe Root Port
[    0.327182] pci 0000:00:01.1: PCI bridge to [bus 01]
[    0.327189] pci 0000:00:01.1:   bridge window [mem 0xfcf00000-0xfcffffff]
[    0.327203] pci 0000:00:01.1: enabling Extended Tags
[    0.327251] pci 0000:00:01.1: PME# supported from D0 D3hot D3cold
[    0.327389] pci 0000:00:01.2: [1022:1483] type 01 class 0x060400 PCIe Root Port
[    0.327405] pci 0000:00:01.2: PCI bridge to [bus 02-05]
[    0.327410] pci 0000:00:01.2:   bridge window [io  0xf000-0xffff]
[    0.327413] pci 0000:00:01.2:   bridge window [mem 0xfcc00000-0xfcefffff]
[    0.327426] pci 0000:00:01.2: enabling Extended Tags
[    0.327474] pci 0000:00:01.2: PME# supported from D0 D3hot D3cold
[    0.327643] pci 0000:00:02.0: [1022:1482] type 00 class 0x060000 conventional PCI endpoint
[    0.327708] pci 0000:00:03.0: [1022:1482] type 00 class 0x060000 conventional PCI endpoint
[    0.327769] pci 0000:00:03.1: [1022:1483] type 01 class 0x060400 PCIe Root Port
[    0.327783] pci 0000:00:03.1: PCI bridge to [bus 06-08]
[    0.327787] pci 0000:00:03.1:   bridge window [io  0xe000-0xefff]
[    0.327790] pci 0000:00:03.1:   bridge window [mem 0xfc500000-0xfc8fffff]
[    0.327796] pci 0000:00:03.1:   bridge window [mem 0x7000000000-0x780fffffff 64bit pref]
[    0.327842] pci 0000:00:03.1: PME# supported from D0 D3hot D3cold
[    0.327969] pci 0000:00:04.0: [1022:1482] type 00 class 0x060000 conventional PCI endpoint
[    0.328033] pci 0000:00:05.0: [1022:1482] type 00 class 0x060000 conventional PCI endpoint
[    0.328095] pci 0000:00:07.0: [1022:1482] type 00 class 0x060000 conventional PCI endpoint
[    0.328155] pci 0000:00:07.1: [1022:1484] type 01 class 0x060400 PCIe Root Port
[    0.328167] pci 0000:00:07.1: PCI bridge to [bus 09]
[    0.328180] pci 0000:00:07.1: enabling Extended Tags
[    0.328214] pci 0000:00:07.1: PME# supported from D0 D3hot D3cold
[    0.328328] pci 0000:00:08.0: [1022:1482] type 00 class 0x060000 conventional PCI endpoint
[    0.328389] pci 0000:00:08.1: [1022:1484] type 01 class 0x060400 PCIe Root Port
[    0.328402] pci 0000:00:08.1: PCI bridge to [bus 0a]
[    0.328407] pci 0000:00:08.1:   bridge window [mem 0xfc900000-0xfcbfffff]
[    0.328417] pci 0000:00:08.1: enabling Extended Tags
[    0.328456] pci 0000:00:08.1: PME# supported from D0 D3hot D3cold
[    0.328600] pci 0000:00:14.0: [1022:790b] type 00 class 0x0c0500 conventional PCI endpoint
[    0.328709] pci 0000:00:14.3: [1022:790e] type 00 class 0x060100 conventional PCI endpoint
[    0.328830] pci 0000:00:18.0: [1022:1440] type 00 class 0x060000 conventional PCI endpoint
[    0.328874] pci 0000:00:18.1: [1022:1441] type 00 class 0x060000 conventional PCI endpoint
[    0.328914] pci 0000:00:18.2: [1022:1442] type 00 class 0x060000 conventional PCI endpoint
[    0.328957] pci 0000:00:18.3: [1022:1443] type 00 class 0x060000 conventional PCI endpoint
[    0.328997] pci 0000:00:18.4: [1022:1444] type 00 class 0x060000 conventional PCI endpoint
[    0.329036] pci 0000:00:18.5: [1022:1445] type 00 class 0x060000 conventional PCI endpoint
[    0.329076] pci 0000:00:18.6: [1022:1446] type 00 class 0x060000 conventional PCI endpoint
[    0.329117] pci 0000:00:18.7: [1022:1447] type 00 class 0x060000 conventional PCI endpoint
[    0.329226] pci 0000:01:00.0: [8086:faf0] type 00 class 0x010802 PCIe Endpoint
[    0.329273] pci 0000:01:00.0: BAR 0 [mem 0xfcf00000-0xfcf03fff 64bit]
[    0.329488] pci 0000:00:01.1: PCI bridge to [bus 01]
[    0.329568] pci 0000:02:00.0: [1022:43ee] type 00 class 0x0c0330 PCIe Legacy Endpoint
[    0.329607] pci 0000:02:00.0: BAR 0 [mem 0xfcea0000-0xfcea7fff 64bit]
[    0.329619] pci 0000:02:00.0: enabling Extended Tags
[    0.329676] pci 0000:02:00.0: PME# supported from D3hot D3cold
[    0.329840] pci 0000:02:00.1: [1022:43eb] type 00 class 0x010601 PCIe Legacy Endpoint
[    0.329884] pci 0000:02:00.1: BAR 5 [mem 0xfce80000-0xfce9ffff]
[    0.329886] pci 0000:02:00.1: ROM [mem 0xfce00000-0xfce7ffff pref]
[    0.329893] pci 0000:02:00.1: enabling Extended Tags
[    0.329937] pci 0000:02:00.1: PME# supported from D3hot D3cold
[    0.330040] pci 0000:02:00.2: [1022:43e9] type 01 class 0x060400 PCIe Switch Upstream Port
[    0.330066] pci 0000:02:00.2: PCI bridge to [bus 03-05]
[    0.330072] pci 0000:02:00.2:   bridge window [io  0xf000-0xffff]
[    0.330076] pci 0000:02:00.2:   bridge window [mem 0xfcc00000-0xfcdfffff]
[    0.330097] pci 0000:02:00.2: enabling Extended Tags
[    0.330146] pci 0000:02:00.2: PME# supported from D3hot D3cold
[    0.330276] pci 0000:00:01.2: PCI bridge to [bus 02-05]
[    0.330419] pci 0000:03:00.0: [1022:43ea] type 01 class 0x060400 PCIe Switch Downstream Port
[    0.330446] pci 0000:03:00.0: PCI bridge to [bus 04]
[    0.330453] pci 0000:03:00.0:   bridge window [io  0xf000-0xffff]
[    0.330456] pci 0000:03:00.0:   bridge window [mem 0xfcd00000-0xfcdfffff]
[    0.330480] pci 0000:03:00.0: enabling Extended Tags
[    0.330539] pci 0000:03:00.0: PME# supported from D3hot D3cold
[    0.330670] pci 0000:03:01.0: [1022:43ea] type 01 class 0x060400 PCIe Switch Downstream Port
[    0.330699] pci 0000:03:01.0: PCI bridge to [bus 05]
[    0.330708] pci 0000:03:01.0:   bridge window [mem 0xfcc00000-0xfccfffff]
[    0.330731] pci 0000:03:01.0: enabling Extended Tags
[    0.330790] pci 0000:03:01.0: PME# supported from D3hot D3cold
[    0.330924] pci 0000:02:00.2: PCI bridge to [bus 03-05]
[    0.331004] pci 0000:04:00.0: [10ec:8168] type 00 class 0x020000 PCIe Endpoint
[    0.331086] pci 0000:04:00.0: BAR 0 [io  0xf000-0xf0ff]
[    0.331094] pci 0000:04:00.0: BAR 2 [mem 0xfcd04000-0xfcd04fff 64bit]
[    0.331100] pci 0000:04:00.0: BAR 4 [mem 0xfcd00000-0xfcd03fff 64bit]
[    0.331257] pci 0000:04:00.0: supports D1 D2
[    0.331259] pci 0000:04:00.0: PME# supported from D0 D1 D2 D3hot D3cold
[    0.331521] pci 0000:03:00.0: PCI bridge to [bus 04]
[    0.331648] pci 0000:05:00.0: [8086:24fb] type 00 class 0x028000 PCIe Endpoint
[    0.331755] pci 0000:05:00.0: BAR 0 [mem 0xfcc00000-0xfcc01fff 64bit]
[    0.331945] pci 0000:05:00.0: PME# supported from D0 D3hot D3cold
[    0.332268] pci 0000:03:01.0: PCI bridge to [bus 05]
[    0.332358] pci 0000:06:00.0: [1002:1478] type 01 class 0x060400 PCIe Switch Upstream Port
[    0.332379] pci 0000:06:00.0: BAR 0 [mem 0xfc800000-0xfc803fff]
[    0.332383] pci 0000:06:00.0: PCI bridge to [bus 07-08]
[    0.332389] pci 0000:06:00.0:   bridge window [io  0xe000-0xefff]
[    0.332392] pci 0000:06:00.0:   bridge window [mem 0xfc500000-0xfc7fffff]
[    0.332401] pci 0000:06:00.0:   bridge window [mem 0x7000000000-0x780fffffff 64bit pref]
[    0.332481] pci 0000:06:00.0: PME# supported from D0 D3hot D3cold
[    0.332656] pci 0000:00:03.1: PCI bridge to [bus 06-08]
[    0.332730] pci 0000:07:00.0: [1002:1479] type 01 class 0x060400 PCIe Switch Downstream Port
[    0.332753] pci 0000:07:00.0: PCI bridge to [bus 08]
[    0.332759] pci 0000:07:00.0:   bridge window [io  0xe000-0xefff]
[    0.332762] pci 0000:07:00.0:   bridge window [mem 0xfc500000-0xfc7fffff]
[    0.332771] pci 0000:07:00.0:   bridge window [mem 0x7000000000-0x780fffffff 64bit pref]
[    0.332849] pci 0000:07:00.0: PME# supported from D0 D3hot D3cold
[    0.333654] pci 0000:06:00.0: PCI bridge to [bus 07-08]
[    0.333738] pci 0000:08:00.0: [1002:744c] type 00 class 0x030000 PCIe Legacy Endpoint
[    0.333773] pci 0000:08:00.0: BAR 0 [mem 0x7000000000-0x77ffffffff 64bit pref]
[    0.333776] pci 0000:08:00.0: BAR 2 [mem 0x7800000000-0x780fffffff 64bit pref]
[    0.333778] pci 0000:08:00.0: BAR 4 [io  0xe000-0xe0ff]
[    0.333781] pci 0000:08:00.0: BAR 5 [mem 0xfc600000-0xfc6fffff]
[    0.333783] pci 0000:08:00.0: ROM [mem 0xfc700000-0xfc71ffff pref]
[    0.333870] pci 0000:08:00.0: PME# supported from D1 D2 D3hot D3cold
[    0.334047] pci 0000:08:00.1: [1002:ab30] type 00 class 0x040300 PCIe Legacy Endpoint
[    0.334079] pci 0000:08:00.1: BAR 0 [mem 0xfc724000-0xfc727fff]
[    0.334141] pci 0000:08:00.1: PME# supported from D1 D2 D3hot D3cold
[    0.334257] pci 0000:08:00.2: [1002:7446] type 00 class 0x0c0330 PCIe Endpoint
[    0.334292] pci 0000:08:00.2: BAR 0 [mem 0xfc500000-0xfc5fffff 64bit]
[    0.334356] pci 0000:08:00.2: PME# supported from D0 D3hot D3cold
[    0.334452] pci 0000:08:00.3: [1002:7444] type 00 class 0x0c8000 PCIe Endpoint
[    0.334484] pci 0000:08:00.3: BAR 0 [mem 0xfc720000-0xfc723fff 64bit]
[    0.334545] pci 0000:08:00.3: PME# supported from D0 D3hot
[    0.334668] pci 0000:07:00.0: PCI bridge to [bus 08]
[    0.334731] pci 0000:09:00.0: [1022:148a] type 00 class 0x130000 PCIe Endpoint
[    0.334755] pci 0000:09:00.0: enabling Extended Tags
[    0.334891] pci 0000:00:07.1: PCI bridge to [bus 09]
[    0.334953] pci 0000:0a:00.0: [1022:1485] type 00 class 0x130000 PCIe Endpoint
[    0.334980] pci 0000:0a:00.0: enabling Extended Tags
[    0.335104] pci 0000:0a:00.1: [1022:1486] type 00 class 0x108000 PCIe Endpoint
[    0.335126] pci 0000:0a:00.1: BAR 2 [mem 0xfca00000-0xfcafffff]
[    0.335129] pci 0000:0a:00.1: BAR 5 [mem 0xfcb08000-0xfcb09fff]
[    0.335135] pci 0000:0a:00.1: enabling Extended Tags
[    0.335243] pci 0000:0a:00.3: [1022:149c] type 00 class 0x0c0330 PCIe Endpoint
[    0.335266] pci 0000:0a:00.3: BAR 0 [mem 0xfc900000-0xfc9fffff 64bit]
[    0.335273] pci 0000:0a:00.3: enabling Extended Tags
[    0.335311] pci 0000:0a:00.3: PME# supported from D0 D3hot D3cold
[    0.335417] pci 0000:0a:00.4: [1022:1487] type 00 class 0x040300 PCIe Endpoint
[    0.335439] pci 0000:0a:00.4: BAR 0 [mem 0xfcb00000-0xfcb07fff]
[    0.335447] pci 0000:0a:00.4: enabling Extended Tags
[    0.335482] pci 0000:0a:00.4: PME# supported from D0 D3hot D3cold
[    0.335587] pci 0000:00:08.1: PCI bridge to [bus 0a]
[    0.337297] ACPI: PCI: Interrupt link LNKA configured for IRQ 0
[    0.337365] ACPI: PCI: Interrupt link LNKB configured for IRQ 0
[    0.337425] ACPI: PCI: Interrupt link LNKC configured for IRQ 0
[    0.337496] ACPI: PCI: Interrupt link LNKD configured for IRQ 0
[    0.337562] ACPI: PCI: Interrupt link LNKE configured for IRQ 0
[    0.337616] ACPI: PCI: Interrupt link LNKF configured for IRQ 0
[    0.337670] ACPI: PCI: Interrupt link LNKG configured for IRQ 0
[    0.337736] ACPI: PCI: Interrupt link LNKH configured for IRQ 0
[    0.338886] iommu: Default domain type: Translated
[    0.338886] iommu: DMA domain TLB invalidation policy: lazy mode
[    0.338886] SCSI subsystem initialized
[    0.338886] libata version 3.00 loaded.
[    0.338886] ACPI: bus type USB registered
[    0.338886] usbcore: registered new interface driver usbfs
[    0.338886] usbcore: registered new interface driver hub
[    0.338886] usbcore: registered new device driver usb
[    0.338886] pps_core: LinuxPPS API ver. 1 registered
[    0.338886] pps_core: Software ver. 5.3.6 - Copyright 2005-2007 Rodolfo Giometti <giometti@linux.it>
[    0.338886] PTP clock support registered
[    0.338886] EDAC MC: Ver: 3.0.0
[    0.338886] efivars: Registered efivars operations
[    0.339732] NetLabel: Initializing
[    0.339733] NetLabel:  domain hash size = 128
[    0.339734] NetLabel:  protocols = UNLABELED CIPSOv4 CALIPSO
[    0.339751] NetLabel:  unlabeled traffic allowed by default
[    0.339768] mctp: management component transport protocol core
[    0.339768] NET: Registered PF_MCTP protocol family
[    0.339768] PCI: Using ACPI for IRQ routing
[    0.343149] PCI: pci_cache_line_size set to 64 bytes
[    0.343344] e820: reserve RAM buffer [mem 0x09bff000-0x0bffffff]
[    0.343346] e820: reserve RAM buffer [mem 0x0a200000-0x0bffffff]
[    0.343347] e820: reserve RAM buffer [mem 0x0b000000-0x0bffffff]
[    0.343348] e820: reserve RAM buffer [mem 0xb75c8018-0xb7ffffff]
[    0.343350] e820: reserve RAM buffer [mem 0xba953000-0xbbffffff]
[    0.343351] e820: reserve RAM buffer [mem 0xbb31c000-0xbbffffff]
[    0.343352] e820: reserve RAM buffer [mem 0xbf000000-0xbfffffff]
[    0.343353] e820: reserve RAM buffer [mem 0x83f380000-0x83fffffff]
[    0.343412] pci 0000:08:00.0: vgaarb: setting as boot VGA device
[    0.343412] pci 0000:08:00.0: vgaarb: bridge control possible
[    0.343412] pci 0000:08:00.0: vgaarb: VGA device added: decodes=io+mem,owns=none,locks=none
[    0.343412] vgaarb: loaded
[    0.343412] hpet0: at MMIO 0xfed00000, IRQs 2, 8, 0
[    0.343412] hpet0: 3 comparators, 32-bit 14.318180 MHz counter
[    0.345733] clocksource: Switched to clocksource tsc-early
[    0.346481] VFS: Disk quotas dquot_6.6.0
[    0.346495] VFS: Dquot-cache hash table entries: 512 (order 0, 4096 bytes)
[    0.346662] AppArmor: AppArmor Filesystem Enabled
[    0.346691] pnp: PnP ACPI init
[    0.346787] system 00:00: [mem 0xf0000000-0xf7ffffff] has been reserved
[    0.346833] system 00:01: [mem 0xfeb80000-0xfebfffff] has been reserved
[    0.346918] system 00:02: [mem 0xfd200000-0xfd2fffff] has been reserved
[    0.347209] system 00:04: [io  0x0280-0x028f] has been reserved
[    0.347211] system 00:04: [io  0x0290-0x029f] has been reserved
[    0.347213] system 00:04: [io  0x02a0-0x02af] has been reserved
[    0.347215] system 00:04: [io  0x02b0-0x02bf] has been reserved
[    0.347516] pnp 00:05: [dma 0 disabled]
[    0.347850] system 00:06: [io  0x04d0-0x04d1] has been reserved
[    0.347853] system 00:06: [io  0x040b] has been reserved
[    0.347854] system 00:06: [io  0x04d6] has been reserved
[    0.347856] system 00:06: [io  0x0c00-0x0c01] has been reserved
[    0.347858] system 00:06: [io  0x0c14] has been reserved
[    0.347859] system 00:06: [io  0x0c50-0x0c51] has been reserved
[    0.347861] system 00:06: [io  0x0c52] has been reserved
[    0.347863] system 00:06: [io  0x0c6c] has been reserved
[    0.347864] system 00:06: [io  0x0c6f] has been reserved
[    0.347866] system 00:06: [io  0x0cd8-0x0cdf] has been reserved
[    0.347868] system 00:06: [io  0x0800-0x089f] has been reserved
[    0.347869] system 00:06: [io  0x0b00-0x0b0f] has been reserved
[    0.347871] system 00:06: [io  0x0b20-0x0b3f] has been reserved
[    0.347872] system 00:06: [io  0x0900-0x090f] has been reserved
[    0.347874] system 00:06: [io  0x0910-0x091f] has been reserved
[    0.347876] system 00:06: [mem 0xfec00000-0xfec00fff] could not be reserved
[    0.347878] system 00:06: [mem 0xfec01000-0xfec01fff] could not be reserved
[    0.347880] system 00:06: [mem 0xfedc0000-0xfedc0fff] has been reserved
[    0.347882] system 00:06: [mem 0xfee00000-0xfee00fff] has been reserved
[    0.347883] system 00:06: [mem 0xfed80000-0xfed8ffff] could not be reserved
[    0.347885] system 00:06: [mem 0xfec10000-0xfec10fff] has been reserved
[    0.347887] system 00:06: [mem 0xff000000-0xffffffff] has been reserved
[    0.348671] pnp: PnP ACPI: found 7 devices
[    0.354504] clocksource: acpi_pm: mask: 0xffffff max_cycles: 0xffffff, max_idle_ns: 2085701024 ns
[    0.354578] NET: Registered PF_INET protocol family
[    0.354745] IP idents hash table entries: 262144 (order: 9, 2097152 bytes, linear)
[    0.367116] tcp_listen_portaddr_hash hash table entries: 16384 (order: 6, 262144 bytes, linear)
[    0.367133] Table-perturb hash table entries: 65536 (order: 6, 262144 bytes, linear)
[    0.367205] TCP established hash table entries: 262144 (order: 9, 2097152 bytes, linear)
[    0.367443] TCP bind hash table entries: 65536 (order: 9, 2097152 bytes, linear)
[    0.367526] TCP: Hash tables configured (established 262144 bind 65536)
[    0.367651] MPTCP token hash table entries: 32768 (order: 8, 786432 bytes, linear)
[    0.367689] UDP hash table entries: 16384 (order: 7, 524288 bytes, linear)
[    0.367741] UDP-Lite hash table entries: 16384 (order: 7, 524288 bytes, linear)
[    0.367832] NET: Registered PF_UNIX/PF_LOCAL protocol family
[    0.367838] NET: Registered PF_XDP protocol family
[    0.367858] pci 0000:00:01.1: PCI bridge to [bus 01]
[    0.367863] pci 0000:00:01.1:   bridge window [mem 0xfcf00000-0xfcffffff]
[    0.367869] pci 0000:03:00.0: PCI bridge to [bus 04]
[    0.367871] pci 0000:03:00.0:   bridge window [io  0xf000-0xffff]
[    0.367876] pci 0000:03:00.0:   bridge window [mem 0xfcd00000-0xfcdfffff]
[    0.367884] pci 0000:03:01.0: PCI bridge to [bus 05]
[    0.367888] pci 0000:03:01.0:   bridge window [mem 0xfcc00000-0xfccfffff]
[    0.367896] pci 0000:02:00.2: PCI bridge to [bus 03-05]
[    0.367898] pci 0000:02:00.2:   bridge window [io  0xf000-0xffff]
[    0.367903] pci 0000:02:00.2:   bridge window [mem 0xfcc00000-0xfcdfffff]
[    0.367910] pci 0000:00:01.2: PCI bridge to [bus 02-05]
[    0.367912] pci 0000:00:01.2:   bridge window [io  0xf000-0xffff]
[    0.367915] pci 0000:00:01.2:   bridge window [mem 0xfcc00000-0xfcefffff]
[    0.367921] pci 0000:07:00.0: PCI bridge to [bus 08]
[    0.367927] pci 0000:07:00.0:   bridge window [io  0xe000-0xefff]
[    0.367932] pci 0000:07:00.0:   bridge window [mem 0xfc500000-0xfc7fffff]
[    0.367935] pci 0000:07:00.0:   bridge window [mem 0x7000000000-0x780fffffff 64bit pref]
[    0.367940] pci 0000:06:00.0: PCI bridge to [bus 07-08]
[    0.367942] pci 0000:06:00.0:   bridge window [io  0xe000-0xefff]
[    0.367946] pci 0000:06:00.0:   bridge window [mem 0xfc500000-0xfc7fffff]
[    0.367949] pci 0000:06:00.0:   bridge window [mem 0x7000000000-0x780fffffff 64bit pref]
[    0.367954] pci 0000:00:03.1: PCI bridge to [bus 06-08]
[    0.367956] pci 0000:00:03.1:   bridge window [io  0xe000-0xefff]
[    0.367959] pci 0000:00:03.1:   bridge window [mem 0xfc500000-0xfc8fffff]
[    0.367962] pci 0000:00:03.1:   bridge window [mem 0x7000000000-0x780fffffff 64bit pref]
[    0.367966] pci 0000:00:07.1: PCI bridge to [bus 09]
[    0.367972] pci 0000:00:08.1: PCI bridge to [bus 0a]
[    0.367974] pci 0000:00:08.1:   bridge window [mem 0xfc900000-0xfcbfffff]
[    0.367979] pci_bus 0000:00: resource 4 [io  0x0000-0x03af window]
[    0.367981] pci_bus 0000:00: resource 5 [io  0x03e0-0x0cf7 window]
[    0.367983] pci_bus 0000:00: resource 6 [io  0x03b0-0x03df window]
[    0.367984] pci_bus 0000:00: resource 7 [io  0x0d00-0xffff window]
[    0.367986] pci_bus 0000:00: resource 8 [mem 0x000a0000-0x000dffff window]
[    0.367989] pci_bus 0000:00: resource 9 [mem 0xc0000000-0xfcffffff window]
[    0.367990] pci_bus 0000:00: resource 10 [mem 0x840000000-0x7fffffffff window]
[    0.367992] pci_bus 0000:01: resource 1 [mem 0xfcf00000-0xfcffffff]
[    0.367994] pci_bus 0000:02: resource 0 [io  0xf000-0xffff]
[    0.367995] pci_bus 0000:02: resource 1 [mem 0xfcc00000-0xfcefffff]
[    0.367997] pci_bus 0000:03: resource 0 [io  0xf000-0xffff]
[    0.367998] pci_bus 0000:03: resource 1 [mem 0xfcc00000-0xfcdfffff]
[    0.368000] pci_bus 0000:04: resource 0 [io  0xf000-0xffff]
[    0.368001] pci_bus 0000:04: resource 1 [mem 0xfcd00000-0xfcdfffff]
[    0.368003] pci_bus 0000:05: resource 1 [mem 0xfcc00000-0xfccfffff]
[    0.368004] pci_bus 0000:06: resource 0 [io  0xe000-0xefff]
[    0.368006] pci_bus 0000:06: resource 1 [mem 0xfc500000-0xfc8fffff]
[    0.368007] pci_bus 0000:06: resource 2 [mem 0x7000000000-0x780fffffff 64bit pref]
[    0.368009] pci_bus 0000:07: resource 0 [io  0xe000-0xefff]
[    0.368010] pci_bus 0000:07: resource 1 [mem 0xfc500000-0xfc7fffff]
[    0.368012] pci_bus 0000:07: resource 2 [mem 0x7000000000-0x780fffffff 64bit pref]
[    0.368013] pci_bus 0000:08: resource 0 [io  0xe000-0xefff]
[    0.368015] pci_bus 0000:08: resource 1 [mem 0xfc500000-0xfc7fffff]
[    0.368016] pci_bus 0000:08: resource 2 [mem 0x7000000000-0x780fffffff 64bit pref]
[    0.368018] pci_bus 0000:0a: resource 1 [mem 0xfc900000-0xfcbfffff]
[    0.368302] pci 0000:08:00.1: D0 power state depends on 0000:08:00.0
[    0.368359] pci 0000:08:00.2: D0 power state depends on 0000:08:00.0
[    0.368550] pci 0000:08:00.3: D0 power state depends on 0000:08:00.0
[    0.368711] PCI: CLS 64 bytes, default 64
[    0.368723] PCI-DMA: Using software bounce buffering for IO (SWIOTLB)
[    0.368724] software IO TLB: mapped [mem 0x00000000b35c8000-0x00000000b75c8000] (64MB)
[    0.368769] LVT offset 0 assigned for vector 0x400
[    0.368770] Trying to unpack rootfs image as initramfs...
[    0.372266] perf: AMD IBS detected (0x000003ff)
[    0.373072] Initialise system trusted keyrings
[    0.373083] Key type blacklist registered
[    0.373113] workingset: timestamp_bits=36 max_order=23 bucket_order=0
[    0.373122] zbud: loaded
[    0.373340] squashfs: version 4.0 (2009/01/31) Phillip Lougher
[    0.373414] fuse: init (API version 7.39)
[    0.373522] integrity: Platform Keyring initialized
[    0.373524] integrity: Machine keyring initialized
[    0.381612] Key type asymmetric registered
[    0.381614] Asymmetric key parser 'x509' registered
[    0.381629] Block layer SCSI generic (bsg) driver version 0.4 loaded (major 243)
[    0.381666] io scheduler mq-deadline registered
[    0.382664] pcieport 0000:00:01.1: PME: Signaling with IRQ 27
[    0.382781] pcieport 0000:00:01.2: PME: Signaling with IRQ 28
[    0.382890] pcieport 0000:00:03.1: PME: Signaling with IRQ 29
[    0.383065] pcieport 0000:00:07.1: PME: Signaling with IRQ 31
[    0.383124] pcieport 0000:00:07.1: AER: enabled with IRQ 31
[    0.383216] pcieport 0000:00:08.1: PME: Signaling with IRQ 32
[    0.383271] pcieport 0000:00:08.1: AER: enabled with IRQ 32
[    0.383871] shpchp: Standard Hot Plug PCI Controller Driver version: 0.4
[    0.384031] input: Power Button as /devices/LNXSYSTM:00/LNXSYBUS:00/PNP0C0C:00/input/input0
[    0.384052] ACPI: button: Power Button [PWRB]
[    0.384087] input: Power Button as /devices/LNXSYSTM:00/LNXPWRBN:00/input/input1
[    0.384129] ACPI: button: Power Button [PWRF]
[    0.384839] Estimated ratio of average max frequency by base frequency (times 1024): 1165
[    0.384852] Monitor-Mwait will be used to enter C-1 state
[    0.384858] ACPI: \_SB_.PLTF.C000: Found 2 idle states
[    0.384996] ACPI: \_SB_.PLTF.C002: Found 2 idle states
[    0.385080] ACPI: \_SB_.PLTF.C004: Found 2 idle states
[    0.385207] ACPI: \_SB_.PLTF.C006: Found 2 idle states
[    0.385326] ACPI: \_SB_.PLTF.C008: Found 2 idle states
[    0.385440] ACPI: \_SB_.PLTF.C00A: Found 2 idle states
[    0.385527] ACPI: \_SB_.PLTF.C00C: Found 2 idle states
[    0.385636] ACPI: \_SB_.PLTF.C00E: Found 2 idle states
[    0.385720] ACPI: \_SB_.PLTF.C001: Found 2 idle states
[    0.385831] ACPI: \_SB_.PLTF.C003: Found 2 idle states
[    0.385939] ACPI: \_SB_.PLTF.C005: Found 2 idle states
[    0.386056] ACPI: \_SB_.PLTF.C007: Found 2 idle states
[    0.386161] ACPI: \_SB_.PLTF.C009: Found 2 idle states
[    0.386267] ACPI: \_SB_.PLTF.C00B: Found 2 idle states
[    0.386386] ACPI: \_SB_.PLTF.C00D: Found 2 idle states
[    0.386491] ACPI: \_SB_.PLTF.C00F: Found 2 idle states
[    0.386711] Serial: 8250/16550 driver, 32 ports, IRQ sharing enabled
[    0.407408] 00:05: ttyS0 at I/O 0x3f8 (irq = 4, base_baud = 115200) is a 16550A
[    0.410867] Linux agpgart interface v0.103
[    0.423869] tpm_crb MSFT0101:00: Disabling hwrng
[    0.427613] loop: module loaded
[    0.427823] ACPI: bus type drm_connector registered
[    0.428535] tun: Universal TUN/TAP device driver, 1.6
[    0.428571] PPP generic driver version 2.4.2
[    0.428691] i8042: PNP: No PS/2 controller found.
[    0.428739] mousedev: PS/2 mouse device common for all mice
[    0.428823] rtc_cmos 00:03: RTC can wake from S4
[    0.429022] rtc_cmos 00:03: registered as rtc0
[    0.429047] rtc_cmos 00:03: setting system clock to 2026-06-10T18:51:21 UTC (1781117481)
[    0.429073] rtc_cmos 00:03: alarms up to one month, y3k, 114 bytes nvram
[    0.429081] i2c_dev: i2c /dev entries driver
[    0.429102] device-mapper: core: CONFIG_IMA_DISABLE_HTABLE is disabled. Duplicate IMA measurements will not be recorded in the IMA log.
[    0.429111] device-mapper: uevent: version 1.0.3
[    0.429159] device-mapper: ioctl: 4.48.0-ioctl (2023-03-01) initialised: dm-devel@redhat.com
[    0.429163] amd_pstate: driver load is disabled, boot with specific mode to enable this
[    0.429380] ledtrig-cpu: registered to indicate activity on CPUs
[    0.429450] drop_monitor: Initializing network drop monitor service
[    0.429534] NET: Registered PF_INET6 protocol family
[    0.454981] Freeing initrd memory: 73244K
[    0.459742] Segment Routing with IPv6
[    0.459753] In-situ OAM (IOAM) with IPv6
[    0.459787] NET: Registered PF_PACKET protocol family
[    0.459823] Key type dns_resolver registered
[    0.461148] microcode: Current revision: 0x0a201030
[    0.461404] resctrl: L3 allocation detected
[    0.461405] resctrl: MB allocation detected
[    0.461406] resctrl: L3 monitoring detected
[    0.461445] IPI shorthand broadcast: enabled
[    0.463269] sched_clock: Marking stable (462590825, 238080)->(479702117, -16873212)
[    0.463370] registered taskstats version 1
[    0.463878] Loading compiled-in X.509 certificates
[    0.464241] Loaded X.509 cert 'Build time autogenerated kernel key: 4616851849424b6aa13d3fe487d4bbc60db2a85f'
[    0.464509] Loaded X.509 cert 'Canonical Ltd. Live Patch Signing 2025 Kmod: d541cef61dc7e793b7eb7e899970a2eef0b5dc8c'
[    0.464785] Loaded X.509 cert 'Canonical Ltd. Live Patch Signing: 14df34d1a87cf37625abec039ef2bf521249b969'
[    0.465056] Loaded X.509 cert 'Canonical Ltd. Kernel Module Signing 2025 Kmod: 4627603d2357a2a3f81006370894c221175893e9'
[    0.465321] Loaded X.509 cert 'Canonical Ltd. Kernel Module Signing: 88f752e560a1e0737e31163a466ad7b70a850c19'
[    0.465322] blacklist: Loading compiled-in revocation X.509 certificates
[    0.465336] Loaded X.509 cert 'Canonical Ltd. Secure Boot Signing: 61482aa2830d0ab2ad5af10b7250da9033ddcef0'
[    0.465346] Loaded X.509 cert 'Canonical Ltd. Secure Boot Signing (2017): 242ade75ac4a15e50d50c84b0d45ff3eae707a03'
[    0.465356] Loaded X.509 cert 'Canonical Ltd. Secure Boot Signing (ESM 2018): 365188c1d374d6b07c3c8f240f8ef722433d6a8b'
[    0.465367] Loaded X.509 cert 'Canonical Ltd. Secure Boot Signing (2019): c0746fd6c5da3ae827864651ad66ae47fe24b3e8'
[    0.465377] Loaded X.509 cert 'Canonical Ltd. Secure Boot Signing (2021 v1): a8d54bbb3825cfb94fa13c9f8a594a195c107b8d'
[    0.465387] Loaded X.509 cert 'Canonical Ltd. Secure Boot Signing (2021 v2): 4cf046892d6fd3c9a5b03f98d845f90851dc6a8c'
[    0.465397] Loaded X.509 cert 'Canonical Ltd. Secure Boot Signing (2021 v3): 100437bb6de6e469b581e61cd66bce3ef4ed53af'
[    0.465407] Loaded X.509 cert 'Canonical Ltd. Secure Boot Signing (Ubuntu Core 2019): c1d57b8f6b743f23ee41f4f7ee292f06eecadfb9'
[    0.469189] Key type .fscrypt registered
[    0.469191] Key type fscrypt-provisioning registered
[    0.469233] Key type trusted registered
[    0.480609] Key type encrypted registered
[    0.480612] AppArmor: AppArmor sha256 policy hashing enabled
[    0.480706] Loading compiled-in module X.509 certificates
[    0.481050] Loaded X.509 cert 'Build time autogenerated kernel key: 4616851849424b6aa13d3fe487d4bbc60db2a85f'
[    0.481053] ima: Allocated hash algorithm: sha256
[    0.513665] ima: No architecture policies found
[    0.513678] evm: Initialising EVM extended attributes:
[    0.513680] evm: security.selinux
[    0.513682] evm: security.SMACK64
[    0.513683] evm: security.SMACK64EXEC
[    0.513684] evm: security.SMACK64TRANSMUTE
[    0.513685] evm: security.SMACK64MMAP
[    0.513686] evm: security.apparmor
[    0.513688] evm: security.ima
[    0.513689] evm: security.capability
[    0.513690] evm: HMAC attrs: 0x1
[    0.514002] PM:   Magic number: 14:1:898
[    0.539104] RAS: Correctable Errors collector initialized.
[    0.539323] clk: Disabling unused clocks
[    0.541439] Freeing unused decrypted memory: 2028K
[    0.542238] Freeing unused kernel image (initmem) memory: 4924K
[    0.542241] Write protecting the kernel read-only data: 38912k
[    0.542900] Freeing unused kernel image (rodata/data gap) memory: 1968K
[    0.587478] x86/mm: Checked W+X mappings: passed, no W+X pages found.
[    0.587484] Run /init as init process
[    0.587486]   with arguments:
[    0.587487]     /init
[    0.587488]     splash
[    0.587489]   with environment:
[    0.587490]     HOME=/
[    0.587491]     TERM=linux
[    0.728423] xhci_hcd 0000:02:00.0: xHCI Host Controller
[    0.728433] xhci_hcd 0000:02:00.0: new USB bus registered, assigned bus number 1
[    0.729103] ahci 0000:02:00.1: version 3.0
[    0.729296] ahci 0000:02:00.1: SSS flag set, parallel bus scan disabled
[    0.729353] ahci 0000:02:00.1: AHCI 0001.0301 32 slots 6 ports 6 Gbps 0x3f impl SATA mode
[    0.729357] ahci 0000:02:00.1: flags: 64bit ncq sntf stag pm led clo only pmp pio slum part sxs deso sadm sds apst 
[    0.731099] scsi host0: ahci
[    0.731551] scsi host1: ahci
[    0.731759] scsi host2: ahci
[    0.731963] scsi host3: ahci
[    0.732090] scsi host4: ahci
[    0.732369] scsi host5: ahci
[    0.732555] ata1: SATA max UDMA/133 abar m131072@0xfce80000 port 0xfce80100 irq 39 lpm-pol 0
[    0.732559] ata2: SATA max UDMA/133 abar m131072@0xfce80000 port 0xfce80180 irq 39 lpm-pol 0
[    0.732562] ata3: SATA max UDMA/133 abar m131072@0xfce80000 port 0xfce80200 irq 39 lpm-pol 0
[    0.732565] ata4: SATA max UDMA/133 abar m131072@0xfce80000 port 0xfce80280 irq 39 lpm-pol 0
[    0.732568] ata5: SATA max UDMA/133 abar m131072@0xfce80000 port 0xfce80300 irq 39 lpm-pol 0
[    0.732571] ata6: SATA max UDMA/133 abar m131072@0xfce80000 port 0xfce80380 irq 39 lpm-pol 0
[    0.740360] r8169 0000:04:00.0 eth0: RTL8168h/8111h, a8:a1:59:34:d6:1c, XID 541, IRQ 40
[    0.740365] r8169 0000:04:00.0 eth0: jumbo features [frames: 9194 bytes, tx checksumming: ko]
[    0.783727] xhci_hcd 0000:02:00.0: hcc params 0x0200ef81 hci version 0x110 quirks 0x0000000000000010
[    0.784003] xhci_hcd 0000:02:00.0: xHCI Host Controller
[    0.784007] xhci_hcd 0000:02:00.0: new USB bus registered, assigned bus number 2
[    0.784010] xhci_hcd 0000:02:00.0: Host supports USB 3.1 Enhanced SuperSpeed
[    0.784082] usb usb1: New USB device found, idVendor=1d6b, idProduct=0002, bcdDevice= 6.08
[    0.784084] usb usb1: New USB device strings: Mfr=3, Product=2, SerialNumber=1
[    0.784086] usb usb1: Product: xHCI Host Controller
[    0.784087] usb usb1: Manufacturer: Linux 6.8.0-117-generic xhci-hcd
[    0.784089] usb usb1: SerialNumber: 0000:02:00.0
[    0.784218] hub 1-0:1.0: USB hub found
[    0.784240] hub 1-0:1.0: 10 ports detected
[    0.784639] usb usb2: We don't know the algorithms for LPM for this host, disabling LPM.
[    0.784659] usb usb2: New USB device found, idVendor=1d6b, idProduct=0003, bcdDevice= 6.08
[    0.784661] usb usb2: New USB device strings: Mfr=3, Product=2, SerialNumber=1
[    0.784663] usb usb2: Product: xHCI Host Controller
[    0.784664] usb usb2: Manufacturer: Linux 6.8.0-117-generic xhci-hcd
[    0.784665] usb usb2: SerialNumber: 0000:02:00.0
[    0.784739] hub 2-0:1.0: USB hub found
[    0.784748] hub 2-0:1.0: 4 ports detected
[    0.785056] xhci_hcd 0000:08:00.2: xHCI Host Controller
[    0.785060] xhci_hcd 0000:08:00.2: new USB bus registered, assigned bus number 3
[    0.785427] xhci_hcd 0000:08:00.2: hcc params 0x0110ffc5 hci version 0x120 quirks 0x0000000200000010
[    0.785622] xhci_hcd 0000:08:00.2: xHCI Host Controller
[    0.785625] xhci_hcd 0000:08:00.2: new USB bus registered, assigned bus number 4
[    0.785627] xhci_hcd 0000:08:00.2: Host supports USB 3.1 Enhanced SuperSpeed
[    0.785658] usb usb3: New USB device found, idVendor=1d6b, idProduct=0002, bcdDevice= 6.08
[    0.785660] usb usb3: New USB device strings: Mfr=3, Product=2, SerialNumber=1
[    0.785662] usb usb3: Product: xHCI Host Controller
[    0.785663] usb usb3: Manufacturer: Linux 6.8.0-117-generic xhci-hcd
[    0.785664] usb usb3: SerialNumber: 0000:08:00.2
[    0.785734] hub 3-0:1.0: USB hub found
[    0.785740] hub 3-0:1.0: 1 port detected
[    0.785804] usb usb4: We don't know the algorithms for LPM for this host, disabling LPM.
[    0.785824] usb usb4: New USB device found, idVendor=1d6b, idProduct=0003, bcdDevice= 6.08
[    0.785825] usb usb4: New USB device strings: Mfr=3, Product=2, SerialNumber=1
[    0.785827] usb usb4: Product: xHCI Host Controller
[    0.785828] usb usb4: Manufacturer: Linux 6.8.0-117-generic xhci-hcd
[    0.785829] usb usb4: SerialNumber: 0000:08:00.2
[    0.785898] hub 4-0:1.0: USB hub found
[    0.785903] hub 4-0:1.0: 1 port detected
[    0.786013] xhci_hcd 0000:0a:00.3: xHCI Host Controller
[    0.786017] xhci_hcd 0000:0a:00.3: new USB bus registered, assigned bus number 5
[    0.786122] xhci_hcd 0000:0a:00.3: hcc params 0x0278ffe5 hci version 0x110 quirks 0x0000000000000010
[    0.786331] xhci_hcd 0000:0a:00.3: xHCI Host Controller
[    0.786334] xhci_hcd 0000:0a:00.3: new USB bus registered, assigned bus number 6
[    0.786337] xhci_hcd 0000:0a:00.3: Host supports USB 3.1 Enhanced SuperSpeed
[    0.786371] usb usb5: New USB device found, idVendor=1d6b, idProduct=0002, bcdDevice= 6.08
[    0.786373] usb usb5: New USB device strings: Mfr=3, Product=2, SerialNumber=1
[    0.786374] usb usb5: Product: xHCI Host Controller
[    0.786376] usb usb5: Manufacturer: Linux 6.8.0-117-generic xhci-hcd
[    0.786377] usb usb5: SerialNumber: 0000:0a:00.3
[    0.786463] hub 5-0:1.0: USB hub found
[    0.786470] hub 5-0:1.0: 4 ports detected
[    0.786669] usb usb6: We don't know the algorithms for LPM for this host, disabling LPM.
[    0.786689] usb usb6: New USB device found, idVendor=1d6b, idProduct=0003, bcdDevice= 6.08
[    0.786691] usb usb6: New USB device strings: Mfr=3, Product=2, SerialNumber=1
[    0.786692] usb usb6: Product: xHCI Host Controller
[    0.786693] usb usb6: Manufacturer: Linux 6.8.0-117-generic xhci-hcd
[    0.786695] usb usb6: SerialNumber: 0000:0a:00.3
[    0.786769] hub 6-0:1.0: USB hub found
[    0.786777] hub 6-0:1.0: 4 ports detected
[    1.027420] usb 5-2: new high-speed USB device number 2 using xhci_hcd
[    1.038694] ata1: SATA link down (SStatus 0 SControl 300)
[    1.089068] usb 1-6: new full-speed USB device number 2 using xhci_hcd
[    1.155624] usb 5-2: New USB device found, idVendor=2357, idProduct=011e, bcdDevice= 2.00
[    1.155631] usb 5-2: New USB device strings: Mfr=1, Product=2, SerialNumber=3
[    1.155634] usb 5-2: Product: 802.11ac WLAN Adapter 
[    1.155636] usb 5-2: Manufacturer: Realtek 
[    1.155638] usb 5-2: SerialNumber: 00e04c000001
[    1.425531] tsc: Refined TSC clocksource calibration: 3792.872 MHz
[    1.425544] clocksource: tsc: mask: 0xffffffffffffffff max_cycles: 0x6d5815bbf2a, max_idle_ns: 881590783532 ns
[    1.425578] clocksource: Switched to clocksource tsc
[    1.463032] usb 1-6: New USB device found, idVendor=1e71, idProduct=2007, bcdDevice= 2.00
[    1.463039] usb 1-6: New USB device strings: Mfr=1, Product=2, SerialNumber=3
[    1.463043] usb 1-6: Product: NZXT USB Device
[    1.463045] usb 1-6: Manufacturer: NZXT. - Inc.
[    1.463048] usb 1-6: SerialNumber: 00000000001A
[    1.512560] ata2: SATA link up 6.0 Gbps (SStatus 133 SControl 300)
[    1.516276] ata2.00: ATA-9: TEAM T253X2001T, S1230A0, max UDMA/133
[    1.518318] ata2.00: 2000409264 sectors, multi 1: LBA48 NCQ (depth 32), AA
[    1.525007] ata2.00: Features: Dev-Sleep
[    1.540299] ata2.00: configured for UDMA/133
[    1.540481] scsi 1:0:0:0: Direct-Access     ATA      TEAM T253X2001T  0A0  PQ: 0 ANSI: 5
[    1.540790] sd 1:0:0:0: Attached scsi generic sg0 type 0
[    1.540868] sd 1:0:0:0: [sda] 2000409264 512-byte logical blocks: (1.02 TB/954 GiB)
[    1.540881] sd 1:0:0:0: [sda] Write Protect is off
[    1.540886] sd 1:0:0:0: [sda] Mode Sense: 00 3a 00 00
[    1.540904] sd 1:0:0:0: [sda] Write cache: enabled, read cache: enabled, doesn't support DPO or FUA
[    1.540930] sd 1:0:0:0: [sda] Preferred minimum I/O size 512 bytes
[    1.541648]  sda: sda1 sda2 sda3
[    1.541798] sd 1:0:0:0: [sda] Attached SCSI disk
[    1.649555] usb 1-8: new full-speed USB device number 3 using xhci_hcd
[    1.846561] ata3: SATA link down (SStatus 0 SControl 330)
[    1.953960] usb 1-8: New USB device found, idVendor=26ce, idProduct=01a2, bcdDevice= 0.00
[    1.953968] usb 1-8: New USB device strings: Mfr=1, Product=2, SerialNumber=3
[    1.953972] usb 1-8: Product: LED Controller
[    1.953974] usb 1-8: Manufacturer: ASRock
[    1.953977] usb 1-8: SerialNumber: A02019100900
[    2.140532] usb 1-9: new full-speed USB device number 4 using xhci_hcd
[    2.157464] ata4: SATA link down (SStatus 0 SControl 330)
[    2.462628] ata5: SATA link down (SStatus 0 SControl 330)
[    2.513082] usb 1-9: New USB device found, idVendor=8087, idProduct=0aa7, bcdDevice= 0.01
[    2.513091] usb 1-9: New USB device strings: Mfr=0, Product=0, SerialNumber=0
[    2.775214] ata6: SATA link down (SStatus 0 SControl 330)
[    2.778111] nvme nvme0: pci function 0000:01:00.0
[    2.778284] r8169 0000:04:00.0 enp4s0: renamed from eth0
[    2.782227] hid: raw HID events driver (C) Jiri Kosina
[    2.786151] nvme nvme0: 8/0/0 default/read/poll queues
[    2.788921]  nvme0n1: p1 p2 p3
[    2.815769] usbcore: registered new interface driver usbhid
[    2.815772] usbhid: USB HID core driver
[    2.818359] hid-generic 0003:1E71:2007.0001: hiddev0,hidraw0: USB HID v1.11 Device [NZXT. - Inc. NZXT USB Device] on usb-0000:02:00.0-6/input0
[    2.818485] input: ASRock LED Controller as /devices/pci0000:00/0000:00:01.2/0000:02:00.0/usb1/1-8/1-8:1.0/0003:26CE:01A2.0002/input/input2
[    2.870708] hid-generic 0003:26CE:01A2.0002: input,hidraw1: USB HID v1.10 Device [ASRock LED Controller] on usb-0000:02:00.0-8/input0
[    3.941808] EXT4-fs (nvme0n1p3): mounted filesystem a076301c-b9f2-4913-9778-e6596aaa787b ro with ordered data mode. Quota mode: none.
[    4.022450] systemd[1]: Inserted module 'autofs4'
[    4.032565] systemd[1]: systemd 255.4-1ubuntu8.15 running in system mode (+PAM +AUDIT +SELINUX +APPARMOR +IMA +SMACK +SECCOMP +GCRYPT -GNUTLS +OPENSSL +ACL +BLKID +CURL +ELFUTILS +FIDO2 +IDN2 -IDN +IPTC +KMOD +LIBCRYPTSETUP +LIBFDISK +PCRE2 -PWQUALITY +P11KIT +QRENCODE +TPM2 +BZIP2 +LZ4 +XZ +ZLIB +ZSTD -BPF_FRAMEWORK -XKBCOMMON +UTMP +SYSVINIT default-hierarchy=unified)
[    4.032575] systemd[1]: Detected architecture x86-64.
[    4.033259] systemd[1]: Hostname set to <ubuntu-dualboot>.
[    4.102612] systemd[1]: Configuration file /run/systemd/system/netplan-ovs-cleanup.service is marked world-inaccessible. This has no effect as configuration data is accessible via APIs without restrictions. Proceeding anyway.
[    4.146481] systemd[1]: Queued start job for default target graphical.target.
[    4.158248] systemd[1]: Created slice system-modprobe.slice - Slice /system/modprobe.
[    4.158535] systemd[1]: Created slice system-systemd\x2dfsck.slice - Slice /system/systemd-fsck.
[    4.158734] systemd[1]: Created slice user.slice - User and Session Slice.
[    4.158785] systemd[1]: Started systemd-ask-password-wall.path - Forward Password Requests to Wall Directory Watch.
[    4.158908] systemd[1]: Set up automount proc-sys-fs-binfmt_misc.automount - Arbitrary Executable File Formats File System Automount Point.
[    4.158922] systemd[1]: Expecting device dev-disk-by\x2duuid-6EE4\x2d6614.device - /dev/disk/by-uuid/6EE4-6614...
[    4.158936] systemd[1]: Reached target integritysetup.target - Local Integrity Protected Volumes.
[    4.158945] systemd[1]: Reached target network-pre.target - Preparation for Network.
[    4.158953] systemd[1]: Reached target remote-fs.target - Remote File Systems.
[    4.158960] systemd[1]: Reached target slices.target - Slice Units.
[    4.158967] systemd[1]: Reached target snapd.mounts-pre.target - Mounting snaps.
[    4.158974] systemd[1]: Reached target swap.target - Swaps.
[    4.158986] systemd[1]: Reached target veritysetup.target - Local Verity Protected Volumes.
[    4.159101] systemd[1]: Listening on syslog.socket - Syslog Socket.
[    4.159171] systemd[1]: Listening on systemd-fsckd.socket - fsck to fsckd communication Socket.
[    4.159212] systemd[1]: Listening on systemd-initctl.socket - initctl Compatibility Named Pipe.
[    4.159299] systemd[1]: Listening on systemd-journald-dev-log.socket - Journal Socket (/dev/log).
[    4.159387] systemd[1]: Listening on systemd-journald.socket - Journal Socket.
[    4.159509] systemd[1]: Listening on systemd-oomd.socket - Userspace Out-Of-Memory (OOM) Killer Socket.
[    4.159533] systemd[1]: systemd-pcrextend.socket - TPM2 PCR Extension (Varlink) was skipped because of an unmet condition check (ConditionSecurity=measured-uki).
[    4.159629] systemd[1]: Listening on systemd-udevd-control.socket - udev Control Socket.
[    4.159700] systemd[1]: Listening on systemd-udevd-kernel.socket - udev Kernel Socket.
[    4.160334] systemd[1]: Mounting dev-hugepages.mount - Huge Pages File System...
[    4.160822] systemd[1]: Mounting dev-mqueue.mount - POSIX Message Queue File System...
[    4.161328] systemd[1]: Mounting sys-kernel-debug.mount - Kernel Debug File System...
[    4.161809] systemd[1]: Mounting sys-kernel-tracing.mount - Kernel Trace File System...
[    4.162883] systemd[1]: Starting systemd-journald.service - Journal Service...
[    4.163510] systemd[1]: Starting keyboard-setup.service - Set the console keyboard layout...
[    4.164043] systemd[1]: Starting kmod-static-nodes.service - Create List of Static Device Nodes...
[    4.164604] systemd[1]: Starting modprobe@configfs.service - Load Kernel Module configfs...
[    4.165323] systemd[1]: Starting modprobe@dm_mod.service - Load Kernel Module dm_mod...
[    4.166013] systemd[1]: Starting modprobe@drm.service - Load Kernel Module drm...
[    4.166750] systemd[1]: Starting modprobe@efi_pstore.service - Load Kernel Module efi_pstore...
[    4.167459] systemd[1]: Starting modprobe@fuse.service - Load Kernel Module fuse...
[    4.168160] systemd[1]: Starting modprobe@loop.service - Load Kernel Module loop...
[    4.168245] systemd[1]: systemd-fsck-root.service - File System Check on Root Device was skipped because of an unmet condition check (ConditionPathExists=!/run/initramfs/fsck-root).
[    4.169510] systemd[1]: Starting systemd-modules-load.service - Load Kernel Modules...
[    4.169524] systemd[1]: systemd-pcrmachine.service - TPM2 PCR Machine ID Measurement was skipped because of an unmet condition check (ConditionSecurity=measured-uki).
[    4.170165] systemd[1]: Starting systemd-remount-fs.service - Remount Root and Kernel File Systems...
[    4.170196] systemd[1]: systemd-tpm2-setup-early.service - TPM2 SRK Setup (Early) was skipped because of an unmet condition check (ConditionSecurity=measured-uki).
[    4.170842] systemd[1]: Starting systemd-udev-trigger.service - Coldplug All udev Devices...
[    4.171082] pstore: Using crash dump compression: deflate
[    4.171717] pstore: Registered efi_pstore as persistent store backend
[    4.171930] systemd[1]: Mounted dev-hugepages.mount - Huge Pages File System.
[    4.172033] systemd[1]: Mounted dev-mqueue.mount - POSIX Message Queue File System.
[    4.172126] systemd[1]: Mounted sys-kernel-debug.mount - Kernel Debug File System.
[    4.172221] systemd[1]: Mounted sys-kernel-tracing.mount - Kernel Trace File System.
[    4.172393] systemd[1]: Finished kmod-static-nodes.service - Create List of Static Device Nodes.
[    4.172627] systemd[1]: modprobe@configfs.service: Deactivated successfully.
[    4.172735] systemd[1]: Finished modprobe@configfs.service - Load Kernel Module configfs.
[    4.172933] systemd[1]: modprobe@dm_mod.service: Deactivated successfully.
[    4.173036] systemd[1]: Finished modprobe@dm_mod.service - Load Kernel Module dm_mod.
[    4.173227] systemd[1]: modprobe@drm.service: Deactivated successfully.
[    4.173352] systemd[1]: Finished modprobe@drm.service - Load Kernel Module drm.
[    4.173543] systemd[1]: modprobe@efi_pstore.service: Deactivated successfully.
[    4.173643] systemd[1]: Finished modprobe@efi_pstore.service - Load Kernel Module efi_pstore.
[    4.173832] systemd[1]: modprobe@fuse.service: Deactivated successfully.
[    4.173930] systemd[1]: Finished modprobe@fuse.service - Load Kernel Module fuse.
[    4.174116] systemd[1]: modprobe@loop.service: Deactivated successfully.
[    4.174215] systemd[1]: Finished modprobe@loop.service - Load Kernel Module loop.
[    4.174943] systemd[1]: Mounting sys-fs-fuse-connections.mount - FUSE Control File System...
[    4.175443] systemd-journald[396]: Collecting audit messages is disabled.
[    4.175446] systemd[1]: Mounting sys-kernel-config.mount - Kernel Configuration File System...
[    4.175480] systemd[1]: systemd-repart.service - Repartition Root Disk was skipped because no trigger condition checks were met.
[    4.176011] systemd[1]: Starting systemd-tmpfiles-setup-dev-early.service - Create Static Device Nodes in /dev gracefully...
[    4.178525] lp: driver loaded but no devices found
[    4.179733] systemd[1]: Mounted sys-fs-fuse-connections.mount - FUSE Control File System.
[    4.179836] systemd[1]: Mounted sys-kernel-config.mount - Kernel Configuration File System.
[    4.180411] ppdev: user-space parallel port driver
[    4.187584] systemd[1]: Finished systemd-tmpfiles-setup-dev-early.service - Create Static Device Nodes in /dev gracefully.
[    4.188359] EXT4-fs (nvme0n1p3): re-mounted a076301c-b9f2-4913-9778-e6596aaa787b r/w.
[    4.189082] systemd[1]: Finished systemd-remount-fs.service - Remount Root and Kernel File Systems.
[    4.189704] systemd[1]: systemd-hwdb-update.service - Rebuild Hardware Database was skipped because of an unmet condition check (ConditionNeedsUpdate=/etc).
[    4.189729] systemd[1]: systemd-pstore.service - Platform Persistent Storage Archival was skipped because of an unmet condition check (ConditionDirectoryNotEmpty=/sys/fs/pstore).
[    4.190277] systemd[1]: Starting systemd-random-seed.service - Load/Save OS Random Seed...
[    4.190311] systemd[1]: systemd-sysusers.service - Create System Users was skipped because no trigger condition checks were met.
[    4.190919] systemd[1]: Starting systemd-tmpfiles-setup-dev.service - Create Static Device Nodes in /dev...
[    4.190930] systemd[1]: systemd-tpm2-setup.service - TPM2 SRK Setup was skipped because of an unmet condition check (ConditionSecurity=measured-uki).
[    4.191117] systemd[1]: Finished systemd-modules-load.service - Load Kernel Modules.
[    4.191720] systemd[1]: Starting systemd-sysctl.service - Apply Kernel Variables...
[    4.196091] systemd[1]: Finished keyboard-setup.service - Set the console keyboard layout.
[    4.197197] systemd[1]: Finished systemd-random-seed.service - Load/Save OS Random Seed.
[    4.199055] systemd[1]: Finished systemd-tmpfiles-setup-dev.service - Create Static Device Nodes in /dev.
[    4.199121] systemd[1]: Reached target local-fs-pre.target - Preparation for Local File Systems.
[    4.200080] systemd[1]: Mounting snap-bare-5.mount - Mount unit for bare, revision 5...
[    4.200678] systemd[1]: Mounting snap-core24-1643.mount - Mount unit for core24, revision 1643...
[    4.201333] systemd[1]: Mounting snap-firefox-8387.mount - Mount unit for firefox, revision 8387...
[    4.201933] systemd[1]: Mounting snap-firefox-8417.mount - Mount unit for firefox, revision 8417...
[    4.202619] systemd[1]: Mounting snap-gnome\x2d46\x2d2404-153.mount - Mount unit for gnome-46-2404, revision 153...
[    4.203368] systemd[1]: Mounting snap-gtk\x2dcommon\x2dthemes-1535.mount - Mount unit for gtk-common-themes, revision 1535...
[    4.204208] systemd[1]: Mounting snap-mesa\x2d2404-1165.mount - Mount unit for mesa-2404, revision 1165...
[    4.204662] loop0: detected capacity change from 0 to 136816
[    4.204727] loop1: detected capacity change from 0 to 8
[    4.204920] loop2: detected capacity change from 0 to 508992
[    4.205069] systemd[1]: Mounting snap-snapd-26865.mount - Mount unit for snapd, revision 26865...
[    4.205955] loop3: detected capacity change from 0 to 509160
[    4.206055] systemd[1]: Starting systemd-udevd.service - Rule-based Manager for Device Events and Files...
[    4.206260] loop4: detected capacity change from 0 to 1241248
[    4.207487] loop5: detected capacity change from 0 to 187776
[    4.207736] systemd[1]: Finished systemd-sysctl.service - Apply Kernel Variables.
[    4.208078] loop6: detected capacity change from 0 to 808920
[    4.208628] loop7: detected capacity change from 0 to 100888
[    4.209192] systemd[1]: Mounted snap-bare-5.mount - Mount unit for bare, revision 5.
[    4.210608] systemd[1]: Mounted snap-core24-1643.mount - Mount unit for core24, revision 1643.
[    4.210724] systemd[1]: Mounted snap-firefox-8387.mount - Mount unit for firefox, revision 8387.
[    4.210802] systemd[1]: Mounted snap-firefox-8417.mount - Mount unit for firefox, revision 8417.
[    4.210875] systemd[1]: Mounted snap-gnome\x2d46\x2d2404-153.mount - Mount unit for gnome-46-2404, revision 153.
[    4.210947] systemd[1]: Mounted snap-gtk\x2dcommon\x2dthemes-1535.mount - Mount unit for gtk-common-themes, revision 1535.
[    4.211019] systemd[1]: Mounted snap-mesa\x2d2404-1165.mount - Mount unit for mesa-2404, revision 1165.
[    4.211100] systemd[1]: Mounted snap-snapd-26865.mount - Mount unit for snapd, revision 26865.
[    4.211223] systemd[1]: Reached target snapd.mounts.target - Mounted snaps.
[    4.223415] systemd[1]: Started systemd-journald.service - Journal Service.
[    4.229187] systemd-journald[396]: Received client request to flush runtime journal.
[    4.236823] systemd-journald[396]: /var/log/journal/288b6cba6cec405188c18f26e7617eed/system.journal: Journal file uses a different sequence number ID, rotating.
[    4.236828] systemd-journald[396]: Rotating system journal.
[    4.388628] piix4_smbus 0000:00:14.0: SMBus Host Controller at 0xb00, revision 0
[    4.388633] piix4_smbus 0000:00:14.0: Using register 0x02 for SMBus port selection
[    4.393421] ccp 0000:0a:00.1: enabling device (0000 -> 0002)
[    4.394998] piix4_smbus 0000:00:14.0: Auxiliary SMBus Host Controller at 0xb20
[    4.395103] ccp 0000:0a:00.1: ccp: unable to access the device: you might be running a broken BIOS.
[    4.395127] ccp 0000:0a:00.1: psp enabled
[    4.446615] Bluetooth: Core ver 2.22
[    4.446800] NET: Registered PF_BLUETOOTH protocol family
[    4.446802] Bluetooth: HCI device and connection manager initialized
[    4.446806] Bluetooth: HCI socket layer initialized
[    4.446809] Bluetooth: L2CAP socket layer initialized
[    4.446817] Bluetooth: SCO socket layer initialized
[    4.449325] RAPL PMU: API unit is 2^-32 Joules, 1 fixed counters, 163840 ms ovfl timer
[    4.449329] RAPL PMU: hw unit of domain package 2^-16 Joules
[    4.464508] cryptd: max_cpu_qlen set to 1000
[    4.464544] i2c-designware-pci 0000:08:00.3: enabling device (0000 -> 0002)
[    4.466102] cfg80211: Loading compiled-in X.509 certificates for regulatory database
[    4.466316] Loaded X.509 cert 'sforshee: 00b28ddf47aef9cea7'
[    4.466457] Loaded X.509 cert 'wens: 61c038651aabdcf94bd0ac7ff06c7248db18c600'
[    4.468987] AVX2 version of gcm_enc/dec engaged.
[    4.469028] AES CTR mode by8 optimization enabled
[    4.471583] usbcore: registered new interface driver btusb
[    4.481144] Intel(R) Wireless WiFi driver for Linux
[    4.481261] iwlwifi 0000:05:00.0: enabling device (0000 -> 0002)
[    4.481832] iwlwifi 0000:05:00.0: Detected crf-id 0x0, cnv-id 0x0 wfpm id 0x0
[    4.481842] iwlwifi 0000:05:00.0: PCI dev 24fb/2110, rev=0x220, rfid=0xd55555d5
[    4.485653] iwlwifi 0000:05:00.0: loaded firmware version 29.198743027.0 3168-29.ucode op_mode iwlmvm
[    4.486461] snd_hda_intel 0000:08:00.1: enabling device (0000 -> 0002)
[    4.486537] snd_hda_intel 0000:08:00.1: Handle vga_switcheroo audio client
[    4.486539] snd_hda_intel 0000:08:00.1: Force to non-snoop mode
[    4.486706] snd_hda_intel 0000:0a:00.4: enabling device (0000 -> 0002)
[    4.487791] Bluetooth: hci0: Legacy ROM 2.x revision 5.0 build 25 week 20 2015
[    4.488582] Bluetooth: hci0: Intel Bluetooth firmware file: intel/ibt-hw-37.8.10-fw-22.50.19.14.f.bseq
[    4.501754] input: HDA ATI HDMI HDMI/DP,pcm=3 as /devices/pci0000:00/0000:00:03.1/0000:06:00.0/0000:07:00.0/0000:08:00.1/sound/card0/input3
[    4.501843] input: HDA ATI HDMI HDMI/DP,pcm=7 as /devices/pci0000:00/0000:00:03.1/0000:06:00.0/0000:07:00.0/0000:08:00.1/sound/card0/input4
[    4.501900] input: HDA ATI HDMI HDMI/DP,pcm=8 as /devices/pci0000:00/0000:00:03.1/0000:06:00.0/0000:07:00.0/0000:08:00.1/sound/card0/input5
[    4.501950] input: HDA ATI HDMI HDMI/DP,pcm=9 as /devices/pci0000:00/0000:00:03.1/0000:06:00.0/0000:07:00.0/0000:08:00.1/sound/card0/input6
[    4.505390] snd_hda_codec_realtek hdaudioC1D0: autoconfig for ALC887-VD: line_outs=1 (0x14/0x0/0x0/0x0/0x0) type:line
[    4.505394] snd_hda_codec_realtek hdaudioC1D0:    speaker_outs=0 (0x0/0x0/0x0/0x0/0x0)
[    4.505397] snd_hda_codec_realtek hdaudioC1D0:    hp_outs=1 (0x1b/0x0/0x0/0x0/0x0)
[    4.505399] snd_hda_codec_realtek hdaudioC1D0:    mono: mono_out=0x0
[    4.505401] snd_hda_codec_realtek hdaudioC1D0:    inputs:
[    4.505403] snd_hda_codec_realtek hdaudioC1D0:      Rear Mic=0x18
[    4.505406] snd_hda_codec_realtek hdaudioC1D0:      Front Mic=0x19
[    4.505408] snd_hda_codec_realtek hdaudioC1D0:      Line=0x1a
[    4.545122] input: HD-Audio Generic Rear Mic as /devices/pci0000:00/0000:00:08.1/0000:0a:00.4/sound/card1/input7
[    4.545189] input: HD-Audio Generic Front Mic as /devices/pci0000:00/0000:00:08.1/0000:0a:00.4/sound/card1/input8
[    4.545255] input: HD-Audio Generic Line as /devices/pci0000:00/0000:00:08.1/0000:0a:00.4/sound/card1/input9
[    4.545342] input: HD-Audio Generic Line Out as /devices/pci0000:00/0000:00:08.1/0000:0a:00.4/sound/card1/input10
[    4.545429] input: HD-Audio Generic Front Headphone as /devices/pci0000:00/0000:00:08.1/0000:0a:00.4/sound/card1/input11
[    4.586138] kvm_amd: TSC scaling supported
[    4.586140] kvm_amd: Nested Virtualization enabled
[    4.586141] kvm_amd: Nested Paging enabled
[    4.586143] kvm_amd: LBR virtualization supported
[    4.586152] kvm_amd: Virtual VMLOAD VMSAVE supported
[    4.586152] kvm_amd: Virtual GIF supported
[    4.591003] MCE: In-kernel MCE decoding enabled.
[    4.598531] iwlwifi 0000:05:00.0: Detected Intel(R) Dual Band Wireless AC 3168, REV=0x220
[    4.598585] thermal thermal_zone0: failed to read out thermal zone (-61)
[    4.616226] iwlwifi 0000:05:00.0: base HW address: 04:33:c2:22:c0:81, OTP minor version: 0x0
[    4.631853] intel_rapl_common: Found RAPL domain package
[    4.631856] intel_rapl_common: Found RAPL domain core
[    4.653322] ieee80211 phy0: Selected rate control algorithm 'iwl-mvm-rs'
[    4.656175] iwlwifi 0000:05:00.0 wlp5s0: renamed from wlan0
[    5.208442] audit: type=1400 audit(1781117486.278:2): apparmor="STATUS" operation="profile_load" profile="unconfined" name="vscode" pid=651 comm="apparmor_parser"
[    5.208480] audit: type=1400 audit(1781117486.278:3): apparmor="STATUS" operation="profile_load" profile="unconfined" name="cam" pid=646 comm="apparmor_parser"
[    5.208511] audit: type=1400 audit(1781117486.278:4): apparmor="STATUS" operation="profile_load" profile="unconfined" name="ch-run" pid=648 comm="apparmor_parser"
[    5.208541] audit: type=1400 audit(1781117486.278:5): apparmor="STATUS" operation="profile_load" profile="unconfined" name="balena-etcher" pid=643 comm="apparmor_parser"
[    5.208572] audit: type=1400 audit(1781117486.278:6): apparmor="STATUS" operation="profile_load" profile="unconfined" name="crun" pid=652 comm="apparmor_parser"
[    5.208607] audit: type=1400 audit(1781117486.278:7): apparmor="STATUS" operation="profile_load" profile="unconfined" name="devhelp" pid=654 comm="apparmor_parser"
[    5.208634] audit: type=1400 audit(1781117486.278:8): apparmor="STATUS" operation="profile_load" profile="unconfined" name="ch-checkns" pid=647 comm="apparmor_parser"
[    5.208665] audit: type=1400 audit(1781117486.278:9): apparmor="STATUS" operation="profile_load" profile="unconfined" name="buildah" pid=645 comm="apparmor_parser"
[    5.208699] audit: type=1400 audit(1781117486.278:10): apparmor="STATUS" operation="profile_load" profile="unconfined" name="brave" pid=644 comm="apparmor_parser"
[    5.279945] kauditd_printk_skb: 109 callbacks suppressed
[    5.279947] audit: type=1400 audit(1781117486.349:120): apparmor="STATUS" operation="profile_load" profile="unconfined" name="snap-update-ns.mesa-2404" pid=764 comm="apparmor_parser"
[    5.282026] audit: type=1400 audit(1781117486.351:121): apparmor="STATUS" operation="profile_load" profile="unconfined" name="/snap/snapd/26865/usr/lib/snapd/snap-confine" pid=762 comm="apparmor_parser"
[    5.282564] audit: type=1400 audit(1781117486.352:122): apparmor="STATUS" operation="profile_load" profile="unconfined" name="snap.mesa-2404.hook.install" pid=774 comm="apparmor_parser"
[    5.282930] audit: type=1400 audit(1781117486.352:123): apparmor="STATUS" operation="profile_load" profile="unconfined" name="snap.mesa-2404.component-monitor" pid=771 comm="apparmor_parser"
[    5.282980] audit: type=1400 audit(1781117486.352:124): apparmor="STATUS" operation="profile_load" profile="unconfined" name="snap.mesa-2404.hook.connect-plug-kernel-gpu-2404" pid=772 comm="apparmor_parser"
[    5.283029] audit: type=1400 audit(1781117486.352:125): apparmor="STATUS" operation="profile_load" profile="unconfined" name="snap.firefox.hook.disconnect-plug-host-hunspell" pid=768 comm="apparmor_parser"
[    5.283081] audit: type=1400 audit(1781117486.352:126): apparmor="STATUS" operation="profile_load" profile="unconfined" name="snap.mesa-2404.hook.disconnect-plug-kernel-gpu-2404" pid=773 comm="apparmor_parser"
[    5.283140] audit: type=1400 audit(1781117486.352:127): apparmor="STATUS" operation="profile_load" profile="unconfined" name="snap.firefox.hook.install" pid=769 comm="apparmor_parser"
[    5.283318] audit: type=1400 audit(1781117486.353:128): apparmor="STATUS" operation="profile_load" profile="unconfined" name="snap.mesa-2404.hook.post-refresh" pid=775 comm="apparmor_parser"
[    5.283419] audit: type=1400 audit(1781117486.353:129): apparmor="STATUS" operation="profile_load" profile="unconfined" name="snap.firefox.hook.post-refresh" pid=770 comm="apparmor_parser"
[    5.385496] Bluetooth: BNEP (Ethernet Emulation) ver 1.3
[    5.385500] Bluetooth: BNEP filters: protocol multicast
[    5.385507] Bluetooth: BNEP socket layer initialized
[    5.476562] block nvme0n1: No UUID available providing old NGUID
[    5.547930] NET: Registered PF_QIPCRTR protocol family
[    5.590019] loop8: detected capacity change from 0 to 8
[    5.990262] Generic FE-GE Realtek PHY r8169-0-400:00: attached PHY driver (mii_bus:phy_addr=r8169-0-400:00, irq=MAC)
[    5.991853] Bluetooth: hci0: Intel BT fw patch 0x43 completed & activated
[    6.095395] r8169 0000:04:00.0 enp4s0: Link is Down
[    6.167262] ACPI: \: failed to evaluate _DSM bf0212f2-788f-c64d-a5b3-1f738e285ade (0x1001)
[    6.167267] ACPI: \: failed to evaluate _DSM bf0212f2-788f-c64d-a5b3-1f738e285ade (0x1001)
[    6.167270] ACPI: \: failed to evaluate _DSM bf0212f2-788f-c64d-a5b3-1f738e285ade (0x1001)
[    6.167272] ACPI: \: failed to evaluate _DSM bf0212f2-788f-c64d-a5b3-1f738e285ade (0x1001)
[    6.167274] ACPI: \: failed to evaluate _DSM bf0212f2-788f-c64d-a5b3-1f738e285ade (0x1001)
[    6.167276] ACPI: \: failed to evaluate _DSM bf0212f2-788f-c64d-a5b3-1f738e285ade (0x1001)
[    6.167278] ACPI: \: failed to evaluate _DSM bf0212f2-788f-c64d-a5b3-1f738e285ade (0x1001)
[    6.168369] iwlwifi 0000:05:00.0: Registered PHC clock: iwlwifi-PTP, with index: 0
[    6.219028] Bluetooth: MGMT ver 1.22
[    6.221400] NET: Registered PF_ALG protocol family
[    9.438658] wlp5s0: authenticate with 3c:bd:c5:69:29:4f (local address=04:33:c2:22:c0:81)
[    9.439158] wlp5s0: send auth to 3c:bd:c5:69:29:4f (try 1/3)
[    9.440252] wlp5s0: authenticated
[    9.441256] wlp5s0: associate with 3c:bd:c5:69:29:4f (try 1/3)
[    9.442399] wlp5s0: RX AssocResp from 3c:bd:c5:69:29:4f (capab=0x1011 status=0 aid=8)
[    9.443573] wlp5s0: associated
[    9.538706] wlp5s0: Limiting TX power to 30 (30 - 0) dBm as advertised by 3c:bd:c5:69:29:4f
[   12.256766] systemd-journald[396]: /var/log/journal/288b6cba6cec405188c18f26e7617eed/user-1000.journal: Journal file uses a different sequence number ID, rotating.
[   12.339717] Bluetooth: RFCOMM TTY layer initialized
[   12.339728] Bluetooth: RFCOMM socket layer initialized
[   12.339732] Bluetooth: RFCOMM ver 1.11
[   54.908129] kauditd_printk_skb: 7 callbacks suppressed
[   54.908132] audit: type=1400 audit(1781117535.309:137): apparmor="AUDIT" operation="userns_create" class="namespace" info="Userns create - transitioning profile" profile="unconfined" pid=1906 comm="bwrap" requested="userns_create" target="unprivileged_userns"
[   54.908776] audit: type=1400 audit(1781117535.310:138): apparmor="DENIED" operation="capable" class="cap" profile="unprivileged_userns" pid=1918 comm="bwrap" capability=8  capname="setpcap"
[   54.908832] audit: type=1400 audit(1781117535.310:139): apparmor="DENIED" operation="capable" class="cap" profile="unprivileged_userns" pid=1918 comm="bwrap" capability=12  capname="net_admin"
[   80.393125] audit: type=1400 audit(1781117560.792:140): apparmor="AUDIT" operation="userns_create" class="namespace" info="Userns create - transitioning profile" profile="unconfined" pid=2278 comm="bwrap" requested="userns_create" target="unprivileged_userns"
[   80.393719] audit: type=1400 audit(1781117560.792:141): apparmor="DENIED" operation="capable" class="cap" profile="unprivileged_userns" pid=2280 comm="bwrap" capability=8  capname="setpcap"
[   80.393769] audit: type=1400 audit(1781117560.792:142): apparmor="DENIED" operation="capable" class="cap" profile="unprivileged_userns" pid=2280 comm="bwrap" capability=12  capname="net_admin"
[   80.396582] audit: type=1400 audit(1781117560.795:143): apparmor="AUDIT" operation="userns_create" class="namespace" info="Userns create - transitioning profile" profile="unconfined" pid=2282 comm="bwrap" requested="userns_create" target="unprivileged_userns"
[   80.397202] audit: type=1400 audit(1781117560.796:144): apparmor="DENIED" operation="capable" class="cap" profile="unprivileged_userns" pid=2283 comm="bwrap" capability=8  capname="setpcap"
[   80.397258] audit: type=1400 audit(1781117560.796:145): apparmor="DENIED" operation="capable" class="cap" profile="unprivileged_userns" pid=2283 comm="bwrap" capability=12  capname="net_admin"
[  121.546118] pci 0000:08:00.0: enabling device (0006 -> 0007)
[  121.546266] pci 0000:08:00.0: vgaarb: deactivate vga console
[  121.546278] pci 0000:08:00.0: BAR 0 [mem 0x7000000000-0x77ffffffff 64bit pref]: releasing
[  121.546283] pci 0000:08:00.0: BAR 2 [mem 0x7800000000-0x780fffffff 64bit pref]: releasing
[  121.546299] pcieport 0000:07:00.0: bridge window [mem 0x7000000000-0x780fffffff 64bit pref]: releasing
[  121.546301] pcieport 0000:06:00.0: bridge window [mem 0x7000000000-0x780fffffff 64bit pref]: releasing
[  121.546303] pcieport 0000:00:03.1: bridge window [mem 0x7000000000-0x780fffffff 64bit pref]: releasing
[  121.546310] pcieport 0000:00:03.1: bridge window [mem 0xc00000000-0x17ffffffff 64bit pref]: assigned
[  121.546313] pcieport 0000:06:00.0: bridge window [mem 0xc00000000-0x17ffffffff 64bit pref]: assigned
[  121.546315] pcieport 0000:07:00.0: bridge window [mem 0xc00000000-0x17ffffffff 64bit pref]: assigned
[  121.546318] pci 0000:08:00.0: BAR 0 [mem 0x1000000000-0x17ffffffff 64bit pref]: assigned
[  121.546326] pci 0000:08:00.0: BAR 2 [mem 0xc00000000-0xc0fffffff 64bit pref]: assigned
[  121.546334] pcieport 0000:00:03.1: PCI bridge to [bus 06-08]
[  121.546336] pcieport 0000:00:03.1:   bridge window [io  0xe000-0xefff]
[  121.546339] pcieport 0000:00:03.1:   bridge window [mem 0xfc500000-0xfc8fffff]
[  121.546342] pcieport 0000:00:03.1:   bridge window [mem 0xc00000000-0x17ffffffff 64bit pref]
[  121.546346] pcieport 0000:06:00.0: PCI bridge to [bus 07-08]
[  121.546348] pcieport 0000:06:00.0:   bridge window [io  0xe000-0xefff]
[  121.546352] pcieport 0000:06:00.0:   bridge window [mem 0xfc500000-0xfc7fffff]
[  121.546355] pcieport 0000:06:00.0:   bridge window [mem 0xc00000000-0x17ffffffff 64bit pref]
[  121.546360] pcieport 0000:07:00.0: PCI bridge to [bus 08]
[  121.546363] pcieport 0000:07:00.0:   bridge window [io  0xe000-0xefff]
[  121.546366] pcieport 0000:07:00.0:   bridge window [mem 0xfc500000-0xfc7fffff]
[  121.546370] pcieport 0000:07:00.0:   bridge window [mem 0xc00000000-0x17ffffffff 64bit pref]
