[    0.000000] Linux version 6.8.0-117-generic (buildd@lcy02-amd64-102) (x86_64-linux-gnu-gcc-13 (Ubuntu 13.3.0-6ubuntu2~24.04.1) 13.3.0, GNU ld (GNU Binutils for Ubuntu) 2.42) #117-Ubuntu SMP PREEMPT_DYNAMIC Tue May  5 19:26:24 UTC 2026 (Ubuntu 6.8.0-117.117-generic 6.8.12)
[    0.000000] Command line: BOOT_IMAGE=/boot/vmlinuz-6.8.0-117-generic root=UUID=a076301c-b9f2-4913-9778-e6596aaa787b ro quiet splash modprobe.blacklist=amdgpu
[    0.000000] KERNEL supported cpus:
[    0.000000]   Intel GenuineIntel
[    0.000000]   AMD AuthenticAMD
[    0.000000]   Hygon HygonGenuine
[    0.000000]   Centaur CentaurHauls
[    0.000000]   zhaoxin   Shanghai  
[    0.000000] BIOS-provided physical RAM map:
[    0.000000] BIOS-e820: [mem 0x0000000000000000-0x000000000009ffff] usable
[    0.000000] BIOS-e820: [mem 0x00000000000a0000-0x00000000000fffff] reserved
[    0.000000] BIOS-e820: [mem 0x0000000000100000-0x0000000009bfefff] usable
[    0.000000] BIOS-e820: [mem 0x0000000009bff000-0x0000000009ffffff] reserved
[    0.000000] BIOS-e820: [mem 0x000000000a000000-0x000000000a1fffff] usable
[    0.000000] BIOS-e820: [mem 0x000000000a200000-0x000000000a20dfff] ACPI NVS
[    0.000000] BIOS-e820: [mem 0x000000000a20e000-0x000000000affffff] usable
[    0.000000] BIOS-e820: [mem 0x000000000b000000-0x000000000b01ffff] reserved
[    0.000000] BIOS-e820: [mem 0x000000000b020000-0x00000000bb31bfff] usable
[    0.000000] BIOS-e820: [mem 0x00000000bb31c000-0x00000000bca84fff] reserved
[    0.000000] BIOS-e820: [mem 0x00000000bca85000-0x00000000bcad6fff] ACPI data
[    0.000000] BIOS-e820: [mem 0x00000000bcad7000-0x00000000bd1b6fff] ACPI NVS
[    0.000000] BIOS-e820: [mem 0x00000000bd1b7000-0x00000000bdffefff] reserved
[    0.000000] BIOS-e820: [mem 0x00000000bdfff000-0x00000000beffffff] usable
[    0.000000] BIOS-e820: [mem 0x00000000bf000000-0x00000000bfffffff] reserved
[    0.000000] BIOS-e820: [mem 0x00000000f0000000-0x00000000f7ffffff] reserved
[    0.000000] BIOS-e820: [mem 0x00000000fd200000-0x00000000fd2fffff] reserved
[    0.000000] BIOS-e820: [mem 0x00000000fd600000-0x00000000fd7fffff] reserved
[    0.000000] BIOS-e820: [mem 0x00000000fea00000-0x00000000fea0ffff] reserved
[    0.000000] BIOS-e820: [mem 0x00000000feb80000-0x00000000fec01fff] reserved
[    0.000000] BIOS-e820: [mem 0x00000000fec10000-0x00000000fec10fff] reserved
[    0.000000] BIOS-e820: [mem 0x00000000fec30000-0x00000000fec30fff] reserved
[    0.000000] BIOS-e820: [mem 0x00000000fed00000-0x00000000fed00fff] reserved
[    0.000000] BIOS-e820: [mem 0x00000000fed40000-0x00000000fed44fff] reserved
[    0.000000] BIOS-e820: [mem 0x00000000fed80000-0x00000000fed8ffff] reserved
[    0.000000] BIOS-e820: [mem 0x00000000fedc2000-0x00000000fedcffff] reserved
[    0.000000] BIOS-e820: [mem 0x00000000fedd4000-0x00000000fedd5fff] reserved
[    0.000000] BIOS-e820: [mem 0x00000000ff000000-0x00000000ffffffff] reserved
[    0.000000] BIOS-e820: [mem 0x0000000100000000-0x000000083f37ffff] usable
[    0.000000] BIOS-e820: [mem 0x000000083f380000-0x000000083fffffff] reserved
[    0.000000] NX (Execute Disable) protection: active
[    0.000000] APIC: Static calls initialized
[    0.000000] e820: update [mem 0xb75c8018-0xb75e3257] usable ==> usable
[    0.000000] e820: update [mem 0xb75c8018-0xb75e3257] usable ==> usable
[    0.000000] extended physical RAM map:
[    0.000000] reserve setup_data: [mem 0x0000000000000000-0x000000000009ffff] usable
[    0.000000] reserve setup_data: [mem 0x00000000000a0000-0x00000000000fffff] reserved
[    0.000000] reserve setup_data: [mem 0x0000000000100000-0x0000000009bfefff] usable
[    0.000000] reserve setup_data: [mem 0x0000000009bff000-0x0000000009ffffff] reserved
[    0.000000] reserve setup_data: [mem 0x000000000a000000-0x000000000a1fffff] usable
[    0.000000] reserve setup_data: [mem 0x000000000a200000-0x000000000a20dfff] ACPI NVS
[    0.000000] reserve setup_data: [mem 0x000000000a20e000-0x000000000affffff] usable
[    0.000000] reserve setup_data: [mem 0x000000000b000000-0x000000000b01ffff] reserved
[    0.000000] reserve setup_data: [mem 0x000000000b020000-0x00000000b75c8017] usable
[    0.000000] reserve setup_data: [mem 0x00000000b75c8018-0x00000000b75e3257] usable
[    0.000000] reserve setup_data: [mem 0x00000000b75e3258-0x00000000bb31bfff] usable
[    0.000000] reserve setup_data: [mem 0x00000000bb31c000-0x00000000bca84fff] reserved
[    0.000000] reserve setup_data: [mem 0x00000000bca85000-0x00000000bcad6fff] ACPI data
[    0.000000] reserve setup_data: [mem 0x00000000bcad7000-0x00000000bd1b6fff] ACPI NVS
[    0.000000] reserve setup_data: [mem 0x00000000bd1b7000-0x00000000bdffefff] reserved
[    0.000000] reserve setup_data: [mem 0x00000000bdfff000-0x00000000beffffff] usable
[    0.000000] reserve setup_data: [mem 0x00000000bf000000-0x00000000bfffffff] reserved
[    0.000000] reserve setup_data: [mem 0x00000000f0000000-0x00000000f7ffffff] reserved
[    0.000000] reserve setup_data: [mem 0x00000000fd200000-0x00000000fd2fffff] reserved
[    0.000000] reserve setup_data: [mem 0x00000000fd600000-0x00000000fd7fffff] reserved
[    0.000000] reserve setup_data: [mem 0x00000000fea00000-0x00000000fea0ffff] reserved
[    0.000000] reserve setup_data: [mem 0x00000000feb80000-0x00000000fec01fff] reserved
[    0.000000] reserve setup_data: [mem 0x00000000fec10000-0x00000000fec10fff] reserved
[    0.000000] reserve setup_data: [mem 0x00000000fec30000-0x00000000fec30fff] reserved
[    0.000000] reserve setup_data: [mem 0x00000000fed00000-0x00000000fed00fff] reserved
[    0.000000] reserve setup_data: [mem 0x00000000fed40000-0x00000000fed44fff] reserved
[    0.000000] reserve setup_data: [mem 0x00000000fed80000-0x00000000fed8ffff] reserved
[    0.000000] reserve setup_data: [mem 0x00000000fedc2000-0x00000000fedcffff] reserved
[    0.000000] reserve setup_data: [mem 0x00000000fedd4000-0x00000000fedd5fff] reserved
[    0.000000] reserve setup_data: [mem 0x00000000ff000000-0x00000000ffffffff] reserved
[    0.000000] reserve setup_data: [mem 0x0000000100000000-0x000000083f37ffff] usable
[    0.000000] reserve setup_data: [mem 0x000000083f380000-0x000000083fffffff] reserved
[    0.000000] efi: EFI v2.7 by American Megatrends
[    0.000000] efi: ACPI=0xbd1a0000 ACPI 2.0=0xbd1a0014 TPMFinalLog=0xbd16a000 SMBIOS=0xbde22000 SMBIOS 3.0=0xbde21000 MEMATTR=0xb7e35018 ESRT=0xba953598 INITRD=0xb76d4518 RNG=0xbca95018 TPMEventLog=0xbca90018 
[    0.000000] random: crng init done
[    0.000000] efi: Remove mem287: MMIO range=[0xf0000000-0xf7ffffff] (128MB) from e820 map
[    0.000000] e820: remove [mem 0xf0000000-0xf7ffffff] reserved
[    0.000000] efi: Remove mem288: MMIO range=[0xfd200000-0xfd2fffff] (1MB) from e820 map
[    0.000000] e820: remove [mem 0xfd200000-0xfd2fffff] reserved
[    0.000000] efi: Remove mem289: MMIO range=[0xfd600000-0xfd7fffff] (2MB) from e820 map
[    0.000000] e820: remove [mem 0xfd600000-0xfd7fffff] reserved
[    0.000000] efi: Not removing mem290: MMIO range=[0xfea00000-0xfea0ffff] (64KB) from e820 map
[    0.000000] efi: Remove mem291: MMIO range=[0xfeb80000-0xfec01fff] (0MB) from e820 map
[    0.000000] e820: remove [mem 0xfeb80000-0xfec01fff] reserved
[    0.000000] efi: Not removing mem292: MMIO range=[0xfec10000-0xfec10fff] (4KB) from e820 map
[    0.000000] efi: Not removing mem293: MMIO range=[0xfec30000-0xfec30fff] (4KB) from e820 map
[    0.000000] efi: Not removing mem294: MMIO range=[0xfed00000-0xfed00fff] (4KB) from e820 map
[    0.000000] efi: Not removing mem295: MMIO range=[0xfed40000-0xfed44fff] (20KB) from e820 map
[    0.000000] efi: Not removing mem296: MMIO range=[0xfed80000-0xfed8ffff] (64KB) from e820 map
[    0.000000] efi: Not removing mem297: MMIO range=[0xfedc2000-0xfedcffff] (56KB) from e820 map
[    0.000000] efi: Not removing mem298: MMIO range=[0xfedd4000-0xfedd5fff] (8KB) from e820 map
[    0.000000] efi: Remove mem299: MMIO range=[0xff000000-0xffffffff] (16MB) from e820 map
[    0.000000] e820: remove [mem 0xff000000-0xffffffff] reserved
[    0.000000] secureboot: Secure boot disabled
[    0.000000] SMBIOS 3.3.0 present.
[    0.000000] DMI: To Be Filled By O.E.M. B550M-ITX/ac/B550M-ITX/ac, BIOS P3.90 10/01/2025
[    0.000000] tsc: Fast TSC calibration using PIT
[    0.000000] tsc: Detected 3792.628 MHz processor
[    0.000215] e820: update [mem 0x00000000-0x00000fff] usable ==> reserved
[    0.000217] e820: remove [mem 0x000a0000-0x000fffff] usable
[    0.000222] last_pfn = 0x83f380 max_arch_pfn = 0x400000000
[    0.000228] total RAM covered: 3071M
[    0.000323] Found optimal setting for mtrr clean up
[    0.000323]  gran_size: 64K 	chunk_size: 64M 	num_reg: 3  	lose cover RAM: 0G
[    0.000326] MTRR map: 8 entries (4 fixed + 4 variable; max 21), built from 9 variable MTRRs
[    0.000328] x86/PAT: Configuration [0-7]: WB  WC  UC- UC  WB  WP  UC- WT  
[    0.000742] e820: update [mem 0xbcf40000-0xbcf4ffff] usable ==> reserved
[    0.000748] e820: update [mem 0xc0000000-0xffffffff] usable ==> reserved
[    0.000751] last_pfn = 0xbf000 max_arch_pfn = 0x400000000
[    0.003282] esrt: Reserving ESRT space from 0x00000000ba953598 to 0x00000000ba9535d0.
[    0.003288] e820: update [mem 0xba953000-0xba953fff] usable ==> reserved
[    0.003309] Using GB pages for direct mapping
[    0.003803] secureboot: Secure boot disabled
[    0.003804] RAMDISK: [mem 0xa9ec0000-0xae646fff]
[    0.004032] ACPI: Early table checksum verification disabled
[    0.004035] ACPI: RSDP 0x00000000BD1A0014 000024 (v02 ALASKA)
[    0.004038] ACPI: XSDT 0x00000000BD19F728 0000E4 (v01 ALASKA A M I    01072009 AMI  01000013)
[    0.004042] ACPI: FACP 0x00000000BCAC8000 000114 (v06 ALASKA A M I    01072009 AMI  00010013)
[    0.004045] ACPI: DSDT 0x00000000BCAC1000 006866 (v02 ALASKA A M I    01072009 INTL 20120913)
[    0.004047] ACPI: FACS 0x00000000BD19A000 000040
[    0.004049] ACPI: SSDT 0x00000000BCACE000 008CE9 (v02 AMD    AmdTable 00000002 MSFT 04000000)
[    0.004051] ACPI: SSDT 0x00000000BCACA000 003B45 (v02 AMD    AMD AOD  00000001 INTL 20120913)
[    0.004052] ACPI: SSDT 0x00000000BCAC9000 000221 (v02 ALASKA CPUSSDT  01072009 AMI  01072009)
[    0.004054] ACPI: FIDT 0x00000000BCAC0000 00009C (v01 ALASKA A M I    01072009 AMI  00010013)
[    0.004055] ACPI: MCFG 0x00000000BCABF000 00003C (v01 ALASKA A M I    01072009 MSFT 00010013)
[    0.004057] ACPI: AAFT 0x00000000BCABE000 000115 (v01 ALASKA OEMAAFT  01072009 MSFT 00000097)
[    0.004058] ACPI: HPET 0x00000000BCABD000 000038 (v01 ALASKA A M I    01072009 AMI  00000005)
[    0.004060] ACPI: VFCT 0x00000000BCAAE000 00E284 (v01 ALASKA A M I    00000001 AMD  31504F47)
[    0.004062] ACPI: TPM2 0x00000000BCAAD000 00004C (v04 ALASKA A M I    00000001 AMI  00000000)
[    0.004063] ACPI: PCCT 0x00000000BCAAC000 00006E (v02 AMD    AmdTable 00000001 AMD  00000001)
[    0.004065] ACPI: SSDT 0x00000000BCAA7000 004133 (v02 AMD    AmdTable 00000001 AMD  00000001)
[    0.004066] ACPI: CRAT 0x00000000BCAA6000 000F10 (v01 AMD    AmdTable 00000001 AMD  00000001)
[    0.004068] ACPI: CDIT 0x00000000BCAA5000 000029 (v01 AMD    AmdTable 00000001 AMD  00000001)
[    0.004069] ACPI: SSDT 0x00000000BCAA4000 0002C2 (v02 AMD    ArticDGP 00000001 INTL 20120913)
[    0.004071] ACPI: SSDT 0x00000000BCAA2000 0010C9 (v02 AMD    ArticTPX 00000001 INTL 20120913)
[    0.004072] ACPI: SSDT 0x00000000BCAA1000 00052C (v02 AMD    ArticNOI 00000001 INTL 20120913)
[    0.004074] ACPI: SSDT 0x00000000BCA9D000 0037C4 (v02 AMD    ArticN   00000001 INTL 20120913)
[    0.004075] ACPI: WSMT 0x00000000BCA9C000 000028 (v01 ALASKA A M I    01072009 AMI  00010013)
[    0.004077] ACPI: APIC 0x00000000BCA9B000 00015E (v04 ALASKA A M I    01072009 AMI  00010013)
[    0.004078] ACPI: SSDT 0x00000000BCA9A000 00007D (v02 AMD    ArticDIS 00000001 INTL 20120913)
[    0.004080] ACPI: SSDT 0x00000000BCA98000 0010AF (v02 AMD    ArticC   00000001 INTL 20120913)
[    0.004081] ACPI: SSDT 0x00000000BCA97000 0000BF (v01 AMD    AmdTable 00001000 INTL 20120913)
[    0.004083] ACPI: FPDT 0x00000000BCA96000 000044 (v01 ALASKA A M I    01072009 AMI  01000013)
[    0.004084] ACPI: Reserving FACP table memory at [mem 0xbcac8000-0xbcac8113]
[    0.004085] ACPI: Reserving DSDT table memory at [mem 0xbcac1000-0xbcac7865]
[    0.004086] ACPI: Reserving FACS table memory at [mem 0xbd19a000-0xbd19a03f]
[    0.004086] ACPI: Reserving SSDT table memory at [mem 0xbcace000-0xbcad6ce8]
[    0.004087] ACPI: Reserving SSDT table memory at [mem 0xbcaca000-0xbcacdb44]
[    0.004087] ACPI: Reserving SSDT table memory at [mem 0xbcac9000-0xbcac9220]
[    0.004088] ACPI: Reserving FIDT table memory at [mem 0xbcac0000-0xbcac009b]
[    0.004088] ACPI: Reserving MCFG table memory at [mem 0xbcabf000-0xbcabf03b]
[    0.004089] ACPI: Reserving AAFT table memory at [mem 0xbcabe000-0xbcabe114]
[    0.004089] ACPI: Reserving HPET table memory at [mem 0xbcabd000-0xbcabd037]
[    0.004090] ACPI: Reserving VFCT table memory at [mem 0xbcaae000-0xbcabc283]
[    0.004090] ACPI: Reserving TPM2 table memory at [mem 0xbcaad000-0xbcaad04b]
[    0.004091] ACPI: Reserving PCCT table memory at [mem 0xbcaac000-0xbcaac06d]
[    0.004091] ACPI: Reserving SSDT table memory at [mem 0xbcaa7000-0xbcaab132]
[    0.004092] ACPI: Reserving CRAT table memory at [mem 0xbcaa6000-0xbcaa6f0f]
[    0.004092] ACPI: Reserving CDIT table memory at [mem 0xbcaa5000-0xbcaa5028]
[    0.004092] ACPI: Reserving SSDT table memory at [mem 0xbcaa4000-0xbcaa42c1]
[    0.004093] ACPI: Reserving SSDT table memory at [mem 0xbcaa2000-0xbcaa30c8]
[    0.004093] ACPI: Reserving SSDT table memory at [mem 0xbcaa1000-0xbcaa152b]
[    0.004094] ACPI: Reserving SSDT table memory at [mem 0xbca9d000-0xbcaa07c3]
[    0.004094] ACPI: Reserving WSMT table memory at [mem 0xbca9c000-0xbca9c027]
[    0.004095] ACPI: Reserving APIC table memory at [mem 0xbca9b000-0xbca9b15d]
[    0.004095] ACPI: Reserving SSDT table memory at [mem 0xbca9a000-0xbca9a07c]
[    0.004096] ACPI: Reserving SSDT table memory at [mem 0xbca98000-0xbca990ae]
[    0.004096] ACPI: Reserving SSDT table memory at [mem 0xbca97000-0xbca970be]
[    0.004097] ACPI: Reserving FPDT table memory at [mem 0xbca96000-0xbca96043]
[    0.004177] No NUMA configuration found
[    0.004177] Faking a node at [mem 0x0000000000000000-0x000000083f37ffff]
[    0.004181] NODE_DATA(0) allocated [mem 0x83f355000-0x83f37ffff]
[    0.004277] Zone ranges:
[    0.004278]   DMA      [mem 0x0000000000001000-0x0000000000ffffff]
[    0.004279]   DMA32    [mem 0x0000000001000000-0x00000000ffffffff]
[    0.004280]   Normal   [mem 0x0000000100000000-0x000000083f37ffff]
[    0.004281]   Device   empty
[    0.004281] Movable zone start for each node
[    0.004282] Early memory node ranges
[    0.004283]   node   0: [mem 0x0000000000001000-0x000000000009ffff]
[    0.004283]   node   0: [mem 0x0000000000100000-0x0000000009bfefff]
[    0.004284]   node   0: [mem 0x000000000a000000-0x000000000a1fffff]
[    0.004285]   node   0: [mem 0x000000000a20e000-0x000000000affffff]
[    0.004285]   node   0: [mem 0x000000000b020000-0x00000000bb31bfff]
[    0.004286]   node   0: [mem 0x00000000bdfff000-0x00000000beffffff]
[    0.004286]   node   0: [mem 0x0000000100000000-0x000000083f37ffff]
[    0.004288] Initmem setup node 0 [mem 0x0000000000001000-0x000000083f37ffff]
[    0.004292] On node 0, zone DMA: 1 pages in unavailable ranges
[    0.004301] On node 0, zone DMA: 96 pages in unavailable ranges
[    0.004385] On node 0, zone DMA32: 1025 pages in unavailable ranges
[    0.004393] On node 0, zone DMA32: 14 pages in unavailable ranges
[    0.006569] On node 0, zone DMA32: 32 pages in unavailable ranges
[    0.006646] On node 0, zone DMA32: 11491 pages in unavailable ranges
[    0.042322] On node 0, zone Normal: 4096 pages in unavailable ranges
[    0.042345] On node 0, zone Normal: 3200 pages in unavailable ranges
[    0.042790] ACPI: PM-Timer IO Port: 0x808
[    0.042799] ACPI: LAPIC_NMI (acpi_id[0xff] high edge lint[0x1])
[    0.042808] IOAPIC[0]: apic_id 17, version 33, address 0xfec00000, GSI 0-23
[    0.042812] IOAPIC[1]: apic_id 18, version 33, address 0xfec01000, GSI 24-55
[    0.042814] ACPI: INT_SRC_OVR (bus 0 bus_irq 0 global_irq 2 dfl dfl)
[    0.042816] ACPI: INT_SRC_OVR (bus 0 bus_irq 9 global_irq 9 low level)
[    0.042818] ACPI: Using ACPI (MADT) for SMP configuration information
[    0.042819] ACPI: HPET id: 0x10228201 base: 0xfed00000
[    0.042822] smpboot: Allowing 32 CPUs, 16 hotplug CPUs
[    0.042838] PM: hibernation: Registered nosave memory: [mem 0x00000000-0x00000fff]
[    0.042840] PM: hibernation: Registered nosave memory: [mem 0x000a0000-0x000fffff]
[    0.042841] PM: hibernation: Registered nosave memory: [mem 0x09bff000-0x09ffffff]
[    0.042842] PM: hibernation: Registered nosave memory: [mem 0x0a200000-0x0a20dfff]
[    0.042843] PM: hibernation: Registered nosave memory: [mem 0x0b000000-0x0b01ffff]
[    0.042844] PM: hibernation: Registered nosave memory: [mem 0xba953000-0xba953fff]
[    0.042845] PM: hibernation: Registered nosave memory: [mem 0xbb31c000-0xbdffefff]
[    0.042846] PM: hibernation: Registered nosave memory: [mem 0xbf000000-0xffffffff]
[    0.042847] [mem 0xc0000000-0xfe9fffff] available for PCI devices
[    0.042849] Booting paravirtualized kernel on bare hardware
[    0.042851] clocksource: refined-jiffies: mask: 0xffffffff max_cycles: 0xffffffff, max_idle_ns: 1910969940391419 ns
[    0.042858] setup_percpu: NR_CPUS:8192 nr_cpumask_bits:32 nr_cpu_ids:32 nr_node_ids:1
[    0.044369] percpu: Embedded 86 pages/cpu s229376 r8192 d114688 u524288
[    0.044374] pcpu-alloc: s229376 r8192 d114688 u524288 alloc=1*2097152
[    0.044375] pcpu-alloc: [0] 00 01 02 03 [0] 04 05 06 07 
[    0.044378] pcpu-alloc: [0] 08 09 10 11 [0] 12 13 14 15 
[    0.044381] pcpu-alloc: [0] 16 17 18 19 [0] 20 21 22 23 
[    0.044384] pcpu-alloc: [0] 24 25 26 27 [0] 28 29 30 31 
[    0.044400] Kernel command line: BOOT_IMAGE=/boot/vmlinuz-6.8.0-117-generic root=UUID=a076301c-b9f2-4913-9778-e6596aaa787b ro quiet splash modprobe.blacklist=amdgpu
[    0.044458] Unknown kernel command line parameters "splash", will be passed to user space.
[    0.046826] Dentry cache hash table entries: 4194304 (order: 13, 33554432 bytes, linear)
[    0.047983] Inode-cache hash table entries: 2097152 (order: 12, 16777216 bytes, linear)
[    0.048119] Fallback order for Node 0: 0 
[    0.048124] Built 1 zonelists, mobility grouping on.  Total pages: 8237732
[    0.048125] Policy zone: Normal
[    0.048131] mem auto-init: stack:all(zero), heap alloc:on, heap free:off
[    0.048135] software IO TLB: area num 32.
[    0.099277] Memory: 32618300K/33474612K available (22528K kernel code, 4438K rwdata, 14416K rodata, 4924K init, 4788K bss, 856052K reserved, 0K cma-reserved)
[    0.099857] SLUB: HWalign=64, Order=0-3, MinObjects=0, CPUs=32, Nodes=1
[    0.099878] ftrace: allocating 58286 entries in 228 pages
[    0.109395] ftrace: allocated 228 pages with 4 groups
[    0.110074] Dynamic Preempt: voluntary
[    0.110162] rcu: Preemptible hierarchical RCU implementation.
[    0.110163] rcu: 	RCU restricting CPUs from NR_CPUS=8192 to nr_cpu_ids=32.
[    0.110164] 	Trampoline variant of Tasks RCU enabled.
[    0.110164] 	Rude variant of Tasks RCU enabled.
[    0.110165] 	Tracing variant of Tasks RCU enabled.
[    0.110165] rcu: RCU calculated value of scheduler-enlistment delay is 100 jiffies.
[    0.110166] rcu: Adjusting geometry for rcu_fanout_leaf=16, nr_cpu_ids=32
[    0.110183] RCU Tasks: Setting shift to 5 and lim to 1 rcu_task_cb_adjust=1 rcu_task_cpu_ids=32.
[    0.110185] RCU Tasks Rude: Setting shift to 5 and lim to 1 rcu_task_cb_adjust=1 rcu_task_cpu_ids=32.
[    0.110187] RCU Tasks Trace: Setting shift to 5 and lim to 1 rcu_task_cb_adjust=1 rcu_task_cpu_ids=32.
[    0.112026] NR_IRQS: 524544, nr_irqs: 1224, preallocated irqs: 16
[    0.112211] rcu: srcu_init: Setting srcu_struct sizes based on contention.
[    0.112302] Console: colour dummy device 80x25
[    0.112304] printk: legacy console [tty0] enabled
[    0.112336] ACPI: Core revision 20230628
[    0.112453] clocksource: hpet: mask: 0xffffffff max_cycles: 0xffffffff, max_idle_ns: 133484873504 ns
[    0.112467] APIC: Switch to symmetric I/O mode setup
[    0.112567] x2apic: IRQ remapping doesn't support X2APIC mode
[    0.113115] ..TIMER: vector=0x30 apic1=0 pin1=2 apic2=-1 pin2=-1
[    0.117467] clocksource: tsc-early: mask: 0xffffffffffffffff max_cycles: 0x6d564890c7c, max_idle_ns: 881590476876 ns
[    0.117470] Calibrating delay loop (skipped), value calculated using timer frequency.. 7585.25 BogoMIPS (lpj=3792628)
[    0.117483] x86/cpu: User Mode Instruction Prevention (UMIP) activated
[    0.117522] LVT offset 1 assigned for vector 0xf9
[    0.117651] LVT offset 2 assigned for vector 0xf4
[    0.117682] process: using mwait in idle threads
[    0.117684] Last level iTLB entries: 4KB 512, 2MB 512, 4MB 256
[    0.117685] Last level dTLB entries: 4KB 2048, 2MB 2048, 4MB 1024, 1GB 0
[    0.117687] Spectre V1 : Mitigation: usercopy/swapgs barriers and __user pointer sanitization
[    0.117688] Spectre V2 : Mitigation: Retpolines
[    0.117689] Spectre V2 : Spectre v2 / SpectreRSB: Filling RSB on context switch and VMEXIT
[    0.117689] Spectre V2 : Enabling Restricted Speculation for firmware calls
[    0.117691] Spectre V2 : mitigation: Enabling conditional Indirect Branch Prediction Barrier
[    0.117691] Spectre V2 : User space: Mitigation: STIBP always-on protection
[    0.117692] Speculative Store Bypass: Mitigation: Speculative Store Bypass disabled via prctl
[    0.117693] active return thunk: srso_alias_return_thunk
[    0.117697] Speculative Return Stack Overflow: Mitigation: Safe RET
[    0.117697] Transient Scheduler Attacks: Mitigation: Clear CPU buffers
[    0.117698] VMSCAPE: Mitigation: IBPB before exit to userspace
[    0.117702] x86/fpu: Supporting XSAVE feature 0x001: 'x87 floating point registers'
[    0.117703] x86/fpu: Supporting XSAVE feature 0x002: 'SSE registers'
[    0.117704] x86/fpu: Supporting XSAVE feature 0x004: 'AVX registers'
[    0.117704] x86/fpu: Supporting XSAVE feature 0x200: 'Protection Keys User registers'
[    0.117705] x86/fpu: Supporting XSAVE feature 0x800: 'Control-flow User registers'
[    0.117706] x86/fpu: xstate_offset[2]:  576, xstate_sizes[2]:  256
[    0.117706] x86/fpu: xstate_offset[9]:  832, xstate_sizes[9]:    8
[    0.117707] x86/fpu: xstate_offset[11]:  840, xstate_sizes[11]:   16
[    0.117708] x86/fpu: Enabled xstate features 0xa07, context size is 856 bytes, using 'compacted' format.
[    0.140068] Freeing SMP alternatives memory: 48K
[    0.140072] pid_max: default: 32768 minimum: 301
[    0.143430] LSM: initializing lsm=lockdown,capability,landlock,yama,apparmor,integrity
[    0.143448] landlock: Up and running.
[    0.143449] Yama: becoming mindful.
[    0.143481] AppArmor: AppArmor initialized
[    0.143556] Mount-cache hash table entries: 65536 (order: 7, 524288 bytes, linear)
[    0.143593] Mountpoint-cache hash table entries: 65536 (order: 7, 524288 bytes, linear)
[    0.246019] smpboot: CPU0: AMD Ryzen 7 5800X 8-Core Processor (family: 0x19, model: 0x21, stepping: 0x0)
[    0.246205] Performance Events: Fam17h+ core perfctr, AMD PMU driver.
[    0.246210] ... version:                0
[    0.246211] ... bit width:              48
[    0.246212] ... generic registers:      6
[    0.246213] ... value mask:             0000ffffffffffff
[    0.246214] ... max period:             00007fffffffffff
[    0.246215] ... fixed-purpose events:   0
[    0.246216] ... event mask:             000000000000003f
[    0.246287] signal: max sigframe size: 3376
[    0.246322] rcu: Hierarchical SRCU implementation.
[    0.246323] rcu: 	Max phase no-delay instances is 400.
[    0.248444] NMI watchdog: Enabled. Permanently consumes one hw-PMU counter.
[    0.248668] smp: Bringing up secondary CPUs ...
[    0.248766] smpboot: x86: Booting SMP configuration:
[    0.248767] .... node  #0, CPUs:        #1  #2  #3  #4  #5  #6  #7  #8  #9 #10 #11 #12 #13 #14 #15
[    0.260583] Spectre V2 : Update user space SMT mitigation: STIBP always-on
[    0.267508] smp: Brought up 1 node, 16 CPUs
[    0.267508] smpboot: Max logical packages: 2
[    0.267508] smpboot: Total of 16 processors activated (121364.09 BogoMIPS)
[    0.269754] devtmpfs: initialized
[    0.269754] x86/mm: Memory block size: 128MB
[    0.273220] ACPI: PM: Registering ACPI NVS region [mem 0x0a200000-0x0a20dfff] (57344 bytes)
[    0.273220] ACPI: PM: Registering ACPI NVS region [mem 0xbcad7000-0xbd1b6fff] (7208960 bytes)
[    0.273220] clocksource: jiffies: mask: 0xffffffff max_cycles: 0xffffffff, max_idle_ns: 1911260446275000 ns
[    0.273220] futex hash table entries: 8192 (order: 7, 524288 bytes, linear)
[    0.273521] pinctrl core: initialized pinctrl subsystem
[    0.273629] PM: RTC time: 21:43:58, date: 2026-06-10
[    0.273964] NET: Registered PF_NETLINK/PF_ROUTE protocol family
[    0.274248] DMA: preallocated 4096 KiB GFP_KERNEL pool for atomic allocations
[    0.274400] DMA: preallocated 4096 KiB GFP_KERNEL|GFP_DMA pool for atomic allocations
[    0.274563] DMA: preallocated 4096 KiB GFP_KERNEL|GFP_DMA32 pool for atomic allocations
[    0.274571] audit: initializing netlink subsys (disabled)
[    0.274582] audit: type=2000 audit(1781127837.162:1): state=initialized audit_enabled=0 res=1
[    0.274590] thermal_sys: Registered thermal governor 'fair_share'
[    0.274592] thermal_sys: Registered thermal governor 'bang_bang'
[    0.274593] thermal_sys: Registered thermal governor 'step_wise'
[    0.274594] thermal_sys: Registered thermal governor 'user_space'
[    0.274595] thermal_sys: Registered thermal governor 'power_allocator'
[    0.274613] cpuidle: using governor ladder
[    0.274613] cpuidle: using governor menu
[    0.274613] Detected 1 PCC Subspaces
[    0.274613] Registering PCC driver as Mailbox controller
[    0.274613] acpiphp: ACPI Hot Plug PCI Controller Driver version: 0.5
[    0.274616] PCI: ECAM [mem 0xf0000000-0xf7ffffff] (base 0xf0000000) for domain 0000 [bus 00-7f]
[    0.274624] PCI: Using configuration type 1 for base access
[    0.274751] kprobes: kprobe jump-optimization is enabled. All kprobes are optimized if possible.
[    0.274758] HugeTLB: registered 1.00 GiB page size, pre-allocated 0 pages
[    0.274758] HugeTLB: 16380 KiB vmemmap can be freed for a 1.00 GiB page
[    0.274758] HugeTLB: registered 2.00 MiB page size, pre-allocated 0 pages
[    0.274758] HugeTLB: 28 KiB vmemmap can be freed for a 2.00 MiB page
[    0.275612] ACPI: Added _OSI(Module Device)
[    0.275614] ACPI: Added _OSI(Processor Device)
[    0.275616] ACPI: Added _OSI(Processor Aggregator Device)
[    0.296794] ACPI: 12 ACPI AML tables successfully acquired and loaded
[    0.299362] ACPI: [Firmware Bug]: BIOS _OSI(Linux) query ignored
[    0.305145] ACPI: _OSC evaluation for CPUs failed, trying _PDC
[    0.306306] ACPI: Interpreter enabled
[    0.306324] ACPI: PM: (supports S0 S3 S4 S5)
[    0.306325] ACPI: Using IOAPIC for interrupt routing
[    0.308072] PCI: Using host bridge windows from ACPI; if necessary, use "pci=nocrs" and report a bug
[    0.308074] PCI: Ignoring E820 reservations for host bridge windows
[    0.308668] ACPI: Enabled 8 GPEs in block 00 to 1F
[    0.325107] ACPI: PCI Root Bridge [PCI0] (domain 0000 [bus 00-ff])
[    0.325112] acpi PNP0A08:00: _OSC: OS supports [ExtendedConfig ASPM ClockPM Segments MSI EDR HPX-Type3]
[    0.325232] acpi PNP0A08:00: _OSC: platform does not support [SHPCHotplug LTR DPC]
[    0.325449] acpi PNP0A08:00: _OSC: OS now controls [PCIeHotplug PME AER PCIeCapability]
[    0.325460] acpi PNP0A08:00: [Firmware Info]: ECAM [mem 0xf0000000-0xf7ffffff] for domain 0000 [bus 00-7f] only partially covers this bridge
[    0.326068] PCI host bridge to bus 0000:00
[    0.326070] pci_bus 0000:00: root bus resource [io  0x0000-0x03af window]
[    0.326072] pci_bus 0000:00: root bus resource [io  0x03e0-0x0cf7 window]
[    0.326073] pci_bus 0000:00: root bus resource [io  0x03b0-0x03df window]
[    0.326075] pci_bus 0000:00: root bus resource [io  0x0d00-0xffff window]
[    0.326076] pci_bus 0000:00: root bus resource [mem 0x000a0000-0x000dffff window]
[    0.326078] pci_bus 0000:00: root bus resource [mem 0xc0000000-0xfcffffff window]
[    0.326079] pci_bus 0000:00: root bus resource [mem 0x840000000-0x7fffffffff window]
[    0.326081] pci_bus 0000:00: root bus resource [bus 00-ff]
[    0.326100] pci 0000:00:00.0: [1022:1480] type 00 class 0x060000 conventional PCI endpoint
[    0.326207] pci 0000:00:01.0: [1022:1482] type 00 class 0x060000 conventional PCI endpoint
[    0.326271] pci 0000:00:01.1: [1022:1483] type 01 class 0x060400 PCIe Root Port
[    0.326288] pci 0000:00:01.1: PCI bridge to [bus 01]
[    0.326294] pci 0000:00:01.1:   bridge window [mem 0xfcf00000-0xfcffffff]
[    0.326307] pci 0000:00:01.1: enabling Extended Tags
[    0.326358] pci 0000:00:01.1: PME# supported from D0 D3hot D3cold
[    0.326496] pci 0000:00:01.2: [1022:1483] type 01 class 0x060400 PCIe Root Port
[    0.326513] pci 0000:00:01.2: PCI bridge to [bus 02-05]
[    0.326517] pci 0000:00:01.2:   bridge window [io  0xf000-0xffff]
[    0.326520] pci 0000:00:01.2:   bridge window [mem 0xfcc00000-0xfcefffff]
[    0.326533] pci 0000:00:01.2: enabling Extended Tags
[    0.326581] pci 0000:00:01.2: PME# supported from D0 D3hot D3cold
[    0.326747] pci 0000:00:02.0: [1022:1482] type 00 class 0x060000 conventional PCI endpoint
[    0.326810] pci 0000:00:03.0: [1022:1482] type 00 class 0x060000 conventional PCI endpoint
[    0.326869] pci 0000:00:03.1: [1022:1483] type 01 class 0x060400 PCIe Root Port
[    0.326883] pci 0000:00:03.1: PCI bridge to [bus 06-08]
[    0.326887] pci 0000:00:03.1:   bridge window [io  0xe000-0xefff]
[    0.326890] pci 0000:00:03.1:   bridge window [mem 0xfc500000-0xfc8fffff]
[    0.326896] pci 0000:00:03.1:   bridge window [mem 0x7000000000-0x780fffffff 64bit pref]
[    0.326941] pci 0000:00:03.1: PME# supported from D0 D3hot D3cold
[    0.327063] pci 0000:00:04.0: [1022:1482] type 00 class 0x060000 conventional PCI endpoint
[    0.327126] pci 0000:00:05.0: [1022:1482] type 00 class 0x060000 conventional PCI endpoint
[    0.327187] pci 0000:00:07.0: [1022:1482] type 00 class 0x060000 conventional PCI endpoint
[    0.327244] pci 0000:00:07.1: [1022:1484] type 01 class 0x060400 PCIe Root Port
[    0.327257] pci 0000:00:07.1: PCI bridge to [bus 09]
[    0.327269] pci 0000:00:07.1: enabling Extended Tags
[    0.327303] pci 0000:00:07.1: PME# supported from D0 D3hot D3cold
[    0.327418] pci 0000:00:08.0: [1022:1482] type 00 class 0x060000 conventional PCI endpoint
[    0.327479] pci 0000:00:08.1: [1022:1484] type 01 class 0x060400 PCIe Root Port
[    0.327492] pci 0000:00:08.1: PCI bridge to [bus 0a]
[    0.327497] pci 0000:00:08.1:   bridge window [mem 0xfc900000-0xfcbfffff]
[    0.327507] pci 0000:00:08.1: enabling Extended Tags
[    0.327546] pci 0000:00:08.1: PME# supported from D0 D3hot D3cold
[    0.327689] pci 0000:00:14.0: [1022:790b] type 00 class 0x0c0500 conventional PCI endpoint
[    0.327796] pci 0000:00:14.3: [1022:790e] type 00 class 0x060100 conventional PCI endpoint
[    0.327916] pci 0000:00:18.0: [1022:1440] type 00 class 0x060000 conventional PCI endpoint
[    0.327957] pci 0000:00:18.1: [1022:1441] type 00 class 0x060000 conventional PCI endpoint
[    0.327996] pci 0000:00:18.2: [1022:1442] type 00 class 0x060000 conventional PCI endpoint
[    0.328035] pci 0000:00:18.3: [1022:1443] type 00 class 0x060000 conventional PCI endpoint
[    0.328075] pci 0000:00:18.4: [1022:1444] type 00 class 0x060000 conventional PCI endpoint
[    0.328113] pci 0000:00:18.5: [1022:1445] type 00 class 0x060000 conventional PCI endpoint
[    0.328152] pci 0000:00:18.6: [1022:1446] type 00 class 0x060000 conventional PCI endpoint
[    0.328192] pci 0000:00:18.7: [1022:1447] type 00 class 0x060000 conventional PCI endpoint
[    0.328298] pci 0000:01:00.0: [8086:faf0] type 00 class 0x010802 PCIe Endpoint
[    0.328345] pci 0000:01:00.0: BAR 0 [mem 0xfcf00000-0xfcf03fff 64bit]
[    0.328581] pci 0000:00:01.1: PCI bridge to [bus 01]
[    0.328662] pci 0000:02:00.0: [1022:43ee] type 00 class 0x0c0330 PCIe Legacy Endpoint
[    0.328701] pci 0000:02:00.0: BAR 0 [mem 0xfcea0000-0xfcea7fff 64bit]
[    0.328713] pci 0000:02:00.0: enabling Extended Tags
[    0.328770] pci 0000:02:00.0: PME# supported from D3hot D3cold
[    0.328922] pci 0000:02:00.1: [1022:43eb] type 00 class 0x010601 PCIe Legacy Endpoint
[    0.328964] pci 0000:02:00.1: BAR 5 [mem 0xfce80000-0xfce9ffff]
[    0.328967] pci 0000:02:00.1: ROM [mem 0xfce00000-0xfce7ffff pref]
[    0.328974] pci 0000:02:00.1: enabling Extended Tags
[    0.329017] pci 0000:02:00.1: PME# supported from D3hot D3cold
[    0.329117] pci 0000:02:00.2: [1022:43e9] type 01 class 0x060400 PCIe Switch Upstream Port
[    0.329143] pci 0000:02:00.2: PCI bridge to [bus 03-05]
[    0.329149] pci 0000:02:00.2:   bridge window [io  0xf000-0xffff]
[    0.329153] pci 0000:02:00.2:   bridge window [mem 0xfcc00000-0xfcdfffff]
[    0.329174] pci 0000:02:00.2: enabling Extended Tags
[    0.329222] pci 0000:02:00.2: PME# supported from D3hot D3cold
[    0.329350] pci 0000:00:01.2: PCI bridge to [bus 02-05]
[    0.329494] pci 0000:03:00.0: [1022:43ea] type 01 class 0x060400 PCIe Switch Downstream Port
[    0.329520] pci 0000:03:00.0: PCI bridge to [bus 04]
[    0.329527] pci 0000:03:00.0:   bridge window [io  0xf000-0xffff]
[    0.329530] pci 0000:03:00.0:   bridge window [mem 0xfcd00000-0xfcdfffff]
[    0.329553] pci 0000:03:00.0: enabling Extended Tags
[    0.329612] pci 0000:03:00.0: PME# supported from D3hot D3cold
[    0.329742] pci 0000:03:01.0: [1022:43ea] type 01 class 0x060400 PCIe Switch Downstream Port
[    0.329769] pci 0000:03:01.0: PCI bridge to [bus 05]
[    0.329777] pci 0000:03:01.0:   bridge window [mem 0xfcc00000-0xfccfffff]
[    0.329801] pci 0000:03:01.0: enabling Extended Tags
[    0.329859] pci 0000:03:01.0: PME# supported from D3hot D3cold
[    0.329991] pci 0000:02:00.2: PCI bridge to [bus 03-05]
[    0.330070] pci 0000:04:00.0: [10ec:8168] type 00 class 0x020000 PCIe Endpoint
[    0.330153] pci 0000:04:00.0: BAR 0 [io  0xf000-0xf0ff]
[    0.330161] pci 0000:04:00.0: BAR 2 [mem 0xfcd04000-0xfcd04fff 64bit]
[    0.330167] pci 0000:04:00.0: BAR 4 [mem 0xfcd00000-0xfcd03fff 64bit]
[    0.330325] pci 0000:04:00.0: supports D1 D2
[    0.330326] pci 0000:04:00.0: PME# supported from D0 D1 D2 D3hot D3cold
[    0.330591] pci 0000:03:00.0: PCI bridge to [bus 04]
[    0.330717] pci 0000:05:00.0: [8086:24fb] type 00 class 0x028000 PCIe Endpoint
[    0.330824] pci 0000:05:00.0: BAR 0 [mem 0xfcc00000-0xfcc01fff 64bit]
[    0.331013] pci 0000:05:00.0: PME# supported from D0 D3hot D3cold
[    0.331334] pci 0000:03:01.0: PCI bridge to [bus 05]
[    0.331423] pci 0000:06:00.0: [1002:1478] type 01 class 0x060400 PCIe Switch Upstream Port
[    0.331444] pci 0000:06:00.0: BAR 0 [mem 0xfc800000-0xfc803fff]
[    0.331449] pci 0000:06:00.0: PCI bridge to [bus 07-08]
[    0.331454] pci 0000:06:00.0:   bridge window [io  0xe000-0xefff]
[    0.331457] pci 0000:06:00.0:   bridge window [mem 0xfc500000-0xfc7fffff]
[    0.331466] pci 0000:06:00.0:   bridge window [mem 0x7000000000-0x780fffffff 64bit pref]
[    0.331545] pci 0000:06:00.0: PME# supported from D0 D3hot D3cold
[    0.331718] pci 0000:00:03.1: PCI bridge to [bus 06-08]
[    0.331790] pci 0000:07:00.0: [1002:1479] type 01 class 0x060400 PCIe Switch Downstream Port
[    0.331813] pci 0000:07:00.0: PCI bridge to [bus 08]
[    0.331818] pci 0000:07:00.0:   bridge window [io  0xe000-0xefff]
[    0.331821] pci 0000:07:00.0:   bridge window [mem 0xfc500000-0xfc7fffff]
[    0.331830] pci 0000:07:00.0:   bridge window [mem 0x7000000000-0x780fffffff 64bit pref]
[    0.331908] pci 0000:07:00.0: PME# supported from D0 D3hot D3cold
[    0.332697] pci 0000:06:00.0: PCI bridge to [bus 07-08]
[    0.332776] pci 0000:08:00.0: [1002:744c] type 00 class 0x030000 PCIe Legacy Endpoint
[    0.332810] pci 0000:08:00.0: BAR 0 [mem 0x7000000000-0x77ffffffff 64bit pref]
[    0.332814] pci 0000:08:00.0: BAR 2 [mem 0x7800000000-0x780fffffff 64bit pref]
[    0.332816] pci 0000:08:00.0: BAR 4 [io  0xe000-0xe0ff]
[    0.332818] pci 0000:08:00.0: BAR 5 [mem 0xfc600000-0xfc6fffff]
[    0.332821] pci 0000:08:00.0: ROM [mem 0xfc700000-0xfc71ffff pref]
[    0.332907] pci 0000:08:00.0: PME# supported from D1 D2 D3hot D3cold
[    0.333078] pci 0000:08:00.1: [1002:ab30] type 00 class 0x040300 PCIe Legacy Endpoint
[    0.333110] pci 0000:08:00.1: BAR 0 [mem 0xfc724000-0xfc727fff]
[    0.333171] pci 0000:08:00.1: PME# supported from D1 D2 D3hot D3cold
[    0.333286] pci 0000:08:00.2: [1002:7446] type 00 class 0x0c0330 PCIe Endpoint
[    0.333320] pci 0000:08:00.2: BAR 0 [mem 0xfc500000-0xfc5fffff 64bit]
[    0.333385] pci 0000:08:00.2: PME# supported from D0 D3hot D3cold
[    0.333481] pci 0000:08:00.3: [1002:7444] type 00 class 0x0c8000 PCIe Endpoint
[    0.333514] pci 0000:08:00.3: BAR 0 [mem 0xfc720000-0xfc723fff 64bit]
[    0.333574] pci 0000:08:00.3: PME# supported from D0 D3hot
[    0.333696] pci 0000:07:00.0: PCI bridge to [bus 08]
[    0.333756] pci 0000:09:00.0: [1022:148a] type 00 class 0x130000 PCIe Endpoint
[    0.333780] pci 0000:09:00.0: enabling Extended Tags
[    0.333913] pci 0000:00:07.1: PCI bridge to [bus 09]
[    0.333974] pci 0000:0a:00.0: [1022:1485] type 00 class 0x130000 PCIe Endpoint
[    0.334000] pci 0000:0a:00.0: enabling Extended Tags
[    0.334128] pci 0000:0a:00.1: [1022:1486] type 00 class 0x108000 PCIe Endpoint
[    0.334150] pci 0000:0a:00.1: BAR 2 [mem 0xfca00000-0xfcafffff]
[    0.334153] pci 0000:0a:00.1: BAR 5 [mem 0xfcb08000-0xfcb09fff]
[    0.334158] pci 0000:0a:00.1: enabling Extended Tags
[    0.334266] pci 0000:0a:00.3: [1022:149c] type 00 class 0x0c0330 PCIe Endpoint
[    0.334289] pci 0000:0a:00.3: BAR 0 [mem 0xfc900000-0xfc9fffff 64bit]
[    0.334296] pci 0000:0a:00.3: enabling Extended Tags
[    0.334333] pci 0000:0a:00.3: PME# supported from D0 D3hot D3cold
[    0.334438] pci 0000:0a:00.4: [1022:1487] type 00 class 0x040300 PCIe Endpoint
[    0.334459] pci 0000:0a:00.4: BAR 0 [mem 0xfcb00000-0xfcb07fff]
[    0.334467] pci 0000:0a:00.4: enabling Extended Tags
[    0.334505] pci 0000:0a:00.4: PME# supported from D0 D3hot D3cold
[    0.334610] pci 0000:00:08.1: PCI bridge to [bus 0a]
[    0.336301] ACPI: PCI: Interrupt link LNKA configured for IRQ 0
[    0.336367] ACPI: PCI: Interrupt link LNKB configured for IRQ 0
[    0.336426] ACPI: PCI: Interrupt link LNKC configured for IRQ 0
[    0.336500] ACPI: PCI: Interrupt link LNKD configured for IRQ 0
[    0.336564] ACPI: PCI: Interrupt link LNKE configured for IRQ 0
[    0.336618] ACPI: PCI: Interrupt link LNKF configured for IRQ 0
[    0.336672] ACPI: PCI: Interrupt link LNKG configured for IRQ 0
[    0.336725] ACPI: PCI: Interrupt link LNKH configured for IRQ 0
[    0.337870] iommu: Default domain type: Translated
[    0.337870] iommu: DMA domain TLB invalidation policy: lazy mode
[    0.337870] SCSI subsystem initialized
[    0.337870] libata version 3.00 loaded.
[    0.337870] ACPI: bus type USB registered
[    0.337870] usbcore: registered new interface driver usbfs
[    0.337870] usbcore: registered new interface driver hub
[    0.337870] usbcore: registered new device driver usb
[    0.337870] pps_core: LinuxPPS API ver. 1 registered
[    0.337870] pps_core: Software ver. 5.3.6 - Copyright 2005-2007 Rodolfo Giometti <giometti@linux.it>
[    0.337870] PTP clock support registered
[    0.338488] EDAC MC: Ver: 3.0.0
[    0.338623] efivars: Registered efivars operations
[    0.338682] NetLabel: Initializing
[    0.338684] NetLabel:  domain hash size = 128
[    0.338685] NetLabel:  protocols = UNLABELED CIPSOv4 CALIPSO
[    0.338703] NetLabel:  unlabeled traffic allowed by default
[    0.338719] mctp: management component transport protocol core
[    0.338719] NET: Registered PF_MCTP protocol family
[    0.338719] PCI: Using ACPI for IRQ routing
[    0.342114] PCI: pci_cache_line_size set to 64 bytes
[    0.342308] e820: reserve RAM buffer [mem 0x09bff000-0x0bffffff]
[    0.342310] e820: reserve RAM buffer [mem 0x0a200000-0x0bffffff]
[    0.342311] e820: reserve RAM buffer [mem 0x0b000000-0x0bffffff]
[    0.342313] e820: reserve RAM buffer [mem 0xb75c8018-0xb7ffffff]
[    0.342314] e820: reserve RAM buffer [mem 0xba953000-0xbbffffff]
[    0.342315] e820: reserve RAM buffer [mem 0xbb31c000-0xbbffffff]
[    0.342316] e820: reserve RAM buffer [mem 0xbf000000-0xbfffffff]
[    0.342317] e820: reserve RAM buffer [mem 0x83f380000-0x83fffffff]
[    0.342481] pci 0000:08:00.0: vgaarb: setting as boot VGA device
[    0.342483] pci 0000:08:00.0: vgaarb: bridge control possible
[    0.342484] pci 0000:08:00.0: vgaarb: VGA device added: decodes=io+mem,owns=none,locks=none
[    0.342487] vgaarb: loaded
[    0.342515] hpet0: at MMIO 0xfed00000, IRQs 2, 8, 0
[    0.342520] hpet0: 3 comparators, 32-bit 14.318180 MHz counter
[    0.344521] clocksource: Switched to clocksource tsc-early
[    0.345296] VFS: Disk quotas dquot_6.6.0
[    0.345310] VFS: Dquot-cache hash table entries: 512 (order 0, 4096 bytes)
[    0.345427] AppArmor: AppArmor Filesystem Enabled
[    0.345456] pnp: PnP ACPI init
[    0.345546] system 00:00: [mem 0xf0000000-0xf7ffffff] has been reserved
[    0.345588] system 00:01: [mem 0xfeb80000-0xfebfffff] has been reserved
[    0.345671] system 00:02: [mem 0xfd200000-0xfd2fffff] has been reserved
[    0.345954] system 00:04: [io  0x0280-0x028f] has been reserved
[    0.345956] system 00:04: [io  0x0290-0x029f] has been reserved
[    0.345958] system 00:04: [io  0x02a0-0x02af] has been reserved
[    0.345960] system 00:04: [io  0x02b0-0x02bf] has been reserved
[    0.346254] pnp 00:05: [dma 0 disabled]
[    0.346585] system 00:06: [io  0x04d0-0x04d1] has been reserved
[    0.346588] system 00:06: [io  0x040b] has been reserved
[    0.346590] system 00:06: [io  0x04d6] has been reserved
[    0.346591] system 00:06: [io  0x0c00-0x0c01] has been reserved
[    0.346593] system 00:06: [io  0x0c14] has been reserved
[    0.346595] system 00:06: [io  0x0c50-0x0c51] has been reserved
[    0.346596] system 00:06: [io  0x0c52] has been reserved
[    0.346598] system 00:06: [io  0x0c6c] has been reserved
[    0.346599] system 00:06: [io  0x0c6f] has been reserved
[    0.346601] system 00:06: [io  0x0cd8-0x0cdf] has been reserved
[    0.346602] system 00:06: [io  0x0800-0x089f] has been reserved
[    0.346604] system 00:06: [io  0x0b00-0x0b0f] has been reserved
[    0.346606] system 00:06: [io  0x0b20-0x0b3f] has been reserved
[    0.346607] system 00:06: [io  0x0900-0x090f] has been reserved
[    0.346609] system 00:06: [io  0x0910-0x091f] has been reserved
[    0.346611] system 00:06: [mem 0xfec00000-0xfec00fff] could not be reserved
[    0.346612] system 00:06: [mem 0xfec01000-0xfec01fff] could not be reserved
[    0.346614] system 00:06: [mem 0xfedc0000-0xfedc0fff] has been reserved
[    0.346616] system 00:06: [mem 0xfee00000-0xfee00fff] has been reserved
[    0.346618] system 00:06: [mem 0xfed80000-0xfed8ffff] could not be reserved
[    0.346619] system 00:06: [mem 0xfec10000-0xfec10fff] has been reserved
[    0.346621] system 00:06: [mem 0xff000000-0xffffffff] has been reserved
[    0.347392] pnp: PnP ACPI: found 7 devices
[    0.353232] clocksource: acpi_pm: mask: 0xffffff max_cycles: 0xffffff, max_idle_ns: 2085701024 ns
[    0.353305] NET: Registered PF_INET protocol family
[    0.353471] IP idents hash table entries: 262144 (order: 9, 2097152 bytes, linear)
[    0.365529] tcp_listen_portaddr_hash hash table entries: 16384 (order: 6, 262144 bytes, linear)
[    0.365545] Table-perturb hash table entries: 65536 (order: 6, 262144 bytes, linear)
[    0.365617] TCP established hash table entries: 262144 (order: 9, 2097152 bytes, linear)
[    0.365850] TCP bind hash table entries: 65536 (order: 9, 2097152 bytes, linear)
[    0.365930] TCP: Hash tables configured (established 262144 bind 65536)
[    0.366013] MPTCP token hash table entries: 32768 (order: 8, 786432 bytes, linear)
[    0.366064] UDP hash table entries: 16384 (order: 7, 524288 bytes, linear)
[    0.366123] UDP-Lite hash table entries: 16384 (order: 7, 524288 bytes, linear)
[    0.366200] NET: Registered PF_UNIX/PF_LOCAL protocol family
[    0.366206] NET: Registered PF_XDP protocol family
[    0.366218] pci 0000:00:01.1: PCI bridge to [bus 01]
[    0.366222] pci 0000:00:01.1:   bridge window [mem 0xfcf00000-0xfcffffff]
[    0.366228] pci 0000:03:00.0: PCI bridge to [bus 04]
[    0.366231] pci 0000:03:00.0:   bridge window [io  0xf000-0xffff]
[    0.366235] pci 0000:03:00.0:   bridge window [mem 0xfcd00000-0xfcdfffff]
[    0.366243] pci 0000:03:01.0: PCI bridge to [bus 05]
[    0.366247] pci 0000:03:01.0:   bridge window [mem 0xfcc00000-0xfccfffff]
[    0.366255] pci 0000:02:00.2: PCI bridge to [bus 03-05]
[    0.366257] pci 0000:02:00.2:   bridge window [io  0xf000-0xffff]
[    0.366262] pci 0000:02:00.2:   bridge window [mem 0xfcc00000-0xfcdfffff]
[    0.366269] pci 0000:00:01.2: PCI bridge to [bus 02-05]
[    0.366271] pci 0000:00:01.2:   bridge window [io  0xf000-0xffff]
[    0.366274] pci 0000:00:01.2:   bridge window [mem 0xfcc00000-0xfcefffff]
[    0.366280] pci 0000:07:00.0: PCI bridge to [bus 08]
[    0.366286] pci 0000:07:00.0:   bridge window [io  0xe000-0xefff]
[    0.366290] pci 0000:07:00.0:   bridge window [mem 0xfc500000-0xfc7fffff]
[    0.366293] pci 0000:07:00.0:   bridge window [mem 0x7000000000-0x780fffffff 64bit pref]
[    0.366298] pci 0000:06:00.0: PCI bridge to [bus 07-08]
[    0.366301] pci 0000:06:00.0:   bridge window [io  0xe000-0xefff]
[    0.366305] pci 0000:06:00.0:   bridge window [mem 0xfc500000-0xfc7fffff]
[    0.366308] pci 0000:06:00.0:   bridge window [mem 0x7000000000-0x780fffffff 64bit pref]
[    0.366313] pci 0000:00:03.1: PCI bridge to [bus 06-08]
[    0.366314] pci 0000:00:03.1:   bridge window [io  0xe000-0xefff]
[    0.366317] pci 0000:00:03.1:   bridge window [mem 0xfc500000-0xfc8fffff]
[    0.366320] pci 0000:00:03.1:   bridge window [mem 0x7000000000-0x780fffffff 64bit pref]
[    0.366324] pci 0000:00:07.1: PCI bridge to [bus 09]
[    0.366329] pci 0000:00:08.1: PCI bridge to [bus 0a]
[    0.366332] pci 0000:00:08.1:   bridge window [mem 0xfc900000-0xfcbfffff]
[    0.366337] pci_bus 0000:00: resource 4 [io  0x0000-0x03af window]
[    0.366339] pci_bus 0000:00: resource 5 [io  0x03e0-0x0cf7 window]
[    0.366340] pci_bus 0000:00: resource 6 [io  0x03b0-0x03df window]
[    0.366342] pci_bus 0000:00: resource 7 [io  0x0d00-0xffff window]
[    0.366343] pci_bus 0000:00: resource 8 [mem 0x000a0000-0x000dffff window]
[    0.366345] pci_bus 0000:00: resource 9 [mem 0xc0000000-0xfcffffff window]
[    0.366346] pci_bus 0000:00: resource 10 [mem 0x840000000-0x7fffffffff window]
[    0.366348] pci_bus 0000:01: resource 1 [mem 0xfcf00000-0xfcffffff]
[    0.366349] pci_bus 0000:02: resource 0 [io  0xf000-0xffff]
[    0.366351] pci_bus 0000:02: resource 1 [mem 0xfcc00000-0xfcefffff]
[    0.366352] pci_bus 0000:03: resource 0 [io  0xf000-0xffff]
[    0.366354] pci_bus 0000:03: resource 1 [mem 0xfcc00000-0xfcdfffff]
[    0.366355] pci_bus 0000:04: resource 0 [io  0xf000-0xffff]
[    0.366357] pci_bus 0000:04: resource 1 [mem 0xfcd00000-0xfcdfffff]
[    0.366358] pci_bus 0000:05: resource 1 [mem 0xfcc00000-0xfccfffff]
[    0.366360] pci_bus 0000:06: resource 0 [io  0xe000-0xefff]
[    0.366361] pci_bus 0000:06: resource 1 [mem 0xfc500000-0xfc8fffff]
[    0.366362] pci_bus 0000:06: resource 2 [mem 0x7000000000-0x780fffffff 64bit pref]
[    0.366364] pci_bus 0000:07: resource 0 [io  0xe000-0xefff]
[    0.366365] pci_bus 0000:07: resource 1 [mem 0xfc500000-0xfc7fffff]
[    0.366367] pci_bus 0000:07: resource 2 [mem 0x7000000000-0x780fffffff 64bit pref]
[    0.366368] pci_bus 0000:08: resource 0 [io  0xe000-0xefff]
[    0.366370] pci_bus 0000:08: resource 1 [mem 0xfc500000-0xfc7fffff]
[    0.366371] pci_bus 0000:08: resource 2 [mem 0x7000000000-0x780fffffff 64bit pref]
[    0.366373] pci_bus 0000:0a: resource 1 [mem 0xfc900000-0xfcbfffff]
[    0.366667] pci 0000:08:00.1: D0 power state depends on 0000:08:00.0
[    0.366724] pci 0000:08:00.2: D0 power state depends on 0000:08:00.0
[    0.366906] pci 0000:08:00.3: D0 power state depends on 0000:08:00.0
[    0.367060] PCI: CLS 64 bytes, default 64
[    0.367071] PCI-DMA: Using software bounce buffering for IO (SWIOTLB)
[    0.367072] software IO TLB: mapped [mem 0x00000000b35c8000-0x00000000b75c8000] (64MB)
[    0.367114] LVT offset 0 assigned for vector 0x400
[    0.367119] Trying to unpack rootfs image as initramfs...
[    0.370770] perf: AMD IBS detected (0x000003ff)
[    0.371578] Initialise system trusted keyrings
[    0.371588] Key type blacklist registered
[    0.371618] workingset: timestamp_bits=36 max_order=23 bucket_order=0
[    0.371629] zbud: loaded
[    0.371829] squashfs: version 4.0 (2009/01/31) Phillip Lougher
[    0.371897] fuse: init (API version 7.39)
[    0.372004] integrity: Platform Keyring initialized
[    0.372007] integrity: Machine keyring initialized
[    0.380017] Key type asymmetric registered
[    0.380019] Asymmetric key parser 'x509' registered
[    0.380033] Block layer SCSI generic (bsg) driver version 0.4 loaded (major 243)
[    0.380071] io scheduler mq-deadline registered
[    0.381062] pcieport 0000:00:01.1: PME: Signaling with IRQ 27
[    0.381177] pcieport 0000:00:01.2: PME: Signaling with IRQ 28
[    0.381279] pcieport 0000:00:03.1: PME: Signaling with IRQ 29
[    0.381454] pcieport 0000:00:07.1: PME: Signaling with IRQ 31
[    0.381508] pcieport 0000:00:07.1: AER: enabled with IRQ 31
[    0.381603] pcieport 0000:00:08.1: PME: Signaling with IRQ 32
[    0.381658] pcieport 0000:00:08.1: AER: enabled with IRQ 32
[    0.382246] shpchp: Standard Hot Plug PCI Controller Driver version: 0.4
[    0.382401] input: Power Button as /devices/LNXSYSTM:00/LNXSYBUS:00/PNP0C0C:00/input/input0
[    0.382424] ACPI: button: Power Button [PWRB]
[    0.382459] input: Power Button as /devices/LNXSYSTM:00/LNXPWRBN:00/input/input1
[    0.382500] ACPI: button: Power Button [PWRF]
[    0.383432] Estimated ratio of average max frequency by base frequency (times 1024): 1165
[    0.383445] Monitor-Mwait will be used to enter C-1 state
[    0.383451] ACPI: \_SB_.PLTF.C000: Found 2 idle states
[    0.383582] ACPI: \_SB_.PLTF.C002: Found 2 idle states
[    0.383668] ACPI: \_SB_.PLTF.C004: Found 2 idle states
[    0.383752] ACPI: \_SB_.PLTF.C006: Found 2 idle states
[    0.383864] ACPI: \_SB_.PLTF.C008: Found 2 idle states
[    0.383976] ACPI: \_SB_.PLTF.C00A: Found 2 idle states
[    0.384071] ACPI: \_SB_.PLTF.C00C: Found 2 idle states
[    0.384179] ACPI: \_SB_.PLTF.C00E: Found 2 idle states
[    0.384265] ACPI: \_SB_.PLTF.C001: Found 2 idle states
[    0.384375] ACPI: \_SB_.PLTF.C003: Found 2 idle states
[    0.384485] ACPI: \_SB_.PLTF.C005: Found 2 idle states
[    0.384593] ACPI: \_SB_.PLTF.C007: Found 2 idle states
[    0.384708] ACPI: \_SB_.PLTF.C009: Found 2 idle states
[    0.384816] ACPI: \_SB_.PLTF.C00B: Found 2 idle states
[    0.384927] ACPI: \_SB_.PLTF.C00D: Found 2 idle states
[    0.385036] ACPI: \_SB_.PLTF.C00F: Found 2 idle states
[    0.385251] Serial: 8250/16550 driver, 32 ports, IRQ sharing enabled
[    0.405943] 00:05: ttyS0 at I/O 0x3f8 (irq = 4, base_baud = 115200) is a 16550A
[    0.409343] Linux agpgart interface v0.103
[    0.422457] tpm_crb MSFT0101:00: Disabling hwrng
[    0.426147] loop: module loaded
[    0.426353] ACPI: bus type drm_connector registered
[    0.427064] tun: Universal TUN/TAP device driver, 1.6
[    0.427103] PPP generic driver version 2.4.2
[    0.427224] i8042: PNP: No PS/2 controller found.
[    0.427272] mousedev: PS/2 mouse device common for all mice
[    0.427357] rtc_cmos 00:03: RTC can wake from S4
[    0.427553] rtc_cmos 00:03: registered as rtc0
[    0.427578] rtc_cmos 00:03: setting system clock to 2026-06-10T21:43:58 UTC (1781127838)
[    0.427604] rtc_cmos 00:03: alarms up to one month, y3k, 114 bytes nvram
[    0.427612] i2c_dev: i2c /dev entries driver
[    0.427634] device-mapper: core: CONFIG_IMA_DISABLE_HTABLE is disabled. Duplicate IMA measurements will not be recorded in the IMA log.
[    0.427644] device-mapper: uevent: version 1.0.3
[    0.427685] device-mapper: ioctl: 4.48.0-ioctl (2023-03-01) initialised: dm-devel@redhat.com
[    0.427688] amd_pstate: driver load is disabled, boot with specific mode to enable this
[    0.427852] ledtrig-cpu: registered to indicate activity on CPUs
[    0.427922] drop_monitor: Initializing network drop monitor service
[    0.428006] NET: Registered PF_INET6 protocol family
[    0.452606] Freeing initrd memory: 73244K
[    0.457764] Segment Routing with IPv6
[    0.457776] In-situ OAM (IOAM) with IPv6
[    0.457812] NET: Registered PF_PACKET protocol family
[    0.457849] Key type dns_resolver registered
[    0.459184] microcode: Current revision: 0x0a201030
[    0.459429] resctrl: L3 allocation detected
[    0.459430] resctrl: MB allocation detected
[    0.459432] resctrl: L3 monitoring detected
[    0.459469] IPI shorthand broadcast: enabled
[    0.461314] sched_clock: Marking stable (460176202, 234655)->(477288620, -16877763)
[    0.461418] registered taskstats version 1
[    0.461855] Loading compiled-in X.509 certificates
[    0.462181] Loaded X.509 cert 'Build time autogenerated kernel key: 4616851849424b6aa13d3fe487d4bbc60db2a85f'
[    0.462447] Loaded X.509 cert 'Canonical Ltd. Live Patch Signing 2025 Kmod: d541cef61dc7e793b7eb7e899970a2eef0b5dc8c'
[    0.462717] Loaded X.509 cert 'Canonical Ltd. Live Patch Signing: 14df34d1a87cf37625abec039ef2bf521249b969'
[    0.462983] Loaded X.509 cert 'Canonical Ltd. Kernel Module Signing 2025 Kmod: 4627603d2357a2a3f81006370894c221175893e9'
[    0.463247] Loaded X.509 cert 'Canonical Ltd. Kernel Module Signing: 88f752e560a1e0737e31163a466ad7b70a850c19'
[    0.463249] blacklist: Loading compiled-in revocation X.509 certificates
[    0.463262] Loaded X.509 cert 'Canonical Ltd. Secure Boot Signing: 61482aa2830d0ab2ad5af10b7250da9033ddcef0'
[    0.463272] Loaded X.509 cert 'Canonical Ltd. Secure Boot Signing (2017): 242ade75ac4a15e50d50c84b0d45ff3eae707a03'
[    0.463282] Loaded X.509 cert 'Canonical Ltd. Secure Boot Signing (ESM 2018): 365188c1d374d6b07c3c8f240f8ef722433d6a8b'
[    0.463291] Loaded X.509 cert 'Canonical Ltd. Secure Boot Signing (2019): c0746fd6c5da3ae827864651ad66ae47fe24b3e8'
[    0.463301] Loaded X.509 cert 'Canonical Ltd. Secure Boot Signing (2021 v1): a8d54bbb3825cfb94fa13c9f8a594a195c107b8d'
[    0.463311] Loaded X.509 cert 'Canonical Ltd. Secure Boot Signing (2021 v2): 4cf046892d6fd3c9a5b03f98d845f90851dc6a8c'
[    0.463325] Loaded X.509 cert 'Canonical Ltd. Secure Boot Signing (2021 v3): 100437bb6de6e469b581e61cd66bce3ef4ed53af'
[    0.463335] Loaded X.509 cert 'Canonical Ltd. Secure Boot Signing (Ubuntu Core 2019): c1d57b8f6b743f23ee41f4f7ee292f06eecadfb9'
[    0.467278] Key type .fscrypt registered
[    0.467280] Key type fscrypt-provisioning registered
[    0.467325] Key type trusted registered
[    0.478080] Key type encrypted registered
[    0.478083] AppArmor: AppArmor sha256 policy hashing enabled
[    0.478181] Loading compiled-in module X.509 certificates
[    0.478532] Loaded X.509 cert 'Build time autogenerated kernel key: 4616851849424b6aa13d3fe487d4bbc60db2a85f'
[    0.478534] ima: Allocated hash algorithm: sha256
[    0.511453] ima: No architecture policies found
[    0.511471] evm: Initialising EVM extended attributes:
[    0.511472] evm: security.selinux
[    0.511474] evm: security.SMACK64
[    0.511475] evm: security.SMACK64EXEC
[    0.511476] evm: security.SMACK64TRANSMUTE
[    0.511478] evm: security.SMACK64MMAP
[    0.511479] evm: security.apparmor
[    0.511480] evm: security.ima
[    0.511481] evm: security.capability
[    0.511482] evm: HMAC attrs: 0x1
[    0.511791] PM:   Magic number: 14:663:752
[    0.511806] tty ttyS3: hash matches
[    0.536351] RAS: Correctable Errors collector initialized.
[    0.536570] clk: Disabling unused clocks
[    0.538563] Freeing unused decrypted memory: 2028K
[    0.539354] Freeing unused kernel image (initmem) memory: 4924K
[    0.539356] Write protecting the kernel read-only data: 38912k
[    0.539901] Freeing unused kernel image (rodata/data gap) memory: 1968K
[    0.585410] x86/mm: Checked W+X mappings: passed, no W+X pages found.
[    0.585417] Run /init as init process
[    0.585419]   with arguments:
[    0.585420]     /init
[    0.585421]     splash
[    0.585422]   with environment:
[    0.585423]     HOME=/
[    0.585424]     TERM=linux
[    0.727653] xhci_hcd 0000:02:00.0: xHCI Host Controller
[    0.727785] xhci_hcd 0000:02:00.0: new USB bus registered, assigned bus number 1
[    0.728940] ahci 0000:02:00.1: version 3.0
[    0.729241] ahci 0000:02:00.1: SSS flag set, parallel bus scan disabled
[    0.729295] ahci 0000:02:00.1: AHCI 0001.0301 32 slots 6 ports 6 Gbps 0x3f impl SATA mode
[    0.729298] ahci 0000:02:00.1: flags: 64bit ncq sntf stag pm led clo only pmp pio slum part sxs deso sadm sds apst 
[    0.729924] scsi host0: ahci
[    0.730064] scsi host1: ahci
[    0.730181] scsi host2: ahci
[    0.730279] scsi host3: ahci
[    0.730430] scsi host4: ahci
[    0.730559] scsi host5: ahci
[    0.730612] ata1: SATA max UDMA/133 abar m131072@0xfce80000 port 0xfce80100 irq 39 lpm-pol 0
[    0.730616] ata2: SATA max UDMA/133 abar m131072@0xfce80000 port 0xfce80180 irq 39 lpm-pol 0
[    0.730618] ata3: SATA max UDMA/133 abar m131072@0xfce80000 port 0xfce80200 irq 39 lpm-pol 0
[    0.730621] ata4: SATA max UDMA/133 abar m131072@0xfce80000 port 0xfce80280 irq 39 lpm-pol 0
[    0.730623] ata5: SATA max UDMA/133 abar m131072@0xfce80000 port 0xfce80300 irq 39 lpm-pol 0
[    0.730625] ata6: SATA max UDMA/133 abar m131072@0xfce80000 port 0xfce80380 irq 39 lpm-pol 0
[    0.747594] r8169 0000:04:00.0 eth0: RTL8168h/8111h, a8:a1:59:34:d6:1c, XID 541, IRQ 40
[    0.747598] r8169 0000:04:00.0 eth0: jumbo features [frames: 9194 bytes, tx checksumming: ko]
[    0.783079] xhci_hcd 0000:02:00.0: hcc params 0x0200ef81 hci version 0x110 quirks 0x0000000000000010
[    0.783351] xhci_hcd 0000:02:00.0: xHCI Host Controller
[    0.783355] xhci_hcd 0000:02:00.0: new USB bus registered, assigned bus number 2
[    0.783359] xhci_hcd 0000:02:00.0: Host supports USB 3.1 Enhanced SuperSpeed
[    0.783430] usb usb1: New USB device found, idVendor=1d6b, idProduct=0002, bcdDevice= 6.08
[    0.783432] usb usb1: New USB device strings: Mfr=3, Product=2, SerialNumber=1
[    0.783434] usb usb1: Product: xHCI Host Controller
[    0.783436] usb usb1: Manufacturer: Linux 6.8.0-117-generic xhci-hcd
[    0.783437] usb usb1: SerialNumber: 0000:02:00.0
[    0.783564] hub 1-0:1.0: USB hub found
[    0.783590] hub 1-0:1.0: 10 ports detected
[    0.783987] usb usb2: We don't know the algorithms for LPM for this host, disabling LPM.
[    0.784007] usb usb2: New USB device found, idVendor=1d6b, idProduct=0003, bcdDevice= 6.08
[    0.784009] usb usb2: New USB device strings: Mfr=3, Product=2, SerialNumber=1
[    0.784011] usb usb2: Product: xHCI Host Controller
[    0.784012] usb usb2: Manufacturer: Linux 6.8.0-117-generic xhci-hcd
[    0.784013] usb usb2: SerialNumber: 0000:02:00.0
[    0.784088] hub 2-0:1.0: USB hub found
[    0.784097] hub 2-0:1.0: 4 ports detected
[    0.784413] xhci_hcd 0000:08:00.2: xHCI Host Controller
[    0.784418] xhci_hcd 0000:08:00.2: new USB bus registered, assigned bus number 3
[    0.784778] xhci_hcd 0000:08:00.2: hcc params 0x0110ffc5 hci version 0x120 quirks 0x0000000200000010
[    0.784973] xhci_hcd 0000:08:00.2: xHCI Host Controller
[    0.784976] xhci_hcd 0000:08:00.2: new USB bus registered, assigned bus number 4
[    0.784978] xhci_hcd 0000:08:00.2: Host supports USB 3.1 Enhanced SuperSpeed
[    0.785009] usb usb3: New USB device found, idVendor=1d6b, idProduct=0002, bcdDevice= 6.08
[    0.785011] usb usb3: New USB device strings: Mfr=3, Product=2, SerialNumber=1
[    0.785012] usb usb3: Product: xHCI Host Controller
[    0.785013] usb usb3: Manufacturer: Linux 6.8.0-117-generic xhci-hcd
[    0.785015] usb usb3: SerialNumber: 0000:08:00.2
[    0.785084] hub 3-0:1.0: USB hub found
[    0.785090] hub 3-0:1.0: 1 port detected
[    0.785154] usb usb4: We don't know the algorithms for LPM for this host, disabling LPM.
[    0.785173] usb usb4: New USB device found, idVendor=1d6b, idProduct=0003, bcdDevice= 6.08
[    0.785175] usb usb4: New USB device strings: Mfr=3, Product=2, SerialNumber=1
[    0.785177] usb usb4: Product: xHCI Host Controller
[    0.785178] usb usb4: Manufacturer: Linux 6.8.0-117-generic xhci-hcd
[    0.785179] usb usb4: SerialNumber: 0000:08:00.2
[    0.785254] hub 4-0:1.0: USB hub found
[    0.785260] hub 4-0:1.0: 1 port detected
[    0.785371] xhci_hcd 0000:0a:00.3: xHCI Host Controller
[    0.785375] xhci_hcd 0000:0a:00.3: new USB bus registered, assigned bus number 5
[    0.785477] xhci_hcd 0000:0a:00.3: hcc params 0x0278ffe5 hci version 0x110 quirks 0x0000000000000010
[    0.785686] xhci_hcd 0000:0a:00.3: xHCI Host Controller
[    0.785688] xhci_hcd 0000:0a:00.3: new USB bus registered, assigned bus number 6
[    0.785690] xhci_hcd 0000:0a:00.3: Host supports USB 3.1 Enhanced SuperSpeed
[    0.785720] usb usb5: New USB device found, idVendor=1d6b, idProduct=0002, bcdDevice= 6.08
[    0.785722] usb usb5: New USB device strings: Mfr=3, Product=2, SerialNumber=1
[    0.785723] usb usb5: Product: xHCI Host Controller
[    0.785724] usb usb5: Manufacturer: Linux 6.8.0-117-generic xhci-hcd
[    0.785726] usb usb5: SerialNumber: 0000:0a:00.3
[    0.785811] hub 5-0:1.0: USB hub found
[    0.785818] hub 5-0:1.0: 4 ports detected
[    0.786015] usb usb6: We don't know the algorithms for LPM for this host, disabling LPM.
[    0.786035] usb usb6: New USB device found, idVendor=1d6b, idProduct=0003, bcdDevice= 6.08
[    0.786037] usb usb6: New USB device strings: Mfr=3, Product=2, SerialNumber=1
[    0.786038] usb usb6: Product: xHCI Host Controller
[    0.786040] usb usb6: Manufacturer: Linux 6.8.0-117-generic xhci-hcd
[    0.786041] usb usb6: SerialNumber: 0000:0a:00.3
[    0.786115] hub 6-0:1.0: USB hub found
[    0.786123] hub 6-0:1.0: 4 ports detected
[    1.026494] usb 5-2: new high-speed USB device number 2 using xhci_hcd
[    1.038453] ata1: SATA link down (SStatus 0 SControl 300)
[    1.088491] usb 1-6: new full-speed USB device number 2 using xhci_hcd
[    1.155623] usb 5-2: New USB device found, idVendor=2357, idProduct=011e, bcdDevice= 2.00
[    1.155630] usb 5-2: New USB device strings: Mfr=1, Product=2, SerialNumber=3
[    1.155633] usb 5-2: Product: 802.11ac WLAN Adapter 
[    1.155635] usb 5-2: Manufacturer: Realtek 
[    1.155637] usb 5-2: SerialNumber: 00e04c000001
[    1.424518] tsc: Refined TSC clocksource calibration: 3792.874 MHz
[    1.424531] clocksource: tsc: mask: 0xffffffffffffffff max_cycles: 0x6d5818a734c, max_idle_ns: 881590694765 ns
[    1.424563] clocksource: Switched to clocksource tsc
[    1.461111] usb 1-6: New USB device found, idVendor=1e71, idProduct=2007, bcdDevice= 2.00
[    1.461120] usb 1-6: New USB device strings: Mfr=1, Product=2, SerialNumber=3
[    1.461125] usb 1-6: Product: NZXT USB Device
[    1.461128] usb 1-6: Manufacturer: NZXT. - Inc.
[    1.461131] usb 1-6: SerialNumber: 00000000001A
[    1.504588] ata2: SATA link up 6.0 Gbps (SStatus 133 SControl 300)
[    1.508351] ata2.00: ATA-9: TEAM T253X2001T, S1230A0, max UDMA/133
[    1.510114] ata2.00: 2000409264 sectors, multi 1: LBA48 NCQ (depth 32), AA
[    1.516795] ata2.00: Features: Dev-Sleep
[    1.532005] ata2.00: configured for UDMA/133
[    1.532281] scsi 1:0:0:0: Direct-Access     ATA      TEAM T253X2001T  0A0  PQ: 0 ANSI: 5
[    1.532828] sd 1:0:0:0: Attached scsi generic sg0 type 0
[    1.532890] sd 1:0:0:0: [sda] 2000409264 512-byte logical blocks: (1.02 TB/954 GiB)
[    1.532908] sd 1:0:0:0: [sda] Write Protect is off
[    1.532915] sd 1:0:0:0: [sda] Mode Sense: 00 3a 00 00
[    1.532942] sd 1:0:0:0: [sda] Write cache: enabled, read cache: enabled, doesn't support DPO or FUA
[    1.532973] sd 1:0:0:0: [sda] Preferred minimum I/O size 512 bytes
[    1.533991]  sda: sda1 sda2 sda3
[    1.534192] sd 1:0:0:0: [sda] Attached SCSI disk
[    1.645544] usb 1-8: new full-speed USB device number 3 using xhci_hcd
[    1.837552] ata3: SATA link down (SStatus 0 SControl 330)
[    1.950300] usb 1-8: New USB device found, idVendor=26ce, idProduct=01a2, bcdDevice= 0.00
[    1.950310] usb 1-8: New USB device strings: Mfr=1, Product=2, SerialNumber=3
[    1.950314] usb 1-8: Product: LED Controller
[    1.950318] usb 1-8: Manufacturer: ASRock
[    1.950321] usb 1-8: SerialNumber: A02019100900
[    2.137532] usb 1-9: new full-speed USB device number 4 using xhci_hcd
[    2.142892] ata4: SATA link down (SStatus 0 SControl 330)
[    2.454417] ata5: SATA link down (SStatus 0 SControl 330)
[    2.510145] usb 1-9: New USB device found, idVendor=8087, idProduct=0aa7, bcdDevice= 0.01
[    2.510155] usb 1-9: New USB device strings: Mfr=0, Product=0, SerialNumber=0
[    2.766946] ata6: SATA link down (SStatus 0 SControl 330)
[    2.770328] r8169 0000:04:00.0 enp4s0: renamed from eth0
[    2.770369] nvme nvme0: pci function 0000:01:00.0
[    2.775113] hid: raw HID events driver (C) Jiri Kosina
[    2.778514] nvme nvme0: 8/0/0 default/read/poll queues
[    2.781127]  nvme0n1: p1 p2 p3
[    2.807844] usbcore: registered new interface driver usbhid
[    2.807846] usbhid: USB HID core driver
[    2.810000] hid-generic 0003:1E71:2007.0001: hiddev0,hidraw0: USB HID v1.11 Device [NZXT. - Inc. NZXT USB Device] on usb-0000:02:00.0-6/input0
[    2.810096] input: ASRock LED Controller as /devices/pci0000:00/0000:00:01.2/0000:02:00.0/usb1/1-8/1-8:1.0/0003:26CE:01A2.0002/input/input2
[    2.861724] hid-generic 0003:26CE:01A2.0002: input,hidraw1: USB HID v1.10 Device [ASRock LED Controller] on usb-0000:02:00.0-8/input0
[    3.938712] EXT4-fs (nvme0n1p3): mounted filesystem a076301c-b9f2-4913-9778-e6596aaa787b ro with ordered data mode. Quota mode: none.
[    4.019570] systemd[1]: Inserted module 'autofs4'
[    4.029628] systemd[1]: systemd 255.4-1ubuntu8.16 running in system mode (+PAM +AUDIT +SELINUX +APPARMOR +IMA +SMACK +SECCOMP +GCRYPT -GNUTLS +OPENSSL +ACL +BLKID +CURL +ELFUTILS +FIDO2 +IDN2 -IDN +IPTC +KMOD +LIBCRYPTSETUP +LIBFDISK +PCRE2 -PWQUALITY +P11KIT +QRENCODE +TPM2 +BZIP2 +LZ4 +XZ +ZLIB +ZSTD -BPF_FRAMEWORK -XKBCOMMON +UTMP +SYSVINIT default-hierarchy=unified)
[    4.029638] systemd[1]: Detected architecture x86-64.
[    4.030323] systemd[1]: Hostname set to <ubuntu-dualboot>.
[    4.096909] systemd[1]: Configuration file /run/systemd/system/netplan-ovs-cleanup.service is marked world-inaccessible. This has no effect as configuration data is accessible via APIs without restrictions. Proceeding anyway.
[    4.140513] systemd[1]: Queued start job for default target graphical.target.
[    4.151502] systemd[1]: Created slice system-modprobe.slice - Slice /system/modprobe.
[    4.151781] systemd[1]: Created slice system-systemd\x2dfsck.slice - Slice /system/systemd-fsck.
[    4.151979] systemd[1]: Created slice user.slice - User and Session Slice.
[    4.152026] systemd[1]: Started systemd-ask-password-wall.path - Forward Password Requests to Wall Directory Watch.
[    4.152150] systemd[1]: Set up automount proc-sys-fs-binfmt_misc.automount - Arbitrary Executable File Formats File System Automount Point.
[    4.152163] systemd[1]: Expecting device dev-disk-by\x2duuid-6EE4\x2d6614.device - /dev/disk/by-uuid/6EE4-6614...
[    4.152176] systemd[1]: Reached target integritysetup.target - Local Integrity Protected Volumes.
[    4.152185] systemd[1]: Reached target network-pre.target - Preparation for Network.
[    4.152195] systemd[1]: Reached target remote-fs.target - Remote File Systems.
[    4.152202] systemd[1]: Reached target slices.target - Slice Units.
[    4.152210] systemd[1]: Reached target snapd.mounts-pre.target - Mounting snaps.
[    4.152218] systemd[1]: Reached target swap.target - Swaps.
[    4.152229] systemd[1]: Reached target veritysetup.target - Local Verity Protected Volumes.
[    4.152353] systemd[1]: Listening on syslog.socket - Syslog Socket.
[    4.152423] systemd[1]: Listening on systemd-fsckd.socket - fsck to fsckd communication Socket.
[    4.152467] systemd[1]: Listening on systemd-initctl.socket - initctl Compatibility Named Pipe.
[    4.152555] systemd[1]: Listening on systemd-journald-dev-log.socket - Journal Socket (/dev/log).
[    4.152649] systemd[1]: Listening on systemd-journald.socket - Journal Socket.
[    4.152773] systemd[1]: Listening on systemd-oomd.socket - Userspace Out-Of-Memory (OOM) Killer Socket.
[    4.152798] systemd[1]: systemd-pcrextend.socket - TPM2 PCR Extension (Varlink) was skipped because of an unmet condition check (ConditionSecurity=measured-uki).
[    4.152894] systemd[1]: Listening on systemd-udevd-control.socket - udev Control Socket.
[    4.152965] systemd[1]: Listening on systemd-udevd-kernel.socket - udev Kernel Socket.
[    4.153612] systemd[1]: Mounting dev-hugepages.mount - Huge Pages File System...
[    4.154088] systemd[1]: Mounting dev-mqueue.mount - POSIX Message Queue File System...
[    4.154600] systemd[1]: Mounting sys-kernel-debug.mount - Kernel Debug File System...
[    4.155076] systemd[1]: Mounting sys-kernel-tracing.mount - Kernel Trace File System...
[    4.156158] systemd[1]: Starting systemd-journald.service - Journal Service...
[    4.156784] systemd[1]: Starting keyboard-setup.service - Set the console keyboard layout...
[    4.157319] systemd[1]: Starting kmod-static-nodes.service - Create List of Static Device Nodes...
[    4.157882] systemd[1]: Starting modprobe@configfs.service - Load Kernel Module configfs...
[    4.158590] systemd[1]: Starting modprobe@dm_mod.service - Load Kernel Module dm_mod...
[    4.159300] systemd[1]: Starting modprobe@drm.service - Load Kernel Module drm...
[    4.160017] systemd[1]: Starting modprobe@efi_pstore.service - Load Kernel Module efi_pstore...
[    4.160731] systemd[1]: Starting modprobe@fuse.service - Load Kernel Module fuse...
[    4.161445] systemd[1]: Starting modprobe@loop.service - Load Kernel Module loop...
[    4.161528] systemd[1]: systemd-fsck-root.service - File System Check on Root Device was skipped because of an unmet condition check (ConditionPathExists=!/run/initramfs/fsck-root).
[    4.163052] systemd[1]: Starting systemd-modules-load.service - Load Kernel Modules...
[    4.163063] systemd[1]: systemd-pcrmachine.service - TPM2 PCR Machine ID Measurement was skipped because of an unmet condition check (ConditionSecurity=measured-uki).
[    4.163549] systemd[1]: Starting systemd-remount-fs.service - Remount Root and Kernel File Systems...
[    4.163574] systemd[1]: systemd-tpm2-setup-early.service - TPM2 SRK Setup (Early) was skipped because of an unmet condition check (ConditionSecurity=measured-uki).
[    4.164088] systemd[1]: Starting systemd-udev-trigger.service - Coldplug All udev Devices...
[    4.164266] pstore: Using crash dump compression: deflate
[    4.164943] pstore: Registered efi_pstore as persistent store backend
[    4.165273] systemd[1]: Mounted dev-hugepages.mount - Huge Pages File System.
[    4.165379] systemd[1]: Mounted dev-mqueue.mount - POSIX Message Queue File System.
[    4.165479] systemd[1]: Mounted sys-kernel-debug.mount - Kernel Debug File System.
[    4.165578] systemd[1]: Mounted sys-kernel-tracing.mount - Kernel Trace File System.
[    4.165791] systemd[1]: Finished kmod-static-nodes.service - Create List of Static Device Nodes.
[    4.166053] systemd-journald[395]: Collecting audit messages is disabled.
[    4.166101] systemd[1]: modprobe@configfs.service: Deactivated successfully.
[    4.166255] systemd[1]: Finished modprobe@configfs.service - Load Kernel Module configfs.
[    4.166525] systemd[1]: modprobe@dm_mod.service: Deactivated successfully.
[    4.166667] systemd[1]: Finished modprobe@dm_mod.service - Load Kernel Module dm_mod.
[    4.166929] systemd[1]: modprobe@drm.service: Deactivated successfully.
[    4.167068] systemd[1]: Finished modprobe@drm.service - Load Kernel Module drm.
[    4.167348] systemd[1]: modprobe@efi_pstore.service: Deactivated successfully.
[    4.167476] systemd[1]: Finished modprobe@efi_pstore.service - Load Kernel Module efi_pstore.
[    4.167722] systemd[1]: modprobe@fuse.service: Deactivated successfully.
[    4.167826] systemd[1]: Finished modprobe@fuse.service - Load Kernel Module fuse.
[    4.168016] systemd[1]: modprobe@loop.service: Deactivated successfully.
[    4.168120] systemd[1]: Finished modprobe@loop.service - Load Kernel Module loop.
[    4.168834] systemd[1]: Mounting sys-fs-fuse-connections.mount - FUSE Control File System...
[    4.169360] systemd[1]: Mounting sys-kernel-config.mount - Kernel Configuration File System...
[    4.169420] systemd[1]: systemd-repart.service - Repartition Root Disk was skipped because no trigger condition checks were met.
[    4.170003] systemd[1]: Starting systemd-tmpfiles-setup-dev-early.service - Create Static Device Nodes in /dev gracefully...
[    4.172070] lp: driver loaded but no devices found
[    4.173221] systemd[1]: Mounted sys-fs-fuse-connections.mount - FUSE Control File System.
[    4.173328] systemd[1]: Mounted sys-kernel-config.mount - Kernel Configuration File System.
[    4.173871] ppdev: user-space parallel port driver
[    4.180983] systemd[1]: Finished systemd-tmpfiles-setup-dev-early.service - Create Static Device Nodes in /dev gracefully.
[    4.185304] EXT4-fs (nvme0n1p3): re-mounted a076301c-b9f2-4913-9778-e6596aaa787b r/w.
[    4.186025] systemd[1]: Finished systemd-remount-fs.service - Remount Root and Kernel File Systems.
[    4.186303] systemd[1]: systemd-hwdb-update.service - Rebuild Hardware Database was skipped because of an unmet condition check (ConditionNeedsUpdate=/etc).
[    4.186328] systemd[1]: systemd-pstore.service - Platform Persistent Storage Archival was skipped because of an unmet condition check (ConditionDirectoryNotEmpty=/sys/fs/pstore).
[    4.186898] systemd[1]: Starting systemd-random-seed.service - Load/Save OS Random Seed...
[    4.186931] systemd[1]: systemd-sysusers.service - Create System Users was skipped because no trigger condition checks were met.
[    4.187596] systemd[1]: Starting systemd-tmpfiles-setup-dev.service - Create Static Device Nodes in /dev...
[    4.187607] systemd[1]: systemd-tpm2-setup.service - TPM2 SRK Setup was skipped because of an unmet condition check (ConditionSecurity=measured-uki).
[    4.189051] systemd[1]: Finished keyboard-setup.service - Set the console keyboard layout.
[    4.190986] systemd[1]: Finished systemd-modules-load.service - Load Kernel Modules.
[    4.191677] systemd[1]: Starting systemd-sysctl.service - Apply Kernel Variables...
[    4.194308] systemd[1]: Finished systemd-random-seed.service - Load/Save OS Random Seed.
[    4.195556] systemd[1]: Finished systemd-tmpfiles-setup-dev.service - Create Static Device Nodes in /dev.
[    4.195622] systemd[1]: Reached target local-fs-pre.target - Preparation for Local File Systems.
[    4.196558] systemd[1]: Mounting snap-bare-5.mount - Mount unit for bare, revision 5...
[    4.197148] systemd[1]: Mounting snap-core24-1643.mount - Mount unit for core24, revision 1643...
[    4.197772] systemd[1]: Mounting snap-firefox-8387.mount - Mount unit for firefox, revision 8387...
[    4.198391] systemd[1]: Mounting snap-firefox-8417.mount - Mount unit for firefox, revision 8417...
[    4.199144] systemd[1]: Mounting snap-gnome\x2d46\x2d2404-153.mount - Mount unit for gnome-46-2404, revision 153...
[    4.199822] systemd[1]: Mounting snap-gtk\x2dcommon\x2dthemes-1535.mount - Mount unit for gtk-common-themes, revision 1535...
[    4.200660] systemd[1]: Mounting snap-mesa\x2d2404-1165.mount - Mount unit for mesa-2404, revision 1165...
[    4.201163] loop0: detected capacity change from 0 to 136816
[    4.201233] loop1: detected capacity change from 0 to 8
[    4.201421] loop2: detected capacity change from 0 to 508992
[    4.201565] systemd[1]: Mounting snap-snapd-26865.mount - Mount unit for snapd, revision 26865...
[    4.202052] loop3: detected capacity change from 0 to 509160
[    4.202501] systemd[1]: Starting systemd-udevd.service - Rule-based Manager for Device Events and Files...
[    4.202668] loop4: detected capacity change from 0 to 1241248
[    4.204283] loop5: detected capacity change from 0 to 187776
[    4.204484] systemd[1]: Finished systemd-sysctl.service - Apply Kernel Variables.
[    4.204592] loop6: detected capacity change from 0 to 808920
[    4.205183] loop7: detected capacity change from 0 to 100888
[    4.205485] systemd[1]: Mounted snap-bare-5.mount - Mount unit for bare, revision 5.
[    4.207116] systemd[1]: Mounted snap-core24-1643.mount - Mount unit for core24, revision 1643.
[    4.208093] systemd[1]: Mounted snap-firefox-8387.mount - Mount unit for firefox, revision 8387.
[    4.208192] systemd[1]: Mounted snap-firefox-8417.mount - Mount unit for firefox, revision 8417.
[    4.208282] systemd[1]: Mounted snap-gnome\x2d46\x2d2404-153.mount - Mount unit for gnome-46-2404, revision 153.
[    4.208371] systemd[1]: Mounted snap-gtk\x2dcommon\x2dthemes-1535.mount - Mount unit for gtk-common-themes, revision 1535.
[    4.208445] systemd[1]: Mounted snap-mesa\x2d2404-1165.mount - Mount unit for mesa-2404, revision 1165.
[    4.208517] systemd[1]: Mounted snap-snapd-26865.mount - Mount unit for snapd, revision 26865.
[    4.208639] systemd[1]: Reached target snapd.mounts.target - Mounted snaps.
[    4.213193] systemd[1]: Started systemd-journald.service - Journal Service.
[    4.219284] systemd-journald[395]: Received client request to flush runtime journal.
[    4.225718] systemd-journald[395]: /var/log/journal/288b6cba6cec405188c18f26e7617eed/system.journal: Journal file uses a different sequence number ID, rotating.
[    4.225723] systemd-journald[395]: Rotating system journal.
[    4.382692] piix4_smbus 0000:00:14.0: SMBus Host Controller at 0xb00, revision 0
[    4.382697] piix4_smbus 0000:00:14.0: Using register 0x02 for SMBus port selection
[    4.394562] piix4_smbus 0000:00:14.0: Auxiliary SMBus Host Controller at 0xb20
[    4.407504] ccp 0000:0a:00.1: enabling device (0000 -> 0002)
[    4.407742] ccp 0000:0a:00.1: ccp: unable to access the device: you might be running a broken BIOS.
[    4.407761] ccp 0000:0a:00.1: psp enabled
[    4.446283] RAPL PMU: API unit is 2^-32 Joules, 1 fixed counters, 163840 ms ovfl timer
[    4.446287] RAPL PMU: hw unit of domain package 2^-16 Joules
[    4.446954] Bluetooth: Core ver 2.22
[    4.446975] NET: Registered PF_BLUETOOTH protocol family
[    4.446977] Bluetooth: HCI device and connection manager initialized
[    4.446983] Bluetooth: HCI socket layer initialized
[    4.446986] Bluetooth: L2CAP socket layer initialized
[    4.446993] Bluetooth: SCO socket layer initialized
[    4.447389] cfg80211: Loading compiled-in X.509 certificates for regulatory database
[    4.447470] i2c-designware-pci 0000:08:00.3: enabling device (0000 -> 0002)
[    4.447550] Loaded X.509 cert 'sforshee: 00b28ddf47aef9cea7'
[    4.447613] cryptd: max_cpu_qlen set to 1000
[    4.447651] Loaded X.509 cert 'wens: 61c038651aabdcf94bd0ac7ff06c7248db18c600'
[    4.450624] AVX2 version of gcm_enc/dec engaged.
[    4.450658] AES CTR mode by8 optimization enabled
[    4.453340] usbcore: registered new interface driver btusb
[    4.461147] Intel(R) Wireless WiFi driver for Linux
[    4.461249] iwlwifi 0000:05:00.0: enabling device (0000 -> 0002)
[    4.461803] iwlwifi 0000:05:00.0: Detected crf-id 0x0, cnv-id 0x0 wfpm id 0x0
[    4.461813] iwlwifi 0000:05:00.0: PCI dev 24fb/2110, rev=0x220, rfid=0xd55555d5
[    4.464912] iwlwifi 0000:05:00.0: loaded firmware version 29.198743027.0 3168-29.ucode op_mode iwlmvm
[    4.468876] Bluetooth: hci0: Legacy ROM 2.x revision 5.0 build 25 week 20 2015
[    4.469718] Bluetooth: hci0: Intel Bluetooth firmware file: intel/ibt-hw-37.8.10-fw-22.50.19.14.f.bseq
[    4.563968] kvm_amd: TSC scaling supported
[    4.563970] kvm_amd: Nested Virtualization enabled
[    4.563971] kvm_amd: Nested Paging enabled
[    4.563973] kvm_amd: LBR virtualization supported
[    4.563982] kvm_amd: Virtual VMLOAD VMSAVE supported
[    4.563983] kvm_amd: Virtual GIF supported
[    4.575024] MCE: In-kernel MCE decoding enabled.
[    4.575577] iwlwifi 0000:05:00.0: Detected Intel(R) Dual Band Wireless AC 3168, REV=0x220
[    4.575642] thermal thermal_zone0: failed to read out thermal zone (-61)
[    4.576766] snd_hda_intel 0000:08:00.1: enabling device (0000 -> 0002)
[    4.576866] snd_hda_intel 0000:08:00.1: Handle vga_switcheroo audio client
[    4.576868] snd_hda_intel 0000:08:00.1: Force to non-snoop mode
[    4.577042] snd_hda_intel 0000:0a:00.4: enabling device (0000 -> 0002)
[    4.584149] input: HDA ATI HDMI HDMI/DP,pcm=3 as /devices/pci0000:00/0000:00:03.1/0000:06:00.0/0000:07:00.0/0000:08:00.1/sound/card0/input3
[    4.584202] input: HDA ATI HDMI HDMI/DP,pcm=7 as /devices/pci0000:00/0000:00:03.1/0000:06:00.0/0000:07:00.0/0000:08:00.1/sound/card0/input4
[    4.584261] input: HDA ATI HDMI HDMI/DP,pcm=8 as /devices/pci0000:00/0000:00:03.1/0000:06:00.0/0000:07:00.0/0000:08:00.1/sound/card0/input5
[    4.584310] input: HDA ATI HDMI HDMI/DP,pcm=9 as /devices/pci0000:00/0000:00:03.1/0000:06:00.0/0000:07:00.0/0000:08:00.1/sound/card0/input6
[    4.593101] snd_hda_codec_realtek hdaudioC1D0: autoconfig for ALC887-VD: line_outs=1 (0x14/0x0/0x0/0x0/0x0) type:line
[    4.593104] snd_hda_codec_realtek hdaudioC1D0:    speaker_outs=0 (0x0/0x0/0x0/0x0/0x0)
[    4.593107] snd_hda_codec_realtek hdaudioC1D0:    hp_outs=1 (0x1b/0x0/0x0/0x0/0x0)
[    4.593108] snd_hda_codec_realtek hdaudioC1D0:    mono: mono_out=0x0
[    4.593110] snd_hda_codec_realtek hdaudioC1D0:    inputs:
[    4.593111] snd_hda_codec_realtek hdaudioC1D0:      Rear Mic=0x18
[    4.593113] snd_hda_codec_realtek hdaudioC1D0:      Front Mic=0x19
[    4.593114] snd_hda_codec_realtek hdaudioC1D0:      Line=0x1a
[    4.593184] iwlwifi 0000:05:00.0: base HW address: 04:33:c2:22:c0:81, OTP minor version: 0x0
[    4.604711] input: HD-Audio Generic Rear Mic as /devices/pci0000:00/0000:00:08.1/0000:0a:00.4/sound/card1/input7
[    4.604782] input: HD-Audio Generic Front Mic as /devices/pci0000:00/0000:00:08.1/0000:0a:00.4/sound/card1/input8
[    4.604845] input: HD-Audio Generic Line as /devices/pci0000:00/0000:00:08.1/0000:0a:00.4/sound/card1/input9
[    4.604894] input: HD-Audio Generic Line Out as /devices/pci0000:00/0000:00:08.1/0000:0a:00.4/sound/card1/input10
[    4.604958] input: HD-Audio Generic Front Headphone as /devices/pci0000:00/0000:00:08.1/0000:0a:00.4/sound/card1/input11
[    4.619830] intel_rapl_common: Found RAPL domain package
[    4.619833] intel_rapl_common: Found RAPL domain core
[    4.630305] ieee80211 phy0: Selected rate control algorithm 'iwl-mvm-rs'
[    4.632479] iwlwifi 0000:05:00.0 wlp5s0: renamed from wlan0
[    5.200775] audit: type=1400 audit(1781127843.271:2): apparmor="STATUS" operation="profile_load" profile="unconfined" name="vscode" pid=664 comm="apparmor_parser"
[    5.200780] audit: type=1400 audit(1781127843.271:3): apparmor="STATUS" operation="profile_load" profile="unconfined" name="crun" pid=666 comm="apparmor_parser"
[    5.200782] audit: type=1400 audit(1781127843.271:4): apparmor="STATUS" operation="profile_load" profile="unconfined" name=4D6F6E676F444220436F6D70617373 pid=655 comm="apparmor_parser"
[    5.200811] audit: type=1400 audit(1781127843.271:5): apparmor="STATUS" operation="profile_load" profile="unconfined" name="devhelp" pid=668 comm="apparmor_parser"
[    5.200844] audit: type=1400 audit(1781127843.271:6): apparmor="STATUS" operation="profile_load" profile="unconfined" name="chrome" pid=663 comm="apparmor_parser"
[    5.200879] audit: type=1400 audit(1781127843.271:7): apparmor="STATUS" operation="profile_load" profile="unconfined" name="Discord" pid=654 comm="apparmor_parser"
[    5.200911] audit: type=1400 audit(1781127843.271:8): apparmor="STATUS" operation="profile_load" profile="unconfined" name="buildah" pid=659 comm="apparmor_parser"
[    5.200943] audit: type=1400 audit(1781127843.271:9): apparmor="STATUS" operation="profile_load" profile="unconfined" name="ch-run" pid=662 comm="apparmor_parser"
[    5.200979] audit: type=1400 audit(1781127843.271:10): apparmor="STATUS" operation="profile_load" profile="unconfined" name="cam" pid=660 comm="apparmor_parser"
[    5.361015] kauditd_printk_skb: 123 callbacks suppressed
[    5.361019] audit: type=1400 audit(1781127843.431:134): apparmor="STATUS" operation="profile_replace" info="same as current profile, skipping" profile="unconfined" name="rsyslogd" pid=840 comm="apparmor_parser"
[    5.365870] Bluetooth: BNEP (Ethernet Emulation) ver 1.3
[    5.365873] Bluetooth: BNEP filters: protocol multicast
[    5.365877] Bluetooth: BNEP socket layer initialized
[    5.459312] block nvme0n1: No UUID available providing old NGUID
[    5.533013] NET: Registered PF_QIPCRTR protocol family
[    5.571840] loop8: detected capacity change from 0 to 8
[    5.675332] audit: type=1400 audit(1781127843.746:135): apparmor="STATUS" operation="profile_replace" info="same as current profile, skipping" profile="unconfined" name="/usr/lib/snapd/snap-confine" pid=1020 comm="apparmor_parser"
[    5.972946] Bluetooth: hci0: Intel BT fw patch 0x43 completed & activated
[    5.990255] Generic FE-GE Realtek PHY r8169-0-400:00: attached PHY driver (mii_bus:phy_addr=r8169-0-400:00, irq=MAC)
[    6.155386] r8169 0000:04:00.0 enp4s0: Link is Down
[    6.200107] Bluetooth: MGMT ver 1.22
[    6.202553] NET: Registered PF_ALG protocol family
[    6.228156] ACPI: \: failed to evaluate _DSM bf0212f2-788f-c64d-a5b3-1f738e285ade (0x1001)
[    6.228160] ACPI: \: failed to evaluate _DSM bf0212f2-788f-c64d-a5b3-1f738e285ade (0x1001)
[    6.228162] ACPI: \: failed to evaluate _DSM bf0212f2-788f-c64d-a5b3-1f738e285ade (0x1001)
[    6.228164] ACPI: \: failed to evaluate _DSM bf0212f2-788f-c64d-a5b3-1f738e285ade (0x1001)
[    6.228166] ACPI: \: failed to evaluate _DSM bf0212f2-788f-c64d-a5b3-1f738e285ade (0x1001)
[    6.228168] ACPI: \: failed to evaluate _DSM bf0212f2-788f-c64d-a5b3-1f738e285ade (0x1001)
[    6.228169] ACPI: \: failed to evaluate _DSM bf0212f2-788f-c64d-a5b3-1f738e285ade (0x1001)
[    6.229232] iwlwifi 0000:05:00.0: Registered PHC clock: iwlwifi-PTP, with index: 0
[    6.260378] audit: type=1400 audit(1781127844.331:136): apparmor="DENIED" operation="capable" class="cap" profile="/usr/sbin/cupsd" pid=1115 comm="cupsd" capability=12  capname="net_admin"
[    9.503764] wlp5s0: authenticate with 3c:bd:c5:69:29:4f (local address=04:33:c2:22:c0:81)
[    9.504270] wlp5s0: send auth to 3c:bd:c5:69:29:4f (try 1/3)
[    9.506008] wlp5s0: authenticated
[    9.506242] wlp5s0: associate with 3c:bd:c5:69:29:4f (try 1/3)
[    9.507361] wlp5s0: RX AssocResp from 3c:bd:c5:69:29:4f (capab=0x1011 status=0 aid=15)
[    9.508635] wlp5s0: associated
[    9.533682] wlp5s0: Limiting TX power to 30 (30 - 0) dBm as advertised by 3c:bd:c5:69:29:4f
[   17.596393] Bluetooth: RFCOMM TTY layer initialized
[   17.596399] Bluetooth: RFCOMM socket layer initialized
[   17.596403] Bluetooth: RFCOMM ver 1.11
[   25.671575] systemd-journald[395]: /var/log/journal/288b6cba6cec405188c18f26e7617eed/user-1000.journal: Journal file uses a different sequence number ID, rotating.
[   29.054889] audit: type=1400 audit(1781127867.125:137): apparmor="AUDIT" operation="userns_create" class="namespace" info="Userns create - transitioning profile" profile="unconfined" pid=1835 comm="bwrap" requested="userns_create" target="unprivileged_userns"
[   29.055503] audit: type=1400 audit(1781127867.126:138): apparmor="DENIED" operation="capable" class="cap" profile="unprivileged_userns" pid=1841 comm="bwrap" capability=8  capname="setpcap"
[   29.055550] audit: type=1400 audit(1781127867.126:139): apparmor="DENIED" operation="capable" class="cap" profile="unprivileged_userns" pid=1841 comm="bwrap" capability=12  capname="net_admin"
[   40.277152] audit: type=1400 audit(1781127878.207:140): apparmor="AUDIT" operation="userns_create" class="namespace" info="Userns create - transitioning profile" profile="unconfined" pid=2309 comm="bwrap" requested="userns_create" target="unprivileged_userns"
[   40.277773] audit: type=1400 audit(1781127878.208:141): apparmor="DENIED" operation="capable" class="cap" profile="unprivileged_userns" pid=2311 comm="bwrap" capability=8  capname="setpcap"
[   40.277832] audit: type=1400 audit(1781127878.208:142): apparmor="DENIED" operation="capable" class="cap" profile="unprivileged_userns" pid=2311 comm="bwrap" capability=12  capname="net_admin"
[   40.280540] audit: type=1400 audit(1781127878.211:143): apparmor="AUDIT" operation="userns_create" class="namespace" info="Userns create - transitioning profile" profile="unconfined" pid=2313 comm="bwrap" requested="userns_create" target="unprivileged_userns"
[   40.281074] audit: type=1400 audit(1781127878.212:144): apparmor="DENIED" operation="capable" class="cap" profile="unprivileged_userns" pid=2314 comm="bwrap" capability=8  capname="setpcap"
[   40.281128] audit: type=1400 audit(1781127878.212:145): apparmor="DENIED" operation="capable" class="cap" profile="unprivileged_userns" pid=2314 comm="bwrap" capability=12  capname="net_admin"
