[    0.000000] Linux version 6.8.0-117-generic (buildd@lcy02-amd64-102) (x86_64-linux-gnu-gcc-13 (Ubuntu 13.3.0-6ubuntu2~24.04.1) 13.3.0, GNU ld (GNU Binutils for Ubuntu) 2.42) #117-Ubuntu SMP PREEMPT_DYNAMIC Tue May  5 19:26:24 UTC 2026 (Ubuntu 6.8.0-117.117-generic 6.8.12)
[    0.000000] Command line: BOOT_IMAGE=/boot/vmlinuz-6.8.0-117-generic root=UUID=a076301c-b9f2-4913-9778-e6596aaa787b ro quiet splash modprobe.blacklist=amdgpu
[    0.000000] KERNEL supported cpus:
[    0.000000]   Intel GenuineIntel
[    0.000000]   AMD AuthenticAMD
[    0.000000]   Hygon HygonGenuine
[    0.000000]   Centaur CentaurHauls
[    0.000000]   zhaoxin   Shanghai  
[    0.000000] BIOS-provided physical RAM map:
[    0.000000] BIOS-e820: [mem 0x0000000000000000-0x000000000009ffff] usable
[    0.000000] BIOS-e820: [mem 0x00000000000a0000-0x00000000000fffff] reserved
[    0.000000] BIOS-e820: [mem 0x0000000000100000-0x0000000009bfefff] usable
[    0.000000] BIOS-e820: [mem 0x0000000009bff000-0x0000000009ffffff] reserved
[    0.000000] BIOS-e820: [mem 0x000000000a000000-0x000000000a1fffff] usable
[    0.000000] BIOS-e820: [mem 0x000000000a200000-0x000000000a20dfff] ACPI NVS
[    0.000000] BIOS-e820: [mem 0x000000000a20e000-0x000000000affffff] usable
[    0.000000] BIOS-e820: [mem 0x000000000b000000-0x000000000b01ffff] reserved
[    0.000000] BIOS-e820: [mem 0x000000000b020000-0x00000000bb31bfff] usable
[    0.000000] BIOS-e820: [mem 0x00000000bb31c000-0x00000000bca84fff] reserved
[    0.000000] BIOS-e820: [mem 0x00000000bca85000-0x00000000bcad6fff] ACPI data
[    0.000000] BIOS-e820: [mem 0x00000000bcad7000-0x00000000bd1b6fff] ACPI NVS
[    0.000000] BIOS-e820: [mem 0x00000000bd1b7000-0x00000000bdffefff] reserved
[    0.000000] BIOS-e820: [mem 0x00000000bdfff000-0x00000000beffffff] usable
[    0.000000] BIOS-e820: [mem 0x00000000bf000000-0x00000000bfffffff] reserved
[    0.000000] BIOS-e820: [mem 0x00000000f0000000-0x00000000f7ffffff] reserved
[    0.000000] BIOS-e820: [mem 0x00000000fd200000-0x00000000fd2fffff] reserved
[    0.000000] BIOS-e820: [mem 0x00000000fd600000-0x00000000fd7fffff] reserved
[    0.000000] BIOS-e820: [mem 0x00000000fea00000-0x00000000fea0ffff] reserved
[    0.000000] BIOS-e820: [mem 0x00000000feb80000-0x00000000fec01fff] reserved
[    0.000000] BIOS-e820: [mem 0x00000000fec10000-0x00000000fec10fff] reserved
[    0.000000] BIOS-e820: [mem 0x00000000fec30000-0x00000000fec30fff] reserved
[    0.000000] BIOS-e820: [mem 0x00000000fed00000-0x00000000fed00fff] reserved
[    0.000000] BIOS-e820: [mem 0x00000000fed40000-0x00000000fed44fff] reserved
[    0.000000] BIOS-e820: [mem 0x00000000fed80000-0x00000000fed8ffff] reserved
[    0.000000] BIOS-e820: [mem 0x00000000fedc2000-0x00000000fedcffff] reserved
[    0.000000] BIOS-e820: [mem 0x00000000fedd4000-0x00000000fedd5fff] reserved
[    0.000000] BIOS-e820: [mem 0x00000000ff000000-0x00000000ffffffff] reserved
[    0.000000] BIOS-e820: [mem 0x0000000100000000-0x000000083f37ffff] usable
[    0.000000] BIOS-e820: [mem 0x000000083f380000-0x000000083fffffff] reserved
[    0.000000] NX (Execute Disable) protection: active
[    0.000000] APIC: Static calls initialized
[    0.000000] e820: update [mem 0xb75c8018-0xb75e3257] usable ==> usable
[    0.000000] e820: update [mem 0xb75c8018-0xb75e3257] usable ==> usable
[    0.000000] extended physical RAM map:
[    0.000000] reserve setup_data: [mem 0x0000000000000000-0x000000000009ffff] usable
[    0.000000] reserve setup_data: [mem 0x00000000000a0000-0x00000000000fffff] reserved
[    0.000000] reserve setup_data: [mem 0x0000000000100000-0x0000000009bfefff] usable
[    0.000000] reserve setup_data: [mem 0x0000000009bff000-0x0000000009ffffff] reserved
[    0.000000] reserve setup_data: [mem 0x000000000a000000-0x000000000a1fffff] usable
[    0.000000] reserve setup_data: [mem 0x000000000a200000-0x000000000a20dfff] ACPI NVS
[    0.000000] reserve setup_data: [mem 0x000000000a20e000-0x000000000affffff] usable
[    0.000000] reserve setup_data: [mem 0x000000000b000000-0x000000000b01ffff] reserved
[    0.000000] reserve setup_data: [mem 0x000000000b020000-0x00000000b75c8017] usable
[    0.000000] reserve setup_data: [mem 0x00000000b75c8018-0x00000000b75e3257] usable
[    0.000000] reserve setup_data: [mem 0x00000000b75e3258-0x00000000bb31bfff] usable
[    0.000000] reserve setup_data: [mem 0x00000000bb31c000-0x00000000bca84fff] reserved
[    0.000000] reserve setup_data: [mem 0x00000000bca85000-0x00000000bcad6fff] ACPI data
[    0.000000] reserve setup_data: [mem 0x00000000bcad7000-0x00000000bd1b6fff] ACPI NVS
[    0.000000] reserve setup_data: [mem 0x00000000bd1b7000-0x00000000bdffefff] reserved
[    0.000000] reserve setup_data: [mem 0x00000000bdfff000-0x00000000beffffff] usable
[    0.000000] reserve setup_data: [mem 0x00000000bf000000-0x00000000bfffffff] reserved
[    0.000000] reserve setup_data: [mem 0x00000000f0000000-0x00000000f7ffffff] reserved
[    0.000000] reserve setup_data: [mem 0x00000000fd200000-0x00000000fd2fffff] reserved
[    0.000000] reserve setup_data: [mem 0x00000000fd600000-0x00000000fd7fffff] reserved
[    0.000000] reserve setup_data: [mem 0x00000000fea00000-0x00000000fea0ffff] reserved
[    0.000000] reserve setup_data: [mem 0x00000000feb80000-0x00000000fec01fff] reserved
[    0.000000] reserve setup_data: [mem 0x00000000fec10000-0x00000000fec10fff] reserved
[    0.000000] reserve setup_data: [mem 0x00000000fec30000-0x00000000fec30fff] reserved
[    0.000000] reserve setup_data: [mem 0x00000000fed00000-0x00000000fed00fff] reserved
[    0.000000] reserve setup_data: [mem 0x00000000fed40000-0x00000000fed44fff] reserved
[    0.000000] reserve setup_data: [mem 0x00000000fed80000-0x00000000fed8ffff] reserved
[    0.000000] reserve setup_data: [mem 0x00000000fedc2000-0x00000000fedcffff] reserved
[    0.000000] reserve setup_data: [mem 0x00000000fedd4000-0x00000000fedd5fff] reserved
[    0.000000] reserve setup_data: [mem 0x00000000ff000000-0x00000000ffffffff] reserved
[    0.000000] reserve setup_data: [mem 0x0000000100000000-0x000000083f37ffff] usable
[    0.000000] reserve setup_data: [mem 0x000000083f380000-0x000000083fffffff] reserved
[    0.000000] efi: EFI v2.7 by American Megatrends
[    0.000000] efi: ACPI=0xbd1a0000 ACPI 2.0=0xbd1a0014 TPMFinalLog=0xbd16a000 SMBIOS=0xbde22000 SMBIOS 3.0=0xbde21000 MEMATTR=0xb7e35018 ESRT=0xba953598 INITRD=0xb76d4518 RNG=0xbca95018 TPMEventLog=0xbca90018 
[    0.000000] random: crng init done
[    0.000000] efi: Remove mem287: MMIO range=[0xf0000000-0xf7ffffff] (128MB) from e820 map
[    0.000000] e820: remove [mem 0xf0000000-0xf7ffffff] reserved
[    0.000000] efi: Remove mem288: MMIO range=[0xfd200000-0xfd2fffff] (1MB) from e820 map
[    0.000000] e820: remove [mem 0xfd200000-0xfd2fffff] reserved
[    0.000000] efi: Remove mem289: MMIO range=[0xfd600000-0xfd7fffff] (2MB) from e820 map
[    0.000000] e820: remove [mem 0xfd600000-0xfd7fffff] reserved
[    0.000000] efi: Not removing mem290: MMIO range=[0xfea00000-0xfea0ffff] (64KB) from e820 map
[    0.000000] efi: Remove mem291: MMIO range=[0xfeb80000-0xfec01fff] (0MB) from e820 map
[    0.000000] e820: remove [mem 0xfeb80000-0xfec01fff] reserved
[    0.000000] efi: Not removing mem292: MMIO range=[0xfec10000-0xfec10fff] (4KB) from e820 map
[    0.000000] efi: Not removing mem293: MMIO range=[0xfec30000-0xfec30fff] (4KB) from e820 map
[    0.000000] efi: Not removing mem294: MMIO range=[0xfed00000-0xfed00fff] (4KB) from e820 map
[    0.000000] efi: Not removing mem295: MMIO range=[0xfed40000-0xfed44fff] (20KB) from e820 map
[    0.000000] efi: Not removing mem296: MMIO range=[0xfed80000-0xfed8ffff] (64KB) from e820 map
[    0.000000] efi: Not removing mem297: MMIO range=[0xfedc2000-0xfedcffff] (56KB) from e820 map
[    0.000000] efi: Not removing mem298: MMIO range=[0xfedd4000-0xfedd5fff] (8KB) from e820 map
[    0.000000] efi: Remove mem299: MMIO range=[0xff000000-0xffffffff] (16MB) from e820 map
[    0.000000] e820: remove [mem 0xff000000-0xffffffff] reserved
[    0.000000] secureboot: Secure boot disabled
[    0.000000] SMBIOS 3.3.0 present.
[    0.000000] DMI: To Be Filled By O.E.M. B550M-ITX/ac/B550M-ITX/ac, BIOS P3.90 10/01/2025
[    0.000000] tsc: Fast TSC calibration using PIT
[    0.000000] tsc: Detected 3792.644 MHz processor
[    0.000216] e820: update [mem 0x00000000-0x00000fff] usable ==> reserved
[    0.000218] e820: remove [mem 0x000a0000-0x000fffff] usable
[    0.000223] last_pfn = 0x83f380 max_arch_pfn = 0x400000000
[    0.000229] total RAM covered: 3071M
[    0.000324] Found optimal setting for mtrr clean up
[    0.000325]  gran_size: 64K 	chunk_size: 64M 	num_reg: 3  	lose cover RAM: 0G
[    0.000328] MTRR map: 8 entries (4 fixed + 4 variable; max 21), built from 9 variable MTRRs
[    0.000329] x86/PAT: Configuration [0-7]: WB  WC  UC- UC  WB  WP  UC- WT  
[    0.000745] e820: update [mem 0xbcf40000-0xbcf4ffff] usable ==> reserved
[    0.000751] e820: update [mem 0xc0000000-0xffffffff] usable ==> reserved
[    0.000753] last_pfn = 0xbf000 max_arch_pfn = 0x400000000
[    0.003293] esrt: Reserving ESRT space from 0x00000000ba953598 to 0x00000000ba9535d0.
[    0.003299] e820: update [mem 0xba953000-0xba953fff] usable ==> reserved
[    0.003320] Using GB pages for direct mapping
[    0.003451] secureboot: Secure boot disabled
[    0.003451] RAMDISK: [mem 0xa9ec0000-0xae646fff]
[    0.003682] ACPI: Early table checksum verification disabled
[    0.003685] ACPI: RSDP 0x00000000BD1A0014 000024 (v02 ALASKA)
[    0.003688] ACPI: XSDT 0x00000000BD19F728 0000E4 (v01 ALASKA A M I    01072009 AMI  01000013)
[    0.003692] ACPI: FACP 0x00000000BCAC8000 000114 (v06 ALASKA A M I    01072009 AMI  00010013)
[    0.003695] ACPI: DSDT 0x00000000BCAC1000 006866 (v02 ALASKA A M I    01072009 INTL 20120913)
[    0.003697] ACPI: FACS 0x00000000BD19A000 000040
[    0.003699] ACPI: SSDT 0x00000000BCACE000 008CE9 (v02 AMD    AmdTable 00000002 MSFT 04000000)
[    0.003700] ACPI: SSDT 0x00000000BCACA000 003B45 (v02 AMD    AMD AOD  00000001 INTL 20120913)
[    0.003702] ACPI: SSDT 0x00000000BCAC9000 000221 (v02 ALASKA CPUSSDT  01072009 AMI  01072009)
[    0.003704] ACPI: FIDT 0x00000000BCAC0000 00009C (v01 ALASKA A M I    01072009 AMI  00010013)
[    0.003705] ACPI: MCFG 0x00000000BCABF000 00003C (v01 ALASKA A M I    01072009 MSFT 00010013)
[    0.003707] ACPI: AAFT 0x00000000BCABE000 000115 (v01 ALASKA OEMAAFT  01072009 MSFT 00000097)
[    0.003708] ACPI: HPET 0x00000000BCABD000 000038 (v01 ALASKA A M I    01072009 AMI  00000005)
[    0.003710] ACPI: VFCT 0x00000000BCAAE000 00E284 (v01 ALASKA A M I    00000001 AMD  31504F47)
[    0.003711] ACPI: TPM2 0x00000000BCAAD000 00004C (v04 ALASKA A M I    00000001 AMI  00000000)
[    0.003713] ACPI: PCCT 0x00000000BCAAC000 00006E (v02 AMD    AmdTable 00000001 AMD  00000001)
[    0.003715] ACPI: SSDT 0x00000000BCAA7000 004133 (v02 AMD    AmdTable 00000001 AMD  00000001)
[    0.003716] ACPI: CRAT 0x00000000BCAA6000 000F10 (v01 AMD    AmdTable 00000001 AMD  00000001)
[    0.003718] ACPI: CDIT 0x00000000BCAA5000 000029 (v01 AMD    AmdTable 00000001 AMD  00000001)
[    0.003719] ACPI: SSDT 0x00000000BCAA4000 0002C2 (v02 AMD    ArticDGP 00000001 INTL 20120913)
[    0.003721] ACPI: SSDT 0x00000000BCAA2000 0010C9 (v02 AMD    ArticTPX 00000001 INTL 20120913)
[    0.003722] ACPI: SSDT 0x00000000BCAA1000 00052C (v02 AMD    ArticNOI 00000001 INTL 20120913)
[    0.003724] ACPI: SSDT 0x00000000BCA9D000 0037C4 (v02 AMD    ArticN   00000001 INTL 20120913)
[    0.003725] ACPI: WSMT 0x00000000BCA9C000 000028 (v01 ALASKA A M I    01072009 AMI  00010013)
[    0.003727] ACPI: APIC 0x00000000BCA9B000 00015E (v04 ALASKA A M I    01072009 AMI  00010013)
[    0.003729] ACPI: SSDT 0x00000000BCA9A000 00007D (v02 AMD    ArticDIS 00000001 INTL 20120913)
[    0.003730] ACPI: SSDT 0x00000000BCA98000 0010AF (v02 AMD    ArticC   00000001 INTL 20120913)
[    0.003732] ACPI: SSDT 0x00000000BCA97000 0000BF (v01 AMD    AmdTable 00001000 INTL 20120913)
[    0.003733] ACPI: FPDT 0x00000000BCA96000 000044 (v01 ALASKA A M I    01072009 AMI  01000013)
[    0.003735] ACPI: Reserving FACP table memory at [mem 0xbcac8000-0xbcac8113]
[    0.003735] ACPI: Reserving DSDT table memory at [mem 0xbcac1000-0xbcac7865]
[    0.003736] ACPI: Reserving FACS table memory at [mem 0xbd19a000-0xbd19a03f]
[    0.003736] ACPI: Reserving SSDT table memory at [mem 0xbcace000-0xbcad6ce8]
[    0.003737] ACPI: Reserving SSDT table memory at [mem 0xbcaca000-0xbcacdb44]
[    0.003737] ACPI: Reserving SSDT table memory at [mem 0xbcac9000-0xbcac9220]
[    0.003738] ACPI: Reserving FIDT table memory at [mem 0xbcac0000-0xbcac009b]
[    0.003738] ACPI: Reserving MCFG table memory at [mem 0xbcabf000-0xbcabf03b]
[    0.003739] ACPI: Reserving AAFT table memory at [mem 0xbcabe000-0xbcabe114]
[    0.003739] ACPI: Reserving HPET table memory at [mem 0xbcabd000-0xbcabd037]
[    0.003740] ACPI: Reserving VFCT table memory at [mem 0xbcaae000-0xbcabc283]
[    0.003740] ACPI: Reserving TPM2 table memory at [mem 0xbcaad000-0xbcaad04b]
[    0.003741] ACPI: Reserving PCCT table memory at [mem 0xbcaac000-0xbcaac06d]
[    0.003741] ACPI: Reserving SSDT table memory at [mem 0xbcaa7000-0xbcaab132]
[    0.003742] ACPI: Reserving CRAT table memory at [mem 0xbcaa6000-0xbcaa6f0f]
[    0.003742] ACPI: Reserving CDIT table memory at [mem 0xbcaa5000-0xbcaa5028]
[    0.003743] ACPI: Reserving SSDT table memory at [mem 0xbcaa4000-0xbcaa42c1]
[    0.003743] ACPI: Reserving SSDT table memory at [mem 0xbcaa2000-0xbcaa30c8]
[    0.003744] ACPI: Reserving SSDT table memory at [mem 0xbcaa1000-0xbcaa152b]
[    0.003744] ACPI: Reserving SSDT table memory at [mem 0xbca9d000-0xbcaa07c3]
[    0.003745] ACPI: Reserving WSMT table memory at [mem 0xbca9c000-0xbca9c027]
[    0.003745] ACPI: Reserving APIC table memory at [mem 0xbca9b000-0xbca9b15d]
[    0.003746] ACPI: Reserving SSDT table memory at [mem 0xbca9a000-0xbca9a07c]
[    0.003746] ACPI: Reserving SSDT table memory at [mem 0xbca98000-0xbca990ae]
[    0.003746] ACPI: Reserving SSDT table memory at [mem 0xbca97000-0xbca970be]
[    0.003747] ACPI: Reserving FPDT table memory at [mem 0xbca96000-0xbca96043]
[    0.003828] No NUMA configuration found
[    0.003829] Faking a node at [mem 0x0000000000000000-0x000000083f37ffff]
[    0.003833] NODE_DATA(0) allocated [mem 0x83f355000-0x83f37ffff]
[    0.003929] Zone ranges:
[    0.003930]   DMA      [mem 0x0000000000001000-0x0000000000ffffff]
[    0.003931]   DMA32    [mem 0x0000000001000000-0x00000000ffffffff]
[    0.003932]   Normal   [mem 0x0000000100000000-0x000000083f37ffff]
[    0.003933]   Device   empty
[    0.003934] Movable zone start for each node
[    0.003934] Early memory node ranges
[    0.003935]   node   0: [mem 0x0000000000001000-0x000000000009ffff]
[    0.003936]   node   0: [mem 0x0000000000100000-0x0000000009bfefff]
[    0.003936]   node   0: [mem 0x000000000a000000-0x000000000a1fffff]
[    0.003937]   node   0: [mem 0x000000000a20e000-0x000000000affffff]
[    0.003937]   node   0: [mem 0x000000000b020000-0x00000000bb31bfff]
[    0.003938]   node   0: [mem 0x00000000bdfff000-0x00000000beffffff]
[    0.003938]   node   0: [mem 0x0000000100000000-0x000000083f37ffff]
[    0.003940] Initmem setup node 0 [mem 0x0000000000001000-0x000000083f37ffff]
[    0.003943] On node 0, zone DMA: 1 pages in unavailable ranges
[    0.003953] On node 0, zone DMA: 96 pages in unavailable ranges
[    0.004037] On node 0, zone DMA32: 1025 pages in unavailable ranges
[    0.004045] On node 0, zone DMA32: 14 pages in unavailable ranges
[    0.006219] On node 0, zone DMA32: 32 pages in unavailable ranges
[    0.006298] On node 0, zone DMA32: 11491 pages in unavailable ranges
[    0.041921] On node 0, zone Normal: 4096 pages in unavailable ranges
[    0.041943] On node 0, zone Normal: 3200 pages in unavailable ranges
[    0.042389] ACPI: PM-Timer IO Port: 0x808
[    0.042397] ACPI: LAPIC_NMI (acpi_id[0xff] high edge lint[0x1])
[    0.042406] IOAPIC[0]: apic_id 17, version 33, address 0xfec00000, GSI 0-23
[    0.042410] IOAPIC[1]: apic_id 18, version 33, address 0xfec01000, GSI 24-55
[    0.042412] ACPI: INT_SRC_OVR (bus 0 bus_irq 0 global_irq 2 dfl dfl)
[    0.042413] ACPI: INT_SRC_OVR (bus 0 bus_irq 9 global_irq 9 low level)
[    0.042415] ACPI: Using ACPI (MADT) for SMP configuration information
[    0.042416] ACPI: HPET id: 0x10228201 base: 0xfed00000
[    0.042419] smpboot: Allowing 32 CPUs, 16 hotplug CPUs
[    0.042435] PM: hibernation: Registered nosave memory: [mem 0x00000000-0x00000fff]
[    0.042436] PM: hibernation: Registered nosave memory: [mem 0x000a0000-0x000fffff]
[    0.042437] PM: hibernation: Registered nosave memory: [mem 0x09bff000-0x09ffffff]
[    0.042438] PM: hibernation: Registered nosave memory: [mem 0x0a200000-0x0a20dfff]
[    0.042439] PM: hibernation: Registered nosave memory: [mem 0x0b000000-0x0b01ffff]
[    0.042440] PM: hibernation: Registered nosave memory: [mem 0xba953000-0xba953fff]
[    0.042441] PM: hibernation: Registered nosave memory: [mem 0xbb31c000-0xbdffefff]
[    0.042442] PM: hibernation: Registered nosave memory: [mem 0xbf000000-0xffffffff]
[    0.042443] [mem 0xc0000000-0xfe9fffff] available for PCI devices
[    0.042446] Booting paravirtualized kernel on bare hardware
[    0.042447] clocksource: refined-jiffies: mask: 0xffffffff max_cycles: 0xffffffff, max_idle_ns: 1910969940391419 ns
[    0.042454] setup_percpu: NR_CPUS:8192 nr_cpumask_bits:32 nr_cpu_ids:32 nr_node_ids:1
[    0.043810] percpu: Embedded 86 pages/cpu s229376 r8192 d114688 u524288
[    0.043814] pcpu-alloc: s229376 r8192 d114688 u524288 alloc=1*2097152
[    0.043816] pcpu-alloc: [0] 00 01 02 03 [0] 04 05 06 07 
[    0.043819] pcpu-alloc: [0] 08 09 10 11 [0] 12 13 14 15 
[    0.043822] pcpu-alloc: [0] 16 17 18 19 [0] 20 21 22 23 
[    0.043825] pcpu-alloc: [0] 24 25 26 27 [0] 28 29 30 31 
[    0.043841] Kernel command line: BOOT_IMAGE=/boot/vmlinuz-6.8.0-117-generic root=UUID=a076301c-b9f2-4913-9778-e6596aaa787b ro quiet splash modprobe.blacklist=amdgpu
[    0.043918] Unknown kernel command line parameters "splash", will be passed to user space.
[    0.046236] Dentry cache hash table entries: 4194304 (order: 13, 33554432 bytes, linear)
[    0.047384] Inode-cache hash table entries: 2097152 (order: 12, 16777216 bytes, linear)
[    0.047526] Fallback order for Node 0: 0 
[    0.047529] Built 1 zonelists, mobility grouping on.  Total pages: 8237732
[    0.047530] Policy zone: Normal
[    0.047537] mem auto-init: stack:all(zero), heap alloc:on, heap free:off
[    0.047541] software IO TLB: area num 32.
[    0.098754] Memory: 32618280K/33474612K available (22528K kernel code, 4438K rwdata, 14416K rodata, 4924K init, 4788K bss, 856072K reserved, 0K cma-reserved)
[    0.099350] SLUB: HWalign=64, Order=0-3, MinObjects=0, CPUs=32, Nodes=1
[    0.099372] ftrace: allocating 58286 entries in 228 pages
[    0.108829] ftrace: allocated 228 pages with 4 groups
[    0.109511] Dynamic Preempt: voluntary
[    0.109598] rcu: Preemptible hierarchical RCU implementation.
[    0.109599] rcu: 	RCU restricting CPUs from NR_CPUS=8192 to nr_cpu_ids=32.
[    0.109600] 	Trampoline variant of Tasks RCU enabled.
[    0.109600] 	Rude variant of Tasks RCU enabled.
[    0.109600] 	Tracing variant of Tasks RCU enabled.
[    0.109601] rcu: RCU calculated value of scheduler-enlistment delay is 100 jiffies.
[    0.109601] rcu: Adjusting geometry for rcu_fanout_leaf=16, nr_cpu_ids=32
[    0.109620] RCU Tasks: Setting shift to 5 and lim to 1 rcu_task_cb_adjust=1 rcu_task_cpu_ids=32.
[    0.109622] RCU Tasks Rude: Setting shift to 5 and lim to 1 rcu_task_cb_adjust=1 rcu_task_cpu_ids=32.
[    0.109624] RCU Tasks Trace: Setting shift to 5 and lim to 1 rcu_task_cb_adjust=1 rcu_task_cpu_ids=32.
[    0.111458] NR_IRQS: 524544, nr_irqs: 1224, preallocated irqs: 16
[    0.111642] rcu: srcu_init: Setting srcu_struct sizes based on contention.
[    0.111726] Console: colour dummy device 80x25
[    0.111729] printk: legacy console [tty0] enabled
[    0.111763] ACPI: Core revision 20230628
[    0.111880] clocksource: hpet: mask: 0xffffffff max_cycles: 0xffffffff, max_idle_ns: 133484873504 ns
[    0.111894] APIC: Switch to symmetric I/O mode setup
[    0.111995] x2apic: IRQ remapping doesn't support X2APIC mode
[    0.112541] ..TIMER: vector=0x30 apic1=0 pin1=2 apic2=-1 pin2=-1
[    0.116895] clocksource: tsc-early: mask: 0xffffffffffffffff max_cycles: 0x6d5665c06dd, max_idle_ns: 881590484945 ns
[    0.116898] Calibrating delay loop (skipped), value calculated using timer frequency.. 7585.28 BogoMIPS (lpj=3792644)
[    0.116911] x86/cpu: User Mode Instruction Prevention (UMIP) activated
[    0.116956] LVT offset 1 assigned for vector 0xf9
[    0.117104] LVT offset 2 assigned for vector 0xf4
[    0.117145] process: using mwait in idle threads
[    0.117146] Last level iTLB entries: 4KB 512, 2MB 512, 4MB 256
[    0.117146] Last level dTLB entries: 4KB 2048, 2MB 2048, 4MB 1024, 1GB 0
[    0.117149] Spectre V1 : Mitigation: usercopy/swapgs barriers and __user pointer sanitization
[    0.117150] Spectre V2 : Mitigation: Retpolines
[    0.117151] Spectre V2 : Spectre v2 / SpectreRSB: Filling RSB on context switch and VMEXIT
[    0.117151] Spectre V2 : Enabling Restricted Speculation for firmware calls
[    0.117153] Spectre V2 : mitigation: Enabling conditional Indirect Branch Prediction Barrier
[    0.117154] Spectre V2 : User space: Mitigation: STIBP always-on protection
[    0.117154] Speculative Store Bypass: Mitigation: Speculative Store Bypass disabled via prctl
[    0.117155] active return thunk: srso_alias_return_thunk
[    0.117159] Speculative Return Stack Overflow: Mitigation: Safe RET
[    0.117159] Transient Scheduler Attacks: Mitigation: Clear CPU buffers
[    0.117160] VMSCAPE: Mitigation: IBPB before exit to userspace
[    0.117163] x86/fpu: Supporting XSAVE feature 0x001: 'x87 floating point registers'
[    0.117164] x86/fpu: Supporting XSAVE feature 0x002: 'SSE registers'
[    0.117165] x86/fpu: Supporting XSAVE feature 0x004: 'AVX registers'
[    0.117165] x86/fpu: Supporting XSAVE feature 0x200: 'Protection Keys User registers'
[    0.117166] x86/fpu: Supporting XSAVE feature 0x800: 'Control-flow User registers'
[    0.117167] x86/fpu: xstate_offset[2]:  576, xstate_sizes[2]:  256
[    0.117167] x86/fpu: xstate_offset[9]:  832, xstate_sizes[9]:    8
[    0.117168] x86/fpu: xstate_offset[11]:  840, xstate_sizes[11]:   16
[    0.117169] x86/fpu: Enabled xstate features 0xa07, context size is 856 bytes, using 'compacted' format.
[    0.139626] Freeing SMP alternatives memory: 48K
[    0.139629] pid_max: default: 32768 minimum: 301
[    0.142940] LSM: initializing lsm=lockdown,capability,landlock,yama,apparmor,integrity
[    0.142956] landlock: Up and running.
[    0.142958] Yama: becoming mindful.
[    0.142989] AppArmor: AppArmor initialized
[    0.143062] Mount-cache hash table entries: 65536 (order: 7, 524288 bytes, linear)
[    0.143102] Mountpoint-cache hash table entries: 65536 (order: 7, 524288 bytes, linear)
[    0.245590] smpboot: CPU0: AMD Ryzen 7 5800X 8-Core Processor (family: 0x19, model: 0x21, stepping: 0x0)
[    0.245776] Performance Events: Fam17h+ core perfctr, AMD PMU driver.
[    0.245781] ... version:                0
[    0.245782] ... bit width:              48
[    0.245783] ... generic registers:      6
[    0.245784] ... value mask:             0000ffffffffffff
[    0.245785] ... max period:             00007fffffffffff
[    0.245786] ... fixed-purpose events:   0
[    0.245787] ... event mask:             000000000000003f
[    0.245860] signal: max sigframe size: 3376
[    0.245893] rcu: Hierarchical SRCU implementation.
[    0.245894] rcu: 	Max phase no-delay instances is 400.
[    0.247894] NMI watchdog: Enabled. Permanently consumes one hw-PMU counter.
[    0.248120] smp: Bringing up secondary CPUs ...
[    0.248215] smpboot: x86: Booting SMP configuration:
[    0.248216] .... node  #0, CPUs:        #1  #2  #3  #4  #5  #6  #7  #8  #9 #10 #11 #12 #13 #14 #15
[    0.260008] Spectre V2 : Update user space SMT mitigation: STIBP always-on
[    0.266936] smp: Brought up 1 node, 16 CPUs
[    0.266936] smpboot: Max logical packages: 2
[    0.266936] smpboot: Total of 16 processors activated (121364.60 BogoMIPS)
[    0.269242] devtmpfs: initialized
[    0.269242] x86/mm: Memory block size: 128MB
[    0.272710] ACPI: PM: Registering ACPI NVS region [mem 0x0a200000-0x0a20dfff] (57344 bytes)
[    0.272710] ACPI: PM: Registering ACPI NVS region [mem 0xbcad7000-0xbd1b6fff] (7208960 bytes)
[    0.272710] clocksource: jiffies: mask: 0xffffffff max_cycles: 0xffffffff, max_idle_ns: 1911260446275000 ns
[    0.272919] futex hash table entries: 8192 (order: 7, 524288 bytes, linear)
[    0.273013] pinctrl core: initialized pinctrl subsystem
[    0.273118] PM: RTC time: 20:01:07, date: 2026-06-10
[    0.273453] NET: Registered PF_NETLINK/PF_ROUTE protocol family
[    0.273735] DMA: preallocated 4096 KiB GFP_KERNEL pool for atomic allocations
[    0.273887] DMA: preallocated 4096 KiB GFP_KERNEL|GFP_DMA pool for atomic allocations
[    0.274049] DMA: preallocated 4096 KiB GFP_KERNEL|GFP_DMA32 pool for atomic allocations
[    0.274057] audit: initializing netlink subsys (disabled)
[    0.274062] audit: type=2000 audit(1781121667.162:1): state=initialized audit_enabled=0 res=1
[    0.274062] thermal_sys: Registered thermal governor 'fair_share'
[    0.274062] thermal_sys: Registered thermal governor 'bang_bang'
[    0.274062] thermal_sys: Registered thermal governor 'step_wise'
[    0.274062] thermal_sys: Registered thermal governor 'user_space'
[    0.274062] thermal_sys: Registered thermal governor 'power_allocator'
[    0.274062] cpuidle: using governor ladder
[    0.274062] cpuidle: using governor menu
[    0.274062] Detected 1 PCC Subspaces
[    0.274062] Registering PCC driver as Mailbox controller
[    0.274062] acpiphp: ACPI Hot Plug PCI Controller Driver version: 0.5
[    0.274062] PCI: ECAM [mem 0xf0000000-0xf7ffffff] (base 0xf0000000) for domain 0000 [bus 00-7f]
[    0.274062] PCI: Using configuration type 1 for base access
[    0.274185] kprobes: kprobe jump-optimization is enabled. All kprobes are optimized if possible.
[    0.274190] HugeTLB: registered 1.00 GiB page size, pre-allocated 0 pages
[    0.274190] HugeTLB: 16380 KiB vmemmap can be freed for a 1.00 GiB page
[    0.274190] HugeTLB: registered 2.00 MiB page size, pre-allocated 0 pages
[    0.274190] HugeTLB: 28 KiB vmemmap can be freed for a 2.00 MiB page
[    0.275038] ACPI: Added _OSI(Module Device)
[    0.275040] ACPI: Added _OSI(Processor Device)
[    0.275042] ACPI: Added _OSI(Processor Aggregator Device)
[    0.295618] ACPI: 12 ACPI AML tables successfully acquired and loaded
[    0.298176] ACPI: [Firmware Bug]: BIOS _OSI(Linux) query ignored
[    0.304428] ACPI: _OSC evaluation for CPUs failed, trying _PDC
[    0.304851] ACPI: Interpreter enabled
[    0.304868] ACPI: PM: (supports S0 S3 S4 S5)
[    0.304869] ACPI: Using IOAPIC for interrupt routing
[    0.306617] PCI: Using host bridge windows from ACPI; if necessary, use "pci=nocrs" and report a bug
[    0.306619] PCI: Ignoring E820 reservations for host bridge windows
[    0.307217] ACPI: Enabled 8 GPEs in block 00 to 1F
[    0.323899] ACPI: PCI Root Bridge [PCI0] (domain 0000 [bus 00-ff])
[    0.323905] acpi PNP0A08:00: _OSC: OS supports [ExtendedConfig ASPM ClockPM Segments MSI EDR HPX-Type3]
[    0.324029] acpi PNP0A08:00: _OSC: platform does not support [SHPCHotplug LTR DPC]
[    0.324251] acpi PNP0A08:00: _OSC: OS now controls [PCIeHotplug PME AER PCIeCapability]
[    0.324262] acpi PNP0A08:00: [Firmware Info]: ECAM [mem 0xf0000000-0xf7ffffff] for domain 0000 [bus 00-7f] only partially covers this bridge
[    0.324876] PCI host bridge to bus 0000:00
[    0.324877] pci_bus 0000:00: root bus resource [io  0x0000-0x03af window]
[    0.324880] pci_bus 0000:00: root bus resource [io  0x03e0-0x0cf7 window]
[    0.324881] pci_bus 0000:00: root bus resource [io  0x03b0-0x03df window]
[    0.324883] pci_bus 0000:00: root bus resource [io  0x0d00-0xffff window]
[    0.324884] pci_bus 0000:00: root bus resource [mem 0x000a0000-0x000dffff window]
[    0.324886] pci_bus 0000:00: root bus resource [mem 0xc0000000-0xfcffffff window]
[    0.324887] pci_bus 0000:00: root bus resource [mem 0x840000000-0x7fffffffff window]
[    0.324889] pci_bus 0000:00: root bus resource [bus 00-ff]
[    0.324908] pci 0000:00:00.0: [1022:1480] type 00 class 0x060000 conventional PCI endpoint
[    0.325017] pci 0000:00:01.0: [1022:1482] type 00 class 0x060000 conventional PCI endpoint
[    0.325082] pci 0000:00:01.1: [1022:1483] type 01 class 0x060400 PCIe Root Port
[    0.325099] pci 0000:00:01.1: PCI bridge to [bus 01]
[    0.325105] pci 0000:00:01.1:   bridge window [mem 0xfcf00000-0xfcffffff]
[    0.325120] pci 0000:00:01.1: enabling Extended Tags
[    0.325168] pci 0000:00:01.1: PME# supported from D0 D3hot D3cold
[    0.325305] pci 0000:00:01.2: [1022:1483] type 01 class 0x060400 PCIe Root Port
[    0.325322] pci 0000:00:01.2: PCI bridge to [bus 02-05]
[    0.325327] pci 0000:00:01.2:   bridge window [io  0xf000-0xffff]
[    0.325329] pci 0000:00:01.2:   bridge window [mem 0xfcc00000-0xfcefffff]
[    0.325343] pci 0000:00:01.2: enabling Extended Tags
[    0.325391] pci 0000:00:01.2: PME# supported from D0 D3hot D3cold
[    0.325559] pci 0000:00:02.0: [1022:1482] type 00 class 0x060000 conventional PCI endpoint
[    0.325622] pci 0000:00:03.0: [1022:1482] type 00 class 0x060000 conventional PCI endpoint
[    0.325684] pci 0000:00:03.1: [1022:1483] type 01 class 0x060400 PCIe Root Port
[    0.325698] pci 0000:00:03.1: PCI bridge to [bus 06-08]
[    0.325702] pci 0000:00:03.1:   bridge window [io  0xe000-0xefff]
[    0.325705] pci 0000:00:03.1:   bridge window [mem 0xfc500000-0xfc8fffff]
[    0.325711] pci 0000:00:03.1:   bridge window [mem 0x7000000000-0x780fffffff 64bit pref]
[    0.325757] pci 0000:00:03.1: PME# supported from D0 D3hot D3cold
[    0.325884] pci 0000:00:04.0: [1022:1482] type 00 class 0x060000 conventional PCI endpoint
[    0.325948] pci 0000:00:05.0: [1022:1482] type 00 class 0x060000 conventional PCI endpoint
[    0.326010] pci 0000:00:07.0: [1022:1482] type 00 class 0x060000 conventional PCI endpoint
[    0.326071] pci 0000:00:07.1: [1022:1484] type 01 class 0x060400 PCIe Root Port
[    0.326084] pci 0000:00:07.1: PCI bridge to [bus 09]
[    0.326097] pci 0000:00:07.1: enabling Extended Tags
[    0.326131] pci 0000:00:07.1: PME# supported from D0 D3hot D3cold
[    0.326247] pci 0000:00:08.0: [1022:1482] type 00 class 0x060000 conventional PCI endpoint
[    0.326308] pci 0000:00:08.1: [1022:1484] type 01 class 0x060400 PCIe Root Port
[    0.326322] pci 0000:00:08.1: PCI bridge to [bus 0a]
[    0.326327] pci 0000:00:08.1:   bridge window [mem 0xfc900000-0xfcbfffff]
[    0.326338] pci 0000:00:08.1: enabling Extended Tags
[    0.326376] pci 0000:00:08.1: PME# supported from D0 D3hot D3cold
[    0.326519] pci 0000:00:14.0: [1022:790b] type 00 class 0x0c0500 conventional PCI endpoint
[    0.326625] pci 0000:00:14.3: [1022:790e] type 00 class 0x060100 conventional PCI endpoint
[    0.326747] pci 0000:00:18.0: [1022:1440] type 00 class 0x060000 conventional PCI endpoint
[    0.326789] pci 0000:00:18.1: [1022:1441] type 00 class 0x060000 conventional PCI endpoint
[    0.326829] pci 0000:00:18.2: [1022:1442] type 00 class 0x060000 conventional PCI endpoint
[    0.326869] pci 0000:00:18.3: [1022:1443] type 00 class 0x060000 conventional PCI endpoint
[    0.326911] pci 0000:00:18.4: [1022:1444] type 00 class 0x060000 conventional PCI endpoint
[    0.326951] pci 0000:00:18.5: [1022:1445] type 00 class 0x060000 conventional PCI endpoint
[    0.326990] pci 0000:00:18.6: [1022:1446] type 00 class 0x060000 conventional PCI endpoint
[    0.327031] pci 0000:00:18.7: [1022:1447] type 00 class 0x060000 conventional PCI endpoint
[    0.327141] pci 0000:01:00.0: [8086:faf0] type 00 class 0x010802 PCIe Endpoint
[    0.327188] pci 0000:01:00.0: BAR 0 [mem 0xfcf00000-0xfcf03fff 64bit]
[    0.327403] pci 0000:00:01.1: PCI bridge to [bus 01]
[    0.327481] pci 0000:02:00.0: [1022:43ee] type 00 class 0x0c0330 PCIe Legacy Endpoint
[    0.327520] pci 0000:02:00.0: BAR 0 [mem 0xfcea0000-0xfcea7fff 64bit]
[    0.327532] pci 0000:02:00.0: enabling Extended Tags
[    0.327589] pci 0000:02:00.0: PME# supported from D3hot D3cold
[    0.327741] pci 0000:02:00.1: [1022:43eb] type 00 class 0x010601 PCIe Legacy Endpoint
[    0.327784] pci 0000:02:00.1: BAR 5 [mem 0xfce80000-0xfce9ffff]
[    0.327787] pci 0000:02:00.1: ROM [mem 0xfce00000-0xfce7ffff pref]
[    0.327794] pci 0000:02:00.1: enabling Extended Tags
[    0.327837] pci 0000:02:00.1: PME# supported from D3hot D3cold
[    0.327943] pci 0000:02:00.2: [1022:43e9] type 01 class 0x060400 PCIe Switch Upstream Port
[    0.327969] pci 0000:02:00.2: PCI bridge to [bus 03-05]
[    0.327975] pci 0000:02:00.2:   bridge window [io  0xf000-0xffff]
[    0.327979] pci 0000:02:00.2:   bridge window [mem 0xfcc00000-0xfcdfffff]
[    0.328000] pci 0000:02:00.2: enabling Extended Tags
[    0.328049] pci 0000:02:00.2: PME# supported from D3hot D3cold
[    0.328180] pci 0000:00:01.2: PCI bridge to [bus 02-05]
[    0.328323] pci 0000:03:00.0: [1022:43ea] type 01 class 0x060400 PCIe Switch Downstream Port
[    0.328350] pci 0000:03:00.0: PCI bridge to [bus 04]
[    0.328357] pci 0000:03:00.0:   bridge window [io  0xf000-0xffff]
[    0.328360] pci 0000:03:00.0:   bridge window [mem 0xfcd00000-0xfcdfffff]
[    0.328384] pci 0000:03:00.0: enabling Extended Tags
[    0.328443] pci 0000:03:00.0: PME# supported from D3hot D3cold
[    0.328573] pci 0000:03:01.0: [1022:43ea] type 01 class 0x060400 PCIe Switch Downstream Port
[    0.328601] pci 0000:03:01.0: PCI bridge to [bus 05]
[    0.328609] pci 0000:03:01.0:   bridge window [mem 0xfcc00000-0xfccfffff]
[    0.328633] pci 0000:03:01.0: enabling Extended Tags
[    0.328692] pci 0000:03:01.0: PME# supported from D3hot D3cold
[    0.328824] pci 0000:02:00.2: PCI bridge to [bus 03-05]
[    0.328904] pci 0000:04:00.0: [10ec:8168] type 00 class 0x020000 PCIe Endpoint
[    0.328988] pci 0000:04:00.0: BAR 0 [io  0xf000-0xf0ff]
[    0.328996] pci 0000:04:00.0: BAR 2 [mem 0xfcd04000-0xfcd04fff 64bit]
[    0.329001] pci 0000:04:00.0: BAR 4 [mem 0xfcd00000-0xfcd03fff 64bit]
[    0.329160] pci 0000:04:00.0: supports D1 D2
[    0.329162] pci 0000:04:00.0: PME# supported from D0 D1 D2 D3hot D3cold
[    0.329426] pci 0000:03:00.0: PCI bridge to [bus 04]
[    0.329552] pci 0000:05:00.0: [8086:24fb] type 00 class 0x028000 PCIe Endpoint
[    0.329659] pci 0000:05:00.0: BAR 0 [mem 0xfcc00000-0xfcc01fff 64bit]
[    0.329848] pci 0000:05:00.0: PME# supported from D0 D3hot D3cold
[    0.330173] pci 0000:03:01.0: PCI bridge to [bus 05]
[    0.330265] pci 0000:06:00.0: [1002:1478] type 01 class 0x060400 PCIe Switch Upstream Port
[    0.330286] pci 0000:06:00.0: BAR 0 [mem 0xfc800000-0xfc803fff]
[    0.330290] pci 0000:06:00.0: PCI bridge to [bus 07-08]
[    0.330295] pci 0000:06:00.0:   bridge window [io  0xe000-0xefff]
[    0.330299] pci 0000:06:00.0:   bridge window [mem 0xfc500000-0xfc7fffff]
[    0.330307] pci 0000:06:00.0:   bridge window [mem 0x7000000000-0x780fffffff 64bit pref]
[    0.330386] pci 0000:06:00.0: PME# supported from D0 D3hot D3cold
[    0.330559] pci 0000:00:03.1: PCI bridge to [bus 06-08]
[    0.330627] pci 0000:07:00.0: [1002:1479] type 01 class 0x060400 PCIe Switch Downstream Port
[    0.330650] pci 0000:07:00.0: PCI bridge to [bus 08]
[    0.330656] pci 0000:07:00.0:   bridge window [io  0xe000-0xefff]
[    0.330659] pci 0000:07:00.0:   bridge window [mem 0xfc500000-0xfc7fffff]
[    0.330668] pci 0000:07:00.0:   bridge window [mem 0x7000000000-0x780fffffff 64bit pref]
[    0.330746] pci 0000:07:00.0: PME# supported from D0 D3hot D3cold
[    0.331541] pci 0000:06:00.0: PCI bridge to [bus 07-08]
[    0.331621] pci 0000:08:00.0: [1002:744c] type 00 class 0x030000 PCIe Legacy Endpoint
[    0.331656] pci 0000:08:00.0: BAR 0 [mem 0x7000000000-0x77ffffffff 64bit pref]
[    0.331659] pci 0000:08:00.0: BAR 2 [mem 0x7800000000-0x780fffffff 64bit pref]
[    0.331662] pci 0000:08:00.0: BAR 4 [io  0xe000-0xe0ff]
[    0.331664] pci 0000:08:00.0: BAR 5 [mem 0xfc600000-0xfc6fffff]
[    0.331667] pci 0000:08:00.0: ROM [mem 0xfc700000-0xfc71ffff pref]
[    0.331753] pci 0000:08:00.0: PME# supported from D1 D2 D3hot D3cold
[    0.331934] pci 0000:08:00.1: [1002:ab30] type 00 class 0x040300 PCIe Legacy Endpoint
[    0.331966] pci 0000:08:00.1: BAR 0 [mem 0xfc724000-0xfc727fff]
[    0.332029] pci 0000:08:00.1: PME# supported from D1 D2 D3hot D3cold
[    0.332147] pci 0000:08:00.2: [1002:7446] type 00 class 0x0c0330 PCIe Endpoint
[    0.332182] pci 0000:08:00.2: BAR 0 [mem 0xfc500000-0xfc5fffff 64bit]
[    0.332247] pci 0000:08:00.2: PME# supported from D0 D3hot D3cold
[    0.332342] pci 0000:08:00.3: [1002:7444] type 00 class 0x0c8000 PCIe Endpoint
[    0.332374] pci 0000:08:00.3: BAR 0 [mem 0xfc720000-0xfc723fff 64bit]
[    0.332435] pci 0000:08:00.3: PME# supported from D0 D3hot
[    0.332558] pci 0000:07:00.0: PCI bridge to [bus 08]
[    0.332619] pci 0000:09:00.0: [1022:148a] type 00 class 0x130000 PCIe Endpoint
[    0.332643] pci 0000:09:00.0: enabling Extended Tags
[    0.332778] pci 0000:00:07.1: PCI bridge to [bus 09]
[    0.332840] pci 0000:0a:00.0: [1022:1485] type 00 class 0x130000 PCIe Endpoint
[    0.332867] pci 0000:0a:00.0: enabling Extended Tags
[    0.332996] pci 0000:0a:00.1: [1022:1486] type 00 class 0x108000 PCIe Endpoint
[    0.333018] pci 0000:0a:00.1: BAR 2 [mem 0xfca00000-0xfcafffff]
[    0.333022] pci 0000:0a:00.1: BAR 5 [mem 0xfcb08000-0xfcb09fff]
[    0.333027] pci 0000:0a:00.1: enabling Extended Tags
[    0.333134] pci 0000:0a:00.3: [1022:149c] type 00 class 0x0c0330 PCIe Endpoint
[    0.333157] pci 0000:0a:00.3: BAR 0 [mem 0xfc900000-0xfc9fffff 64bit]
[    0.333164] pci 0000:0a:00.3: enabling Extended Tags
[    0.333202] pci 0000:0a:00.3: PME# supported from D0 D3hot D3cold
[    0.333309] pci 0000:0a:00.4: [1022:1487] type 00 class 0x040300 PCIe Endpoint
[    0.333331] pci 0000:0a:00.4: BAR 0 [mem 0xfcb00000-0xfcb07fff]
[    0.333339] pci 0000:0a:00.4: enabling Extended Tags
[    0.333374] pci 0000:0a:00.4: PME# supported from D0 D3hot D3cold
[    0.333480] pci 0000:00:08.1: PCI bridge to [bus 0a]
[    0.335202] ACPI: PCI: Interrupt link LNKA configured for IRQ 0
[    0.335269] ACPI: PCI: Interrupt link LNKB configured for IRQ 0
[    0.335328] ACPI: PCI: Interrupt link LNKC configured for IRQ 0
[    0.335399] ACPI: PCI: Interrupt link LNKD configured for IRQ 0
[    0.335464] ACPI: PCI: Interrupt link LNKE configured for IRQ 0
[    0.335518] ACPI: PCI: Interrupt link LNKF configured for IRQ 0
[    0.335572] ACPI: PCI: Interrupt link LNKG configured for IRQ 0
[    0.335626] ACPI: PCI: Interrupt link LNKH configured for IRQ 0
[    0.336906] iommu: Default domain type: Translated
[    0.336906] iommu: DMA domain TLB invalidation policy: lazy mode
[    0.336963] SCSI subsystem initialized
[    0.336974] libata version 3.00 loaded.
[    0.336974] ACPI: bus type USB registered
[    0.336974] usbcore: registered new interface driver usbfs
[    0.336974] usbcore: registered new interface driver hub
[    0.336974] usbcore: registered new device driver usb
[    0.336983] pps_core: LinuxPPS API ver. 1 registered
[    0.336984] pps_core: Software ver. 5.3.6 - Copyright 2005-2007 Rodolfo Giometti <giometti@linux.it>
[    0.336987] PTP clock support registered
[    0.337004] EDAC MC: Ver: 3.0.0
[    0.337931] efivars: Registered efivars operations
[    0.338105] NetLabel: Initializing
[    0.338107] NetLabel:  domain hash size = 128
[    0.338108] NetLabel:  protocols = UNLABELED CIPSOv4 CALIPSO
[    0.338130] NetLabel:  unlabeled traffic allowed by default
[    0.338145] mctp: management component transport protocol core
[    0.338145] NET: Registered PF_MCTP protocol family
[    0.338145] PCI: Using ACPI for IRQ routing
[    0.341078] PCI: pci_cache_line_size set to 64 bytes
[    0.341273] e820: reserve RAM buffer [mem 0x09bff000-0x0bffffff]
[    0.341275] e820: reserve RAM buffer [mem 0x0a200000-0x0bffffff]
[    0.341276] e820: reserve RAM buffer [mem 0x0b000000-0x0bffffff]
[    0.341277] e820: reserve RAM buffer [mem 0xb75c8018-0xb7ffffff]
[    0.341279] e820: reserve RAM buffer [mem 0xba953000-0xbbffffff]
[    0.341280] e820: reserve RAM buffer [mem 0xbb31c000-0xbbffffff]
[    0.341281] e820: reserve RAM buffer [mem 0xbf000000-0xbfffffff]
[    0.341282] e820: reserve RAM buffer [mem 0x83f380000-0x83fffffff]
[    0.341909] pci 0000:08:00.0: vgaarb: setting as boot VGA device
[    0.341911] pci 0000:08:00.0: vgaarb: bridge control possible
[    0.341912] pci 0000:08:00.0: vgaarb: VGA device added: decodes=io+mem,owns=none,locks=none
[    0.341915] vgaarb: loaded
[    0.341944] hpet0: at MMIO 0xfed00000, IRQs 2, 8, 0
[    0.341948] hpet0: 3 comparators, 32-bit 14.318180 MHz counter
[    0.343947] clocksource: Switched to clocksource tsc-early
[    0.344668] VFS: Disk quotas dquot_6.6.0
[    0.344682] VFS: Dquot-cache hash table entries: 512 (order 0, 4096 bytes)
[    0.344845] AppArmor: AppArmor Filesystem Enabled
[    0.344872] pnp: PnP ACPI init
[    0.344962] system 00:00: [mem 0xf0000000-0xf7ffffff] has been reserved
[    0.345004] system 00:01: [mem 0xfeb80000-0xfebfffff] has been reserved
[    0.345087] system 00:02: [mem 0xfd200000-0xfd2fffff] has been reserved
[    0.345376] system 00:04: [io  0x0280-0x028f] has been reserved
[    0.345378] system 00:04: [io  0x0290-0x029f] has been reserved
[    0.345380] system 00:04: [io  0x02a0-0x02af] has been reserved
[    0.345382] system 00:04: [io  0x02b0-0x02bf] has been reserved
[    0.345680] pnp 00:05: [dma 0 disabled]
[    0.346009] system 00:06: [io  0x04d0-0x04d1] has been reserved
[    0.346012] system 00:06: [io  0x040b] has been reserved
[    0.346013] system 00:06: [io  0x04d6] has been reserved
[    0.346015] system 00:06: [io  0x0c00-0x0c01] has been reserved
[    0.346017] system 00:06: [io  0x0c14] has been reserved
[    0.346018] system 00:06: [io  0x0c50-0x0c51] has been reserved
[    0.346020] system 00:06: [io  0x0c52] has been reserved
[    0.346021] system 00:06: [io  0x0c6c] has been reserved
[    0.346023] system 00:06: [io  0x0c6f] has been reserved
[    0.346024] system 00:06: [io  0x0cd8-0x0cdf] has been reserved
[    0.346026] system 00:06: [io  0x0800-0x089f] has been reserved
[    0.346028] system 00:06: [io  0x0b00-0x0b0f] has been reserved
[    0.346029] system 00:06: [io  0x0b20-0x0b3f] has been reserved
[    0.346031] system 00:06: [io  0x0900-0x090f] has been reserved
[    0.346032] system 00:06: [io  0x0910-0x091f] has been reserved
[    0.346034] system 00:06: [mem 0xfec00000-0xfec00fff] could not be reserved
[    0.346036] system 00:06: [mem 0xfec01000-0xfec01fff] could not be reserved
[    0.346038] system 00:06: [mem 0xfedc0000-0xfedc0fff] has been reserved
[    0.346040] system 00:06: [mem 0xfee00000-0xfee00fff] has been reserved
[    0.346041] system 00:06: [mem 0xfed80000-0xfed8ffff] could not be reserved
[    0.346043] system 00:06: [mem 0xfec10000-0xfec10fff] has been reserved
[    0.346046] system 00:06: [mem 0xff000000-0xffffffff] has been reserved
[    0.346819] pnp: PnP ACPI: found 7 devices
[    0.352671] clocksource: acpi_pm: mask: 0xffffff max_cycles: 0xffffff, max_idle_ns: 2085701024 ns
[    0.352744] NET: Registered PF_INET protocol family
[    0.352908] IP idents hash table entries: 262144 (order: 9, 2097152 bytes, linear)
[    0.364954] tcp_listen_portaddr_hash hash table entries: 16384 (order: 6, 262144 bytes, linear)
[    0.364971] Table-perturb hash table entries: 65536 (order: 6, 262144 bytes, linear)
[    0.365097] TCP established hash table entries: 262144 (order: 9, 2097152 bytes, linear)
[    0.365338] TCP bind hash table entries: 65536 (order: 9, 2097152 bytes, linear)
[    0.365419] TCP: Hash tables configured (established 262144 bind 65536)
[    0.365515] MPTCP token hash table entries: 32768 (order: 8, 786432 bytes, linear)
[    0.365553] UDP hash table entries: 16384 (order: 7, 524288 bytes, linear)
[    0.365606] UDP-Lite hash table entries: 16384 (order: 7, 524288 bytes, linear)
[    0.365685] NET: Registered PF_UNIX/PF_LOCAL protocol family
[    0.365691] NET: Registered PF_XDP protocol family
[    0.365702] pci 0000:00:01.1: PCI bridge to [bus 01]
[    0.365706] pci 0000:00:01.1:   bridge window [mem 0xfcf00000-0xfcffffff]
[    0.365712] pci 0000:03:00.0: PCI bridge to [bus 04]
[    0.365715] pci 0000:03:00.0:   bridge window [io  0xf000-0xffff]
[    0.365719] pci 0000:03:00.0:   bridge window [mem 0xfcd00000-0xfcdfffff]
[    0.365727] pci 0000:03:01.0: PCI bridge to [bus 05]
[    0.365732] pci 0000:03:01.0:   bridge window [mem 0xfcc00000-0xfccfffff]
[    0.365739] pci 0000:02:00.2: PCI bridge to [bus 03-05]
[    0.365742] pci 0000:02:00.2:   bridge window [io  0xf000-0xffff]
[    0.365746] pci 0000:02:00.2:   bridge window [mem 0xfcc00000-0xfcdfffff]
[    0.365753] pci 0000:00:01.2: PCI bridge to [bus 02-05]
[    0.365755] pci 0000:00:01.2:   bridge window [io  0xf000-0xffff]
[    0.365759] pci 0000:00:01.2:   bridge window [mem 0xfcc00000-0xfcefffff]
[    0.365764] pci 0000:07:00.0: PCI bridge to [bus 08]
[    0.365771] pci 0000:07:00.0:   bridge window [io  0xe000-0xefff]
[    0.365775] pci 0000:07:00.0:   bridge window [mem 0xfc500000-0xfc7fffff]
[    0.365778] pci 0000:07:00.0:   bridge window [mem 0x7000000000-0x780fffffff 64bit pref]
[    0.365783] pci 0000:06:00.0: PCI bridge to [bus 07-08]
[    0.365785] pci 0000:06:00.0:   bridge window [io  0xe000-0xefff]
[    0.365790] pci 0000:06:00.0:   bridge window [mem 0xfc500000-0xfc7fffff]
[    0.365793] pci 0000:06:00.0:   bridge window [mem 0x7000000000-0x780fffffff 64bit pref]
[    0.365798] pci 0000:00:03.1: PCI bridge to [bus 06-08]
[    0.365800] pci 0000:00:03.1:   bridge window [io  0xe000-0xefff]
[    0.365803] pci 0000:00:03.1:   bridge window [mem 0xfc500000-0xfc8fffff]
[    0.365805] pci 0000:00:03.1:   bridge window [mem 0x7000000000-0x780fffffff 64bit pref]
[    0.365809] pci 0000:00:07.1: PCI bridge to [bus 09]
[    0.365815] pci 0000:00:08.1: PCI bridge to [bus 0a]
[    0.365818] pci 0000:00:08.1:   bridge window [mem 0xfc900000-0xfcbfffff]
[    0.365823] pci_bus 0000:00: resource 4 [io  0x0000-0x03af window]
[    0.365824] pci_bus 0000:00: resource 5 [io  0x03e0-0x0cf7 window]
[    0.365826] pci_bus 0000:00: resource 6 [io  0x03b0-0x03df window]
[    0.365827] pci_bus 0000:00: resource 7 [io  0x0d00-0xffff window]
[    0.365829] pci_bus 0000:00: resource 8 [mem 0x000a0000-0x000dffff window]
[    0.365830] pci_bus 0000:00: resource 9 [mem 0xc0000000-0xfcffffff window]
[    0.365832] pci_bus 0000:00: resource 10 [mem 0x840000000-0x7fffffffff window]
[    0.365834] pci_bus 0000:01: resource 1 [mem 0xfcf00000-0xfcffffff]
[    0.365835] pci_bus 0000:02: resource 0 [io  0xf000-0xffff]
[    0.365837] pci_bus 0000:02: resource 1 [mem 0xfcc00000-0xfcefffff]
[    0.365838] pci_bus 0000:03: resource 0 [io  0xf000-0xffff]
[    0.365840] pci_bus 0000:03: resource 1 [mem 0xfcc00000-0xfcdfffff]
[    0.365841] pci_bus 0000:04: resource 0 [io  0xf000-0xffff]
[    0.365843] pci_bus 0000:04: resource 1 [mem 0xfcd00000-0xfcdfffff]
[    0.365844] pci_bus 0000:05: resource 1 [mem 0xfcc00000-0xfccfffff]
[    0.365846] pci_bus 0000:06: resource 0 [io  0xe000-0xefff]
[    0.365847] pci_bus 0000:06: resource 1 [mem 0xfc500000-0xfc8fffff]
[    0.365849] pci_bus 0000:06: resource 2 [mem 0x7000000000-0x780fffffff 64bit pref]
[    0.365850] pci_bus 0000:07: resource 0 [io  0xe000-0xefff]
[    0.365852] pci_bus 0000:07: resource 1 [mem 0xfc500000-0xfc7fffff]
[    0.365853] pci_bus 0000:07: resource 2 [mem 0x7000000000-0x780fffffff 64bit pref]
[    0.365855] pci_bus 0000:08: resource 0 [io  0xe000-0xefff]
[    0.365856] pci_bus 0000:08: resource 1 [mem 0xfc500000-0xfc7fffff]
[    0.365858] pci_bus 0000:08: resource 2 [mem 0x7000000000-0x780fffffff 64bit pref]
[    0.365859] pci_bus 0000:0a: resource 1 [mem 0xfc900000-0xfcbfffff]
[    0.366140] pci 0000:08:00.1: D0 power state depends on 0000:08:00.0
[    0.366198] pci 0000:08:00.2: D0 power state depends on 0000:08:00.0
[    0.366391] pci 0000:08:00.3: D0 power state depends on 0000:08:00.0
[    0.366552] PCI: CLS 64 bytes, default 64
[    0.366563] PCI-DMA: Using software bounce buffering for IO (SWIOTLB)
[    0.366564] software IO TLB: mapped [mem 0x00000000b35c8000-0x00000000b75c8000] (64MB)
[    0.366608] LVT offset 0 assigned for vector 0x400
[    0.366611] Trying to unpack rootfs image as initramfs...
[    0.370277] perf: AMD IBS detected (0x000003ff)
[    0.371111] Initialise system trusted keyrings
[    0.371121] Key type blacklist registered
[    0.371153] workingset: timestamp_bits=36 max_order=23 bucket_order=0
[    0.371162] zbud: loaded
[    0.371398] squashfs: version 4.0 (2009/01/31) Phillip Lougher
[    0.371474] fuse: init (API version 7.39)
[    0.371584] integrity: Platform Keyring initialized
[    0.371588] integrity: Machine keyring initialized
[    0.379438] Key type asymmetric registered
[    0.379440] Asymmetric key parser 'x509' registered
[    0.379453] Block layer SCSI generic (bsg) driver version 0.4 loaded (major 243)
[    0.379489] io scheduler mq-deadline registered
[    0.380486] pcieport 0000:00:01.1: PME: Signaling with IRQ 27
[    0.380604] pcieport 0000:00:01.2: PME: Signaling with IRQ 28
[    0.380708] pcieport 0000:00:03.1: PME: Signaling with IRQ 29
[    0.380881] pcieport 0000:00:07.1: PME: Signaling with IRQ 31
[    0.380932] pcieport 0000:00:07.1: AER: enabled with IRQ 31
[    0.381024] pcieport 0000:00:08.1: PME: Signaling with IRQ 32
[    0.381086] pcieport 0000:00:08.1: AER: enabled with IRQ 32
[    0.381693] shpchp: Standard Hot Plug PCI Controller Driver version: 0.4
[    0.381855] input: Power Button as /devices/LNXSYSTM:00/LNXSYBUS:00/PNP0C0C:00/input/input0
[    0.381879] ACPI: button: Power Button [PWRB]
[    0.381914] input: Power Button as /devices/LNXSYSTM:00/LNXPWRBN:00/input/input1
[    0.381957] ACPI: button: Power Button [PWRF]
[    0.383324] Estimated ratio of average max frequency by base frequency (times 1024): 1165
[    0.383337] Monitor-Mwait will be used to enter C-1 state
[    0.383344] ACPI: \_SB_.PLTF.C000: Found 2 idle states
[    0.383498] ACPI: \_SB_.PLTF.C002: Found 2 idle states
[    0.383634] ACPI: \_SB_.PLTF.C004: Found 2 idle states
[    0.383767] ACPI: \_SB_.PLTF.C006: Found 2 idle states
[    0.383899] ACPI: \_SB_.PLTF.C008: Found 2 idle states
[    0.384031] ACPI: \_SB_.PLTF.C00A: Found 2 idle states
[    0.384132] ACPI: \_SB_.PLTF.C00C: Found 2 idle states
[    0.384229] ACPI: \_SB_.PLTF.C00E: Found 2 idle states
[    0.384333] ACPI: \_SB_.PLTF.C001: Found 2 idle states
[    0.384449] ACPI: \_SB_.PLTF.C003: Found 2 idle states
[    0.384555] ACPI: \_SB_.PLTF.C005: Found 2 idle states
[    0.384664] ACPI: \_SB_.PLTF.C007: Found 2 idle states
[    0.384774] ACPI: \_SB_.PLTF.C009: Found 2 idle states
[    0.384879] ACPI: \_SB_.PLTF.C00B: Found 2 idle states
[    0.384990] ACPI: \_SB_.PLTF.C00D: Found 2 idle states
[    0.385105] ACPI: \_SB_.PLTF.C00F: Found 2 idle states
[    0.385331] Serial: 8250/16550 driver, 32 ports, IRQ sharing enabled
[    0.406051] 00:05: ttyS0 at I/O 0x3f8 (irq = 4, base_baud = 115200) is a 16550A
[    0.409420] Linux agpgart interface v0.103
[    0.442347] tpm_crb MSFT0101:00: Disabling hwrng
[    0.446139] loop: module loaded
[    0.446375] ACPI: bus type drm_connector registered
[    0.447116] tun: Universal TUN/TAP device driver, 1.6
[    0.447155] PPP generic driver version 2.4.2
[    0.447278] i8042: PNP: No PS/2 controller found.
[    0.447329] mousedev: PS/2 mouse device common for all mice
[    0.447416] rtc_cmos 00:03: RTC can wake from S4
[    0.447610] rtc_cmos 00:03: registered as rtc0
[    0.447634] rtc_cmos 00:03: setting system clock to 2026-06-10T20:01:07 UTC (1781121667)
[    0.447660] rtc_cmos 00:03: alarms up to one month, y3k, 114 bytes nvram
[    0.447669] i2c_dev: i2c /dev entries driver
[    0.447689] device-mapper: core: CONFIG_IMA_DISABLE_HTABLE is disabled. Duplicate IMA measurements will not be recorded in the IMA log.
[    0.447699] device-mapper: uevent: version 1.0.3
[    0.447742] device-mapper: ioctl: 4.48.0-ioctl (2023-03-01) initialised: dm-devel@redhat.com
[    0.447746] amd_pstate: driver load is disabled, boot with specific mode to enable this
[    0.447839] ledtrig-cpu: registered to indicate activity on CPUs
[    0.447911] drop_monitor: Initializing network drop monitor service
[    0.447993] NET: Registered PF_INET6 protocol family
[    0.454844] Freeing initrd memory: 73244K
[    0.459994] Segment Routing with IPv6
[    0.460006] In-situ OAM (IOAM) with IPv6
[    0.460037] NET: Registered PF_PACKET protocol family
[    0.460075] Key type dns_resolver registered
[    0.461422] microcode: Current revision: 0x0a201030
[    0.461684] resctrl: L3 allocation detected
[    0.461685] resctrl: MB allocation detected
[    0.461687] resctrl: L3 monitoring detected
[    0.461737] IPI shorthand broadcast: enabled
[    0.463684] sched_clock: Marking stable (463070322, 231998)->(480284510, -16982190)
[    0.463785] registered taskstats version 1
[    0.464281] Loading compiled-in X.509 certificates
[    0.464649] Loaded X.509 cert 'Build time autogenerated kernel key: 4616851849424b6aa13d3fe487d4bbc60db2a85f'
[    0.464914] Loaded X.509 cert 'Canonical Ltd. Live Patch Signing 2025 Kmod: d541cef61dc7e793b7eb7e899970a2eef0b5dc8c'
[    0.465183] Loaded X.509 cert 'Canonical Ltd. Live Patch Signing: 14df34d1a87cf37625abec039ef2bf521249b969'
[    0.465448] Loaded X.509 cert 'Canonical Ltd. Kernel Module Signing 2025 Kmod: 4627603d2357a2a3f81006370894c221175893e9'
[    0.465718] Loaded X.509 cert 'Canonical Ltd. Kernel Module Signing: 88f752e560a1e0737e31163a466ad7b70a850c19'
[    0.465720] blacklist: Loading compiled-in revocation X.509 certificates
[    0.465732] Loaded X.509 cert 'Canonical Ltd. Secure Boot Signing: 61482aa2830d0ab2ad5af10b7250da9033ddcef0'
[    0.465742] Loaded X.509 cert 'Canonical Ltd. Secure Boot Signing (2017): 242ade75ac4a15e50d50c84b0d45ff3eae707a03'
[    0.465752] Loaded X.509 cert 'Canonical Ltd. Secure Boot Signing (ESM 2018): 365188c1d374d6b07c3c8f240f8ef722433d6a8b'
[    0.465762] Loaded X.509 cert 'Canonical Ltd. Secure Boot Signing (2019): c0746fd6c5da3ae827864651ad66ae47fe24b3e8'
[    0.465772] Loaded X.509 cert 'Canonical Ltd. Secure Boot Signing (2021 v1): a8d54bbb3825cfb94fa13c9f8a594a195c107b8d'
[    0.465782] Loaded X.509 cert 'Canonical Ltd. Secure Boot Signing (2021 v2): 4cf046892d6fd3c9a5b03f98d845f90851dc6a8c'
[    0.465792] Loaded X.509 cert 'Canonical Ltd. Secure Boot Signing (2021 v3): 100437bb6de6e469b581e61cd66bce3ef4ed53af'
[    0.465802] Loaded X.509 cert 'Canonical Ltd. Secure Boot Signing (Ubuntu Core 2019): c1d57b8f6b743f23ee41f4f7ee292f06eecadfb9'
[    0.469566] Key type .fscrypt registered
[    0.469568] Key type fscrypt-provisioning registered
[    0.469616] Key type trusted registered
[    0.480751] Key type encrypted registered
[    0.480754] AppArmor: AppArmor sha256 policy hashing enabled
[    0.480847] Loading compiled-in module X.509 certificates
[    0.481189] Loaded X.509 cert 'Build time autogenerated kernel key: 4616851849424b6aa13d3fe487d4bbc60db2a85f'
[    0.481191] ima: Allocated hash algorithm: sha256
[    0.513645] ima: No architecture policies found
[    0.513663] evm: Initialising EVM extended attributes:
[    0.513664] evm: security.selinux
[    0.513666] evm: security.SMACK64
[    0.513667] evm: security.SMACK64EXEC
[    0.513668] evm: security.SMACK64TRANSMUTE
[    0.513670] evm: security.SMACK64MMAP
[    0.513671] evm: security.apparmor
[    0.513672] evm: security.ima
[    0.513674] evm: security.capability
[    0.513675] evm: HMAC attrs: 0x1
[    0.513988] PM:   Magic number: 14:833:42
[    0.513995] bdi 7:7: hash matches
[    0.514083] memory memory78: hash matches
[    0.536051] RAS: Correctable Errors collector initialized.
[    0.536223] clk: Disabling unused clocks
[    0.538138] Freeing unused decrypted memory: 2028K
[    0.538948] Freeing unused kernel image (initmem) memory: 4924K
[    0.538951] Write protecting the kernel read-only data: 38912k
[    0.539604] Freeing unused kernel image (rodata/data gap) memory: 1968K
[    0.579533] x86/mm: Checked W+X mappings: passed, no W+X pages found.
[    0.579538] Run /init as init process
[    0.579539]   with arguments:
[    0.579540]     /init
[    0.579542]     splash
[    0.579543]   with environment:
[    0.579543]     HOME=/
[    0.579544]     TERM=linux
[    0.723075] xhci_hcd 0000:02:00.0: xHCI Host Controller
[    0.723085] xhci_hcd 0000:02:00.0: new USB bus registered, assigned bus number 1
[    0.724421] ahci 0000:02:00.1: version 3.0
[    0.724569] ahci 0000:02:00.1: SSS flag set, parallel bus scan disabled
[    0.724623] ahci 0000:02:00.1: AHCI 0001.0301 32 slots 6 ports 6 Gbps 0x3f impl SATA mode
[    0.724626] ahci 0000:02:00.1: flags: 64bit ncq sntf stag pm led clo only pmp pio slum part sxs deso sadm sds apst 
[    0.731078] scsi host0: ahci
[    0.739288] scsi host1: ahci
[    0.744950] scsi host2: ahci
[    0.746229] scsi host3: ahci
[    0.746365] scsi host4: ahci
[    0.746413] nvme nvme0: pci function 0000:01:00.0
[    0.746490] scsi host5: ahci
[    0.746550] ata1: SATA max UDMA/133 abar m131072@0xfce80000 port 0xfce80100 irq 39 lpm-pol 0
[    0.746553] ata2: SATA max UDMA/133 abar m131072@0xfce80000 port 0xfce80180 irq 39 lpm-pol 0
[    0.746557] ata3: SATA max UDMA/133 abar m131072@0xfce80000 port 0xfce80200 irq 39 lpm-pol 0
[    0.746560] ata4: SATA max UDMA/133 abar m131072@0xfce80000 port 0xfce80280 irq 39 lpm-pol 0
[    0.746563] ata5: SATA max UDMA/133 abar m131072@0xfce80000 port 0xfce80300 irq 39 lpm-pol 0
[    0.746567] ata6: SATA max UDMA/133 abar m131072@0xfce80000 port 0xfce80380 irq 39 lpm-pol 0
[    0.747733] r8169 0000:04:00.0 eth0: RTL8168h/8111h, a8:a1:59:34:d6:1c, XID 541, IRQ 40
[    0.747738] r8169 0000:04:00.0 eth0: jumbo features [frames: 9194 bytes, tx checksumming: ko]
[    0.754364] nvme nvme0: 8/0/0 default/read/poll queues
[    0.757074]  nvme0n1: p1 p2 p3
[    0.778396] xhci_hcd 0000:02:00.0: hcc params 0x0200ef81 hci version 0x110 quirks 0x0000000000000010
[    0.778673] xhci_hcd 0000:02:00.0: xHCI Host Controller
[    0.778677] xhci_hcd 0000:02:00.0: new USB bus registered, assigned bus number 2
[    0.778681] xhci_hcd 0000:02:00.0: Host supports USB 3.1 Enhanced SuperSpeed
[    0.778756] usb usb1: New USB device found, idVendor=1d6b, idProduct=0002, bcdDevice= 6.08
[    0.778759] usb usb1: New USB device strings: Mfr=3, Product=2, SerialNumber=1
[    0.778761] usb usb1: Product: xHCI Host Controller
[    0.778762] usb usb1: Manufacturer: Linux 6.8.0-117-generic xhci-hcd
[    0.778764] usb usb1: SerialNumber: 0000:02:00.0
[    0.778890] hub 1-0:1.0: USB hub found
[    0.778914] hub 1-0:1.0: 10 ports detected
[    0.779300] usb usb2: We don't know the algorithms for LPM for this host, disabling LPM.
[    0.779321] usb usb2: New USB device found, idVendor=1d6b, idProduct=0003, bcdDevice= 6.08
[    0.779323] usb usb2: New USB device strings: Mfr=3, Product=2, SerialNumber=1
[    0.779324] usb usb2: Product: xHCI Host Controller
[    0.779326] usb usb2: Manufacturer: Linux 6.8.0-117-generic xhci-hcd
[    0.779327] usb usb2: SerialNumber: 0000:02:00.0
[    0.779407] hub 2-0:1.0: USB hub found
[    0.779416] hub 2-0:1.0: 4 ports detected
[    0.779727] xhci_hcd 0000:08:00.2: xHCI Host Controller
[    0.779732] xhci_hcd 0000:08:00.2: new USB bus registered, assigned bus number 3
[    0.780090] xhci_hcd 0000:08:00.2: hcc params 0x0110ffc5 hci version 0x120 quirks 0x0000000200000010
[    0.780287] xhci_hcd 0000:08:00.2: xHCI Host Controller
[    0.780290] xhci_hcd 0000:08:00.2: new USB bus registered, assigned bus number 4
[    0.780293] xhci_hcd 0000:08:00.2: Host supports USB 3.1 Enhanced SuperSpeed
[    0.780324] usb usb3: New USB device found, idVendor=1d6b, idProduct=0002, bcdDevice= 6.08
[    0.780326] usb usb3: New USB device strings: Mfr=3, Product=2, SerialNumber=1
[    0.780327] usb usb3: Product: xHCI Host Controller
[    0.780328] usb usb3: Manufacturer: Linux 6.8.0-117-generic xhci-hcd
[    0.780330] usb usb3: SerialNumber: 0000:08:00.2
[    0.780400] hub 3-0:1.0: USB hub found
[    0.780406] hub 3-0:1.0: 1 port detected
[    0.780470] usb usb4: We don't know the algorithms for LPM for this host, disabling LPM.
[    0.780490] usb usb4: New USB device found, idVendor=1d6b, idProduct=0003, bcdDevice= 6.08
[    0.780492] usb usb4: New USB device strings: Mfr=3, Product=2, SerialNumber=1
[    0.780493] usb usb4: Product: xHCI Host Controller
[    0.780494] usb usb4: Manufacturer: Linux 6.8.0-117-generic xhci-hcd
[    0.780496] usb usb4: SerialNumber: 0000:08:00.2
[    0.780565] hub 4-0:1.0: USB hub found
[    0.780571] hub 4-0:1.0: 1 port detected
[    0.780681] xhci_hcd 0000:0a:00.3: xHCI Host Controller
[    0.780686] xhci_hcd 0000:0a:00.3: new USB bus registered, assigned bus number 5
[    0.780789] xhci_hcd 0000:0a:00.3: hcc params 0x0278ffe5 hci version 0x110 quirks 0x0000000000000010
[    0.780997] xhci_hcd 0000:0a:00.3: xHCI Host Controller
[    0.781000] xhci_hcd 0000:0a:00.3: new USB bus registered, assigned bus number 6
[    0.781002] xhci_hcd 0000:0a:00.3: Host supports USB 3.1 Enhanced SuperSpeed
[    0.781031] usb usb5: New USB device found, idVendor=1d6b, idProduct=0002, bcdDevice= 6.08
[    0.781033] usb usb5: New USB device strings: Mfr=3, Product=2, SerialNumber=1
[    0.781035] usb usb5: Product: xHCI Host Controller
[    0.781036] usb usb5: Manufacturer: Linux 6.8.0-117-generic xhci-hcd
[    0.781037] usb usb5: SerialNumber: 0000:0a:00.3
[    0.781124] hub 5-0:1.0: USB hub found
[    0.781132] hub 5-0:1.0: 4 ports detected
[    0.781328] usb usb6: We don't know the algorithms for LPM for this host, disabling LPM.
[    0.781348] usb usb6: New USB device found, idVendor=1d6b, idProduct=0003, bcdDevice= 6.08
[    0.781350] usb usb6: New USB device strings: Mfr=3, Product=2, SerialNumber=1
[    0.781351] usb usb6: Product: xHCI Host Controller
[    0.781352] usb usb6: Manufacturer: Linux 6.8.0-117-generic xhci-hcd
[    0.781354] usb usb6: SerialNumber: 0000:0a:00.3
[    0.781429] hub 6-0:1.0: USB hub found
[    0.781436] hub 6-0:1.0: 4 ports detected
[    1.019195] usb 5-2: new high-speed USB device number 2 using xhci_hcd
[    1.055298] ata1: SATA link down (SStatus 0 SControl 300)
[    1.080682] usb 1-6: new full-speed USB device number 2 using xhci_hcd
[    1.147418] usb 5-2: New USB device found, idVendor=2357, idProduct=011e, bcdDevice= 2.00
[    1.147422] usb 5-2: New USB device strings: Mfr=1, Product=2, SerialNumber=3
[    1.147425] usb 5-2: Product: 802.11ac WLAN Adapter 
[    1.147427] usb 5-2: Manufacturer: Realtek 
[    1.147429] usb 5-2: SerialNumber: 00e04c000001
[    1.423569] tsc: Refined TSC clocksource calibration: 3792.873 MHz
[    1.423581] clocksource: tsc: mask: 0xffffffffffffffff max_cycles: 0x6d5818a734c, max_idle_ns: 881590694765 ns
[    1.423616] clocksource: Switched to clocksource tsc
[    1.452886] usb 1-6: New USB device found, idVendor=1e71, idProduct=2007, bcdDevice= 2.00
[    1.452895] usb 1-6: New USB device strings: Mfr=1, Product=2, SerialNumber=3
[    1.452899] usb 1-6: Product: NZXT USB Device
[    1.452903] usb 1-6: Manufacturer: NZXT. - Inc.
[    1.452906] usb 1-6: SerialNumber: 00000000001A
[    1.519583] ata2: SATA link up 6.0 Gbps (SStatus 133 SControl 300)
[    1.523358] ata2.00: ATA-9: TEAM T253X2001T, S1230A0, max UDMA/133
[    1.525404] ata2.00: 2000409264 sectors, multi 1: LBA48 NCQ (depth 32), AA
[    1.531812] ata2.00: Features: Dev-Sleep
[    1.547003] ata2.00: configured for UDMA/133
[    1.547282] scsi 1:0:0:0: Direct-Access     ATA      TEAM T253X2001T  0A0  PQ: 0 ANSI: 5
[    1.547792] sd 1:0:0:0: Attached scsi generic sg0 type 0
[    1.547866] sd 1:0:0:0: [sda] 2000409264 512-byte logical blocks: (1.02 TB/954 GiB)
[    1.547882] sd 1:0:0:0: [sda] Write Protect is off
[    1.547888] sd 1:0:0:0: [sda] Mode Sense: 00 3a 00 00
[    1.547917] sd 1:0:0:0: [sda] Write cache: enabled, read cache: enabled, doesn't support DPO or FUA
[    1.547951] sd 1:0:0:0: [sda] Preferred minimum I/O size 512 bytes
[    1.548968]  sda: sda1 sda2 sda3
[    1.549193] sd 1:0:0:0: [sda] Attached SCSI disk
[    1.637600] usb 1-8: new full-speed USB device number 3 using xhci_hcd
[    1.853401] ata3: SATA link down (SStatus 0 SControl 330)
[    1.943015] usb 1-8: New USB device found, idVendor=26ce, idProduct=01a2, bcdDevice= 0.00
[    1.943025] usb 1-8: New USB device strings: Mfr=1, Product=2, SerialNumber=3
[    1.943029] usb 1-8: Product: LED Controller
[    1.943032] usb 1-8: Manufacturer: ASRock
[    1.943035] usb 1-8: SerialNumber: A02019100900
[    2.129519] usb 1-9: new full-speed USB device number 4 using xhci_hcd
[    2.165371] ata4: SATA link down (SStatus 0 SControl 330)
[    2.477261] ata5: SATA link down (SStatus 0 SControl 330)
[    2.500869] usb 1-9: New USB device found, idVendor=8087, idProduct=0aa7, bcdDevice= 0.01
[    2.500879] usb 1-9: New USB device strings: Mfr=0, Product=0, SerialNumber=0
[    2.790296] ata6: SATA link down (SStatus 0 SControl 330)
[    2.792615] r8169 0000:04:00.0 enp4s0: renamed from eth0
[    2.798521] hid: raw HID events driver (C) Jiri Kosina
[    2.825569] usbcore: registered new interface driver usbhid
[    2.825571] usbhid: USB HID core driver
[    2.828239] hid-generic 0003:1E71:2007.0001: hiddev0,hidraw0: USB HID v1.11 Device [NZXT. - Inc. NZXT USB Device] on usb-0000:02:00.0-6/input0
[    2.828333] input: ASRock LED Controller as /devices/pci0000:00/0000:00:01.2/0000:02:00.0/usb1/1-8/1-8:1.0/0003:26CE:01A2.0002/input/input2
[    2.880712] hid-generic 0003:26CE:01A2.0002: input,hidraw1: USB HID v1.10 Device [ASRock LED Controller] on usb-0000:02:00.0-8/input0
[    3.955901] EXT4-fs (nvme0n1p3): mounted filesystem a076301c-b9f2-4913-9778-e6596aaa787b ro with ordered data mode. Quota mode: none.
[    4.036824] systemd[1]: Inserted module 'autofs4'
[    4.046702] systemd[1]: systemd 255.4-1ubuntu8.16 running in system mode (+PAM +AUDIT +SELINUX +APPARMOR +IMA +SMACK +SECCOMP +GCRYPT -GNUTLS +OPENSSL +ACL +BLKID +CURL +ELFUTILS +FIDO2 +IDN2 -IDN +IPTC +KMOD +LIBCRYPTSETUP +LIBFDISK +PCRE2 -PWQUALITY +P11KIT +QRENCODE +TPM2 +BZIP2 +LZ4 +XZ +ZLIB +ZSTD -BPF_FRAMEWORK -XKBCOMMON +UTMP +SYSVINIT default-hierarchy=unified)
[    4.046712] systemd[1]: Detected architecture x86-64.
[    4.047397] systemd[1]: Hostname set to <ubuntu-dualboot>.
[    4.110492] systemd[1]: Configuration file /run/systemd/system/netplan-ovs-cleanup.service is marked world-inaccessible. This has no effect as configuration data is accessible via APIs without restrictions. Proceeding anyway.
[    4.154408] systemd[1]: Queued start job for default target graphical.target.
[    4.171282] systemd[1]: Created slice system-modprobe.slice - Slice /system/modprobe.
[    4.171642] systemd[1]: Created slice system-systemd\x2dfsck.slice - Slice /system/systemd-fsck.
[    4.171846] systemd[1]: Created slice user.slice - User and Session Slice.
[    4.171893] systemd[1]: Started systemd-ask-password-wall.path - Forward Password Requests to Wall Directory Watch.
[    4.172020] systemd[1]: Set up automount proc-sys-fs-binfmt_misc.automount - Arbitrary Executable File Formats File System Automount Point.
[    4.172034] systemd[1]: Expecting device dev-disk-by\x2duuid-6EE4\x2d6614.device - /dev/disk/by-uuid/6EE4-6614...
[    4.172047] systemd[1]: Reached target integritysetup.target - Local Integrity Protected Volumes.
[    4.172057] systemd[1]: Reached target network-pre.target - Preparation for Network.
[    4.172067] systemd[1]: Reached target remote-fs.target - Remote File Systems.
[    4.172074] systemd[1]: Reached target slices.target - Slice Units.
[    4.172081] systemd[1]: Reached target snapd.mounts-pre.target - Mounting snaps.
[    4.172089] systemd[1]: Reached target swap.target - Swaps.
[    4.172099] systemd[1]: Reached target veritysetup.target - Local Verity Protected Volumes.
[    4.172212] systemd[1]: Listening on syslog.socket - Syslog Socket.
[    4.172288] systemd[1]: Listening on systemd-fsckd.socket - fsck to fsckd communication Socket.
[    4.172328] systemd[1]: Listening on systemd-initctl.socket - initctl Compatibility Named Pipe.
[    4.172404] systemd[1]: Listening on systemd-journald-dev-log.socket - Journal Socket (/dev/log).
[    4.172497] systemd[1]: Listening on systemd-journald.socket - Journal Socket.
[    4.172627] systemd[1]: Listening on systemd-oomd.socket - Userspace Out-Of-Memory (OOM) Killer Socket.
[    4.172653] systemd[1]: systemd-pcrextend.socket - TPM2 PCR Extension (Varlink) was skipped because of an unmet condition check (ConditionSecurity=measured-uki).
[    4.172750] systemd[1]: Listening on systemd-udevd-control.socket - udev Control Socket.
[    4.172822] systemd[1]: Listening on systemd-udevd-kernel.socket - udev Kernel Socket.
[    4.173464] systemd[1]: Mounting dev-hugepages.mount - Huge Pages File System...
[    4.173954] systemd[1]: Mounting dev-mqueue.mount - POSIX Message Queue File System...
[    4.174454] systemd[1]: Mounting sys-kernel-debug.mount - Kernel Debug File System...
[    4.174961] systemd[1]: Mounting sys-kernel-tracing.mount - Kernel Trace File System...
[    4.176053] systemd[1]: Starting systemd-journald.service - Journal Service...
[    4.176671] systemd[1]: Starting keyboard-setup.service - Set the console keyboard layout...
[    4.177207] systemd[1]: Starting kmod-static-nodes.service - Create List of Static Device Nodes...
[    4.177790] systemd[1]: Starting modprobe@configfs.service - Load Kernel Module configfs...
[    4.178523] systemd[1]: Starting modprobe@dm_mod.service - Load Kernel Module dm_mod...
[    4.179224] systemd[1]: Starting modprobe@drm.service - Load Kernel Module drm...
[    4.179923] systemd[1]: Starting modprobe@efi_pstore.service - Load Kernel Module efi_pstore...
[    4.180487] systemd[1]: Starting modprobe@fuse.service - Load Kernel Module fuse...
[    4.181210] systemd[1]: Starting modprobe@loop.service - Load Kernel Module loop...
[    4.181298] systemd[1]: systemd-fsck-root.service - File System Check on Root Device was skipped because of an unmet condition check (ConditionPathExists=!/run/initramfs/fsck-root).
[    4.182586] systemd[1]: Starting systemd-modules-load.service - Load Kernel Modules...
[    4.182601] systemd[1]: systemd-pcrmachine.service - TPM2 PCR Machine ID Measurement was skipped because of an unmet condition check (ConditionSecurity=measured-uki).
[    4.183279] systemd[1]: Starting systemd-remount-fs.service - Remount Root and Kernel File Systems...
[    4.183313] systemd[1]: systemd-tpm2-setup-early.service - TPM2 SRK Setup (Early) was skipped because of an unmet condition check (ConditionSecurity=measured-uki).
[    4.183925] systemd[1]: Starting systemd-udev-trigger.service - Coldplug All udev Devices...
[    4.184114] pstore: Using crash dump compression: deflate
[    4.184751] systemd[1]: Mounted dev-hugepages.mount - Huge Pages File System.
[    4.184759] pstore: Registered efi_pstore as persistent store backend
[    4.184839] systemd[1]: Mounted dev-mqueue.mount - POSIX Message Queue File System.
[    4.184912] systemd[1]: Mounted sys-kernel-debug.mount - Kernel Debug File System.
[    4.184985] systemd[1]: Mounted sys-kernel-tracing.mount - Kernel Trace File System.
[    4.185142] systemd[1]: Finished kmod-static-nodes.service - Create List of Static Device Nodes.
[    4.185380] systemd[1]: modprobe@configfs.service: Deactivated successfully.
[    4.185487] systemd[1]: Finished modprobe@configfs.service - Load Kernel Module configfs.
[    4.185681] systemd[1]: modprobe@dm_mod.service: Deactivated successfully.
[    4.185781] systemd[1]: Finished modprobe@dm_mod.service - Load Kernel Module dm_mod.
[    4.185970] systemd[1]: modprobe@drm.service: Deactivated successfully.
[    4.186043] systemd-journald[398]: Collecting audit messages is disabled.
[    4.186069] systemd[1]: Finished modprobe@drm.service - Load Kernel Module drm.
[    4.186288] systemd[1]: modprobe@efi_pstore.service: Deactivated successfully.
[    4.186406] systemd[1]: Finished modprobe@efi_pstore.service - Load Kernel Module efi_pstore.
[    4.186651] systemd[1]: modprobe@fuse.service: Deactivated successfully.
[    4.186756] systemd[1]: Finished modprobe@fuse.service - Load Kernel Module fuse.
[    4.186952] systemd[1]: modprobe@loop.service: Deactivated successfully.
[    4.187056] systemd[1]: Finished modprobe@loop.service - Load Kernel Module loop.
[    4.187751] systemd[1]: Mounting sys-fs-fuse-connections.mount - FUSE Control File System...
[    4.188290] systemd[1]: Mounting sys-kernel-config.mount - Kernel Configuration File System...
[    4.188330] systemd[1]: systemd-repart.service - Repartition Root Disk was skipped because no trigger condition checks were met.
[    4.188892] systemd[1]: Starting systemd-tmpfiles-setup-dev-early.service - Create Static Device Nodes in /dev gracefully...
[    4.191774] lp: driver loaded but no devices found
[    4.192113] systemd[1]: Mounted sys-fs-fuse-connections.mount - FUSE Control File System.
[    4.192193] systemd[1]: Mounted sys-kernel-config.mount - Kernel Configuration File System.
[    4.193544] ppdev: user-space parallel port driver
[    4.200149] systemd[1]: Finished systemd-tmpfiles-setup-dev-early.service - Create Static Device Nodes in /dev gracefully.
[    4.206290] systemd[1]: Finished systemd-modules-load.service - Load Kernel Modules.
[    4.206938] systemd[1]: Starting systemd-sysctl.service - Apply Kernel Variables...
[    4.207286] EXT4-fs (nvme0n1p3): re-mounted a076301c-b9f2-4913-9778-e6596aaa787b r/w.
[    4.207985] systemd[1]: Finished systemd-remount-fs.service - Remount Root and Kernel File Systems.
[    4.208267] systemd[1]: systemd-hwdb-update.service - Rebuild Hardware Database was skipped because of an unmet condition check (ConditionNeedsUpdate=/etc).
[    4.208300] systemd[1]: systemd-pstore.service - Platform Persistent Storage Archival was skipped because of an unmet condition check (ConditionDirectoryNotEmpty=/sys/fs/pstore).
[    4.208976] systemd[1]: Starting systemd-random-seed.service - Load/Save OS Random Seed...
[    4.209010] systemd[1]: systemd-sysusers.service - Create System Users was skipped because no trigger condition checks were met.
[    4.209536] systemd[1]: Starting systemd-tmpfiles-setup-dev.service - Create Static Device Nodes in /dev...
[    4.209546] systemd[1]: systemd-tpm2-setup.service - TPM2 SRK Setup was skipped because of an unmet condition check (ConditionSecurity=measured-uki).
[    4.209796] systemd[1]: Finished keyboard-setup.service - Set the console keyboard layout.
[    4.214333] systemd[1]: Finished systemd-sysctl.service - Apply Kernel Variables.
[    4.215749] systemd[1]: Finished systemd-random-seed.service - Load/Save OS Random Seed.
[    4.217536] systemd[1]: Finished systemd-tmpfiles-setup-dev.service - Create Static Device Nodes in /dev.
[    4.217595] systemd[1]: Reached target local-fs-pre.target - Preparation for Local File Systems.
[    4.218569] systemd[1]: Mounting snap-bare-5.mount - Mount unit for bare, revision 5...
[    4.219163] systemd[1]: Mounting snap-core24-1643.mount - Mount unit for core24, revision 1643...
[    4.219862] systemd[1]: Mounting snap-firefox-8387.mount - Mount unit for firefox, revision 8387...
[    4.220454] systemd[1]: Mounting snap-firefox-8417.mount - Mount unit for firefox, revision 8417...
[    4.221140] systemd[1]: Mounting snap-gnome\x2d46\x2d2404-153.mount - Mount unit for gnome-46-2404, revision 153...
[    4.221807] systemd[1]: Mounting snap-gtk\x2dcommon\x2dthemes-1535.mount - Mount unit for gtk-common-themes, revision 1535...
[    4.222655] systemd[1]: Mounting snap-mesa\x2d2404-1165.mount - Mount unit for mesa-2404, revision 1165...
[    4.222954] loop0: detected capacity change from 0 to 136816
[    4.223020] loop1: detected capacity change from 0 to 8
[    4.223581] loop2: detected capacity change from 0 to 508992
[    4.223677] systemd[1]: Mounting snap-snapd-26865.mount - Mount unit for snapd, revision 26865...
[    4.224218] loop3: detected capacity change from 0 to 509160
[    4.224630] systemd[1]: Starting systemd-udevd.service - Rule-based Manager for Device Events and Files...
[    4.225036] loop4: detected capacity change from 0 to 1241248
[    4.226379] loop5: detected capacity change from 0 to 187776
[    4.226980] loop6: detected capacity change from 0 to 808920
[    4.227406] systemd[1]: Mounted snap-bare-5.mount - Mount unit for bare, revision 5.
[    4.227881] loop7: detected capacity change from 0 to 100888
[    4.228779] systemd[1]: Mounted snap-core24-1643.mount - Mount unit for core24, revision 1643.
[    4.230133] systemd[1]: Mounted snap-firefox-8387.mount - Mount unit for firefox, revision 8387.
[    4.230244] systemd[1]: Mounted snap-firefox-8417.mount - Mount unit for firefox, revision 8417.
[    4.230350] systemd[1]: Mounted snap-gnome\x2d46\x2d2404-153.mount - Mount unit for gnome-46-2404, revision 153.
[    4.230426] systemd[1]: Mounted snap-gtk\x2dcommon\x2dthemes-1535.mount - Mount unit for gtk-common-themes, revision 1535.
[    4.230500] systemd[1]: Mounted snap-mesa\x2d2404-1165.mount - Mount unit for mesa-2404, revision 1165.
[    4.230572] systemd[1]: Mounted snap-snapd-26865.mount - Mount unit for snapd, revision 26865.
[    4.230695] systemd[1]: Reached target snapd.mounts.target - Mounted snaps.
[    4.233641] systemd[1]: Started systemd-journald.service - Journal Service.
[    4.239399] systemd-journald[398]: Received client request to flush runtime journal.
[    4.245933] systemd-journald[398]: /var/log/journal/288b6cba6cec405188c18f26e7617eed/system.journal: Journal file uses a different sequence number ID, rotating.
[    4.245939] systemd-journald[398]: Rotating system journal.
[    4.401589] piix4_smbus 0000:00:14.0: SMBus Host Controller at 0xb00, revision 0
[    4.401593] piix4_smbus 0000:00:14.0: Using register 0x02 for SMBus port selection
[    4.407615] piix4_smbus 0000:00:14.0: Auxiliary SMBus Host Controller at 0xb20
[    4.419401] ccp 0000:0a:00.1: enabling device (0000 -> 0002)
[    4.424590] ccp 0000:0a:00.1: ccp: unable to access the device: you might be running a broken BIOS.
[    4.424611] ccp 0000:0a:00.1: psp enabled
[    4.471122] Bluetooth: Core ver 2.22
[    4.471139] NET: Registered PF_BLUETOOTH protocol family
[    4.471140] Bluetooth: HCI device and connection manager initialized
[    4.471143] Bluetooth: HCI socket layer initialized
[    4.471146] Bluetooth: L2CAP socket layer initialized
[    4.471150] Bluetooth: SCO socket layer initialized
[    4.471491] cfg80211: Loading compiled-in X.509 certificates for regulatory database
[    4.471652] i2c-designware-pci 0000:08:00.3: enabling device (0000 -> 0002)
[    4.471662] Loaded X.509 cert 'sforshee: 00b28ddf47aef9cea7'
[    4.471759] Loaded X.509 cert 'wens: 61c038651aabdcf94bd0ac7ff06c7248db18c600'
[    4.472759] RAPL PMU: API unit is 2^-32 Joules, 1 fixed counters, 163840 ms ovfl timer
[    4.472761] RAPL PMU: hw unit of domain package 2^-16 Joules
[    4.474114] cryptd: max_cpu_qlen set to 1000
[    4.478269] AVX2 version of gcm_enc/dec engaged.
[    4.478309] AES CTR mode by8 optimization enabled
[    4.478431] usbcore: registered new interface driver btusb
[    4.484172] Intel(R) Wireless WiFi driver for Linux
[    4.484280] iwlwifi 0000:05:00.0: enabling device (0000 -> 0002)
[    4.484807] iwlwifi 0000:05:00.0: Detected crf-id 0x0, cnv-id 0x0 wfpm id 0x0
[    4.484818] iwlwifi 0000:05:00.0: PCI dev 24fb/2110, rev=0x220, rfid=0xd55555d5
[    4.487871] iwlwifi 0000:05:00.0: loaded firmware version 29.198743027.0 3168-29.ucode op_mode iwlmvm
[    4.494601] Bluetooth: hci0: Legacy ROM 2.x revision 5.0 build 25 week 20 2015
[    4.495456] Bluetooth: hci0: Intel Bluetooth firmware file: intel/ibt-hw-37.8.10-fw-22.50.19.14.f.bseq
[    4.595934] kvm_amd: TSC scaling supported
[    4.595936] kvm_amd: Nested Virtualization enabled
[    4.595937] kvm_amd: Nested Paging enabled
[    4.595939] kvm_amd: LBR virtualization supported
[    4.595950] kvm_amd: Virtual VMLOAD VMSAVE supported
[    4.595951] kvm_amd: Virtual GIF supported
[    4.606838] MCE: In-kernel MCE decoding enabled.
[    4.607407] iwlwifi 0000:05:00.0: Detected Intel(R) Dual Band Wireless AC 3168, REV=0x220
[    4.607465] thermal thermal_zone0: failed to read out thermal zone (-61)
[    4.608664] snd_hda_intel 0000:08:00.1: enabling device (0000 -> 0002)
[    4.608760] snd_hda_intel 0000:08:00.1: Handle vga_switcheroo audio client
[    4.608762] snd_hda_intel 0000:08:00.1: Force to non-snoop mode
[    4.608929] snd_hda_intel 0000:0a:00.4: enabling device (0000 -> 0002)
[    4.615198] input: HDA ATI HDMI HDMI/DP,pcm=3 as /devices/pci0000:00/0000:00:03.1/0000:06:00.0/0000:07:00.0/0000:08:00.1/sound/card0/input3
[    4.615269] input: HDA ATI HDMI HDMI/DP,pcm=7 as /devices/pci0000:00/0000:00:03.1/0000:06:00.0/0000:07:00.0/0000:08:00.1/sound/card0/input4
[    4.615316] input: HDA ATI HDMI HDMI/DP,pcm=8 as /devices/pci0000:00/0000:00:03.1/0000:06:00.0/0000:07:00.0/0000:08:00.1/sound/card0/input5
[    4.615366] input: HDA ATI HDMI HDMI/DP,pcm=9 as /devices/pci0000:00/0000:00:03.1/0000:06:00.0/0000:07:00.0/0000:08:00.1/sound/card0/input6
[    4.624067] snd_hda_codec_realtek hdaudioC1D0: autoconfig for ALC887-VD: line_outs=1 (0x14/0x0/0x0/0x0/0x0) type:line
[    4.624071] snd_hda_codec_realtek hdaudioC1D0:    speaker_outs=0 (0x0/0x0/0x0/0x0/0x0)
[    4.624073] snd_hda_codec_realtek hdaudioC1D0:    hp_outs=1 (0x1b/0x0/0x0/0x0/0x0)
[    4.624075] snd_hda_codec_realtek hdaudioC1D0:    mono: mono_out=0x0
[    4.624076] snd_hda_codec_realtek hdaudioC1D0:    inputs:
[    4.624078] snd_hda_codec_realtek hdaudioC1D0:      Rear Mic=0x18
[    4.624079] snd_hda_codec_realtek hdaudioC1D0:      Front Mic=0x19
[    4.624081] snd_hda_codec_realtek hdaudioC1D0:      Line=0x1a
[    4.625478] iwlwifi 0000:05:00.0: base HW address: 04:33:c2:22:c0:81, OTP minor version: 0x0
[    4.642815] input: HD-Audio Generic Rear Mic as /devices/pci0000:00/0000:00:08.1/0000:0a:00.4/sound/card1/input7
[    4.642883] input: HD-Audio Generic Front Mic as /devices/pci0000:00/0000:00:08.1/0000:0a:00.4/sound/card1/input8
[    4.642950] input: HD-Audio Generic Line as /devices/pci0000:00/0000:00:08.1/0000:0a:00.4/sound/card1/input9
[    4.643008] input: HD-Audio Generic Line Out as /devices/pci0000:00/0000:00:08.1/0000:0a:00.4/sound/card1/input10
[    4.643065] input: HD-Audio Generic Front Headphone as /devices/pci0000:00/0000:00:08.1/0000:0a:00.4/sound/card1/input11
[    4.645404] intel_rapl_common: Found RAPL domain package
[    4.645407] intel_rapl_common: Found RAPL domain core
[    4.666317] ieee80211 phy0: Selected rate control algorithm 'iwl-mvm-rs'
[    4.668846] iwlwifi 0000:05:00.0 wlp5s0: renamed from wlan0
[    5.219572] audit: type=1400 audit(1781121672.270:2): apparmor="STATUS" operation="profile_load" profile="unconfined" name="brave" pid=662 comm="apparmor_parser"
[    5.219577] audit: type=1400 audit(1781121672.270:3): apparmor="STATUS" operation="profile_load" profile="unconfined" name="vscode" pid=669 comm="apparmor_parser"
[    5.219580] audit: type=1400 audit(1781121672.270:4): apparmor="STATUS" operation="profile_load" profile="unconfined" name="ch-run" pid=666 comm="apparmor_parser"
[    5.219582] audit: type=1400 audit(1781121672.270:5): apparmor="STATUS" operation="profile_load" profile="unconfined" name="balena-etcher" pid=661 comm="apparmor_parser"
[    5.219585] audit: type=1400 audit(1781121672.270:6): apparmor="STATUS" operation="profile_load" profile="unconfined" name="crun" pid=670 comm="apparmor_parser"
[    5.219616] audit: type=1400 audit(1781121672.270:7): apparmor="STATUS" operation="profile_load" profile="unconfined" name=4D6F6E676F444220436F6D70617373 pid=658 comm="apparmor_parser"
[    5.219648] audit: type=1400 audit(1781121672.270:8): apparmor="STATUS" operation="profile_load" profile="unconfined" name="ch-checkns" pid=665 comm="apparmor_parser"
[    5.219686] audit: type=1400 audit(1781121672.270:9): apparmor="STATUS" operation="profile_load" profile="unconfined" name="buildah" pid=663 comm="apparmor_parser"
[    5.219720] audit: type=1400 audit(1781121672.270:10): apparmor="STATUS" operation="profile_load" profile="unconfined" name="desktop-icons-ng" pid=671 comm="apparmor_parser"
[    5.277324] kauditd_printk_skb: 121 callbacks suppressed
[    5.277327] audit: type=1400 audit(1781121672.328:132): apparmor="STATUS" operation="profile_load" profile="unconfined" name="snap.firefox.geckodriver" pid=784 comm="apparmor_parser"
[    5.277540] audit: type=1400 audit(1781121672.328:133): apparmor="STATUS" operation="profile_load" profile="unconfined" name="snap.firefox.firefox" pid=783 comm="apparmor_parser"
[    5.369730] audit: type=1400 audit(1781121672.420:134): apparmor="STATUS" operation="profile_replace" info="same as current profile, skipping" profile="unconfined" name="rsyslogd" pid=843 comm="apparmor_parser"
[    5.376090] Bluetooth: BNEP (Ethernet Emulation) ver 1.3
[    5.376094] Bluetooth: BNEP filters: protocol multicast
[    5.376099] Bluetooth: BNEP socket layer initialized
[    5.463442] block nvme0n1: No UUID available providing old NGUID
[    5.536826] NET: Registered PF_QIPCRTR protocol family
[    5.575629] loop8: detected capacity change from 0 to 8
[    5.681773] audit: type=1400 audit(1781121672.732:135): apparmor="STATUS" operation="profile_replace" info="same as current profile, skipping" profile="unconfined" name="/usr/lib/snapd/snap-confine" pid=1027 comm="apparmor_parser"
[    5.972258] Generic FE-GE Realtek PHY r8169-0-400:00: attached PHY driver (mii_bus:phy_addr=r8169-0-400:00, irq=MAC)
[    5.999892] Bluetooth: hci0: Intel BT fw patch 0x43 completed & activated
[    6.136385] r8169 0000:04:00.0 enp4s0: Link is Down
[    6.201096] ACPI: \: failed to evaluate _DSM bf0212f2-788f-c64d-a5b3-1f738e285ade (0x1001)
[    6.201101] ACPI: \: failed to evaluate _DSM bf0212f2-788f-c64d-a5b3-1f738e285ade (0x1001)
[    6.201104] ACPI: \: failed to evaluate _DSM bf0212f2-788f-c64d-a5b3-1f738e285ade (0x1001)
[    6.201106] ACPI: \: failed to evaluate _DSM bf0212f2-788f-c64d-a5b3-1f738e285ade (0x1001)
[    6.201108] ACPI: \: failed to evaluate _DSM bf0212f2-788f-c64d-a5b3-1f738e285ade (0x1001)
[    6.201110] ACPI: \: failed to evaluate _DSM bf0212f2-788f-c64d-a5b3-1f738e285ade (0x1001)
[    6.201112] ACPI: \: failed to evaluate _DSM bf0212f2-788f-c64d-a5b3-1f738e285ade (0x1001)
[    6.202230] iwlwifi 0000:05:00.0: Registered PHC clock: iwlwifi-PTP, with index: 0
[    6.226821] Bluetooth: MGMT ver 1.22
[    6.229348] NET: Registered PF_ALG protocol family
[    6.242792] audit: type=1400 audit(1781121673.293:136): apparmor="DENIED" operation="capable" class="cap" profile="/usr/sbin/cupsd" pid=1111 comm="cupsd" capability=12  capname="net_admin"
[    9.448599] wlp5s0: authenticate with 3c:bd:c5:69:29:4f (local address=04:33:c2:22:c0:81)
[    9.449102] wlp5s0: send auth to 3c:bd:c5:69:29:4f (try 1/3)
[    9.450212] wlp5s0: authenticated
[    9.451243] wlp5s0: associate with 3c:bd:c5:69:29:4f (try 1/3)
[    9.452361] wlp5s0: RX AssocResp from 3c:bd:c5:69:29:4f (capab=0x1011 status=0 aid=11)
[    9.453904] wlp5s0: associated
[    9.593643] wlp5s0: Limiting TX power to 30 (30 - 0) dBm as advertised by 3c:bd:c5:69:29:4f
[   17.603504] Bluetooth: RFCOMM TTY layer initialized
[   17.603515] Bluetooth: RFCOMM socket layer initialized
[   17.603519] Bluetooth: RFCOMM ver 1.11
[ 2345.456279] systemd-journald[398]: /var/log/journal/288b6cba6cec405188c18f26e7617eed/user-1000.journal: Journal file uses a different sequence number ID, rotating.
[ 2363.021361] audit: type=1400 audit(1781124029.836:137): apparmor="AUDIT" operation="userns_create" class="namespace" info="Userns create - transitioning profile" profile="unconfined" pid=1996 comm="bwrap" requested="userns_create" target="unprivileged_userns"
[ 2363.021953] audit: type=1400 audit(1781124029.836:138): apparmor="DENIED" operation="capable" class="cap" profile="unprivileged_userns" pid=1997 comm="bwrap" capability=8  capname="setpcap"
[ 2363.022012] audit: type=1400 audit(1781124029.836:139): apparmor="DENIED" operation="capable" class="cap" profile="unprivileged_userns" pid=1997 comm="bwrap" capability=12  capname="net_admin"
[ 2451.405537] audit: type=1400 audit(1781124118.221:140): apparmor="AUDIT" operation="userns_create" class="namespace" info="Userns create - transitioning profile" profile="unconfined" pid=2464 comm="bwrap" requested="userns_create" target="unprivileged_userns"
[ 2451.406156] audit: type=1400 audit(1781124118.222:141): apparmor="DENIED" operation="capable" class="cap" profile="unprivileged_userns" pid=2466 comm="bwrap" capability=8  capname="setpcap"
[ 2451.406213] audit: type=1400 audit(1781124118.222:142): apparmor="DENIED" operation="capable" class="cap" profile="unprivileged_userns" pid=2466 comm="bwrap" capability=12  capname="net_admin"
[ 2451.408963] audit: type=1400 audit(1781124118.225:143): apparmor="AUDIT" operation="userns_create" class="namespace" info="Userns create - transitioning profile" profile="unconfined" pid=2468 comm="bwrap" requested="userns_create" target="unprivileged_userns"
[ 2451.409453] audit: type=1400 audit(1781124118.225:144): apparmor="DENIED" operation="capable" class="cap" profile="unprivileged_userns" pid=2469 comm="bwrap" capability=8  capname="setpcap"
[ 2451.409514] audit: type=1400 audit(1781124118.225:145): apparmor="DENIED" operation="capable" class="cap" profile="unprivileged_userns" pid=2469 comm="bwrap" capability=12  capname="net_admin"
[ 2451.421107] audit: type=1400 audit(1781124118.237:146): apparmor="AUDIT" operation="userns_create" class="namespace" info="Userns create - transitioning profile" profile="unconfined" pid=2472 comm="bwrap" requested="userns_create" target="unprivileged_userns"
[ 2451.424215] audit: type=1400 audit(1781124118.240:147): apparmor="AUDIT" operation="userns_create" class="namespace" info="Userns create - transitioning profile" profile="unconfined" pid=2476 comm="bwrap" requested="userns_create" target="unprivileged_userns"
[ 2451.424730] audit: type=1400 audit(1781124118.241:148): apparmor="DENIED" operation="capable" class="cap" profile="unprivileged_userns" pid=2477 comm="bwrap" capability=8  capname="setpcap"
[ 2451.424783] audit: type=1400 audit(1781124118.241:149): apparmor="DENIED" operation="capable" class="cap" profile="unprivileged_userns" pid=2477 comm="bwrap" capability=12  capname="net_admin"
