[    0.000000] Linux version 6.8.0-117-generic (buildd@lcy02-amd64-102) (x86_64-linux-gnu-gcc-13 (Ubuntu 13.3.0-6ubuntu2~24.04.1) 13.3.0, GNU ld (GNU Binutils for Ubuntu) 2.42) #117-Ubuntu SMP PREEMPT_DYNAMIC Tue May  5 19:26:24 UTC 2026 (Ubuntu 6.8.0-117.117-generic 6.8.12)
[    0.000000] Command line: BOOT_IMAGE=/boot/vmlinuz-6.8.0-117-generic root=UUID=a076301c-b9f2-4913-9778-e6596aaa787b ro quiet splash modprobe.blacklist=amdgpu
[    0.000000] KERNEL supported cpus:
[    0.000000]   Intel GenuineIntel
[    0.000000]   AMD AuthenticAMD
[    0.000000]   Hygon HygonGenuine
[    0.000000]   Centaur CentaurHauls
[    0.000000]   zhaoxin   Shanghai  
[    0.000000] BIOS-provided physical RAM map:
[    0.000000] BIOS-e820: [mem 0x0000000000000000-0x000000000009ffff] usable
[    0.000000] BIOS-e820: [mem 0x00000000000a0000-0x00000000000fffff] reserved
[    0.000000] BIOS-e820: [mem 0x0000000000100000-0x0000000009bfefff] usable
[    0.000000] BIOS-e820: [mem 0x0000000009bff000-0x0000000009ffffff] reserved
[    0.000000] BIOS-e820: [mem 0x000000000a000000-0x000000000a1fffff] usable
[    0.000000] BIOS-e820: [mem 0x000000000a200000-0x000000000a20dfff] ACPI NVS
[    0.000000] BIOS-e820: [mem 0x000000000a20e000-0x000000000affffff] usable
[    0.000000] BIOS-e820: [mem 0x000000000b000000-0x000000000b01ffff] reserved
[    0.000000] BIOS-e820: [mem 0x000000000b020000-0x00000000bb31bfff] usable
[    0.000000] BIOS-e820: [mem 0x00000000bb31c000-0x00000000bca84fff] reserved
[    0.000000] BIOS-e820: [mem 0x00000000bca85000-0x00000000bcad6fff] ACPI data
[    0.000000] BIOS-e820: [mem 0x00000000bcad7000-0x00000000bd1b6fff] ACPI NVS
[    0.000000] BIOS-e820: [mem 0x00000000bd1b7000-0x00000000bdffefff] reserved
[    0.000000] BIOS-e820: [mem 0x00000000bdfff000-0x00000000beffffff] usable
[    0.000000] BIOS-e820: [mem 0x00000000bf000000-0x00000000bfffffff] reserved
[    0.000000] BIOS-e820: [mem 0x00000000f0000000-0x00000000f7ffffff] reserved
[    0.000000] BIOS-e820: [mem 0x00000000fd200000-0x00000000fd2fffff] reserved
[    0.000000] BIOS-e820: [mem 0x00000000fd600000-0x00000000fd7fffff] reserved
[    0.000000] BIOS-e820: [mem 0x00000000fea00000-0x00000000fea0ffff] reserved
[    0.000000] BIOS-e820: [mem 0x00000000feb80000-0x00000000fec01fff] reserved
[    0.000000] BIOS-e820: [mem 0x00000000fec10000-0x00000000fec10fff] reserved
[    0.000000] BIOS-e820: [mem 0x00000000fec30000-0x00000000fec30fff] reserved
[    0.000000] BIOS-e820: [mem 0x00000000fed00000-0x00000000fed00fff] reserved
[    0.000000] BIOS-e820: [mem 0x00000000fed40000-0x00000000fed44fff] reserved
[    0.000000] BIOS-e820: [mem 0x00000000fed80000-0x00000000fed8ffff] reserved
[    0.000000] BIOS-e820: [mem 0x00000000fedc2000-0x00000000fedcffff] reserved
[    0.000000] BIOS-e820: [mem 0x00000000fedd4000-0x00000000fedd5fff] reserved
[    0.000000] BIOS-e820: [mem 0x00000000ff000000-0x00000000ffffffff] reserved
[    0.000000] BIOS-e820: [mem 0x0000000100000000-0x000000083f37ffff] usable
[    0.000000] BIOS-e820: [mem 0x000000083f380000-0x000000083fffffff] reserved
[    0.000000] NX (Execute Disable) protection: active
[    0.000000] APIC: Static calls initialized
[    0.000000] e820: update [mem 0xb75c8018-0xb75e3257] usable ==> usable
[    0.000000] e820: update [mem 0xb75c8018-0xb75e3257] usable ==> usable
[    0.000000] extended physical RAM map:
[    0.000000] reserve setup_data: [mem 0x0000000000000000-0x000000000009ffff] usable
[    0.000000] reserve setup_data: [mem 0x00000000000a0000-0x00000000000fffff] reserved
[    0.000000] reserve setup_data: [mem 0x0000000000100000-0x0000000009bfefff] usable
[    0.000000] reserve setup_data: [mem 0x0000000009bff000-0x0000000009ffffff] reserved
[    0.000000] reserve setup_data: [mem 0x000000000a000000-0x000000000a1fffff] usable
[    0.000000] reserve setup_data: [mem 0x000000000a200000-0x000000000a20dfff] ACPI NVS
[    0.000000] reserve setup_data: [mem 0x000000000a20e000-0x000000000affffff] usable
[    0.000000] reserve setup_data: [mem 0x000000000b000000-0x000000000b01ffff] reserved
[    0.000000] reserve setup_data: [mem 0x000000000b020000-0x00000000b75c8017] usable
[    0.000000] reserve setup_data: [mem 0x00000000b75c8018-0x00000000b75e3257] usable
[    0.000000] reserve setup_data: [mem 0x00000000b75e3258-0x00000000bb31bfff] usable
[    0.000000] reserve setup_data: [mem 0x00000000bb31c000-0x00000000bca84fff] reserved
[    0.000000] reserve setup_data: [mem 0x00000000bca85000-0x00000000bcad6fff] ACPI data
[    0.000000] reserve setup_data: [mem 0x00000000bcad7000-0x00000000bd1b6fff] ACPI NVS
[    0.000000] reserve setup_data: [mem 0x00000000bd1b7000-0x00000000bdffefff] reserved
[    0.000000] reserve setup_data: [mem 0x00000000bdfff000-0x00000000beffffff] usable
[    0.000000] reserve setup_data: [mem 0x00000000bf000000-0x00000000bfffffff] reserved
[    0.000000] reserve setup_data: [mem 0x00000000f0000000-0x00000000f7ffffff] reserved
[    0.000000] reserve setup_data: [mem 0x00000000fd200000-0x00000000fd2fffff] reserved
[    0.000000] reserve setup_data: [mem 0x00000000fd600000-0x00000000fd7fffff] reserved
[    0.000000] reserve setup_data: [mem 0x00000000fea00000-0x00000000fea0ffff] reserved
[    0.000000] reserve setup_data: [mem 0x00000000feb80000-0x00000000fec01fff] reserved
[    0.000000] reserve setup_data: [mem 0x00000000fec10000-0x00000000fec10fff] reserved
[    0.000000] reserve setup_data: [mem 0x00000000fec30000-0x00000000fec30fff] reserved
[    0.000000] reserve setup_data: [mem 0x00000000fed00000-0x00000000fed00fff] reserved
[    0.000000] reserve setup_data: [mem 0x00000000fed40000-0x00000000fed44fff] reserved
[    0.000000] reserve setup_data: [mem 0x00000000fed80000-0x00000000fed8ffff] reserved
[    0.000000] reserve setup_data: [mem 0x00000000fedc2000-0x00000000fedcffff] reserved
[    0.000000] reserve setup_data: [mem 0x00000000fedd4000-0x00000000fedd5fff] reserved
[    0.000000] reserve setup_data: [mem 0x00000000ff000000-0x00000000ffffffff] reserved
[    0.000000] reserve setup_data: [mem 0x0000000100000000-0x000000083f37ffff] usable
[    0.000000] reserve setup_data: [mem 0x000000083f380000-0x000000083fffffff] reserved
[    0.000000] efi: EFI v2.7 by American Megatrends
[    0.000000] efi: ACPI=0xbd1a0000 ACPI 2.0=0xbd1a0014 TPMFinalLog=0xbd16a000 SMBIOS=0xbde22000 SMBIOS 3.0=0xbde21000 MEMATTR=0xb7e35018 ESRT=0xba953598 INITRD=0xb76d4518 RNG=0xbca95018 TPMEventLog=0xbca90018 
[    0.000000] random: crng init done
[    0.000000] efi: Remove mem287: MMIO range=[0xf0000000-0xf7ffffff] (128MB) from e820 map
[    0.000000] e820: remove [mem 0xf0000000-0xf7ffffff] reserved
[    0.000000] efi: Remove mem288: MMIO range=[0xfd200000-0xfd2fffff] (1MB) from e820 map
[    0.000000] e820: remove [mem 0xfd200000-0xfd2fffff] reserved
[    0.000000] efi: Remove mem289: MMIO range=[0xfd600000-0xfd7fffff] (2MB) from e820 map
[    0.000000] e820: remove [mem 0xfd600000-0xfd7fffff] reserved
[    0.000000] efi: Not removing mem290: MMIO range=[0xfea00000-0xfea0ffff] (64KB) from e820 map
[    0.000000] efi: Remove mem291: MMIO range=[0xfeb80000-0xfec01fff] (0MB) from e820 map
[    0.000000] e820: remove [mem 0xfeb80000-0xfec01fff] reserved
[    0.000000] efi: Not removing mem292: MMIO range=[0xfec10000-0xfec10fff] (4KB) from e820 map
[    0.000000] efi: Not removing mem293: MMIO range=[0xfec30000-0xfec30fff] (4KB) from e820 map
[    0.000000] efi: Not removing mem294: MMIO range=[0xfed00000-0xfed00fff] (4KB) from e820 map
[    0.000000] efi: Not removing mem295: MMIO range=[0xfed40000-0xfed44fff] (20KB) from e820 map
[    0.000000] efi: Not removing mem296: MMIO range=[0xfed80000-0xfed8ffff] (64KB) from e820 map
[    0.000000] efi: Not removing mem297: MMIO range=[0xfedc2000-0xfedcffff] (56KB) from e820 map
[    0.000000] efi: Not removing mem298: MMIO range=[0xfedd4000-0xfedd5fff] (8KB) from e820 map
[    0.000000] efi: Remove mem299: MMIO range=[0xff000000-0xffffffff] (16MB) from e820 map
[    0.000000] e820: remove [mem 0xff000000-0xffffffff] reserved
[    0.000000] secureboot: Secure boot disabled
[    0.000000] SMBIOS 3.3.0 present.
[    0.000000] DMI: To Be Filled By O.E.M. B550M-ITX/ac/B550M-ITX/ac, BIOS P3.90 10/01/2025
[    0.000000] tsc: Fast TSC calibration using PIT
[    0.000000] tsc: Detected 3793.070 MHz processor
[    0.000215] e820: update [mem 0x00000000-0x00000fff] usable ==> reserved
[    0.000217] e820: remove [mem 0x000a0000-0x000fffff] usable
[    0.000222] last_pfn = 0x83f380 max_arch_pfn = 0x400000000
[    0.000228] total RAM covered: 3071M
[    0.000323] Found optimal setting for mtrr clean up
[    0.000323]  gran_size: 64K 	chunk_size: 64M 	num_reg: 3  	lose cover RAM: 0G
[    0.000326] MTRR map: 8 entries (4 fixed + 4 variable; max 21), built from 9 variable MTRRs
[    0.000328] x86/PAT: Configuration [0-7]: WB  WC  UC- UC  WB  WP  UC- WT  
[    0.000741] e820: update [mem 0xbcf40000-0xbcf4ffff] usable ==> reserved
[    0.000746] e820: update [mem 0xc0000000-0xffffffff] usable ==> reserved
[    0.000750] last_pfn = 0xbf000 max_arch_pfn = 0x400000000
[    0.003290] esrt: Reserving ESRT space from 0x00000000ba953598 to 0x00000000ba9535d0.
[    0.003296] e820: update [mem 0xba953000-0xba953fff] usable ==> reserved
[    0.003318] Using GB pages for direct mapping
[    0.003657] secureboot: Secure boot disabled
[    0.003657] RAMDISK: [mem 0xa9ec0000-0xae646fff]
[    0.003888] ACPI: Early table checksum verification disabled
[    0.003891] ACPI: RSDP 0x00000000BD1A0014 000024 (v02 ALASKA)
[    0.003894] ACPI: XSDT 0x00000000BD19F728 0000E4 (v01 ALASKA A M I    01072009 AMI  01000013)
[    0.003898] ACPI: FACP 0x00000000BCAC8000 000114 (v06 ALASKA A M I    01072009 AMI  00010013)
[    0.003901] ACPI: DSDT 0x00000000BCAC1000 006866 (v02 ALASKA A M I    01072009 INTL 20120913)
[    0.003903] ACPI: FACS 0x00000000BD19A000 000040
[    0.003904] ACPI: SSDT 0x00000000BCACE000 008CE9 (v02 AMD    AmdTable 00000002 MSFT 04000000)
[    0.003906] ACPI: SSDT 0x00000000BCACA000 003B45 (v02 AMD    AMD AOD  00000001 INTL 20120913)
[    0.003908] ACPI: SSDT 0x00000000BCAC9000 000221 (v02 ALASKA CPUSSDT  01072009 AMI  01072009)
[    0.003910] ACPI: FIDT 0x00000000BCAC0000 00009C (v01 ALASKA A M I    01072009 AMI  00010013)
[    0.003911] ACPI: MCFG 0x00000000BCABF000 00003C (v01 ALASKA A M I    01072009 MSFT 00010013)
[    0.003913] ACPI: AAFT 0x00000000BCABE000 000115 (v01 ALASKA OEMAAFT  01072009 MSFT 00000097)
[    0.003914] ACPI: HPET 0x00000000BCABD000 000038 (v01 ALASKA A M I    01072009 AMI  00000005)
[    0.003916] ACPI: VFCT 0x00000000BCAAE000 00E284 (v01 ALASKA A M I    00000001 AMD  31504F47)
[    0.003918] ACPI: TPM2 0x00000000BCAAD000 00004C (v04 ALASKA A M I    00000001 AMI  00000000)
[    0.003919] ACPI: PCCT 0x00000000BCAAC000 00006E (v02 AMD    AmdTable 00000001 AMD  00000001)
[    0.003921] ACPI: SSDT 0x00000000BCAA7000 004133 (v02 AMD    AmdTable 00000001 AMD  00000001)
[    0.003922] ACPI: CRAT 0x00000000BCAA6000 000F10 (v01 AMD    AmdTable 00000001 AMD  00000001)
[    0.003924] ACPI: CDIT 0x00000000BCAA5000 000029 (v01 AMD    AmdTable 00000001 AMD  00000001)
[    0.003925] ACPI: SSDT 0x00000000BCAA4000 0002C2 (v02 AMD    ArticDGP 00000001 INTL 20120913)
[    0.003927] ACPI: SSDT 0x00000000BCAA2000 0010C9 (v02 AMD    ArticTPX 00000001 INTL 20120913)
[    0.003929] ACPI: SSDT 0x00000000BCAA1000 00052C (v02 AMD    ArticNOI 00000001 INTL 20120913)
[    0.003930] ACPI: SSDT 0x00000000BCA9D000 0037C4 (v02 AMD    ArticN   00000001 INTL 20120913)
[    0.003932] ACPI: WSMT 0x00000000BCA9C000 000028 (v01 ALASKA A M I    01072009 AMI  00010013)
[    0.003933] ACPI: APIC 0x00000000BCA9B000 00015E (v04 ALASKA A M I    01072009 AMI  00010013)
[    0.003935] ACPI: SSDT 0x00000000BCA9A000 00007D (v02 AMD    ArticDIS 00000001 INTL 20120913)
[    0.003936] ACPI: SSDT 0x00000000BCA98000 0010AF (v02 AMD    ArticC   00000001 INTL 20120913)
[    0.003938] ACPI: SSDT 0x00000000BCA97000 0000BF (v01 AMD    AmdTable 00001000 INTL 20120913)
[    0.003939] ACPI: FPDT 0x00000000BCA96000 000044 (v01 ALASKA A M I    01072009 AMI  01000013)
[    0.003941] ACPI: Reserving FACP table memory at [mem 0xbcac8000-0xbcac8113]
[    0.003942] ACPI: Reserving DSDT table memory at [mem 0xbcac1000-0xbcac7865]
[    0.003942] ACPI: Reserving FACS table memory at [mem 0xbd19a000-0xbd19a03f]
[    0.003943] ACPI: Reserving SSDT table memory at [mem 0xbcace000-0xbcad6ce8]
[    0.003943] ACPI: Reserving SSDT table memory at [mem 0xbcaca000-0xbcacdb44]
[    0.003944] ACPI: Reserving SSDT table memory at [mem 0xbcac9000-0xbcac9220]
[    0.003944] ACPI: Reserving FIDT table memory at [mem 0xbcac0000-0xbcac009b]
[    0.003945] ACPI: Reserving MCFG table memory at [mem 0xbcabf000-0xbcabf03b]
[    0.003945] ACPI: Reserving AAFT table memory at [mem 0xbcabe000-0xbcabe114]
[    0.003946] ACPI: Reserving HPET table memory at [mem 0xbcabd000-0xbcabd037]
[    0.003946] ACPI: Reserving VFCT table memory at [mem 0xbcaae000-0xbcabc283]
[    0.003947] ACPI: Reserving TPM2 table memory at [mem 0xbcaad000-0xbcaad04b]
[    0.003947] ACPI: Reserving PCCT table memory at [mem 0xbcaac000-0xbcaac06d]
[    0.003948] ACPI: Reserving SSDT table memory at [mem 0xbcaa7000-0xbcaab132]
[    0.003948] ACPI: Reserving CRAT table memory at [mem 0xbcaa6000-0xbcaa6f0f]
[    0.003949] ACPI: Reserving CDIT table memory at [mem 0xbcaa5000-0xbcaa5028]
[    0.003949] ACPI: Reserving SSDT table memory at [mem 0xbcaa4000-0xbcaa42c1]
[    0.003950] ACPI: Reserving SSDT table memory at [mem 0xbcaa2000-0xbcaa30c8]
[    0.003950] ACPI: Reserving SSDT table memory at [mem 0xbcaa1000-0xbcaa152b]
[    0.003951] ACPI: Reserving SSDT table memory at [mem 0xbca9d000-0xbcaa07c3]
[    0.003951] ACPI: Reserving WSMT table memory at [mem 0xbca9c000-0xbca9c027]
[    0.003952] ACPI: Reserving APIC table memory at [mem 0xbca9b000-0xbca9b15d]
[    0.003952] ACPI: Reserving SSDT table memory at [mem 0xbca9a000-0xbca9a07c]
[    0.003953] ACPI: Reserving SSDT table memory at [mem 0xbca98000-0xbca990ae]
[    0.003953] ACPI: Reserving SSDT table memory at [mem 0xbca97000-0xbca970be]
[    0.003954] ACPI: Reserving FPDT table memory at [mem 0xbca96000-0xbca96043]
[    0.004034] No NUMA configuration found
[    0.004035] Faking a node at [mem 0x0000000000000000-0x000000083f37ffff]
[    0.004039] NODE_DATA(0) allocated [mem 0x83f355000-0x83f37ffff]
[    0.004136] Zone ranges:
[    0.004136]   DMA      [mem 0x0000000000001000-0x0000000000ffffff]
[    0.004137]   DMA32    [mem 0x0000000001000000-0x00000000ffffffff]
[    0.004138]   Normal   [mem 0x0000000100000000-0x000000083f37ffff]
[    0.004139]   Device   empty
[    0.004140] Movable zone start for each node
[    0.004140] Early memory node ranges
[    0.004141]   node   0: [mem 0x0000000000001000-0x000000000009ffff]
[    0.004142]   node   0: [mem 0x0000000000100000-0x0000000009bfefff]
[    0.004142]   node   0: [mem 0x000000000a000000-0x000000000a1fffff]
[    0.004143]   node   0: [mem 0x000000000a20e000-0x000000000affffff]
[    0.004143]   node   0: [mem 0x000000000b020000-0x00000000bb31bfff]
[    0.004144]   node   0: [mem 0x00000000bdfff000-0x00000000beffffff]
[    0.004144]   node   0: [mem 0x0000000100000000-0x000000083f37ffff]
[    0.004146] Initmem setup node 0 [mem 0x0000000000001000-0x000000083f37ffff]
[    0.004150] On node 0, zone DMA: 1 pages in unavailable ranges
[    0.004160] On node 0, zone DMA: 96 pages in unavailable ranges
[    0.004244] On node 0, zone DMA32: 1025 pages in unavailable ranges
[    0.004252] On node 0, zone DMA32: 14 pages in unavailable ranges
[    0.006428] On node 0, zone DMA32: 32 pages in unavailable ranges
[    0.006505] On node 0, zone DMA32: 11491 pages in unavailable ranges
[    0.042101] On node 0, zone Normal: 4096 pages in unavailable ranges
[    0.042122] On node 0, zone Normal: 3200 pages in unavailable ranges
[    0.042566] ACPI: PM-Timer IO Port: 0x808
[    0.042575] ACPI: LAPIC_NMI (acpi_id[0xff] high edge lint[0x1])
[    0.042584] IOAPIC[0]: apic_id 17, version 33, address 0xfec00000, GSI 0-23
[    0.042588] IOAPIC[1]: apic_id 18, version 33, address 0xfec01000, GSI 24-55
[    0.042590] ACPI: INT_SRC_OVR (bus 0 bus_irq 0 global_irq 2 dfl dfl)
[    0.042591] ACPI: INT_SRC_OVR (bus 0 bus_irq 9 global_irq 9 low level)
[    0.042594] ACPI: Using ACPI (MADT) for SMP configuration information
[    0.042595] ACPI: HPET id: 0x10228201 base: 0xfed00000
[    0.042598] smpboot: Allowing 32 CPUs, 16 hotplug CPUs
[    0.042614] PM: hibernation: Registered nosave memory: [mem 0x00000000-0x00000fff]
[    0.042615] PM: hibernation: Registered nosave memory: [mem 0x000a0000-0x000fffff]
[    0.042616] PM: hibernation: Registered nosave memory: [mem 0x09bff000-0x09ffffff]
[    0.042617] PM: hibernation: Registered nosave memory: [mem 0x0a200000-0x0a20dfff]
[    0.042618] PM: hibernation: Registered nosave memory: [mem 0x0b000000-0x0b01ffff]
[    0.042619] PM: hibernation: Registered nosave memory: [mem 0xba953000-0xba953fff]
[    0.042620] PM: hibernation: Registered nosave memory: [mem 0xbb31c000-0xbdffefff]
[    0.042621] PM: hibernation: Registered nosave memory: [mem 0xbf000000-0xffffffff]
[    0.042623] [mem 0xc0000000-0xfe9fffff] available for PCI devices
[    0.042625] Booting paravirtualized kernel on bare hardware
[    0.042627] clocksource: refined-jiffies: mask: 0xffffffff max_cycles: 0xffffffff, max_idle_ns: 1910969940391419 ns
[    0.042633] setup_percpu: NR_CPUS:8192 nr_cpumask_bits:32 nr_cpu_ids:32 nr_node_ids:1
[    0.043990] percpu: Embedded 86 pages/cpu s229376 r8192 d114688 u524288
[    0.043994] pcpu-alloc: s229376 r8192 d114688 u524288 alloc=1*2097152
[    0.043996] pcpu-alloc: [0] 00 01 02 03 [0] 04 05 06 07 
[    0.043999] pcpu-alloc: [0] 08 09 10 11 [0] 12 13 14 15 
[    0.044002] pcpu-alloc: [0] 16 17 18 19 [0] 20 21 22 23 
[    0.044005] pcpu-alloc: [0] 24 25 26 27 [0] 28 29 30 31 
[    0.044021] Kernel command line: BOOT_IMAGE=/boot/vmlinuz-6.8.0-117-generic root=UUID=a076301c-b9f2-4913-9778-e6596aaa787b ro quiet splash modprobe.blacklist=amdgpu
[    0.044078] Unknown kernel command line parameters "splash", will be passed to user space.
[    0.046389] Dentry cache hash table entries: 4194304 (order: 13, 33554432 bytes, linear)
[    0.047538] Inode-cache hash table entries: 2097152 (order: 12, 16777216 bytes, linear)
[    0.047677] Fallback order for Node 0: 0 
[    0.047682] Built 1 zonelists, mobility grouping on.  Total pages: 8237732
[    0.047683] Policy zone: Normal
[    0.047689] mem auto-init: stack:all(zero), heap alloc:on, heap free:off
[    0.047693] software IO TLB: area num 32.
[    0.099055] Memory: 32618296K/33474612K available (22528K kernel code, 4438K rwdata, 14416K rodata, 4924K init, 4788K bss, 856056K reserved, 0K cma-reserved)
[    0.099654] SLUB: HWalign=64, Order=0-3, MinObjects=0, CPUs=32, Nodes=1
[    0.099675] ftrace: allocating 58286 entries in 228 pages
[    0.109194] ftrace: allocated 228 pages with 4 groups
[    0.109881] Dynamic Preempt: voluntary
[    0.109972] rcu: Preemptible hierarchical RCU implementation.
[    0.109972] rcu: 	RCU restricting CPUs from NR_CPUS=8192 to nr_cpu_ids=32.
[    0.109973] 	Trampoline variant of Tasks RCU enabled.
[    0.109974] 	Rude variant of Tasks RCU enabled.
[    0.109974] 	Tracing variant of Tasks RCU enabled.
[    0.109975] rcu: RCU calculated value of scheduler-enlistment delay is 100 jiffies.
[    0.109975] rcu: Adjusting geometry for rcu_fanout_leaf=16, nr_cpu_ids=32
[    0.109992] RCU Tasks: Setting shift to 5 and lim to 1 rcu_task_cb_adjust=1 rcu_task_cpu_ids=32.
[    0.109994] RCU Tasks Rude: Setting shift to 5 and lim to 1 rcu_task_cb_adjust=1 rcu_task_cpu_ids=32.
[    0.109997] RCU Tasks Trace: Setting shift to 5 and lim to 1 rcu_task_cb_adjust=1 rcu_task_cpu_ids=32.
[    0.111846] NR_IRQS: 524544, nr_irqs: 1224, preallocated irqs: 16
[    0.112032] rcu: srcu_init: Setting srcu_struct sizes based on contention.
[    0.112121] Console: colour dummy device 80x25
[    0.112123] printk: legacy console [tty0] enabled
[    0.112156] ACPI: Core revision 20230628
[    0.112275] clocksource: hpet: mask: 0xffffffff max_cycles: 0xffffffff, max_idle_ns: 133484873504 ns
[    0.112290] APIC: Switch to symmetric I/O mode setup
[    0.112391] x2apic: IRQ remapping doesn't support X2APIC mode
[    0.112937] ..TIMER: vector=0x30 apic1=0 pin1=2 apic2=-1 pin2=-1
[    0.117289] clocksource: tsc-early: mask: 0xffffffffffffffff max_cycles: 0x6d598b61f5f, max_idle_ns: 881591066010 ns
[    0.117292] Calibrating delay loop (skipped), value calculated using timer frequency.. 7586.14 BogoMIPS (lpj=3793070)
[    0.117304] x86/cpu: User Mode Instruction Prevention (UMIP) activated
[    0.117339] LVT offset 1 assigned for vector 0xf9
[    0.117457] LVT offset 2 assigned for vector 0xf4
[    0.117498] process: using mwait in idle threads
[    0.117500] Last level iTLB entries: 4KB 512, 2MB 512, 4MB 256
[    0.117500] Last level dTLB entries: 4KB 2048, 2MB 2048, 4MB 1024, 1GB 0
[    0.117502] Spectre V1 : Mitigation: usercopy/swapgs barriers and __user pointer sanitization
[    0.117504] Spectre V2 : Mitigation: Retpolines
[    0.117504] Spectre V2 : Spectre v2 / SpectreRSB: Filling RSB on context switch and VMEXIT
[    0.117505] Spectre V2 : Enabling Restricted Speculation for firmware calls
[    0.117506] Spectre V2 : mitigation: Enabling conditional Indirect Branch Prediction Barrier
[    0.117507] Spectre V2 : User space: Mitigation: STIBP always-on protection
[    0.117508] Speculative Store Bypass: Mitigation: Speculative Store Bypass disabled via prctl
[    0.117509] active return thunk: srso_alias_return_thunk
[    0.117512] Speculative Return Stack Overflow: Mitigation: Safe RET
[    0.117513] Transient Scheduler Attacks: Mitigation: Clear CPU buffers
[    0.117514] VMSCAPE: Mitigation: IBPB before exit to userspace
[    0.117518] x86/fpu: Supporting XSAVE feature 0x001: 'x87 floating point registers'
[    0.117518] x86/fpu: Supporting XSAVE feature 0x002: 'SSE registers'
[    0.117519] x86/fpu: Supporting XSAVE feature 0x004: 'AVX registers'
[    0.117519] x86/fpu: Supporting XSAVE feature 0x200: 'Protection Keys User registers'
[    0.117520] x86/fpu: Supporting XSAVE feature 0x800: 'Control-flow User registers'
[    0.117521] x86/fpu: xstate_offset[2]:  576, xstate_sizes[2]:  256
[    0.117522] x86/fpu: xstate_offset[9]:  832, xstate_sizes[9]:    8
[    0.117522] x86/fpu: xstate_offset[11]:  840, xstate_sizes[11]:   16
[    0.117523] x86/fpu: Enabled xstate features 0xa07, context size is 856 bytes, using 'compacted' format.
[    0.140070] Freeing SMP alternatives memory: 48K
[    0.140073] pid_max: default: 32768 minimum: 301
[    0.143332] LSM: initializing lsm=lockdown,capability,landlock,yama,apparmor,integrity
[    0.143352] landlock: Up and running.
[    0.143353] Yama: becoming mindful.
[    0.143389] AppArmor: AppArmor initialized
[    0.143462] Mount-cache hash table entries: 65536 (order: 7, 524288 bytes, linear)
[    0.143499] Mountpoint-cache hash table entries: 65536 (order: 7, 524288 bytes, linear)
[    0.246057] smpboot: CPU0: AMD Ryzen 7 5800X 8-Core Processor (family: 0x19, model: 0x21, stepping: 0x0)
[    0.246249] Performance Events: Fam17h+ core perfctr, AMD PMU driver.
[    0.246255] ... version:                0
[    0.246256] ... bit width:              48
[    0.246257] ... generic registers:      6
[    0.246258] ... value mask:             0000ffffffffffff
[    0.246259] ... max period:             00007fffffffffff
[    0.246260] ... fixed-purpose events:   0
[    0.246261] ... event mask:             000000000000003f
[    0.246291] signal: max sigframe size: 3376
[    0.246291] rcu: Hierarchical SRCU implementation.
[    0.246291] rcu: 	Max phase no-delay instances is 400.
[    0.248301] NMI watchdog: Enabled. Permanently consumes one hw-PMU counter.
[    0.248529] smp: Bringing up secondary CPUs ...
[    0.248628] smpboot: x86: Booting SMP configuration:
[    0.248629] .... node  #0, CPUs:        #1  #2  #3  #4  #5  #6  #7  #8  #9 #10 #11 #12 #13 #14 #15
[    0.260403] Spectre V2 : Update user space SMT mitigation: STIBP always-on
[    0.267334] smp: Brought up 1 node, 16 CPUs
[    0.267334] smpboot: Max logical packages: 2
[    0.267334] smpboot: Total of 16 processors activated (121378.24 BogoMIPS)
[    0.269625] devtmpfs: initialized
[    0.269625] x86/mm: Memory block size: 128MB
[    0.273103] ACPI: PM: Registering ACPI NVS region [mem 0x0a200000-0x0a20dfff] (57344 bytes)
[    0.273103] ACPI: PM: Registering ACPI NVS region [mem 0xbcad7000-0xbd1b6fff] (7208960 bytes)
[    0.273103] clocksource: jiffies: mask: 0xffffffff max_cycles: 0xffffffff, max_idle_ns: 1911260446275000 ns
[    0.273313] futex hash table entries: 8192 (order: 7, 524288 bytes, linear)
[    0.273411] pinctrl core: initialized pinctrl subsystem
[    0.273523] PM: RTC time: 19:17:03, date: 2026-06-10
[    0.273857] NET: Registered PF_NETLINK/PF_ROUTE protocol family
[    0.274141] DMA: preallocated 4096 KiB GFP_KERNEL pool for atomic allocations
[    0.274301] DMA: preallocated 4096 KiB GFP_KERNEL|GFP_DMA pool for atomic allocations
[    0.274458] DMA: preallocated 4096 KiB GFP_KERNEL|GFP_DMA32 pool for atomic allocations
[    0.274467] audit: initializing netlink subsys (disabled)
[    0.274474] audit: type=2000 audit(1781119023.162:1): state=initialized audit_enabled=0 res=1
[    0.274474] thermal_sys: Registered thermal governor 'fair_share'
[    0.274474] thermal_sys: Registered thermal governor 'bang_bang'
[    0.274474] thermal_sys: Registered thermal governor 'step_wise'
[    0.274474] thermal_sys: Registered thermal governor 'user_space'
[    0.274474] thermal_sys: Registered thermal governor 'power_allocator'
[    0.274474] cpuidle: using governor ladder
[    0.274474] cpuidle: using governor menu
[    0.274474] Detected 1 PCC Subspaces
[    0.274474] Registering PCC driver as Mailbox controller
[    0.274474] acpiphp: ACPI Hot Plug PCI Controller Driver version: 0.5
[    0.274474] PCI: ECAM [mem 0xf0000000-0xf7ffffff] (base 0xf0000000) for domain 0000 [bus 00-7f]
[    0.274474] PCI: Using configuration type 1 for base access
[    0.274573] kprobes: kprobe jump-optimization is enabled. All kprobes are optimized if possible.
[    0.275333] HugeTLB: registered 1.00 GiB page size, pre-allocated 0 pages
[    0.275333] HugeTLB: 16380 KiB vmemmap can be freed for a 1.00 GiB page
[    0.275333] HugeTLB: registered 2.00 MiB page size, pre-allocated 0 pages
[    0.275333] HugeTLB: 28 KiB vmemmap can be freed for a 2.00 MiB page
[    0.275395] ACPI: Added _OSI(Module Device)
[    0.275397] ACPI: Added _OSI(Processor Device)
[    0.275398] ACPI: Added _OSI(Processor Aggregator Device)
[    0.296371] ACPI: 12 ACPI AML tables successfully acquired and loaded
[    0.298937] ACPI: [Firmware Bug]: BIOS _OSI(Linux) query ignored
[    0.304907] ACPI: _OSC evaluation for CPUs failed, trying _PDC
[    0.306288] ACPI: Interpreter enabled
[    0.306306] ACPI: PM: (supports S0 S3 S4 S5)
[    0.306308] ACPI: Using IOAPIC for interrupt routing
[    0.308062] PCI: Using host bridge windows from ACPI; if necessary, use "pci=nocrs" and report a bug
[    0.308064] PCI: Ignoring E820 reservations for host bridge windows
[    0.308668] ACPI: Enabled 8 GPEs in block 00 to 1F
[    0.325334] ACPI: PCI Root Bridge [PCI0] (domain 0000 [bus 00-ff])
[    0.325340] acpi PNP0A08:00: _OSC: OS supports [ExtendedConfig ASPM ClockPM Segments MSI EDR HPX-Type3]
[    0.325463] acpi PNP0A08:00: _OSC: platform does not support [SHPCHotplug LTR DPC]
[    0.325685] acpi PNP0A08:00: _OSC: OS now controls [PCIeHotplug PME AER PCIeCapability]
[    0.325695] acpi PNP0A08:00: [Firmware Info]: ECAM [mem 0xf0000000-0xf7ffffff] for domain 0000 [bus 00-7f] only partially covers this bridge
[    0.326306] PCI host bridge to bus 0000:00
[    0.326308] pci_bus 0000:00: root bus resource [io  0x0000-0x03af window]
[    0.326310] pci_bus 0000:00: root bus resource [io  0x03e0-0x0cf7 window]
[    0.326312] pci_bus 0000:00: root bus resource [io  0x03b0-0x03df window]
[    0.326313] pci_bus 0000:00: root bus resource [io  0x0d00-0xffff window]
[    0.326315] pci_bus 0000:00: root bus resource [mem 0x000a0000-0x000dffff window]
[    0.326316] pci_bus 0000:00: root bus resource [mem 0xc0000000-0xfcffffff window]
[    0.326318] pci_bus 0000:00: root bus resource [mem 0x840000000-0x7fffffffff window]
[    0.326320] pci_bus 0000:00: root bus resource [bus 00-ff]
[    0.326338] pci 0000:00:00.0: [1022:1480] type 00 class 0x060000 conventional PCI endpoint
[    0.326447] pci 0000:00:01.0: [1022:1482] type 00 class 0x060000 conventional PCI endpoint
[    0.326512] pci 0000:00:01.1: [1022:1483] type 01 class 0x060400 PCIe Root Port
[    0.326528] pci 0000:00:01.1: PCI bridge to [bus 01]
[    0.326534] pci 0000:00:01.1:   bridge window [mem 0xfcf00000-0xfcffffff]
[    0.326548] pci 0000:00:01.1: enabling Extended Tags
[    0.326596] pci 0000:00:01.1: PME# supported from D0 D3hot D3cold
[    0.326733] pci 0000:00:01.2: [1022:1483] type 01 class 0x060400 PCIe Root Port
[    0.326749] pci 0000:00:01.2: PCI bridge to [bus 02-05]
[    0.326754] pci 0000:00:01.2:   bridge window [io  0xf000-0xffff]
[    0.326757] pci 0000:00:01.2:   bridge window [mem 0xfcc00000-0xfcefffff]
[    0.326770] pci 0000:00:01.2: enabling Extended Tags
[    0.326818] pci 0000:00:01.2: PME# supported from D0 D3hot D3cold
[    0.326986] pci 0000:00:02.0: [1022:1482] type 00 class 0x060000 conventional PCI endpoint
[    0.327048] pci 0000:00:03.0: [1022:1482] type 00 class 0x060000 conventional PCI endpoint
[    0.327107] pci 0000:00:03.1: [1022:1483] type 01 class 0x060400 PCIe Root Port
[    0.327122] pci 0000:00:03.1: PCI bridge to [bus 06-08]
[    0.327126] pci 0000:00:03.1:   bridge window [io  0xe000-0xefff]
[    0.327129] pci 0000:00:03.1:   bridge window [mem 0xfc500000-0xfc8fffff]
[    0.327135] pci 0000:00:03.1:   bridge window [mem 0x7000000000-0x780fffffff 64bit pref]
[    0.327180] pci 0000:00:03.1: PME# supported from D0 D3hot D3cold
[    0.327306] pci 0000:00:04.0: [1022:1482] type 00 class 0x060000 conventional PCI endpoint
[    0.327369] pci 0000:00:05.0: [1022:1482] type 00 class 0x060000 conventional PCI endpoint
[    0.327431] pci 0000:00:07.0: [1022:1482] type 00 class 0x060000 conventional PCI endpoint
[    0.327493] pci 0000:00:07.1: [1022:1484] type 01 class 0x060400 PCIe Root Port
[    0.327505] pci 0000:00:07.1: PCI bridge to [bus 09]
[    0.327518] pci 0000:00:07.1: enabling Extended Tags
[    0.327552] pci 0000:00:07.1: PME# supported from D0 D3hot D3cold
[    0.327665] pci 0000:00:08.0: [1022:1482] type 00 class 0x060000 conventional PCI endpoint
[    0.327725] pci 0000:00:08.1: [1022:1484] type 01 class 0x060400 PCIe Root Port
[    0.327739] pci 0000:00:08.1: PCI bridge to [bus 0a]
[    0.327744] pci 0000:00:08.1:   bridge window [mem 0xfc900000-0xfcbfffff]
[    0.327754] pci 0000:00:08.1: enabling Extended Tags
[    0.327792] pci 0000:00:08.1: PME# supported from D0 D3hot D3cold
[    0.327933] pci 0000:00:14.0: [1022:790b] type 00 class 0x0c0500 conventional PCI endpoint
[    0.328038] pci 0000:00:14.3: [1022:790e] type 00 class 0x060100 conventional PCI endpoint
[    0.328159] pci 0000:00:18.0: [1022:1440] type 00 class 0x060000 conventional PCI endpoint
[    0.328201] pci 0000:00:18.1: [1022:1441] type 00 class 0x060000 conventional PCI endpoint
[    0.328240] pci 0000:00:18.2: [1022:1442] type 00 class 0x060000 conventional PCI endpoint
[    0.328280] pci 0000:00:18.3: [1022:1443] type 00 class 0x060000 conventional PCI endpoint
[    0.328321] pci 0000:00:18.4: [1022:1444] type 00 class 0x060000 conventional PCI endpoint
[    0.328360] pci 0000:00:18.5: [1022:1445] type 00 class 0x060000 conventional PCI endpoint
[    0.328400] pci 0000:00:18.6: [1022:1446] type 00 class 0x060000 conventional PCI endpoint
[    0.328440] pci 0000:00:18.7: [1022:1447] type 00 class 0x060000 conventional PCI endpoint
[    0.328548] pci 0000:01:00.0: [8086:faf0] type 00 class 0x010802 PCIe Endpoint
[    0.328594] pci 0000:01:00.0: BAR 0 [mem 0xfcf00000-0xfcf03fff 64bit]
[    0.328805] pci 0000:00:01.1: PCI bridge to [bus 01]
[    0.328884] pci 0000:02:00.0: [1022:43ee] type 00 class 0x0c0330 PCIe Legacy Endpoint
[    0.328923] pci 0000:02:00.0: BAR 0 [mem 0xfcea0000-0xfcea7fff 64bit]
[    0.328935] pci 0000:02:00.0: enabling Extended Tags
[    0.328991] pci 0000:02:00.0: PME# supported from D3hot D3cold
[    0.329142] pci 0000:02:00.1: [1022:43eb] type 00 class 0x010601 PCIe Legacy Endpoint
[    0.329185] pci 0000:02:00.1: BAR 5 [mem 0xfce80000-0xfce9ffff]
[    0.329187] pci 0000:02:00.1: ROM [mem 0xfce00000-0xfce7ffff pref]
[    0.329194] pci 0000:02:00.1: enabling Extended Tags
[    0.329237] pci 0000:02:00.1: PME# supported from D3hot D3cold
[    0.329340] pci 0000:02:00.2: [1022:43e9] type 01 class 0x060400 PCIe Switch Upstream Port
[    0.329366] pci 0000:02:00.2: PCI bridge to [bus 03-05]
[    0.329372] pci 0000:02:00.2:   bridge window [io  0xf000-0xffff]
[    0.329376] pci 0000:02:00.2:   bridge window [mem 0xfcc00000-0xfcdfffff]
[    0.329397] pci 0000:02:00.2: enabling Extended Tags
[    0.329445] pci 0000:02:00.2: PME# supported from D3hot D3cold
[    0.329575] pci 0000:00:01.2: PCI bridge to [bus 02-05]
[    0.329721] pci 0000:03:00.0: [1022:43ea] type 01 class 0x060400 PCIe Switch Downstream Port
[    0.329748] pci 0000:03:00.0: PCI bridge to [bus 04]
[    0.329754] pci 0000:03:00.0:   bridge window [io  0xf000-0xffff]
[    0.329758] pci 0000:03:00.0:   bridge window [mem 0xfcd00000-0xfcdfffff]
[    0.329781] pci 0000:03:00.0: enabling Extended Tags
[    0.329839] pci 0000:03:00.0: PME# supported from D3hot D3cold
[    0.329969] pci 0000:03:01.0: [1022:43ea] type 01 class 0x060400 PCIe Switch Downstream Port
[    0.329996] pci 0000:03:01.0: PCI bridge to [bus 05]
[    0.330004] pci 0000:03:01.0:   bridge window [mem 0xfcc00000-0xfccfffff]
[    0.330027] pci 0000:03:01.0: enabling Extended Tags
[    0.330086] pci 0000:03:01.0: PME# supported from D3hot D3cold
[    0.330216] pci 0000:02:00.2: PCI bridge to [bus 03-05]
[    0.330303] pci 0000:04:00.0: [10ec:8168] type 00 class 0x020000 PCIe Endpoint
[    0.330385] pci 0000:04:00.0: BAR 0 [io  0xf000-0xf0ff]
[    0.330393] pci 0000:04:00.0: BAR 2 [mem 0xfcd04000-0xfcd04fff 64bit]
[    0.330399] pci 0000:04:00.0: BAR 4 [mem 0xfcd00000-0xfcd03fff 64bit]
[    0.330557] pci 0000:04:00.0: supports D1 D2
[    0.330559] pci 0000:04:00.0: PME# supported from D0 D1 D2 D3hot D3cold
[    0.330822] pci 0000:03:00.0: PCI bridge to [bus 04]
[    0.330949] pci 0000:05:00.0: [8086:24fb] type 00 class 0x028000 PCIe Endpoint
[    0.331055] pci 0000:05:00.0: BAR 0 [mem 0xfcc00000-0xfcc01fff 64bit]
[    0.331245] pci 0000:05:00.0: PME# supported from D0 D3hot D3cold
[    0.331575] pci 0000:03:01.0: PCI bridge to [bus 05]
[    0.331664] pci 0000:06:00.0: [1002:1478] type 01 class 0x060400 PCIe Switch Upstream Port
[    0.331685] pci 0000:06:00.0: BAR 0 [mem 0xfc800000-0xfc803fff]
[    0.331689] pci 0000:06:00.0: PCI bridge to [bus 07-08]
[    0.331695] pci 0000:06:00.0:   bridge window [io  0xe000-0xefff]
[    0.331698] pci 0000:06:00.0:   bridge window [mem 0xfc500000-0xfc7fffff]
[    0.331707] pci 0000:06:00.0:   bridge window [mem 0x7000000000-0x780fffffff 64bit pref]
[    0.331785] pci 0000:06:00.0: PME# supported from D0 D3hot D3cold
[    0.331960] pci 0000:00:03.1: PCI bridge to [bus 06-08]
[    0.332029] pci 0000:07:00.0: [1002:1479] type 01 class 0x060400 PCIe Switch Downstream Port
[    0.332052] pci 0000:07:00.0: PCI bridge to [bus 08]
[    0.332057] pci 0000:07:00.0:   bridge window [io  0xe000-0xefff]
[    0.332060] pci 0000:07:00.0:   bridge window [mem 0xfc500000-0xfc7fffff]
[    0.332069] pci 0000:07:00.0:   bridge window [mem 0x7000000000-0x780fffffff 64bit pref]
[    0.332147] pci 0000:07:00.0: PME# supported from D0 D3hot D3cold
[    0.332950] pci 0000:06:00.0: PCI bridge to [bus 07-08]
[    0.333030] pci 0000:08:00.0: [1002:744c] type 00 class 0x030000 PCIe Legacy Endpoint
[    0.333078] pci 0000:08:00.0: BAR 0 [mem 0x7000000000-0x77ffffffff 64bit pref]
[    0.333082] pci 0000:08:00.0: BAR 2 [mem 0x7800000000-0x780fffffff 64bit pref]
[    0.333084] pci 0000:08:00.0: BAR 4 [io  0xe000-0xe0ff]
[    0.333086] pci 0000:08:00.0: BAR 5 [mem 0xfc600000-0xfc6fffff]
[    0.333089] pci 0000:08:00.0: ROM [mem 0xfc700000-0xfc71ffff pref]
[    0.333175] pci 0000:08:00.0: PME# supported from D1 D2 D3hot D3cold
[    0.333352] pci 0000:08:00.1: [1002:ab30] type 00 class 0x040300 PCIe Legacy Endpoint
[    0.333383] pci 0000:08:00.1: BAR 0 [mem 0xfc724000-0xfc727fff]
[    0.333446] pci 0000:08:00.1: PME# supported from D1 D2 D3hot D3cold
[    0.333567] pci 0000:08:00.2: [1002:7446] type 00 class 0x0c0330 PCIe Endpoint
[    0.333601] pci 0000:08:00.2: BAR 0 [mem 0xfc500000-0xfc5fffff 64bit]
[    0.333666] pci 0000:08:00.2: PME# supported from D0 D3hot D3cold
[    0.333760] pci 0000:08:00.3: [1002:7444] type 00 class 0x0c8000 PCIe Endpoint
[    0.333792] pci 0000:08:00.3: BAR 0 [mem 0xfc720000-0xfc723fff 64bit]
[    0.333852] pci 0000:08:00.3: PME# supported from D0 D3hot
[    0.333974] pci 0000:07:00.0: PCI bridge to [bus 08]
[    0.334035] pci 0000:09:00.0: [1022:148a] type 00 class 0x130000 PCIe Endpoint
[    0.334059] pci 0000:09:00.0: enabling Extended Tags
[    0.334192] pci 0000:00:07.1: PCI bridge to [bus 09]
[    0.334254] pci 0000:0a:00.0: [1022:1485] type 00 class 0x130000 PCIe Endpoint
[    0.334281] pci 0000:0a:00.0: enabling Extended Tags
[    0.334407] pci 0000:0a:00.1: [1022:1486] type 00 class 0x108000 PCIe Endpoint
[    0.334430] pci 0000:0a:00.1: BAR 2 [mem 0xfca00000-0xfcafffff]
[    0.334433] pci 0000:0a:00.1: BAR 5 [mem 0xfcb08000-0xfcb09fff]
[    0.334439] pci 0000:0a:00.1: enabling Extended Tags
[    0.334546] pci 0000:0a:00.3: [1022:149c] type 00 class 0x0c0330 PCIe Endpoint
[    0.334568] pci 0000:0a:00.3: BAR 0 [mem 0xfc900000-0xfc9fffff 64bit]
[    0.334576] pci 0000:0a:00.3: enabling Extended Tags
[    0.334613] pci 0000:0a:00.3: PME# supported from D0 D3hot D3cold
[    0.334720] pci 0000:0a:00.4: [1022:1487] type 00 class 0x040300 PCIe Endpoint
[    0.334741] pci 0000:0a:00.4: BAR 0 [mem 0xfcb00000-0xfcb07fff]
[    0.334749] pci 0000:0a:00.4: enabling Extended Tags
[    0.334784] pci 0000:0a:00.4: PME# supported from D0 D3hot D3cold
[    0.334889] pci 0000:00:08.1: PCI bridge to [bus 0a]
[    0.336604] ACPI: PCI: Interrupt link LNKA configured for IRQ 0
[    0.336672] ACPI: PCI: Interrupt link LNKB configured for IRQ 0
[    0.336732] ACPI: PCI: Interrupt link LNKC configured for IRQ 0
[    0.336802] ACPI: PCI: Interrupt link LNKD configured for IRQ 0
[    0.336867] ACPI: PCI: Interrupt link LNKE configured for IRQ 0
[    0.336921] ACPI: PCI: Interrupt link LNKF configured for IRQ 0
[    0.336976] ACPI: PCI: Interrupt link LNKG configured for IRQ 0
[    0.337029] ACPI: PCI: Interrupt link LNKH configured for IRQ 0
[    0.338159] iommu: Default domain type: Translated
[    0.338159] iommu: DMA domain TLB invalidation policy: lazy mode
[    0.338342] SCSI subsystem initialized
[    0.338354] libata version 3.00 loaded.
[    0.338354] ACPI: bus type USB registered
[    0.338354] usbcore: registered new interface driver usbfs
[    0.338354] usbcore: registered new interface driver hub
[    0.338354] usbcore: registered new device driver usb
[    0.338375] pps_core: LinuxPPS API ver. 1 registered
[    0.338376] pps_core: Software ver. 5.3.6 - Copyright 2005-2007 Rodolfo Giometti <giometti@linux.it>
[    0.338379] PTP clock support registered
[    0.338396] EDAC MC: Ver: 3.0.0
[    0.338443] efivars: Registered efivars operations
[    0.338494] NetLabel: Initializing
[    0.338496] NetLabel:  domain hash size = 128
[    0.338497] NetLabel:  protocols = UNLABELED CIPSOv4 CALIPSO
[    0.338515] NetLabel:  unlabeled traffic allowed by default
[    0.338528] mctp: management component transport protocol core
[    0.338528] NET: Registered PF_MCTP protocol family
[    0.338528] PCI: Using ACPI for IRQ routing
[    0.342436] PCI: pci_cache_line_size set to 64 bytes
[    0.342630] e820: reserve RAM buffer [mem 0x09bff000-0x0bffffff]
[    0.342632] e820: reserve RAM buffer [mem 0x0a200000-0x0bffffff]
[    0.342634] e820: reserve RAM buffer [mem 0x0b000000-0x0bffffff]
[    0.342635] e820: reserve RAM buffer [mem 0xb75c8018-0xb7ffffff]
[    0.342636] e820: reserve RAM buffer [mem 0xba953000-0xbbffffff]
[    0.342637] e820: reserve RAM buffer [mem 0xbb31c000-0xbbffffff]
[    0.342638] e820: reserve RAM buffer [mem 0xbf000000-0xbfffffff]
[    0.342639] e820: reserve RAM buffer [mem 0x83f380000-0x83fffffff]
[    0.342697] pci 0000:08:00.0: vgaarb: setting as boot VGA device
[    0.342697] pci 0000:08:00.0: vgaarb: bridge control possible
[    0.342697] pci 0000:08:00.0: vgaarb: VGA device added: decodes=io+mem,owns=none,locks=none
[    0.342697] vgaarb: loaded
[    0.342697] hpet0: at MMIO 0xfed00000, IRQs 2, 8, 0
[    0.342697] hpet0: 3 comparators, 32-bit 14.318180 MHz counter
[    0.344343] clocksource: Switched to clocksource tsc-early
[    0.345069] VFS: Disk quotas dquot_6.6.0
[    0.345083] VFS: Dquot-cache hash table entries: 512 (order 0, 4096 bytes)
[    0.345241] AppArmor: AppArmor Filesystem Enabled
[    0.345272] pnp: PnP ACPI init
[    0.345362] system 00:00: [mem 0xf0000000-0xf7ffffff] has been reserved
[    0.345405] system 00:01: [mem 0xfeb80000-0xfebfffff] has been reserved
[    0.345488] system 00:02: [mem 0xfd200000-0xfd2fffff] has been reserved
[    0.345778] system 00:04: [io  0x0280-0x028f] has been reserved
[    0.345781] system 00:04: [io  0x0290-0x029f] has been reserved
[    0.345783] system 00:04: [io  0x02a0-0x02af] has been reserved
[    0.345784] system 00:04: [io  0x02b0-0x02bf] has been reserved
[    0.346084] pnp 00:05: [dma 0 disabled]
[    0.346415] system 00:06: [io  0x04d0-0x04d1] has been reserved
[    0.346417] system 00:06: [io  0x040b] has been reserved
[    0.346419] system 00:06: [io  0x04d6] has been reserved
[    0.346420] system 00:06: [io  0x0c00-0x0c01] has been reserved
[    0.346422] system 00:06: [io  0x0c14] has been reserved
[    0.346424] system 00:06: [io  0x0c50-0x0c51] has been reserved
[    0.346425] system 00:06: [io  0x0c52] has been reserved
[    0.346427] system 00:06: [io  0x0c6c] has been reserved
[    0.346428] system 00:06: [io  0x0c6f] has been reserved
[    0.346430] system 00:06: [io  0x0cd8-0x0cdf] has been reserved
[    0.346432] system 00:06: [io  0x0800-0x089f] has been reserved
[    0.346433] system 00:06: [io  0x0b00-0x0b0f] has been reserved
[    0.346435] system 00:06: [io  0x0b20-0x0b3f] has been reserved
[    0.346438] system 00:06: [io  0x0900-0x090f] has been reserved
[    0.346439] system 00:06: [io  0x0910-0x091f] has been reserved
[    0.346441] system 00:06: [mem 0xfec00000-0xfec00fff] could not be reserved
[    0.346443] system 00:06: [mem 0xfec01000-0xfec01fff] could not be reserved
[    0.346445] system 00:06: [mem 0xfedc0000-0xfedc0fff] has been reserved
[    0.346447] system 00:06: [mem 0xfee00000-0xfee00fff] has been reserved
[    0.346449] system 00:06: [mem 0xfed80000-0xfed8ffff] could not be reserved
[    0.346451] system 00:06: [mem 0xfec10000-0xfec10fff] has been reserved
[    0.346453] system 00:06: [mem 0xff000000-0xffffffff] has been reserved
[    0.347235] pnp: PnP ACPI: found 7 devices
[    0.353103] clocksource: acpi_pm: mask: 0xffffff max_cycles: 0xffffff, max_idle_ns: 2085701024 ns
[    0.353173] NET: Registered PF_INET protocol family
[    0.353332] IP idents hash table entries: 262144 (order: 9, 2097152 bytes, linear)
[    0.365685] tcp_listen_portaddr_hash hash table entries: 16384 (order: 6, 262144 bytes, linear)
[    0.365701] Table-perturb hash table entries: 65536 (order: 6, 262144 bytes, linear)
[    0.365738] TCP established hash table entries: 262144 (order: 9, 2097152 bytes, linear)
[    0.365988] TCP bind hash table entries: 65536 (order: 9, 2097152 bytes, linear)
[    0.366070] TCP: Hash tables configured (established 262144 bind 65536)
[    0.366218] MPTCP token hash table entries: 32768 (order: 8, 786432 bytes, linear)
[    0.366273] UDP hash table entries: 16384 (order: 7, 524288 bytes, linear)
[    0.366330] UDP-Lite hash table entries: 16384 (order: 7, 524288 bytes, linear)
[    0.366407] NET: Registered PF_UNIX/PF_LOCAL protocol family
[    0.366413] NET: Registered PF_XDP protocol family
[    0.366424] pci 0000:00:01.1: PCI bridge to [bus 01]
[    0.366428] pci 0000:00:01.1:   bridge window [mem 0xfcf00000-0xfcffffff]
[    0.366434] pci 0000:03:00.0: PCI bridge to [bus 04]
[    0.366437] pci 0000:03:00.0:   bridge window [io  0xf000-0xffff]
[    0.366442] pci 0000:03:00.0:   bridge window [mem 0xfcd00000-0xfcdfffff]
[    0.366449] pci 0000:03:01.0: PCI bridge to [bus 05]
[    0.366454] pci 0000:03:01.0:   bridge window [mem 0xfcc00000-0xfccfffff]
[    0.366461] pci 0000:02:00.2: PCI bridge to [bus 03-05]
[    0.366464] pci 0000:02:00.2:   bridge window [io  0xf000-0xffff]
[    0.366468] pci 0000:02:00.2:   bridge window [mem 0xfcc00000-0xfcdfffff]
[    0.366475] pci 0000:00:01.2: PCI bridge to [bus 02-05]
[    0.366477] pci 0000:00:01.2:   bridge window [io  0xf000-0xffff]
[    0.366481] pci 0000:00:01.2:   bridge window [mem 0xfcc00000-0xfcefffff]
[    0.366486] pci 0000:07:00.0: PCI bridge to [bus 08]
[    0.366493] pci 0000:07:00.0:   bridge window [io  0xe000-0xefff]
[    0.366497] pci 0000:07:00.0:   bridge window [mem 0xfc500000-0xfc7fffff]
[    0.366500] pci 0000:07:00.0:   bridge window [mem 0x7000000000-0x780fffffff 64bit pref]
[    0.366505] pci 0000:06:00.0: PCI bridge to [bus 07-08]
[    0.366507] pci 0000:06:00.0:   bridge window [io  0xe000-0xefff]
[    0.366511] pci 0000:06:00.0:   bridge window [mem 0xfc500000-0xfc7fffff]
[    0.366515] pci 0000:06:00.0:   bridge window [mem 0x7000000000-0x780fffffff 64bit pref]
[    0.366520] pci 0000:00:03.1: PCI bridge to [bus 06-08]
[    0.366521] pci 0000:00:03.1:   bridge window [io  0xe000-0xefff]
[    0.366524] pci 0000:00:03.1:   bridge window [mem 0xfc500000-0xfc8fffff]
[    0.366527] pci 0000:00:03.1:   bridge window [mem 0x7000000000-0x780fffffff 64bit pref]
[    0.366531] pci 0000:00:07.1: PCI bridge to [bus 09]
[    0.366537] pci 0000:00:08.1: PCI bridge to [bus 0a]
[    0.366539] pci 0000:00:08.1:   bridge window [mem 0xfc900000-0xfcbfffff]
[    0.366544] pci_bus 0000:00: resource 4 [io  0x0000-0x03af window]
[    0.366546] pci_bus 0000:00: resource 5 [io  0x03e0-0x0cf7 window]
[    0.366548] pci_bus 0000:00: resource 6 [io  0x03b0-0x03df window]
[    0.366549] pci_bus 0000:00: resource 7 [io  0x0d00-0xffff window]
[    0.366550] pci_bus 0000:00: resource 8 [mem 0x000a0000-0x000dffff window]
[    0.366552] pci_bus 0000:00: resource 9 [mem 0xc0000000-0xfcffffff window]
[    0.366554] pci_bus 0000:00: resource 10 [mem 0x840000000-0x7fffffffff window]
[    0.366555] pci_bus 0000:01: resource 1 [mem 0xfcf00000-0xfcffffff]
[    0.366557] pci_bus 0000:02: resource 0 [io  0xf000-0xffff]
[    0.366559] pci_bus 0000:02: resource 1 [mem 0xfcc00000-0xfcefffff]
[    0.366560] pci_bus 0000:03: resource 0 [io  0xf000-0xffff]
[    0.366562] pci_bus 0000:03: resource 1 [mem 0xfcc00000-0xfcdfffff]
[    0.366563] pci_bus 0000:04: resource 0 [io  0xf000-0xffff]
[    0.366565] pci_bus 0000:04: resource 1 [mem 0xfcd00000-0xfcdfffff]
[    0.366566] pci_bus 0000:05: resource 1 [mem 0xfcc00000-0xfccfffff]
[    0.366568] pci_bus 0000:06: resource 0 [io  0xe000-0xefff]
[    0.366569] pci_bus 0000:06: resource 1 [mem 0xfc500000-0xfc8fffff]
[    0.366570] pci_bus 0000:06: resource 2 [mem 0x7000000000-0x780fffffff 64bit pref]
[    0.366572] pci_bus 0000:07: resource 0 [io  0xe000-0xefff]
[    0.366573] pci_bus 0000:07: resource 1 [mem 0xfc500000-0xfc7fffff]
[    0.366575] pci_bus 0000:07: resource 2 [mem 0x7000000000-0x780fffffff 64bit pref]
[    0.366577] pci_bus 0000:08: resource 0 [io  0xe000-0xefff]
[    0.366578] pci_bus 0000:08: resource 1 [mem 0xfc500000-0xfc7fffff]
[    0.366579] pci_bus 0000:08: resource 2 [mem 0x7000000000-0x780fffffff 64bit pref]
[    0.366581] pci_bus 0000:0a: resource 1 [mem 0xfc900000-0xfcbfffff]
[    0.366871] pci 0000:08:00.1: D0 power state depends on 0000:08:00.0
[    0.366927] pci 0000:08:00.2: D0 power state depends on 0000:08:00.0
[    0.367114] pci 0000:08:00.3: D0 power state depends on 0000:08:00.0
[    0.367274] PCI: CLS 64 bytes, default 64
[    0.367285] PCI-DMA: Using software bounce buffering for IO (SWIOTLB)
[    0.367286] software IO TLB: mapped [mem 0x00000000b35c8000-0x00000000b75c8000] (64MB)
[    0.367330] LVT offset 0 assigned for vector 0x400
[    0.367332] Trying to unpack rootfs image as initramfs...
[    0.370443] perf: AMD IBS detected (0x000003ff)
[    0.371266] Initialise system trusted keyrings
[    0.371275] Key type blacklist registered
[    0.371301] workingset: timestamp_bits=36 max_order=23 bucket_order=0
[    0.371310] zbud: loaded
[    0.371559] squashfs: version 4.0 (2009/01/31) Phillip Lougher
[    0.371639] fuse: init (API version 7.39)
[    0.371749] integrity: Platform Keyring initialized
[    0.371752] integrity: Machine keyring initialized
[    0.379882] Key type asymmetric registered
[    0.379883] Asymmetric key parser 'x509' registered
[    0.379899] Block layer SCSI generic (bsg) driver version 0.4 loaded (major 243)
[    0.379935] io scheduler mq-deadline registered
[    0.380930] pcieport 0000:00:01.1: PME: Signaling with IRQ 27
[    0.381047] pcieport 0000:00:01.2: PME: Signaling with IRQ 28
[    0.381149] pcieport 0000:00:03.1: PME: Signaling with IRQ 29
[    0.381320] pcieport 0000:00:07.1: PME: Signaling with IRQ 31
[    0.381373] pcieport 0000:00:07.1: AER: enabled with IRQ 31
[    0.381461] pcieport 0000:00:08.1: PME: Signaling with IRQ 32
[    0.381520] pcieport 0000:00:08.1: AER: enabled with IRQ 32
[    0.382124] shpchp: Standard Hot Plug PCI Controller Driver version: 0.4
[    0.382282] input: Power Button as /devices/LNXSYSTM:00/LNXSYBUS:00/PNP0C0C:00/input/input0
[    0.382302] ACPI: button: Power Button [PWRB]
[    0.382337] input: Power Button as /devices/LNXSYSTM:00/LNXPWRBN:00/input/input1
[    0.382376] ACPI: button: Power Button [PWRF]
[    0.383758] Estimated ratio of average max frequency by base frequency (times 1024): 1165
[    0.383773] Monitor-Mwait will be used to enter C-1 state
[    0.383778] ACPI: \_SB_.PLTF.C000: Found 2 idle states
[    0.383934] ACPI: \_SB_.PLTF.C002: Found 2 idle states
[    0.384068] ACPI: \_SB_.PLTF.C004: Found 2 idle states
[    0.384203] ACPI: \_SB_.PLTF.C006: Found 2 idle states
[    0.384332] ACPI: \_SB_.PLTF.C008: Found 2 idle states
[    0.384438] ACPI: \_SB_.PLTF.C00A: Found 2 idle states
[    0.384539] ACPI: \_SB_.PLTF.C00C: Found 2 idle states
[    0.384658] ACPI: \_SB_.PLTF.C00E: Found 2 idle states
[    0.384742] ACPI: \_SB_.PLTF.C001: Found 2 idle states
[    0.384857] ACPI: \_SB_.PLTF.C003: Found 2 idle states
[    0.384964] ACPI: \_SB_.PLTF.C005: Found 2 idle states
[    0.385075] ACPI: \_SB_.PLTF.C007: Found 2 idle states
[    0.385183] ACPI: \_SB_.PLTF.C009: Found 2 idle states
[    0.385293] ACPI: \_SB_.PLTF.C00B: Found 2 idle states
[    0.385404] ACPI: \_SB_.PLTF.C00D: Found 2 idle states
[    0.385517] ACPI: \_SB_.PLTF.C00F: Found 2 idle states
[    0.385752] Serial: 8250/16550 driver, 32 ports, IRQ sharing enabled
[    0.406444] 00:05: ttyS0 at I/O 0x3f8 (irq = 4, base_baud = 115200) is a 16550A
[    0.410004] Linux agpgart interface v0.103
[    0.422780] tpm_crb MSFT0101:00: Disabling hwrng
[    0.426517] loop: module loaded
[    0.426719] ACPI: bus type drm_connector registered
[    0.427429] tun: Universal TUN/TAP device driver, 1.6
[    0.427466] PPP generic driver version 2.4.2
[    0.427589] i8042: PNP: No PS/2 controller found.
[    0.427638] mousedev: PS/2 mouse device common for all mice
[    0.427722] rtc_cmos 00:03: RTC can wake from S4
[    0.427916] rtc_cmos 00:03: registered as rtc0
[    0.427941] rtc_cmos 00:03: setting system clock to 2026-06-10T19:17:03 UTC (1781119023)
[    0.427966] rtc_cmos 00:03: alarms up to one month, y3k, 114 bytes nvram
[    0.427974] i2c_dev: i2c /dev entries driver
[    0.427995] device-mapper: core: CONFIG_IMA_DISABLE_HTABLE is disabled. Duplicate IMA measurements will not be recorded in the IMA log.
[    0.428004] device-mapper: uevent: version 1.0.3
[    0.428046] device-mapper: ioctl: 4.48.0-ioctl (2023-03-01) initialised: dm-devel@redhat.com
[    0.428050] amd_pstate: driver load is disabled, boot with specific mode to enable this
[    0.428148] ledtrig-cpu: registered to indicate activity on CPUs
[    0.428219] drop_monitor: Initializing network drop monitor service
[    0.428307] NET: Registered PF_INET6 protocol family
[    0.453094] Freeing initrd memory: 73244K
[    0.458179] Segment Routing with IPv6
[    0.458188] In-situ OAM (IOAM) with IPv6
[    0.458212] NET: Registered PF_PACKET protocol family
[    0.458243] Key type dns_resolver registered
[    0.459524] microcode: Current revision: 0x0a201030
[    0.459771] resctrl: L3 allocation detected
[    0.459773] resctrl: MB allocation detected
[    0.459774] resctrl: L3 monitoring detected
[    0.459819] IPI shorthand broadcast: enabled
[    0.461865] sched_clock: Marking stable (461499825, 236850)->(479048573, -17311898)
[    0.461962] registered taskstats version 1
[    0.462392] Loading compiled-in X.509 certificates
[    0.462712] Loaded X.509 cert 'Build time autogenerated kernel key: 4616851849424b6aa13d3fe487d4bbc60db2a85f'
[    0.462982] Loaded X.509 cert 'Canonical Ltd. Live Patch Signing 2025 Kmod: d541cef61dc7e793b7eb7e899970a2eef0b5dc8c'
[    0.463252] Loaded X.509 cert 'Canonical Ltd. Live Patch Signing: 14df34d1a87cf37625abec039ef2bf521249b969'
[    0.463518] Loaded X.509 cert 'Canonical Ltd. Kernel Module Signing 2025 Kmod: 4627603d2357a2a3f81006370894c221175893e9'
[    0.463787] Loaded X.509 cert 'Canonical Ltd. Kernel Module Signing: 88f752e560a1e0737e31163a466ad7b70a850c19'
[    0.463788] blacklist: Loading compiled-in revocation X.509 certificates
[    0.463801] Loaded X.509 cert 'Canonical Ltd. Secure Boot Signing: 61482aa2830d0ab2ad5af10b7250da9033ddcef0'
[    0.463812] Loaded X.509 cert 'Canonical Ltd. Secure Boot Signing (2017): 242ade75ac4a15e50d50c84b0d45ff3eae707a03'
[    0.463823] Loaded X.509 cert 'Canonical Ltd. Secure Boot Signing (ESM 2018): 365188c1d374d6b07c3c8f240f8ef722433d6a8b'
[    0.463833] Loaded X.509 cert 'Canonical Ltd. Secure Boot Signing (2019): c0746fd6c5da3ae827864651ad66ae47fe24b3e8'
[    0.463843] Loaded X.509 cert 'Canonical Ltd. Secure Boot Signing (2021 v1): a8d54bbb3825cfb94fa13c9f8a594a195c107b8d'
[    0.463853] Loaded X.509 cert 'Canonical Ltd. Secure Boot Signing (2021 v2): 4cf046892d6fd3c9a5b03f98d845f90851dc6a8c'
[    0.463866] Loaded X.509 cert 'Canonical Ltd. Secure Boot Signing (2021 v3): 100437bb6de6e469b581e61cd66bce3ef4ed53af'
[    0.463878] Loaded X.509 cert 'Canonical Ltd. Secure Boot Signing (Ubuntu Core 2019): c1d57b8f6b743f23ee41f4f7ee292f06eecadfb9'
[    0.467669] Key type .fscrypt registered
[    0.467671] Key type fscrypt-provisioning registered
[    0.467712] Key type trusted registered
[    0.478942] Key type encrypted registered
[    0.478945] AppArmor: AppArmor sha256 policy hashing enabled
[    0.479040] Loading compiled-in module X.509 certificates
[    0.479386] Loaded X.509 cert 'Build time autogenerated kernel key: 4616851849424b6aa13d3fe487d4bbc60db2a85f'
[    0.479389] ima: Allocated hash algorithm: sha256
[    0.511781] ima: No architecture policies found
[    0.511794] evm: Initialising EVM extended attributes:
[    0.511796] evm: security.selinux
[    0.511797] evm: security.SMACK64
[    0.511799] evm: security.SMACK64EXEC
[    0.511800] evm: security.SMACK64TRANSMUTE
[    0.511801] evm: security.SMACK64MMAP
[    0.511802] evm: security.apparmor
[    0.511803] evm: security.ima
[    0.511805] evm: security.capability
[    0.511806] evm: HMAC attrs: 0x1
[    0.512102] PM:   Magic number: 14:486:293
[    0.512126] tty tty26: hash matches
[    0.512149] acpi STK0001A:01: hash matches
[    0.512180] memory memory155: hash matches
[    0.538547] RAS: Correctable Errors collector initialized.
[    0.538761] clk: Disabling unused clocks
[    0.540927] Freeing unused decrypted memory: 2028K
[    0.541723] Freeing unused kernel image (initmem) memory: 4924K
[    0.541727] Write protecting the kernel read-only data: 38912k
[    0.542376] Freeing unused kernel image (rodata/data gap) memory: 1968K
[    0.587011] x86/mm: Checked W+X mappings: passed, no W+X pages found.
[    0.587016] Run /init as init process
[    0.587017]   with arguments:
[    0.587018]     /init
[    0.587019]     splash
[    0.587021]   with environment:
[    0.587022]     HOME=/
[    0.587023]     TERM=linux
[    0.730079] xhci_hcd 0000:02:00.0: xHCI Host Controller
[    0.730091] xhci_hcd 0000:02:00.0: new USB bus registered, assigned bus number 1
[    0.731244] ahci 0000:02:00.1: version 3.0
[    0.731396] ahci 0000:02:00.1: SSS flag set, parallel bus scan disabled
[    0.731451] ahci 0000:02:00.1: AHCI 0001.0301 32 slots 6 ports 6 Gbps 0x3f impl SATA mode
[    0.731454] ahci 0000:02:00.1: flags: 64bit ncq sntf stag pm led clo only pmp pio slum part sxs deso sadm sds apst 
[    0.732409] scsi host0: ahci
[    0.734151] scsi host1: ahci
[    0.734465] scsi host2: ahci
[    0.734715] scsi host3: ahci
[    0.735089] scsi host4: ahci
[    0.735247] scsi host5: ahci
[    0.735329] ata1: SATA max UDMA/133 abar m131072@0xfce80000 port 0xfce80100 irq 39 lpm-pol 0
[    0.735334] ata2: SATA max UDMA/133 abar m131072@0xfce80000 port 0xfce80180 irq 39 lpm-pol 0
[    0.735337] ata3: SATA max UDMA/133 abar m131072@0xfce80000 port 0xfce80200 irq 39 lpm-pol 0
[    0.735339] ata4: SATA max UDMA/133 abar m131072@0xfce80000 port 0xfce80280 irq 39 lpm-pol 0
[    0.735342] ata5: SATA max UDMA/133 abar m131072@0xfce80000 port 0xfce80300 irq 39 lpm-pol 0
[    0.735344] ata6: SATA max UDMA/133 abar m131072@0xfce80000 port 0xfce80380 irq 39 lpm-pol 0
[    0.743488] r8169 0000:04:00.0 eth0: RTL8168h/8111h, a8:a1:59:34:d6:1c, XID 541, IRQ 40
[    0.743493] r8169 0000:04:00.0 eth0: jumbo features [frames: 9194 bytes, tx checksumming: ko]
[    0.785390] xhci_hcd 0000:02:00.0: hcc params 0x0200ef81 hci version 0x110 quirks 0x0000000000000010
[    0.785672] xhci_hcd 0000:02:00.0: xHCI Host Controller
[    0.785676] xhci_hcd 0000:02:00.0: new USB bus registered, assigned bus number 2
[    0.785679] xhci_hcd 0000:02:00.0: Host supports USB 3.1 Enhanced SuperSpeed
[    0.785752] usb usb1: New USB device found, idVendor=1d6b, idProduct=0002, bcdDevice= 6.08
[    0.785754] usb usb1: New USB device strings: Mfr=3, Product=2, SerialNumber=1
[    0.785756] usb usb1: Product: xHCI Host Controller
[    0.785758] usb usb1: Manufacturer: Linux 6.8.0-117-generic xhci-hcd
[    0.785759] usb usb1: SerialNumber: 0000:02:00.0
[    0.785887] hub 1-0:1.0: USB hub found
[    0.785910] hub 1-0:1.0: 10 ports detected
[    0.786316] usb usb2: We don't know the algorithms for LPM for this host, disabling LPM.
[    0.786336] usb usb2: New USB device found, idVendor=1d6b, idProduct=0003, bcdDevice= 6.08
[    0.786338] usb usb2: New USB device strings: Mfr=3, Product=2, SerialNumber=1
[    0.786339] usb usb2: Product: xHCI Host Controller
[    0.786341] usb usb2: Manufacturer: Linux 6.8.0-117-generic xhci-hcd
[    0.786342] usb usb2: SerialNumber: 0000:02:00.0
[    0.786418] hub 2-0:1.0: USB hub found
[    0.786427] hub 2-0:1.0: 4 ports detected
[    0.786749] xhci_hcd 0000:08:00.2: xHCI Host Controller
[    0.786754] xhci_hcd 0000:08:00.2: new USB bus registered, assigned bus number 3
[    0.787114] xhci_hcd 0000:08:00.2: hcc params 0x0110ffc5 hci version 0x120 quirks 0x0000000200000010
[    0.787307] xhci_hcd 0000:08:00.2: xHCI Host Controller
[    0.787310] xhci_hcd 0000:08:00.2: new USB bus registered, assigned bus number 4
[    0.787313] xhci_hcd 0000:08:00.2: Host supports USB 3.1 Enhanced SuperSpeed
[    0.787343] usb usb3: New USB device found, idVendor=1d6b, idProduct=0002, bcdDevice= 6.08
[    0.787345] usb usb3: New USB device strings: Mfr=3, Product=2, SerialNumber=1
[    0.787347] usb usb3: Product: xHCI Host Controller
[    0.787348] usb usb3: Manufacturer: Linux 6.8.0-117-generic xhci-hcd
[    0.787349] usb usb3: SerialNumber: 0000:08:00.2
[    0.787420] hub 3-0:1.0: USB hub found
[    0.787426] hub 3-0:1.0: 1 port detected
[    0.787491] usb usb4: We don't know the algorithms for LPM for this host, disabling LPM.
[    0.787514] usb usb4: New USB device found, idVendor=1d6b, idProduct=0003, bcdDevice= 6.08
[    0.787515] usb usb4: New USB device strings: Mfr=3, Product=2, SerialNumber=1
[    0.787517] usb usb4: Product: xHCI Host Controller
[    0.787518] usb usb4: Manufacturer: Linux 6.8.0-117-generic xhci-hcd
[    0.787519] usb usb4: SerialNumber: 0000:08:00.2
[    0.787594] hub 4-0:1.0: USB hub found
[    0.787600] hub 4-0:1.0: 1 port detected
[    0.787711] xhci_hcd 0000:0a:00.3: xHCI Host Controller
[    0.787715] xhci_hcd 0000:0a:00.3: new USB bus registered, assigned bus number 5
[    0.787818] xhci_hcd 0000:0a:00.3: hcc params 0x0278ffe5 hci version 0x110 quirks 0x0000000000000010
[    0.788030] xhci_hcd 0000:0a:00.3: xHCI Host Controller
[    0.788033] xhci_hcd 0000:0a:00.3: new USB bus registered, assigned bus number 6
[    0.788035] xhci_hcd 0000:0a:00.3: Host supports USB 3.1 Enhanced SuperSpeed
[    0.788064] usb usb5: New USB device found, idVendor=1d6b, idProduct=0002, bcdDevice= 6.08
[    0.788066] usb usb5: New USB device strings: Mfr=3, Product=2, SerialNumber=1
[    0.788068] usb usb5: Product: xHCI Host Controller
[    0.788069] usb usb5: Manufacturer: Linux 6.8.0-117-generic xhci-hcd
[    0.788071] usb usb5: SerialNumber: 0000:0a:00.3
[    0.788156] hub 5-0:1.0: USB hub found
[    0.788163] hub 5-0:1.0: 4 ports detected
[    0.788363] usb usb6: We don't know the algorithms for LPM for this host, disabling LPM.
[    0.788385] usb usb6: New USB device found, idVendor=1d6b, idProduct=0003, bcdDevice= 6.08
[    0.788387] usb usb6: New USB device strings: Mfr=3, Product=2, SerialNumber=1
[    0.788388] usb usb6: Product: xHCI Host Controller
[    0.788389] usb usb6: Manufacturer: Linux 6.8.0-117-generic xhci-hcd
[    0.788391] usb usb6: SerialNumber: 0000:0a:00.3
[    0.788467] hub 6-0:1.0: USB hub found
[    0.788474] hub 6-0:1.0: 4 ports detected
[    1.029149] usb 5-2: new high-speed USB device number 2 using xhci_hcd
[    1.039879] ata1: SATA link down (SStatus 0 SControl 300)
[    1.091152] usb 1-6: new full-speed USB device number 2 using xhci_hcd
[    1.155410] usb 5-2: New USB device found, idVendor=2357, idProduct=011e, bcdDevice= 2.00
[    1.155414] usb 5-2: New USB device strings: Mfr=1, Product=2, SerialNumber=3
[    1.155416] usb 5-2: Product: 802.11ac WLAN Adapter 
[    1.155418] usb 5-2: Manufacturer: Realtek 
[    1.155420] usb 5-2: SerialNumber: 00e04c000001
[    1.424549] tsc: Refined TSC clocksource calibration: 3792.873 MHz
[    1.424561] clocksource: tsc: mask: 0xffffffffffffffff max_cycles: 0x6d5818a734c, max_idle_ns: 881590694765 ns
[    1.424593] clocksource: Switched to clocksource tsc
[    1.445151] usb 1-6: New USB device found, idVendor=1e71, idProduct=2007, bcdDevice= 2.00
[    1.445161] usb 1-6: New USB device strings: Mfr=1, Product=2, SerialNumber=3
[    1.445165] usb 1-6: Product: NZXT USB Device
[    1.445169] usb 1-6: Manufacturer: NZXT. - Inc.
[    1.445172] usb 1-6: SerialNumber: 00000000001A
[    1.488609] ata2: SATA link up 6.0 Gbps (SStatus 133 SControl 300)
[    1.492084] ata2.00: ATA-9: TEAM T253X2001T, S1230A0, max UDMA/133
[    1.494134] ata2.00: 2000409264 sectors, multi 1: LBA48 NCQ (depth 32), AA
[    1.501253] ata2.00: Features: Dev-Sleep
[    1.516336] ata2.00: configured for UDMA/133
[    1.516607] scsi 1:0:0:0: Direct-Access     ATA      TEAM T253X2001T  0A0  PQ: 0 ANSI: 5
[    1.516983] sd 1:0:0:0: Attached scsi generic sg0 type 0
[    1.517059] sd 1:0:0:0: [sda] 2000409264 512-byte logical blocks: (1.02 TB/954 GiB)
[    1.517075] sd 1:0:0:0: [sda] Write Protect is off
[    1.517079] sd 1:0:0:0: [sda] Mode Sense: 00 3a 00 00
[    1.517096] sd 1:0:0:0: [sda] Write cache: enabled, read cache: enabled, doesn't support DPO or FUA
[    1.517119] sd 1:0:0:0: [sda] Preferred minimum I/O size 512 bytes
[    1.517893]  sda: sda1 sda2 sda3
[    1.518016] sd 1:0:0:0: [sda] Attached SCSI disk
[    1.629545] usb 1-8: new full-speed USB device number 3 using xhci_hcd
[    1.821914] ata3: SATA link down (SStatus 0 SControl 330)
[    1.934281] usb 1-8: New USB device found, idVendor=26ce, idProduct=01a2, bcdDevice= 0.00
[    1.934290] usb 1-8: New USB device strings: Mfr=1, Product=2, SerialNumber=3
[    1.934293] usb 1-8: Product: LED Controller
[    1.934296] usb 1-8: Manufacturer: ASRock
[    1.934299] usb 1-8: SerialNumber: A02019100900
[    2.121492] usb 1-9: new full-speed USB device number 4 using xhci_hcd
[    2.125996] ata4: SATA link down (SStatus 0 SControl 330)
[    2.438792] ata5: SATA link down (SStatus 0 SControl 330)
[    2.493134] usb 1-9: New USB device found, idVendor=8087, idProduct=0aa7, bcdDevice= 0.01
[    2.493144] usb 1-9: New USB device strings: Mfr=0, Product=0, SerialNumber=0
[    2.751375] ata6: SATA link down (SStatus 0 SControl 330)
[    2.753648] r8169 0000:04:00.0 enp4s0: renamed from eth0
[    2.754647] nvme nvme0: pci function 0000:01:00.0
[    2.758525] hid: raw HID events driver (C) Jiri Kosina
[    2.762693] nvme nvme0: 8/0/0 default/read/poll queues
[    2.765326]  nvme0n1: p1 p2 p3
[    2.792837] usbcore: registered new interface driver usbhid
[    2.792840] usbhid: USB HID core driver
[    2.794721] hid-generic 0003:1E71:2007.0001: hiddev0,hidraw0: USB HID v1.11 Device [NZXT. - Inc. NZXT USB Device] on usb-0000:02:00.0-6/input0
[    2.794799] input: ASRock LED Controller as /devices/pci0000:00/0000:00:01.2/0000:02:00.0/usb1/1-8/1-8:1.0/0003:26CE:01A2.0002/input/input2
[    2.846711] hid-generic 0003:26CE:01A2.0002: input,hidraw1: USB HID v1.10 Device [ASRock LED Controller] on usb-0000:02:00.0-8/input0
[    3.916661] EXT4-fs (nvme0n1p3): mounted filesystem a076301c-b9f2-4913-9778-e6596aaa787b ro with ordered data mode. Quota mode: none.
[    3.996639] systemd[1]: Inserted module 'autofs4'
[    4.006552] systemd[1]: systemd 255.4-1ubuntu8.15 running in system mode (+PAM +AUDIT +SELINUX +APPARMOR +IMA +SMACK +SECCOMP +GCRYPT -GNUTLS +OPENSSL +ACL +BLKID +CURL +ELFUTILS +FIDO2 +IDN2 -IDN +IPTC +KMOD +LIBCRYPTSETUP +LIBFDISK +PCRE2 -PWQUALITY +P11KIT +QRENCODE +TPM2 +BZIP2 +LZ4 +XZ +ZLIB +ZSTD -BPF_FRAMEWORK -XKBCOMMON +UTMP +SYSVINIT default-hierarchy=unified)
[    4.006562] systemd[1]: Detected architecture x86-64.
[    4.007243] systemd[1]: Hostname set to <ubuntu-dualboot>.
[    4.070233] systemd[1]: Configuration file /run/systemd/system/netplan-ovs-cleanup.service is marked world-inaccessible. This has no effect as configuration data is accessible via APIs without restrictions. Proceeding anyway.
[    4.114273] systemd[1]: Queued start job for default target graphical.target.
[    4.131252] systemd[1]: Created slice system-modprobe.slice - Slice /system/modprobe.
[    4.131649] systemd[1]: Created slice system-systemd\x2dfsck.slice - Slice /system/systemd-fsck.
[    4.131851] systemd[1]: Created slice user.slice - User and Session Slice.
[    4.131899] systemd[1]: Started systemd-ask-password-wall.path - Forward Password Requests to Wall Directory Watch.
[    4.132023] systemd[1]: Set up automount proc-sys-fs-binfmt_misc.automount - Arbitrary Executable File Formats File System Automount Point.
[    4.132039] systemd[1]: Expecting device dev-disk-by\x2duuid-6EE4\x2d6614.device - /dev/disk/by-uuid/6EE4-6614...
[    4.132052] systemd[1]: Reached target integritysetup.target - Local Integrity Protected Volumes.
[    4.132062] systemd[1]: Reached target network-pre.target - Preparation for Network.
[    4.132071] systemd[1]: Reached target remote-fs.target - Remote File Systems.
[    4.132077] systemd[1]: Reached target slices.target - Slice Units.
[    4.132084] systemd[1]: Reached target snapd.mounts-pre.target - Mounting snaps.
[    4.132092] systemd[1]: Reached target swap.target - Swaps.
[    4.132103] systemd[1]: Reached target veritysetup.target - Local Verity Protected Volumes.
[    4.132224] systemd[1]: Listening on syslog.socket - Syslog Socket.
[    4.132305] systemd[1]: Listening on systemd-fsckd.socket - fsck to fsckd communication Socket.
[    4.132346] systemd[1]: Listening on systemd-initctl.socket - initctl Compatibility Named Pipe.
[    4.132422] systemd[1]: Listening on systemd-journald-dev-log.socket - Journal Socket (/dev/log).
[    4.132510] systemd[1]: Listening on systemd-journald.socket - Journal Socket.
[    4.132639] systemd[1]: Listening on systemd-oomd.socket - Userspace Out-Of-Memory (OOM) Killer Socket.
[    4.132664] systemd[1]: systemd-pcrextend.socket - TPM2 PCR Extension (Varlink) was skipped because of an unmet condition check (ConditionSecurity=measured-uki).
[    4.132762] systemd[1]: Listening on systemd-udevd-control.socket - udev Control Socket.
[    4.132839] systemd[1]: Listening on systemd-udevd-kernel.socket - udev Kernel Socket.
[    4.133479] systemd[1]: Mounting dev-hugepages.mount - Huge Pages File System...
[    4.133981] systemd[1]: Mounting dev-mqueue.mount - POSIX Message Queue File System...
[    4.134486] systemd[1]: Mounting sys-kernel-debug.mount - Kernel Debug File System...
[    4.134978] systemd[1]: Mounting sys-kernel-tracing.mount - Kernel Trace File System...
[    4.136087] systemd[1]: Starting systemd-journald.service - Journal Service...
[    4.136711] systemd[1]: Starting keyboard-setup.service - Set the console keyboard layout...
[    4.137264] systemd[1]: Starting kmod-static-nodes.service - Create List of Static Device Nodes...
[    4.137825] systemd[1]: Starting modprobe@configfs.service - Load Kernel Module configfs...
[    4.138555] systemd[1]: Starting modprobe@dm_mod.service - Load Kernel Module dm_mod...
[    4.139276] systemd[1]: Starting modprobe@drm.service - Load Kernel Module drm...
[    4.140006] systemd[1]: Starting modprobe@efi_pstore.service - Load Kernel Module efi_pstore...
[    4.140740] systemd[1]: Starting modprobe@fuse.service - Load Kernel Module fuse...
[    4.141400] systemd[1]: Starting modprobe@loop.service - Load Kernel Module loop...
[    4.141490] systemd[1]: systemd-fsck-root.service - File System Check on Root Device was skipped because of an unmet condition check (ConditionPathExists=!/run/initramfs/fsck-root).
[    4.143048] systemd[1]: Starting systemd-modules-load.service - Load Kernel Modules...
[    4.143062] systemd[1]: systemd-pcrmachine.service - TPM2 PCR Machine ID Measurement was skipped because of an unmet condition check (ConditionSecurity=measured-uki).
[    4.143712] systemd[1]: Starting systemd-remount-fs.service - Remount Root and Kernel File Systems...
[    4.143747] systemd[1]: systemd-tpm2-setup-early.service - TPM2 SRK Setup (Early) was skipped because of an unmet condition check (ConditionSecurity=measured-uki).
[    4.144296] pstore: Using crash dump compression: deflate
[    4.144410] systemd[1]: Starting systemd-udev-trigger.service - Coldplug All udev Devices...
[    4.144998] pstore: Registered efi_pstore as persistent store backend
[    4.145346] systemd[1]: Mounted dev-hugepages.mount - Huge Pages File System.
[    4.145425] systemd[1]: Mounted dev-mqueue.mount - POSIX Message Queue File System.
[    4.145498] systemd[1]: Mounted sys-kernel-debug.mount - Kernel Debug File System.
[    4.145571] systemd[1]: Mounted sys-kernel-tracing.mount - Kernel Trace File System.
[    4.145727] systemd[1]: Finished kmod-static-nodes.service - Create List of Static Device Nodes.
[    4.145957] systemd[1]: modprobe@configfs.service: Deactivated successfully.
[    4.146065] systemd[1]: Finished modprobe@configfs.service - Load Kernel Module configfs.
[    4.146157] systemd-journald[389]: Collecting audit messages is disabled.
[    4.146323] systemd[1]: modprobe@dm_mod.service: Deactivated successfully.
[    4.146427] systemd[1]: Finished modprobe@dm_mod.service - Load Kernel Module dm_mod.
[    4.146623] systemd[1]: modprobe@drm.service: Deactivated successfully.
[    4.146725] systemd[1]: Finished modprobe@drm.service - Load Kernel Module drm.
[    4.146917] systemd[1]: modprobe@efi_pstore.service: Deactivated successfully.
[    4.147023] systemd[1]: Finished modprobe@efi_pstore.service - Load Kernel Module efi_pstore.
[    4.147215] systemd[1]: modprobe@fuse.service: Deactivated successfully.
[    4.147325] systemd[1]: Finished modprobe@fuse.service - Load Kernel Module fuse.
[    4.147514] systemd[1]: modprobe@loop.service: Deactivated successfully.
[    4.147615] systemd[1]: Finished modprobe@loop.service - Load Kernel Module loop.
[    4.148324] systemd[1]: Mounting sys-fs-fuse-connections.mount - FUSE Control File System...
[    4.148814] systemd[1]: Mounting sys-kernel-config.mount - Kernel Configuration File System...
[    4.148850] systemd[1]: systemd-repart.service - Repartition Root Disk was skipped because no trigger condition checks were met.
[    4.149435] systemd[1]: Starting systemd-tmpfiles-setup-dev-early.service - Create Static Device Nodes in /dev gracefully...
[    4.152046] lp: driver loaded but no devices found
[    4.152625] systemd[1]: Mounted sys-fs-fuse-connections.mount - FUSE Control File System.
[    4.152719] systemd[1]: Mounted sys-kernel-config.mount - Kernel Configuration File System.
[    4.153927] ppdev: user-space parallel port driver
[    4.157373] EXT4-fs (nvme0n1p3): re-mounted a076301c-b9f2-4913-9778-e6596aaa787b r/w.
[    4.158022] systemd[1]: Finished systemd-remount-fs.service - Remount Root and Kernel File Systems.
[    4.158615] systemd[1]: systemd-hwdb-update.service - Rebuild Hardware Database was skipped because of an unmet condition check (ConditionNeedsUpdate=/etc).
[    4.158642] systemd[1]: systemd-pstore.service - Platform Persistent Storage Archival was skipped because of an unmet condition check (ConditionDirectoryNotEmpty=/sys/fs/pstore).
[    4.159212] systemd[1]: Starting systemd-random-seed.service - Load/Save OS Random Seed...
[    4.159225] systemd[1]: systemd-tpm2-setup.service - TPM2 SRK Setup was skipped because of an unmet condition check (ConditionSecurity=measured-uki).
[    4.161296] systemd[1]: Finished systemd-tmpfiles-setup-dev-early.service - Create Static Device Nodes in /dev gracefully.
[    4.161410] systemd[1]: systemd-sysusers.service - Create System Users was skipped because no trigger condition checks were met.
[    4.162141] systemd[1]: Starting systemd-tmpfiles-setup-dev.service - Create Static Device Nodes in /dev...
[    4.168296] systemd[1]: Finished keyboard-setup.service - Set the console keyboard layout.
[    4.169758] systemd[1]: Finished systemd-random-seed.service - Load/Save OS Random Seed.
[    4.170027] systemd[1]: Finished systemd-tmpfiles-setup-dev.service - Create Static Device Nodes in /dev.
[    4.170097] systemd[1]: Reached target local-fs-pre.target - Preparation for Local File Systems.
[    4.171032] systemd[1]: Mounting snap-bare-5.mount - Mount unit for bare, revision 5...
[    4.171601] systemd[1]: Mounting snap-core24-1643.mount - Mount unit for core24, revision 1643...
[    4.172250] systemd[1]: Mounting snap-firefox-8387.mount - Mount unit for firefox, revision 8387...
[    4.172805] systemd[1]: Mounting snap-firefox-8417.mount - Mount unit for firefox, revision 8417...
[    4.173483] systemd[1]: Mounting snap-gnome\x2d46\x2d2404-153.mount - Mount unit for gnome-46-2404, revision 153...
[    4.174140] systemd[1]: Mounting snap-gtk\x2dcommon\x2dthemes-1535.mount - Mount unit for gtk-common-themes, revision 1535...
[    4.174982] systemd[1]: Mounting snap-mesa\x2d2404-1165.mount - Mount unit for mesa-2404, revision 1165...
[    4.175544] loop0: detected capacity change from 0 to 136816
[    4.175618] loop1: detected capacity change from 0 to 8
[    4.175744] loop2: detected capacity change from 0 to 508992
[    4.175840] systemd[1]: Mounting snap-snapd-26865.mount - Mount unit for snapd, revision 26865...
[    4.176598] loop3: detected capacity change from 0 to 509160
[    4.176734] systemd[1]: Starting systemd-udevd.service - Rule-based Manager for Device Events and Files...
[    4.177361] loop4: detected capacity change from 0 to 1241248
[    4.178476] systemd[1]: Finished systemd-modules-load.service - Load Kernel Modules.
[    4.178742] loop5: detected capacity change from 0 to 187776
[    4.178933] loop6: detected capacity change from 0 to 808920
[    4.179624] loop7: detected capacity change from 0 to 100888
[    4.179643] systemd[1]: Mounted snap-bare-5.mount - Mount unit for bare, revision 5.
[    4.181022] systemd[1]: Mounted snap-core24-1643.mount - Mount unit for core24, revision 1643.
[    4.182371] systemd[1]: Mounted snap-firefox-8387.mount - Mount unit for firefox, revision 8387.
[    4.182491] systemd[1]: Mounted snap-firefox-8417.mount - Mount unit for firefox, revision 8417.
[    4.182568] systemd[1]: Mounted snap-gnome\x2d46\x2d2404-153.mount - Mount unit for gnome-46-2404, revision 153.
[    4.182641] systemd[1]: Mounted snap-gtk\x2dcommon\x2dthemes-1535.mount - Mount unit for gtk-common-themes, revision 1535.
[    4.182712] systemd[1]: Mounted snap-mesa\x2d2404-1165.mount - Mount unit for mesa-2404, revision 1165.
[    4.182782] systemd[1]: Mounted snap-snapd-26865.mount - Mount unit for snapd, revision 26865.
[    4.182902] systemd[1]: Reached target snapd.mounts.target - Mounted snaps.
[    4.183446] systemd[1]: Starting systemd-sysctl.service - Apply Kernel Variables...
[    4.191056] systemd[1]: Finished systemd-sysctl.service - Apply Kernel Variables.
[    4.194127] systemd[1]: Started systemd-journald.service - Journal Service.
[    4.199993] systemd-journald[389]: Received client request to flush runtime journal.
[    4.207352] systemd-journald[389]: /var/log/journal/288b6cba6cec405188c18f26e7617eed/system.journal: Journal file uses a different sequence number ID, rotating.
[    4.207356] systemd-journald[389]: Rotating system journal.
[    4.365495] piix4_smbus 0000:00:14.0: SMBus Host Controller at 0xb00, revision 0
[    4.365501] piix4_smbus 0000:00:14.0: Using register 0x02 for SMBus port selection
[    4.373074] piix4_smbus 0000:00:14.0: Auxiliary SMBus Host Controller at 0xb20
[    4.378694] ccp 0000:0a:00.1: enabling device (0000 -> 0002)
[    4.383578] RAPL PMU: API unit is 2^-32 Joules, 1 fixed counters, 163840 ms ovfl timer
[    4.383581] RAPL PMU: hw unit of domain package 2^-16 Joules
[    4.387382] ccp 0000:0a:00.1: ccp: unable to access the device: you might be running a broken BIOS.
[    4.387400] ccp 0000:0a:00.1: psp enabled
[    4.417658] cfg80211: Loading compiled-in X.509 certificates for regulatory database
[    4.417941] Loaded X.509 cert 'sforshee: 00b28ddf47aef9cea7'
[    4.418049] Loaded X.509 cert 'wens: 61c038651aabdcf94bd0ac7ff06c7248db18c600'
[    4.432979] cryptd: max_cpu_qlen set to 1000
[    4.433377] i2c-designware-pci 0000:08:00.3: enabling device (0000 -> 0002)
[    4.433395] Bluetooth: Core ver 2.22
[    4.433417] NET: Registered PF_BLUETOOTH protocol family
[    4.433418] Bluetooth: HCI device and connection manager initialized
[    4.433424] Bluetooth: HCI socket layer initialized
[    4.433427] Bluetooth: L2CAP socket layer initialized
[    4.433431] Bluetooth: SCO socket layer initialized
[    4.436650] AVX2 version of gcm_enc/dec engaged.
[    4.436702] AES CTR mode by8 optimization enabled
[    4.444699] Intel(R) Wireless WiFi driver for Linux
[    4.444717] usbcore: registered new interface driver btusb
[    4.444808] iwlwifi 0000:05:00.0: enabling device (0000 -> 0002)
[    4.445468] iwlwifi 0000:05:00.0: Detected crf-id 0x0, cnv-id 0x0 wfpm id 0x0
[    4.445478] iwlwifi 0000:05:00.0: PCI dev 24fb/2110, rev=0x220, rfid=0xd55555d5
[    4.449267] iwlwifi 0000:05:00.0: loaded firmware version 29.198743027.0 3168-29.ucode op_mode iwlmvm
[    4.461874] Bluetooth: hci0: Legacy ROM 2.x revision 5.0 build 25 week 20 2015
[    4.462780] Bluetooth: hci0: Intel Bluetooth firmware file: intel/ibt-hw-37.8.10-fw-22.50.19.14.f.bseq
[    4.539467] kvm_amd: TSC scaling supported
[    4.539471] kvm_amd: Nested Virtualization enabled
[    4.539472] kvm_amd: Nested Paging enabled
[    4.539473] kvm_amd: LBR virtualization supported
[    4.539488] kvm_amd: Virtual VMLOAD VMSAVE supported
[    4.539489] kvm_amd: Virtual GIF supported
[    4.550498] MCE: In-kernel MCE decoding enabled.
[    4.551113] iwlwifi 0000:05:00.0: Detected Intel(R) Dual Band Wireless AC 3168, REV=0x220
[    4.551174] thermal thermal_zone0: failed to read out thermal zone (-61)
[    4.552292] snd_hda_intel 0000:08:00.1: enabling device (0000 -> 0002)
[    4.552386] snd_hda_intel 0000:08:00.1: Handle vga_switcheroo audio client
[    4.552388] snd_hda_intel 0000:08:00.1: Force to non-snoop mode
[    4.552553] snd_hda_intel 0000:0a:00.4: enabling device (0000 -> 0002)
[    4.558993] input: HDA ATI HDMI HDMI/DP,pcm=3 as /devices/pci0000:00/0000:00:03.1/0000:06:00.0/0000:07:00.0/0000:08:00.1/sound/card0/input3
[    4.559105] input: HDA ATI HDMI HDMI/DP,pcm=7 as /devices/pci0000:00/0000:00:03.1/0000:06:00.0/0000:07:00.0/0000:08:00.1/sound/card0/input4
[    4.559189] input: HDA ATI HDMI HDMI/DP,pcm=8 as /devices/pci0000:00/0000:00:03.1/0000:06:00.0/0000:07:00.0/0000:08:00.1/sound/card0/input5
[    4.559270] input: HDA ATI HDMI HDMI/DP,pcm=9 as /devices/pci0000:00/0000:00:03.1/0000:06:00.0/0000:07:00.0/0000:08:00.1/sound/card0/input6
[    4.567478] snd_hda_codec_realtek hdaudioC1D0: autoconfig for ALC887-VD: line_outs=1 (0x14/0x0/0x0/0x0/0x0) type:line
[    4.567481] snd_hda_codec_realtek hdaudioC1D0:    speaker_outs=0 (0x0/0x0/0x0/0x0/0x0)
[    4.567483] snd_hda_codec_realtek hdaudioC1D0:    hp_outs=1 (0x1b/0x0/0x0/0x0/0x0)
[    4.567485] snd_hda_codec_realtek hdaudioC1D0:    mono: mono_out=0x0
[    4.567487] snd_hda_codec_realtek hdaudioC1D0:    inputs:
[    4.567489] snd_hda_codec_realtek hdaudioC1D0:      Rear Mic=0x18
[    4.567491] snd_hda_codec_realtek hdaudioC1D0:      Front Mic=0x19
[    4.567493] snd_hda_codec_realtek hdaudioC1D0:      Line=0x1a
[    4.569119] iwlwifi 0000:05:00.0: base HW address: 04:33:c2:22:c0:81, OTP minor version: 0x0
[    4.587935] input: HD-Audio Generic Rear Mic as /devices/pci0000:00/0000:00:08.1/0000:0a:00.4/sound/card1/input7
[    4.587992] input: HD-Audio Generic Front Mic as /devices/pci0000:00/0000:00:08.1/0000:0a:00.4/sound/card1/input8
[    4.588083] input: HD-Audio Generic Line as /devices/pci0000:00/0000:00:08.1/0000:0a:00.4/sound/card1/input9
[    4.588138] input: HD-Audio Generic Line Out as /devices/pci0000:00/0000:00:08.1/0000:0a:00.4/sound/card1/input10
[    4.588197] input: HD-Audio Generic Front Headphone as /devices/pci0000:00/0000:00:08.1/0000:0a:00.4/sound/card1/input11
[    4.590254] intel_rapl_common: Found RAPL domain package
[    4.590257] intel_rapl_common: Found RAPL domain core
[    4.619313] ieee80211 phy0: Selected rate control algorithm 'iwl-mvm-rs'
[    4.621984] iwlwifi 0000:05:00.0 wlp5s0: renamed from wlan0
[    5.181430] audit: type=1400 audit(1781119028.252:2): apparmor="STATUS" operation="profile_load" profile="unconfined" name="ch-run" pid=657 comm="apparmor_parser"
[    5.181445] audit: type=1400 audit(1781119028.252:3): apparmor="STATUS" operation="profile_load" profile="unconfined" name="devhelp" pid=664 comm="apparmor_parser"
[    5.181478] audit: type=1400 audit(1781119028.252:4): apparmor="STATUS" operation="profile_load" profile="unconfined" name="element-desktop" pid=665 comm="apparmor_parser"
[    5.181512] audit: type=1400 audit(1781119028.252:5): apparmor="STATUS" operation="profile_load" profile="unconfined" name="cam" pid=655 comm="apparmor_parser"
[    5.181548] audit: type=1400 audit(1781119028.252:6): apparmor="STATUS" operation="profile_load" profile="unconfined" name="1password" pid=647 comm="apparmor_parser"
[    5.181583] audit: type=1400 audit(1781119028.252:7): apparmor="STATUS" operation="profile_load" profile="unconfined" name="Discord" pid=648 comm="apparmor_parser"
[    5.181614] audit: type=1400 audit(1781119028.252:8): apparmor="STATUS" operation="profile_load" profile="unconfined" name="chrome" pid=658 comm="apparmor_parser"
[    5.181648] audit: type=1400 audit(1781119028.252:9): apparmor="STATUS" operation="profile_load" profile="unconfined" name="QtWebEngineProcess" pid=650 comm="apparmor_parser"
[    5.181682] audit: type=1400 audit(1781119028.252:10): apparmor="STATUS" operation="profile_load" profile="unconfined" name="buildah" pid=654 comm="apparmor_parser"
[    5.341177] kauditd_printk_skb: 123 callbacks suppressed
[    5.341181] audit: type=1400 audit(1781119028.411:134): apparmor="STATUS" operation="profile_replace" info="same as current profile, skipping" profile="unconfined" name="rsyslogd" pid=837 comm="apparmor_parser"
[    5.348065] Bluetooth: BNEP (Ethernet Emulation) ver 1.3
[    5.348069] Bluetooth: BNEP filters: protocol multicast
[    5.348076] Bluetooth: BNEP socket layer initialized
[    5.441562] block nvme0n1: No UUID available providing old NGUID
[    5.466048] NET: Registered PF_QIPCRTR protocol family
[    5.552361] loop8: detected capacity change from 0 to 8
[    5.657041] audit: type=1400 audit(1781119028.727:135): apparmor="STATUS" operation="profile_replace" info="same as current profile, skipping" profile="unconfined" name="/usr/lib/snapd/snap-confine" pid=1016 comm="apparmor_parser"
[    5.949253] Generic FE-GE Realtek PHY r8169-0-400:00: attached PHY driver (mii_bus:phy_addr=r8169-0-400:00, irq=MAC)
[    5.965931] Bluetooth: hci0: Intel BT fw patch 0x43 completed & activated
[    6.113385] r8169 0000:04:00.0 enp4s0: Link is Down
[    6.177900] ACPI: \: failed to evaluate _DSM bf0212f2-788f-c64d-a5b3-1f738e285ade (0x1001)
[    6.177905] ACPI: \: failed to evaluate _DSM bf0212f2-788f-c64d-a5b3-1f738e285ade (0x1001)
[    6.177908] ACPI: \: failed to evaluate _DSM bf0212f2-788f-c64d-a5b3-1f738e285ade (0x1001)
[    6.177910] ACPI: \: failed to evaluate _DSM bf0212f2-788f-c64d-a5b3-1f738e285ade (0x1001)
[    6.177913] ACPI: \: failed to evaluate _DSM bf0212f2-788f-c64d-a5b3-1f738e285ade (0x1001)
[    6.177915] ACPI: \: failed to evaluate _DSM bf0212f2-788f-c64d-a5b3-1f738e285ade (0x1001)
[    6.177917] ACPI: \: failed to evaluate _DSM bf0212f2-788f-c64d-a5b3-1f738e285ade (0x1001)
[    6.178969] iwlwifi 0000:05:00.0: Registered PHC clock: iwlwifi-PTP, with index: 0
[    6.193120] Bluetooth: MGMT ver 1.22
[    6.195413] NET: Registered PF_ALG protocol family
[    6.212852] audit: type=1400 audit(1781119029.283:136): apparmor="DENIED" operation="capable" class="cap" profile="/usr/sbin/cupsd" pid=1101 comm="cupsd" capability=12  capname="net_admin"
[    9.581631] wlp5s0: authenticate with 3c:bd:c5:69:29:4f (local address=04:33:c2:22:c0:81)
[    9.582134] wlp5s0: send auth to 3c:bd:c5:69:29:4f (try 1/3)
[    9.685484] wlp5s0: send auth to 3c:bd:c5:69:29:4f (try 2/3)
[    9.687566] wlp5s0: authenticated
[    9.688267] wlp5s0: associate with 3c:bd:c5:69:29:4f (try 1/3)
[    9.689394] wlp5s0: RX AssocResp from 3c:bd:c5:69:29:4f (capab=0x1011 status=0 aid=21)
[    9.690651] wlp5s0: associated
[    9.746402] wlp5s0: Limiting TX power to 30 (30 - 0) dBm as advertised by 3c:bd:c5:69:29:4f
[   17.593326] Bluetooth: RFCOMM TTY layer initialized
[   17.593332] Bluetooth: RFCOMM socket layer initialized
[   17.593337] Bluetooth: RFCOMM ver 1.11
[  266.668039] systemd-journald[389]: /var/log/journal/288b6cba6cec405188c18f26e7617eed/user-1000.journal: Journal file uses a different sequence number ID, rotating.
[  471.002260] audit: type=1400 audit(1781119493.783:137): apparmor="AUDIT" operation="userns_create" class="namespace" info="Userns create - transitioning profile" profile="unconfined" pid=1924 comm="bwrap" requested="userns_create" target="unprivileged_userns"
[  471.002854] audit: type=1400 audit(1781119493.783:138): apparmor="DENIED" operation="capable" class="cap" profile="unprivileged_userns" pid=1925 comm="bwrap" capability=8  capname="setpcap"
[  471.002917] audit: type=1400 audit(1781119493.783:139): apparmor="DENIED" operation="capable" class="cap" profile="unprivileged_userns" pid=1925 comm="bwrap" capability=12  capname="net_admin"
[  497.676985] audit: type=1400 audit(1781119520.459:140): apparmor="AUDIT" operation="userns_create" class="namespace" info="Userns create - transitioning profile" profile="unconfined" pid=2319 comm="bwrap" requested="userns_create" target="unprivileged_userns"
[  497.677588] audit: type=1400 audit(1781119520.459:141): apparmor="DENIED" operation="capable" class="cap" profile="unprivileged_userns" pid=2321 comm="bwrap" capability=8  capname="setpcap"
[  497.677636] audit: type=1400 audit(1781119520.459:142): apparmor="DENIED" operation="capable" class="cap" profile="unprivileged_userns" pid=2321 comm="bwrap" capability=12  capname="net_admin"
[  497.680661] audit: type=1400 audit(1781119520.462:143): apparmor="AUDIT" operation="userns_create" class="namespace" info="Userns create - transitioning profile" profile="unconfined" pid=2324 comm="bwrap" requested="userns_create" target="unprivileged_userns"
[  497.681241] audit: type=1400 audit(1781119520.463:144): apparmor="DENIED" operation="capable" class="cap" profile="unprivileged_userns" pid=2325 comm="bwrap" capability=8  capname="setpcap"
[  497.681299] audit: type=1400 audit(1781119520.463:145): apparmor="DENIED" operation="capable" class="cap" profile="unprivileged_userns" pid=2325 comm="bwrap" capability=12  capname="net_admin"
[  540.034412] pci 0000:08:00.0: enabling device (0006 -> 0007)
[  540.034559] pci 0000:08:00.0: vgaarb: deactivate vga console
[  540.034571] pci 0000:08:00.0: BAR 0 [mem 0x7000000000-0x77ffffffff 64bit pref]: releasing
[  540.034574] pci 0000:08:00.0: BAR 2 [mem 0x7800000000-0x780fffffff 64bit pref]: releasing
[  540.034592] pcieport 0000:07:00.0: bridge window [mem 0x7000000000-0x780fffffff 64bit pref]: releasing
[  540.034594] pcieport 0000:06:00.0: bridge window [mem 0x7000000000-0x780fffffff 64bit pref]: releasing
[  540.034596] pcieport 0000:00:03.1: bridge window [mem 0x7000000000-0x780fffffff 64bit pref]: releasing
[  540.034603] pcieport 0000:00:03.1: bridge window [mem 0xc00000000-0x17ffffffff 64bit pref]: assigned
[  540.034606] pcieport 0000:06:00.0: bridge window [mem 0xc00000000-0x17ffffffff 64bit pref]: assigned
[  540.034608] pcieport 0000:07:00.0: bridge window [mem 0xc00000000-0x17ffffffff 64bit pref]: assigned
[  540.034610] pci 0000:08:00.0: BAR 0 [mem 0x1000000000-0x17ffffffff 64bit pref]: assigned
[  540.034618] pci 0000:08:00.0: BAR 2 [mem 0xc00000000-0xc0fffffff 64bit pref]: assigned
[  540.034626] pcieport 0000:00:03.1: PCI bridge to [bus 06-08]
[  540.034629] pcieport 0000:00:03.1:   bridge window [io  0xe000-0xefff]
[  540.034632] pcieport 0000:00:03.1:   bridge window [mem 0xfc500000-0xfc8fffff]
[  540.034635] pcieport 0000:00:03.1:   bridge window [mem 0xc00000000-0x17ffffffff 64bit pref]
[  540.034638] pcieport 0000:06:00.0: PCI bridge to [bus 07-08]
[  540.034641] pcieport 0000:06:00.0:   bridge window [io  0xe000-0xefff]
[  540.034645] pcieport 0000:06:00.0:   bridge window [mem 0xfc500000-0xfc7fffff]
[  540.034648] pcieport 0000:06:00.0:   bridge window [mem 0xc00000000-0x17ffffffff 64bit pref]
[  540.034653] pcieport 0000:07:00.0: PCI bridge to [bus 08]
[  540.034655] pcieport 0000:07:00.0:   bridge window [io  0xe000-0xefff]
[  540.034659] pcieport 0000:07:00.0:   bridge window [mem 0xfc500000-0xfc7fffff]
[  540.034662] pcieport 0000:07:00.0:   bridge window [mem 0xc00000000-0x17ffffffff 64bit pref]
