[    0.000000] Linux version 6.8.0-117-generic (buildd@lcy02-amd64-102) (x86_64-linux-gnu-gcc-13 (Ubuntu 13.3.0-6ubuntu2~24.04.1) 13.3.0, GNU ld (GNU Binutils for Ubuntu) 2.42) #117-Ubuntu SMP PREEMPT_DYNAMIC Tue May  5 19:26:24 UTC 2026 (Ubuntu 6.8.0-117.117-generic 6.8.12)
[    0.000000] Command line: BOOT_IMAGE=/boot/vmlinuz-6.8.0-117-generic root=UUID=a076301c-b9f2-4913-9778-e6596aaa787b ro quiet splash modprobe.blacklist=amdgpu
[    0.000000] KERNEL supported cpus:
[    0.000000]   Intel GenuineIntel
[    0.000000]   AMD AuthenticAMD
[    0.000000]   Hygon HygonGenuine
[    0.000000]   Centaur CentaurHauls
[    0.000000]   zhaoxin   Shanghai  
[    0.000000] BIOS-provided physical RAM map:
[    0.000000] BIOS-e820: [mem 0x0000000000000000-0x000000000009ffff] usable
[    0.000000] BIOS-e820: [mem 0x00000000000a0000-0x00000000000fffff] reserved
[    0.000000] BIOS-e820: [mem 0x0000000000100000-0x0000000009bfefff] usable
[    0.000000] BIOS-e820: [mem 0x0000000009bff000-0x0000000009ffffff] reserved
[    0.000000] BIOS-e820: [mem 0x000000000a000000-0x000000000a1fffff] usable
[    0.000000] BIOS-e820: [mem 0x000000000a200000-0x000000000a20dfff] ACPI NVS
[    0.000000] BIOS-e820: [mem 0x000000000a20e000-0x000000000affffff] usable
[    0.000000] BIOS-e820: [mem 0x000000000b000000-0x000000000b01ffff] reserved
[    0.000000] BIOS-e820: [mem 0x000000000b020000-0x00000000bb31bfff] usable
[    0.000000] BIOS-e820: [mem 0x00000000bb31c000-0x00000000bca84fff] reserved
[    0.000000] BIOS-e820: [mem 0x00000000bca85000-0x00000000bcad6fff] ACPI data
[    0.000000] BIOS-e820: [mem 0x00000000bcad7000-0x00000000bd1b6fff] ACPI NVS
[    0.000000] BIOS-e820: [mem 0x00000000bd1b7000-0x00000000bdffefff] reserved
[    0.000000] BIOS-e820: [mem 0x00000000bdfff000-0x00000000beffffff] usable
[    0.000000] BIOS-e820: [mem 0x00000000bf000000-0x00000000bfffffff] reserved
[    0.000000] BIOS-e820: [mem 0x00000000f0000000-0x00000000f7ffffff] reserved
[    0.000000] BIOS-e820: [mem 0x00000000fd200000-0x00000000fd2fffff] reserved
[    0.000000] BIOS-e820: [mem 0x00000000fd600000-0x00000000fd7fffff] reserved
[    0.000000] BIOS-e820: [mem 0x00000000fea00000-0x00000000fea0ffff] reserved
[    0.000000] BIOS-e820: [mem 0x00000000feb80000-0x00000000fec01fff] reserved
[    0.000000] BIOS-e820: [mem 0x00000000fec10000-0x00000000fec10fff] reserved
[    0.000000] BIOS-e820: [mem 0x00000000fec30000-0x00000000fec30fff] reserved
[    0.000000] BIOS-e820: [mem 0x00000000fed00000-0x00000000fed00fff] reserved
[    0.000000] BIOS-e820: [mem 0x00000000fed40000-0x00000000fed44fff] reserved
[    0.000000] BIOS-e820: [mem 0x00000000fed80000-0x00000000fed8ffff] reserved
[    0.000000] BIOS-e820: [mem 0x00000000fedc2000-0x00000000fedcffff] reserved
[    0.000000] BIOS-e820: [mem 0x00000000fedd4000-0x00000000fedd5fff] reserved
[    0.000000] BIOS-e820: [mem 0x00000000ff000000-0x00000000ffffffff] reserved
[    0.000000] BIOS-e820: [mem 0x0000000100000000-0x000000083f37ffff] usable
[    0.000000] BIOS-e820: [mem 0x000000083f380000-0x000000083fffffff] reserved
[    0.000000] NX (Execute Disable) protection: active
[    0.000000] APIC: Static calls initialized
[    0.000000] e820: update [mem 0xb75c8018-0xb75e3257] usable ==> usable
[    0.000000] e820: update [mem 0xb75c8018-0xb75e3257] usable ==> usable
[    0.000000] extended physical RAM map:
[    0.000000] reserve setup_data: [mem 0x0000000000000000-0x000000000009ffff] usable
[    0.000000] reserve setup_data: [mem 0x00000000000a0000-0x00000000000fffff] reserved
[    0.000000] reserve setup_data: [mem 0x0000000000100000-0x0000000009bfefff] usable
[    0.000000] reserve setup_data: [mem 0x0000000009bff000-0x0000000009ffffff] reserved
[    0.000000] reserve setup_data: [mem 0x000000000a000000-0x000000000a1fffff] usable
[    0.000000] reserve setup_data: [mem 0x000000000a200000-0x000000000a20dfff] ACPI NVS
[    0.000000] reserve setup_data: [mem 0x000000000a20e000-0x000000000affffff] usable
[    0.000000] reserve setup_data: [mem 0x000000000b000000-0x000000000b01ffff] reserved
[    0.000000] reserve setup_data: [mem 0x000000000b020000-0x00000000b75c8017] usable
[    0.000000] reserve setup_data: [mem 0x00000000b75c8018-0x00000000b75e3257] usable
[    0.000000] reserve setup_data: [mem 0x00000000b75e3258-0x00000000bb31bfff] usable
[    0.000000] reserve setup_data: [mem 0x00000000bb31c000-0x00000000bca84fff] reserved
[    0.000000] reserve setup_data: [mem 0x00000000bca85000-0x00000000bcad6fff] ACPI data
[    0.000000] reserve setup_data: [mem 0x00000000bcad7000-0x00000000bd1b6fff] ACPI NVS
[    0.000000] reserve setup_data: [mem 0x00000000bd1b7000-0x00000000bdffefff] reserved
[    0.000000] reserve setup_data: [mem 0x00000000bdfff000-0x00000000beffffff] usable
[    0.000000] reserve setup_data: [mem 0x00000000bf000000-0x00000000bfffffff] reserved
[    0.000000] reserve setup_data: [mem 0x00000000f0000000-0x00000000f7ffffff] reserved
[    0.000000] reserve setup_data: [mem 0x00000000fd200000-0x00000000fd2fffff] reserved
[    0.000000] reserve setup_data: [mem 0x00000000fd600000-0x00000000fd7fffff] reserved
[    0.000000] reserve setup_data: [mem 0x00000000fea00000-0x00000000fea0ffff] reserved
[    0.000000] reserve setup_data: [mem 0x00000000feb80000-0x00000000fec01fff] reserved
[    0.000000] reserve setup_data: [mem 0x00000000fec10000-0x00000000fec10fff] reserved
[    0.000000] reserve setup_data: [mem 0x00000000fec30000-0x00000000fec30fff] reserved
[    0.000000] reserve setup_data: [mem 0x00000000fed00000-0x00000000fed00fff] reserved
[    0.000000] reserve setup_data: [mem 0x00000000fed40000-0x00000000fed44fff] reserved
[    0.000000] reserve setup_data: [mem 0x00000000fed80000-0x00000000fed8ffff] reserved
[    0.000000] reserve setup_data: [mem 0x00000000fedc2000-0x00000000fedcffff] reserved
[    0.000000] reserve setup_data: [mem 0x00000000fedd4000-0x00000000fedd5fff] reserved
[    0.000000] reserve setup_data: [mem 0x00000000ff000000-0x00000000ffffffff] reserved
[    0.000000] reserve setup_data: [mem 0x0000000100000000-0x000000083f37ffff] usable
[    0.000000] reserve setup_data: [mem 0x000000083f380000-0x000000083fffffff] reserved
[    0.000000] efi: EFI v2.7 by American Megatrends
[    0.000000] efi: ACPI=0xbd1a0000 ACPI 2.0=0xbd1a0014 TPMFinalLog=0xbd16a000 SMBIOS=0xbde22000 SMBIOS 3.0=0xbde21000 MEMATTR=0xb7e35018 ESRT=0xba953598 INITRD=0xb76d4518 RNG=0xbca95018 TPMEventLog=0xbca90018 
[    0.000000] random: crng init done
[    0.000000] efi: Remove mem287: MMIO range=[0xf0000000-0xf7ffffff] (128MB) from e820 map
[    0.000000] e820: remove [mem 0xf0000000-0xf7ffffff] reserved
[    0.000000] efi: Remove mem288: MMIO range=[0xfd200000-0xfd2fffff] (1MB) from e820 map
[    0.000000] e820: remove [mem 0xfd200000-0xfd2fffff] reserved
[    0.000000] efi: Remove mem289: MMIO range=[0xfd600000-0xfd7fffff] (2MB) from e820 map
[    0.000000] e820: remove [mem 0xfd600000-0xfd7fffff] reserved
[    0.000000] efi: Not removing mem290: MMIO range=[0xfea00000-0xfea0ffff] (64KB) from e820 map
[    0.000000] efi: Remove mem291: MMIO range=[0xfeb80000-0xfec01fff] (0MB) from e820 map
[    0.000000] e820: remove [mem 0xfeb80000-0xfec01fff] reserved
[    0.000000] efi: Not removing mem292: MMIO range=[0xfec10000-0xfec10fff] (4KB) from e820 map
[    0.000000] efi: Not removing mem293: MMIO range=[0xfec30000-0xfec30fff] (4KB) from e820 map
[    0.000000] efi: Not removing mem294: MMIO range=[0xfed00000-0xfed00fff] (4KB) from e820 map
[    0.000000] efi: Not removing mem295: MMIO range=[0xfed40000-0xfed44fff] (20KB) from e820 map
[    0.000000] efi: Not removing mem296: MMIO range=[0xfed80000-0xfed8ffff] (64KB) from e820 map
[    0.000000] efi: Not removing mem297: MMIO range=[0xfedc2000-0xfedcffff] (56KB) from e820 map
[    0.000000] efi: Not removing mem298: MMIO range=[0xfedd4000-0xfedd5fff] (8KB) from e820 map
[    0.000000] efi: Remove mem299: MMIO range=[0xff000000-0xffffffff] (16MB) from e820 map
[    0.000000] e820: remove [mem 0xff000000-0xffffffff] reserved
[    0.000000] secureboot: Secure boot disabled
[    0.000000] SMBIOS 3.3.0 present.
[    0.000000] DMI: To Be Filled By O.E.M. B550M-ITX/ac/B550M-ITX/ac, BIOS P3.90 10/01/2025
[    0.000000] tsc: Fast TSC calibration using PIT
[    0.000000] tsc: Detected 3792.740 MHz processor
[    0.000216] e820: update [mem 0x00000000-0x00000fff] usable ==> reserved
[    0.000218] e820: remove [mem 0x000a0000-0x000fffff] usable
[    0.000223] last_pfn = 0x83f380 max_arch_pfn = 0x400000000
[    0.000229] total RAM covered: 3071M
[    0.000324] Found optimal setting for mtrr clean up
[    0.000325]  gran_size: 64K 	chunk_size: 64M 	num_reg: 3  	lose cover RAM: 0G
[    0.000327] MTRR map: 8 entries (4 fixed + 4 variable; max 21), built from 9 variable MTRRs
[    0.000329] x86/PAT: Configuration [0-7]: WB  WC  UC- UC  WB  WP  UC- WT  
[    0.000742] e820: update [mem 0xbcf40000-0xbcf4ffff] usable ==> reserved
[    0.000747] e820: update [mem 0xc0000000-0xffffffff] usable ==> reserved
[    0.000750] last_pfn = 0xbf000 max_arch_pfn = 0x400000000
[    0.003286] esrt: Reserving ESRT space from 0x00000000ba953598 to 0x00000000ba9535d0.
[    0.003293] e820: update [mem 0xba953000-0xba953fff] usable ==> reserved
[    0.003316] Using GB pages for direct mapping
[    0.003635] secureboot: Secure boot disabled
[    0.003636] RAMDISK: [mem 0xa9ec0000-0xae646fff]
[    0.003865] ACPI: Early table checksum verification disabled
[    0.003867] ACPI: RSDP 0x00000000BD1A0014 000024 (v02 ALASKA)
[    0.003871] ACPI: XSDT 0x00000000BD19F728 0000E4 (v01 ALASKA A M I    01072009 AMI  01000013)
[    0.003875] ACPI: FACP 0x00000000BCAC8000 000114 (v06 ALASKA A M I    01072009 AMI  00010013)
[    0.003878] ACPI: DSDT 0x00000000BCAC1000 006866 (v02 ALASKA A M I    01072009 INTL 20120913)
[    0.003880] ACPI: FACS 0x00000000BD19A000 000040
[    0.003882] ACPI: SSDT 0x00000000BCACE000 008CE9 (v02 AMD    AmdTable 00000002 MSFT 04000000)
[    0.003883] ACPI: SSDT 0x00000000BCACA000 003B45 (v02 AMD    AMD AOD  00000001 INTL 20120913)
[    0.003885] ACPI: SSDT 0x00000000BCAC9000 000221 (v02 ALASKA CPUSSDT  01072009 AMI  01072009)
[    0.003887] ACPI: FIDT 0x00000000BCAC0000 00009C (v01 ALASKA A M I    01072009 AMI  00010013)
[    0.003889] ACPI: MCFG 0x00000000BCABF000 00003C (v01 ALASKA A M I    01072009 MSFT 00010013)
[    0.003890] ACPI: AAFT 0x00000000BCABE000 000115 (v01 ALASKA OEMAAFT  01072009 MSFT 00000097)
[    0.003892] ACPI: HPET 0x00000000BCABD000 000038 (v01 ALASKA A M I    01072009 AMI  00000005)
[    0.003893] ACPI: VFCT 0x00000000BCAAE000 00E284 (v01 ALASKA A M I    00000001 AMD  31504F47)
[    0.003895] ACPI: TPM2 0x00000000BCAAD000 00004C (v04 ALASKA A M I    00000001 AMI  00000000)
[    0.003897] ACPI: PCCT 0x00000000BCAAC000 00006E (v02 AMD    AmdTable 00000001 AMD  00000001)
[    0.003898] ACPI: SSDT 0x00000000BCAA7000 004133 (v02 AMD    AmdTable 00000001 AMD  00000001)
[    0.003900] ACPI: CRAT 0x00000000BCAA6000 000F10 (v01 AMD    AmdTable 00000001 AMD  00000001)
[    0.003901] ACPI: CDIT 0x00000000BCAA5000 000029 (v01 AMD    AmdTable 00000001 AMD  00000001)
[    0.003903] ACPI: SSDT 0x00000000BCAA4000 0002C2 (v02 AMD    ArticDGP 00000001 INTL 20120913)
[    0.003904] ACPI: SSDT 0x00000000BCAA2000 0010C9 (v02 AMD    ArticTPX 00000001 INTL 20120913)
[    0.003906] ACPI: SSDT 0x00000000BCAA1000 00052C (v02 AMD    ArticNOI 00000001 INTL 20120913)
[    0.003907] ACPI: SSDT 0x00000000BCA9D000 0037C4 (v02 AMD    ArticN   00000001 INTL 20120913)
[    0.003909] ACPI: WSMT 0x00000000BCA9C000 000028 (v01 ALASKA A M I    01072009 AMI  00010013)
[    0.003911] ACPI: APIC 0x00000000BCA9B000 00015E (v04 ALASKA A M I    01072009 AMI  00010013)
[    0.003912] ACPI: SSDT 0x00000000BCA9A000 00007D (v02 AMD    ArticDIS 00000001 INTL 20120913)
[    0.003914] ACPI: SSDT 0x00000000BCA98000 0010AF (v02 AMD    ArticC   00000001 INTL 20120913)
[    0.003915] ACPI: SSDT 0x00000000BCA97000 0000BF (v01 AMD    AmdTable 00001000 INTL 20120913)
[    0.003917] ACPI: FPDT 0x00000000BCA96000 000044 (v01 ALASKA A M I    01072009 AMI  01000013)
[    0.003918] ACPI: Reserving FACP table memory at [mem 0xbcac8000-0xbcac8113]
[    0.003919] ACPI: Reserving DSDT table memory at [mem 0xbcac1000-0xbcac7865]
[    0.003920] ACPI: Reserving FACS table memory at [mem 0xbd19a000-0xbd19a03f]
[    0.003920] ACPI: Reserving SSDT table memory at [mem 0xbcace000-0xbcad6ce8]
[    0.003921] ACPI: Reserving SSDT table memory at [mem 0xbcaca000-0xbcacdb44]
[    0.003921] ACPI: Reserving SSDT table memory at [mem 0xbcac9000-0xbcac9220]
[    0.003922] ACPI: Reserving FIDT table memory at [mem 0xbcac0000-0xbcac009b]
[    0.003922] ACPI: Reserving MCFG table memory at [mem 0xbcabf000-0xbcabf03b]
[    0.003923] ACPI: Reserving AAFT table memory at [mem 0xbcabe000-0xbcabe114]
[    0.003923] ACPI: Reserving HPET table memory at [mem 0xbcabd000-0xbcabd037]
[    0.003923] ACPI: Reserving VFCT table memory at [mem 0xbcaae000-0xbcabc283]
[    0.003924] ACPI: Reserving TPM2 table memory at [mem 0xbcaad000-0xbcaad04b]
[    0.003924] ACPI: Reserving PCCT table memory at [mem 0xbcaac000-0xbcaac06d]
[    0.003925] ACPI: Reserving SSDT table memory at [mem 0xbcaa7000-0xbcaab132]
[    0.003925] ACPI: Reserving CRAT table memory at [mem 0xbcaa6000-0xbcaa6f0f]
[    0.003926] ACPI: Reserving CDIT table memory at [mem 0xbcaa5000-0xbcaa5028]
[    0.003926] ACPI: Reserving SSDT table memory at [mem 0xbcaa4000-0xbcaa42c1]
[    0.003927] ACPI: Reserving SSDT table memory at [mem 0xbcaa2000-0xbcaa30c8]
[    0.003927] ACPI: Reserving SSDT table memory at [mem 0xbcaa1000-0xbcaa152b]
[    0.003928] ACPI: Reserving SSDT table memory at [mem 0xbca9d000-0xbcaa07c3]
[    0.003928] ACPI: Reserving WSMT table memory at [mem 0xbca9c000-0xbca9c027]
[    0.003929] ACPI: Reserving APIC table memory at [mem 0xbca9b000-0xbca9b15d]
[    0.003929] ACPI: Reserving SSDT table memory at [mem 0xbca9a000-0xbca9a07c]
[    0.003930] ACPI: Reserving SSDT table memory at [mem 0xbca98000-0xbca990ae]
[    0.003930] ACPI: Reserving SSDT table memory at [mem 0xbca97000-0xbca970be]
[    0.003931] ACPI: Reserving FPDT table memory at [mem 0xbca96000-0xbca96043]
[    0.004012] No NUMA configuration found
[    0.004013] Faking a node at [mem 0x0000000000000000-0x000000083f37ffff]
[    0.004017] NODE_DATA(0) allocated [mem 0x83f355000-0x83f37ffff]
[    0.004114] Zone ranges:
[    0.004114]   DMA      [mem 0x0000000000001000-0x0000000000ffffff]
[    0.004115]   DMA32    [mem 0x0000000001000000-0x00000000ffffffff]
[    0.004116]   Normal   [mem 0x0000000100000000-0x000000083f37ffff]
[    0.004117]   Device   empty
[    0.004117] Movable zone start for each node
[    0.004118] Early memory node ranges
[    0.004119]   node   0: [mem 0x0000000000001000-0x000000000009ffff]
[    0.004120]   node   0: [mem 0x0000000000100000-0x0000000009bfefff]
[    0.004120]   node   0: [mem 0x000000000a000000-0x000000000a1fffff]
[    0.004121]   node   0: [mem 0x000000000a20e000-0x000000000affffff]
[    0.004121]   node   0: [mem 0x000000000b020000-0x00000000bb31bfff]
[    0.004122]   node   0: [mem 0x00000000bdfff000-0x00000000beffffff]
[    0.004122]   node   0: [mem 0x0000000100000000-0x000000083f37ffff]
[    0.004124] Initmem setup node 0 [mem 0x0000000000001000-0x000000083f37ffff]
[    0.004128] On node 0, zone DMA: 1 pages in unavailable ranges
[    0.004138] On node 0, zone DMA: 96 pages in unavailable ranges
[    0.004222] On node 0, zone DMA32: 1025 pages in unavailable ranges
[    0.004230] On node 0, zone DMA32: 14 pages in unavailable ranges
[    0.006403] On node 0, zone DMA32: 32 pages in unavailable ranges
[    0.006485] On node 0, zone DMA32: 11491 pages in unavailable ranges
[    0.042149] On node 0, zone Normal: 4096 pages in unavailable ranges
[    0.042171] On node 0, zone Normal: 3200 pages in unavailable ranges
[    0.042617] ACPI: PM-Timer IO Port: 0x808
[    0.042625] ACPI: LAPIC_NMI (acpi_id[0xff] high edge lint[0x1])
[    0.042635] IOAPIC[0]: apic_id 17, version 33, address 0xfec00000, GSI 0-23
[    0.042639] IOAPIC[1]: apic_id 18, version 33, address 0xfec01000, GSI 24-55
[    0.042640] ACPI: INT_SRC_OVR (bus 0 bus_irq 0 global_irq 2 dfl dfl)
[    0.042642] ACPI: INT_SRC_OVR (bus 0 bus_irq 9 global_irq 9 low level)
[    0.042645] ACPI: Using ACPI (MADT) for SMP configuration information
[    0.042646] ACPI: HPET id: 0x10228201 base: 0xfed00000
[    0.042648] smpboot: Allowing 32 CPUs, 16 hotplug CPUs
[    0.042664] PM: hibernation: Registered nosave memory: [mem 0x00000000-0x00000fff]
[    0.042666] PM: hibernation: Registered nosave memory: [mem 0x000a0000-0x000fffff]
[    0.042667] PM: hibernation: Registered nosave memory: [mem 0x09bff000-0x09ffffff]
[    0.042668] PM: hibernation: Registered nosave memory: [mem 0x0a200000-0x0a20dfff]
[    0.042669] PM: hibernation: Registered nosave memory: [mem 0x0b000000-0x0b01ffff]
[    0.042670] PM: hibernation: Registered nosave memory: [mem 0xba953000-0xba953fff]
[    0.042671] PM: hibernation: Registered nosave memory: [mem 0xbb31c000-0xbdffefff]
[    0.042672] PM: hibernation: Registered nosave memory: [mem 0xbf000000-0xffffffff]
[    0.042673] [mem 0xc0000000-0xfe9fffff] available for PCI devices
[    0.042675] Booting paravirtualized kernel on bare hardware
[    0.042677] clocksource: refined-jiffies: mask: 0xffffffff max_cycles: 0xffffffff, max_idle_ns: 1910969940391419 ns
[    0.042684] setup_percpu: NR_CPUS:8192 nr_cpumask_bits:32 nr_cpu_ids:32 nr_node_ids:1
[    0.044038] percpu: Embedded 86 pages/cpu s229376 r8192 d114688 u524288
[    0.044042] pcpu-alloc: s229376 r8192 d114688 u524288 alloc=1*2097152
[    0.044044] pcpu-alloc: [0] 00 01 02 03 [0] 04 05 06 07 
[    0.044047] pcpu-alloc: [0] 08 09 10 11 [0] 12 13 14 15 
[    0.044050] pcpu-alloc: [0] 16 17 18 19 [0] 20 21 22 23 
[    0.044053] pcpu-alloc: [0] 24 25 26 27 [0] 28 29 30 31 
[    0.044069] Kernel command line: BOOT_IMAGE=/boot/vmlinuz-6.8.0-117-generic root=UUID=a076301c-b9f2-4913-9778-e6596aaa787b ro quiet splash modprobe.blacklist=amdgpu
[    0.044126] Unknown kernel command line parameters "splash", will be passed to user space.
[    0.046421] Dentry cache hash table entries: 4194304 (order: 13, 33554432 bytes, linear)
[    0.047579] Inode-cache hash table entries: 2097152 (order: 12, 16777216 bytes, linear)
[    0.047716] Fallback order for Node 0: 0 
[    0.047720] Built 1 zonelists, mobility grouping on.  Total pages: 8237732
[    0.047721] Policy zone: Normal
[    0.047728] mem auto-init: stack:all(zero), heap alloc:on, heap free:off
[    0.047732] software IO TLB: area num 32.
[    0.099099] Memory: 32618284K/33474612K available (22528K kernel code, 4438K rwdata, 14416K rodata, 4924K init, 4788K bss, 856068K reserved, 0K cma-reserved)
[    0.099696] SLUB: HWalign=64, Order=0-3, MinObjects=0, CPUs=32, Nodes=1
[    0.099717] ftrace: allocating 58286 entries in 228 pages
[    0.109221] ftrace: allocated 228 pages with 4 groups
[    0.109910] Dynamic Preempt: voluntary
[    0.109997] rcu: Preemptible hierarchical RCU implementation.
[    0.109998] rcu: 	RCU restricting CPUs from NR_CPUS=8192 to nr_cpu_ids=32.
[    0.109999] 	Trampoline variant of Tasks RCU enabled.
[    0.109999] 	Rude variant of Tasks RCU enabled.
[    0.110000] 	Tracing variant of Tasks RCU enabled.
[    0.110000] rcu: RCU calculated value of scheduler-enlistment delay is 100 jiffies.
[    0.110001] rcu: Adjusting geometry for rcu_fanout_leaf=16, nr_cpu_ids=32
[    0.110016] RCU Tasks: Setting shift to 5 and lim to 1 rcu_task_cb_adjust=1 rcu_task_cpu_ids=32.
[    0.110018] RCU Tasks Rude: Setting shift to 5 and lim to 1 rcu_task_cb_adjust=1 rcu_task_cpu_ids=32.
[    0.110020] RCU Tasks Trace: Setting shift to 5 and lim to 1 rcu_task_cb_adjust=1 rcu_task_cpu_ids=32.
[    0.111862] NR_IRQS: 524544, nr_irqs: 1224, preallocated irqs: 16
[    0.112049] rcu: srcu_init: Setting srcu_struct sizes based on contention.
[    0.112139] Console: colour dummy device 80x25
[    0.112141] printk: legacy console [tty0] enabled
[    0.112176] ACPI: Core revision 20230628
[    0.112297] clocksource: hpet: mask: 0xffffffff max_cycles: 0xffffffff, max_idle_ns: 133484873504 ns
[    0.112311] APIC: Switch to symmetric I/O mode setup
[    0.112412] x2apic: IRQ remapping doesn't support X2APIC mode
[    0.112959] ..TIMER: vector=0x30 apic1=0 pin1=2 apic2=-1 pin2=-1
[    0.117311] clocksource: tsc-early: mask: 0xffffffffffffffff max_cycles: 0x6d571da1375, max_idle_ns: 881591162786 ns
[    0.117314] Calibrating delay loop (skipped), value calculated using timer frequency.. 7585.48 BogoMIPS (lpj=3792740)
[    0.117326] x86/cpu: User Mode Instruction Prevention (UMIP) activated
[    0.117370] LVT offset 1 assigned for vector 0xf9
[    0.117517] LVT offset 2 assigned for vector 0xf4
[    0.117557] process: using mwait in idle threads
[    0.117559] Last level iTLB entries: 4KB 512, 2MB 512, 4MB 256
[    0.117559] Last level dTLB entries: 4KB 2048, 2MB 2048, 4MB 1024, 1GB 0
[    0.117561] Spectre V1 : Mitigation: usercopy/swapgs barriers and __user pointer sanitization
[    0.117563] Spectre V2 : Mitigation: Retpolines
[    0.117563] Spectre V2 : Spectre v2 / SpectreRSB: Filling RSB on context switch and VMEXIT
[    0.117564] Spectre V2 : Enabling Restricted Speculation for firmware calls
[    0.117565] Spectre V2 : mitigation: Enabling conditional Indirect Branch Prediction Barrier
[    0.117566] Spectre V2 : User space: Mitigation: STIBP always-on protection
[    0.117567] Speculative Store Bypass: Mitigation: Speculative Store Bypass disabled via prctl
[    0.117568] active return thunk: srso_alias_return_thunk
[    0.117571] Speculative Return Stack Overflow: Mitigation: Safe RET
[    0.117573] Transient Scheduler Attacks: Mitigation: Clear CPU buffers
[    0.117573] VMSCAPE: Mitigation: IBPB before exit to userspace
[    0.117577] x86/fpu: Supporting XSAVE feature 0x001: 'x87 floating point registers'
[    0.117578] x86/fpu: Supporting XSAVE feature 0x002: 'SSE registers'
[    0.117578] x86/fpu: Supporting XSAVE feature 0x004: 'AVX registers'
[    0.117579] x86/fpu: Supporting XSAVE feature 0x200: 'Protection Keys User registers'
[    0.117579] x86/fpu: Supporting XSAVE feature 0x800: 'Control-flow User registers'
[    0.117580] x86/fpu: xstate_offset[2]:  576, xstate_sizes[2]:  256
[    0.117581] x86/fpu: xstate_offset[9]:  832, xstate_sizes[9]:    8
[    0.117582] x86/fpu: xstate_offset[11]:  840, xstate_sizes[11]:   16
[    0.117582] x86/fpu: Enabled xstate features 0xa07, context size is 856 bytes, using 'compacted' format.
[    0.140007] Freeing SMP alternatives memory: 48K
[    0.140010] pid_max: default: 32768 minimum: 301
[    0.143356] LSM: initializing lsm=lockdown,capability,landlock,yama,apparmor,integrity
[    0.143370] landlock: Up and running.
[    0.143371] Yama: becoming mindful.
[    0.143401] AppArmor: AppArmor initialized
[    0.143474] Mount-cache hash table entries: 65536 (order: 7, 524288 bytes, linear)
[    0.143511] Mountpoint-cache hash table entries: 65536 (order: 7, 524288 bytes, linear)
[    0.245957] smpboot: CPU0: AMD Ryzen 7 5800X 8-Core Processor (family: 0x19, model: 0x21, stepping: 0x0)
[    0.246148] Performance Events: Fam17h+ core perfctr, AMD PMU driver.
[    0.246153] ... version:                0
[    0.246154] ... bit width:              48
[    0.246155] ... generic registers:      6
[    0.246156] ... value mask:             0000ffffffffffff
[    0.246157] ... max period:             00007fffffffffff
[    0.246158] ... fixed-purpose events:   0
[    0.246159] ... event mask:             000000000000003f
[    0.246230] signal: max sigframe size: 3376
[    0.246267] rcu: Hierarchical SRCU implementation.
[    0.246268] rcu: 	Max phase no-delay instances is 400.
[    0.248327] NMI watchdog: Enabled. Permanently consumes one hw-PMU counter.
[    0.248548] smp: Bringing up secondary CPUs ...
[    0.248643] smpboot: x86: Booting SMP configuration:
[    0.248644] .... node  #0, CPUs:        #1  #2  #3  #4  #5  #6  #7  #8  #9 #10 #11 #12 #13 #14 #15
[    0.260424] Spectre V2 : Update user space SMT mitigation: STIBP always-on
[    0.267353] smp: Brought up 1 node, 16 CPUs
[    0.267353] smpboot: Max logical packages: 2
[    0.267353] smpboot: Total of 16 processors activated (121367.68 BogoMIPS)
[    0.269694] devtmpfs: initialized
[    0.269694] x86/mm: Memory block size: 128MB
[    0.273166] ACPI: PM: Registering ACPI NVS region [mem 0x0a200000-0x0a20dfff] (57344 bytes)
[    0.273166] ACPI: PM: Registering ACPI NVS region [mem 0xbcad7000-0xbd1b6fff] (7208960 bytes)
[    0.273355] clocksource: jiffies: mask: 0xffffffff max_cycles: 0xffffffff, max_idle_ns: 1911260446275000 ns
[    0.273378] futex hash table entries: 8192 (order: 7, 524288 bytes, linear)
[    0.273473] pinctrl core: initialized pinctrl subsystem
[    0.273584] PM: RTC time: 21:16:17, date: 2026-06-10
[    0.273918] NET: Registered PF_NETLINK/PF_ROUTE protocol family
[    0.274203] DMA: preallocated 4096 KiB GFP_KERNEL pool for atomic allocations
[    0.274362] DMA: preallocated 4096 KiB GFP_KERNEL|GFP_DMA pool for atomic allocations
[    0.274516] DMA: preallocated 4096 KiB GFP_KERNEL|GFP_DMA32 pool for atomic allocations
[    0.274525] audit: initializing netlink subsys (disabled)
[    0.274533] audit: type=2000 audit(1781126177.162:1): state=initialized audit_enabled=0 res=1
[    0.274533] thermal_sys: Registered thermal governor 'fair_share'
[    0.274533] thermal_sys: Registered thermal governor 'bang_bang'
[    0.274533] thermal_sys: Registered thermal governor 'step_wise'
[    0.274533] thermal_sys: Registered thermal governor 'user_space'
[    0.274533] thermal_sys: Registered thermal governor 'power_allocator'
[    0.274533] cpuidle: using governor ladder
[    0.274533] cpuidle: using governor menu
[    0.274533] Detected 1 PCC Subspaces
[    0.274533] Registering PCC driver as Mailbox controller
[    0.274533] acpiphp: ACPI Hot Plug PCI Controller Driver version: 0.5
[    0.274533] PCI: ECAM [mem 0xf0000000-0xf7ffffff] (base 0xf0000000) for domain 0000 [bus 00-7f]
[    0.274533] PCI: Using configuration type 1 for base access
[    0.274590] kprobes: kprobe jump-optimization is enabled. All kprobes are optimized if possible.
[    0.275367] HugeTLB: registered 1.00 GiB page size, pre-allocated 0 pages
[    0.275367] HugeTLB: 16380 KiB vmemmap can be freed for a 1.00 GiB page
[    0.275367] HugeTLB: registered 2.00 MiB page size, pre-allocated 0 pages
[    0.275367] HugeTLB: 28 KiB vmemmap can be freed for a 2.00 MiB page
[    0.275453] ACPI: Added _OSI(Module Device)
[    0.275456] ACPI: Added _OSI(Processor Device)
[    0.275457] ACPI: Added _OSI(Processor Aggregator Device)
[    0.296790] ACPI: 12 ACPI AML tables successfully acquired and loaded
[    0.299389] ACPI: [Firmware Bug]: BIOS _OSI(Linux) query ignored
[    0.304851] ACPI: _OSC evaluation for CPUs failed, trying _PDC
[    0.306153] ACPI: Interpreter enabled
[    0.306169] ACPI: PM: (supports S0 S3 S4 S5)
[    0.306170] ACPI: Using IOAPIC for interrupt routing
[    0.307957] PCI: Using host bridge windows from ACPI; if necessary, use "pci=nocrs" and report a bug
[    0.307959] PCI: Ignoring E820 reservations for host bridge windows
[    0.308576] ACPI: Enabled 8 GPEs in block 00 to 1F
[    0.325415] ACPI: PCI Root Bridge [PCI0] (domain 0000 [bus 00-ff])
[    0.325421] acpi PNP0A08:00: _OSC: OS supports [ExtendedConfig ASPM ClockPM Segments MSI EDR HPX-Type3]
[    0.325546] acpi PNP0A08:00: _OSC: platform does not support [SHPCHotplug LTR DPC]
[    0.325769] acpi PNP0A08:00: _OSC: OS now controls [PCIeHotplug PME AER PCIeCapability]
[    0.325779] acpi PNP0A08:00: [Firmware Info]: ECAM [mem 0xf0000000-0xf7ffffff] for domain 0000 [bus 00-7f] only partially covers this bridge
[    0.326404] PCI host bridge to bus 0000:00
[    0.326406] pci_bus 0000:00: root bus resource [io  0x0000-0x03af window]
[    0.326408] pci_bus 0000:00: root bus resource [io  0x03e0-0x0cf7 window]
[    0.326410] pci_bus 0000:00: root bus resource [io  0x03b0-0x03df window]
[    0.326411] pci_bus 0000:00: root bus resource [io  0x0d00-0xffff window]
[    0.326413] pci_bus 0000:00: root bus resource [mem 0x000a0000-0x000dffff window]
[    0.326415] pci_bus 0000:00: root bus resource [mem 0xc0000000-0xfcffffff window]
[    0.326416] pci_bus 0000:00: root bus resource [mem 0x840000000-0x7fffffffff window]
[    0.326418] pci_bus 0000:00: root bus resource [bus 00-ff]
[    0.326435] pci 0000:00:00.0: [1022:1480] type 00 class 0x060000 conventional PCI endpoint
[    0.326543] pci 0000:00:01.0: [1022:1482] type 00 class 0x060000 conventional PCI endpoint
[    0.326608] pci 0000:00:01.1: [1022:1483] type 01 class 0x060400 PCIe Root Port
[    0.326625] pci 0000:00:01.1: PCI bridge to [bus 01]
[    0.326631] pci 0000:00:01.1:   bridge window [mem 0xfcf00000-0xfcffffff]
[    0.326645] pci 0000:00:01.1: enabling Extended Tags
[    0.326694] pci 0000:00:01.1: PME# supported from D0 D3hot D3cold
[    0.326832] pci 0000:00:01.2: [1022:1483] type 01 class 0x060400 PCIe Root Port
[    0.326849] pci 0000:00:01.2: PCI bridge to [bus 02-05]
[    0.326853] pci 0000:00:01.2:   bridge window [io  0xf000-0xffff]
[    0.326856] pci 0000:00:01.2:   bridge window [mem 0xfcc00000-0xfcefffff]
[    0.326870] pci 0000:00:01.2: enabling Extended Tags
[    0.326917] pci 0000:00:01.2: PME# supported from D0 D3hot D3cold
[    0.327087] pci 0000:00:02.0: [1022:1482] type 00 class 0x060000 conventional PCI endpoint
[    0.327150] pci 0000:00:03.0: [1022:1482] type 00 class 0x060000 conventional PCI endpoint
[    0.327210] pci 0000:00:03.1: [1022:1483] type 01 class 0x060400 PCIe Root Port
[    0.327225] pci 0000:00:03.1: PCI bridge to [bus 06-08]
[    0.327229] pci 0000:00:03.1:   bridge window [io  0xe000-0xefff]
[    0.327231] pci 0000:00:03.1:   bridge window [mem 0xfc500000-0xfc8fffff]
[    0.327238] pci 0000:00:03.1:   bridge window [mem 0x7000000000-0x780fffffff 64bit pref]
[    0.327283] pci 0000:00:03.1: PME# supported from D0 D3hot D3cold
[    0.327411] pci 0000:00:04.0: [1022:1482] type 00 class 0x060000 conventional PCI endpoint
[    0.327476] pci 0000:00:05.0: [1022:1482] type 00 class 0x060000 conventional PCI endpoint
[    0.327538] pci 0000:00:07.0: [1022:1482] type 00 class 0x060000 conventional PCI endpoint
[    0.327598] pci 0000:00:07.1: [1022:1484] type 01 class 0x060400 PCIe Root Port
[    0.327611] pci 0000:00:07.1: PCI bridge to [bus 09]
[    0.327623] pci 0000:00:07.1: enabling Extended Tags
[    0.327657] pci 0000:00:07.1: PME# supported from D0 D3hot D3cold
[    0.327773] pci 0000:00:08.0: [1022:1482] type 00 class 0x060000 conventional PCI endpoint
[    0.327834] pci 0000:00:08.1: [1022:1484] type 01 class 0x060400 PCIe Root Port
[    0.327847] pci 0000:00:08.1: PCI bridge to [bus 0a]
[    0.327852] pci 0000:00:08.1:   bridge window [mem 0xfc900000-0xfcbfffff]
[    0.327863] pci 0000:00:08.1: enabling Extended Tags
[    0.327901] pci 0000:00:08.1: PME# supported from D0 D3hot D3cold
[    0.328044] pci 0000:00:14.0: [1022:790b] type 00 class 0x0c0500 conventional PCI endpoint
[    0.328151] pci 0000:00:14.3: [1022:790e] type 00 class 0x060100 conventional PCI endpoint
[    0.328271] pci 0000:00:18.0: [1022:1440] type 00 class 0x060000 conventional PCI endpoint
[    0.328316] pci 0000:00:18.1: [1022:1441] type 00 class 0x060000 conventional PCI endpoint
[    0.328356] pci 0000:00:18.2: [1022:1442] type 00 class 0x060000 conventional PCI endpoint
[    0.328396] pci 0000:00:18.3: [1022:1443] type 00 class 0x060000 conventional PCI endpoint
[    0.328437] pci 0000:00:18.4: [1022:1444] type 00 class 0x060000 conventional PCI endpoint
[    0.328478] pci 0000:00:18.5: [1022:1445] type 00 class 0x060000 conventional PCI endpoint
[    0.328518] pci 0000:00:18.6: [1022:1446] type 00 class 0x060000 conventional PCI endpoint
[    0.328558] pci 0000:00:18.7: [1022:1447] type 00 class 0x060000 conventional PCI endpoint
[    0.328667] pci 0000:01:00.0: [8086:faf0] type 00 class 0x010802 PCIe Endpoint
[    0.328714] pci 0000:01:00.0: BAR 0 [mem 0xfcf00000-0xfcf03fff 64bit]
[    0.328930] pci 0000:00:01.1: PCI bridge to [bus 01]
[    0.329010] pci 0000:02:00.0: [1022:43ee] type 00 class 0x0c0330 PCIe Legacy Endpoint
[    0.329049] pci 0000:02:00.0: BAR 0 [mem 0xfcea0000-0xfcea7fff 64bit]
[    0.329061] pci 0000:02:00.0: enabling Extended Tags
[    0.329118] pci 0000:02:00.0: PME# supported from D3hot D3cold
[    0.329272] pci 0000:02:00.1: [1022:43eb] type 00 class 0x010601 PCIe Legacy Endpoint
[    0.329316] pci 0000:02:00.1: BAR 5 [mem 0xfce80000-0xfce9ffff]
[    0.329319] pci 0000:02:00.1: ROM [mem 0xfce00000-0xfce7ffff pref]
[    0.329326] pci 0000:02:00.1: enabling Extended Tags
[    0.329370] pci 0000:02:00.1: PME# supported from D3hot D3cold
[    0.329474] pci 0000:02:00.2: [1022:43e9] type 01 class 0x060400 PCIe Switch Upstream Port
[    0.329500] pci 0000:02:00.2: PCI bridge to [bus 03-05]
[    0.329506] pci 0000:02:00.2:   bridge window [io  0xf000-0xffff]
[    0.329510] pci 0000:02:00.2:   bridge window [mem 0xfcc00000-0xfcdfffff]
[    0.329531] pci 0000:02:00.2: enabling Extended Tags
[    0.329580] pci 0000:02:00.2: PME# supported from D3hot D3cold
[    0.329710] pci 0000:00:01.2: PCI bridge to [bus 02-05]
[    0.329854] pci 0000:03:00.0: [1022:43ea] type 01 class 0x060400 PCIe Switch Downstream Port
[    0.329881] pci 0000:03:00.0: PCI bridge to [bus 04]
[    0.329887] pci 0000:03:00.0:   bridge window [io  0xf000-0xffff]
[    0.329891] pci 0000:03:00.0:   bridge window [mem 0xfcd00000-0xfcdfffff]
[    0.329914] pci 0000:03:00.0: enabling Extended Tags
[    0.329973] pci 0000:03:00.0: PME# supported from D3hot D3cold
[    0.330106] pci 0000:03:01.0: [1022:43ea] type 01 class 0x060400 PCIe Switch Downstream Port
[    0.330133] pci 0000:03:01.0: PCI bridge to [bus 05]
[    0.330141] pci 0000:03:01.0:   bridge window [mem 0xfcc00000-0xfccfffff]
[    0.330165] pci 0000:03:01.0: enabling Extended Tags
[    0.330224] pci 0000:03:01.0: PME# supported from D3hot D3cold
[    0.330359] pci 0000:02:00.2: PCI bridge to [bus 03-05]
[    0.330439] pci 0000:04:00.0: [10ec:8168] type 00 class 0x020000 PCIe Endpoint
[    0.330522] pci 0000:04:00.0: BAR 0 [io  0xf000-0xf0ff]
[    0.330530] pci 0000:04:00.0: BAR 2 [mem 0xfcd04000-0xfcd04fff 64bit]
[    0.330536] pci 0000:04:00.0: BAR 4 [mem 0xfcd00000-0xfcd03fff 64bit]
[    0.330694] pci 0000:04:00.0: supports D1 D2
[    0.330696] pci 0000:04:00.0: PME# supported from D0 D1 D2 D3hot D3cold
[    0.330960] pci 0000:03:00.0: PCI bridge to [bus 04]
[    0.331087] pci 0000:05:00.0: [8086:24fb] type 00 class 0x028000 PCIe Endpoint
[    0.331193] pci 0000:05:00.0: BAR 0 [mem 0xfcc00000-0xfcc01fff 64bit]
[    0.331384] pci 0000:05:00.0: PME# supported from D0 D3hot D3cold
[    0.331708] pci 0000:03:01.0: PCI bridge to [bus 05]
[    0.331797] pci 0000:06:00.0: [1002:1478] type 01 class 0x060400 PCIe Switch Upstream Port
[    0.331818] pci 0000:06:00.0: BAR 0 [mem 0xfc800000-0xfc803fff]
[    0.331822] pci 0000:06:00.0: PCI bridge to [bus 07-08]
[    0.331828] pci 0000:06:00.0:   bridge window [io  0xe000-0xefff]
[    0.331831] pci 0000:06:00.0:   bridge window [mem 0xfc500000-0xfc7fffff]
[    0.331840] pci 0000:06:00.0:   bridge window [mem 0x7000000000-0x780fffffff 64bit pref]
[    0.331918] pci 0000:06:00.0: PME# supported from D0 D3hot D3cold
[    0.332093] pci 0000:00:03.1: PCI bridge to [bus 06-08]
[    0.332164] pci 0000:07:00.0: [1002:1479] type 01 class 0x060400 PCIe Switch Downstream Port
[    0.332187] pci 0000:07:00.0: PCI bridge to [bus 08]
[    0.332193] pci 0000:07:00.0:   bridge window [io  0xe000-0xefff]
[    0.332196] pci 0000:07:00.0:   bridge window [mem 0xfc500000-0xfc7fffff]
[    0.332205] pci 0000:07:00.0:   bridge window [mem 0x7000000000-0x780fffffff 64bit pref]
[    0.332283] pci 0000:07:00.0: PME# supported from D0 D3hot D3cold
[    0.333085] pci 0000:06:00.0: PCI bridge to [bus 07-08]
[    0.333165] pci 0000:08:00.0: [1002:744c] type 00 class 0x030000 PCIe Legacy Endpoint
[    0.333199] pci 0000:08:00.0: BAR 0 [mem 0x7000000000-0x77ffffffff 64bit pref]
[    0.333203] pci 0000:08:00.0: BAR 2 [mem 0x7800000000-0x780fffffff 64bit pref]
[    0.333206] pci 0000:08:00.0: BAR 4 [io  0xe000-0xe0ff]
[    0.333208] pci 0000:08:00.0: BAR 5 [mem 0xfc600000-0xfc6fffff]
[    0.333210] pci 0000:08:00.0: ROM [mem 0xfc700000-0xfc71ffff pref]
[    0.333296] pci 0000:08:00.0: PME# supported from D1 D2 D3hot D3cold
[    0.333474] pci 0000:08:00.1: [1002:ab30] type 00 class 0x040300 PCIe Legacy Endpoint
[    0.333506] pci 0000:08:00.1: BAR 0 [mem 0xfc724000-0xfc727fff]
[    0.333582] pci 0000:08:00.1: PME# supported from D1 D2 D3hot D3cold
[    0.333698] pci 0000:08:00.2: [1002:7446] type 00 class 0x0c0330 PCIe Endpoint
[    0.333732] pci 0000:08:00.2: BAR 0 [mem 0xfc500000-0xfc5fffff 64bit]
[    0.333797] pci 0000:08:00.2: PME# supported from D0 D3hot D3cold
[    0.333891] pci 0000:08:00.3: [1002:7444] type 00 class 0x0c8000 PCIe Endpoint
[    0.333924] pci 0000:08:00.3: BAR 0 [mem 0xfc720000-0xfc723fff 64bit]
[    0.333984] pci 0000:08:00.3: PME# supported from D0 D3hot
[    0.334107] pci 0000:07:00.0: PCI bridge to [bus 08]
[    0.334168] pci 0000:09:00.0: [1022:148a] type 00 class 0x130000 PCIe Endpoint
[    0.334192] pci 0000:09:00.0: enabling Extended Tags
[    0.334330] pci 0000:00:07.1: PCI bridge to [bus 09]
[    0.334392] pci 0000:0a:00.0: [1022:1485] type 00 class 0x130000 PCIe Endpoint
[    0.334419] pci 0000:0a:00.0: enabling Extended Tags
[    0.334543] pci 0000:0a:00.1: [1022:1486] type 00 class 0x108000 PCIe Endpoint
[    0.334565] pci 0000:0a:00.1: BAR 2 [mem 0xfca00000-0xfcafffff]
[    0.334569] pci 0000:0a:00.1: BAR 5 [mem 0xfcb08000-0xfcb09fff]
[    0.334574] pci 0000:0a:00.1: enabling Extended Tags
[    0.334682] pci 0000:0a:00.3: [1022:149c] type 00 class 0x0c0330 PCIe Endpoint
[    0.334705] pci 0000:0a:00.3: BAR 0 [mem 0xfc900000-0xfc9fffff 64bit]
[    0.334712] pci 0000:0a:00.3: enabling Extended Tags
[    0.334750] pci 0000:0a:00.3: PME# supported from D0 D3hot D3cold
[    0.334857] pci 0000:0a:00.4: [1022:1487] type 00 class 0x040300 PCIe Endpoint
[    0.334879] pci 0000:0a:00.4: BAR 0 [mem 0xfcb00000-0xfcb07fff]
[    0.334887] pci 0000:0a:00.4: enabling Extended Tags
[    0.334922] pci 0000:0a:00.4: PME# supported from D0 D3hot D3cold
[    0.335029] pci 0000:00:08.1: PCI bridge to [bus 0a]
[    0.336746] ACPI: PCI: Interrupt link LNKA configured for IRQ 0
[    0.336814] ACPI: PCI: Interrupt link LNKB configured for IRQ 0
[    0.336874] ACPI: PCI: Interrupt link LNKC configured for IRQ 0
[    0.336945] ACPI: PCI: Interrupt link LNKD configured for IRQ 0
[    0.337011] ACPI: PCI: Interrupt link LNKE configured for IRQ 0
[    0.337065] ACPI: PCI: Interrupt link LNKF configured for IRQ 0
[    0.337119] ACPI: PCI: Interrupt link LNKG configured for IRQ 0
[    0.337174] ACPI: PCI: Interrupt link LNKH configured for IRQ 0
[    0.338324] iommu: Default domain type: Translated
[    0.338324] iommu: DMA domain TLB invalidation policy: lazy mode
[    0.338492] SCSI subsystem initialized
[    0.338502] libata version 3.00 loaded.
[    0.338502] ACPI: bus type USB registered
[    0.338502] usbcore: registered new interface driver usbfs
[    0.338502] usbcore: registered new interface driver hub
[    0.338502] usbcore: registered new device driver usb
[    0.338502] pps_core: LinuxPPS API ver. 1 registered
[    0.338502] pps_core: Software ver. 5.3.6 - Copyright 2005-2007 Rodolfo Giometti <giometti@linux.it>
[    0.338502] PTP clock support registered
[    0.338502] EDAC MC: Ver: 3.0.0
[    0.338502] efivars: Registered efivars operations
[    0.338521] NetLabel: Initializing
[    0.338522] NetLabel:  domain hash size = 128
[    0.338523] NetLabel:  protocols = UNLABELED CIPSOv4 CALIPSO
[    0.338545] NetLabel:  unlabeled traffic allowed by default
[    0.339332] mctp: management component transport protocol core
[    0.339332] NET: Registered PF_MCTP protocol family
[    0.339332] PCI: Using ACPI for IRQ routing
[    0.342633] PCI: pci_cache_line_size set to 64 bytes
[    0.342827] e820: reserve RAM buffer [mem 0x09bff000-0x0bffffff]
[    0.342829] e820: reserve RAM buffer [mem 0x0a200000-0x0bffffff]
[    0.342831] e820: reserve RAM buffer [mem 0x0b000000-0x0bffffff]
[    0.342832] e820: reserve RAM buffer [mem 0xb75c8018-0xb7ffffff]
[    0.342833] e820: reserve RAM buffer [mem 0xba953000-0xbbffffff]
[    0.342834] e820: reserve RAM buffer [mem 0xbb31c000-0xbbffffff]
[    0.342835] e820: reserve RAM buffer [mem 0xbf000000-0xbfffffff]
[    0.342836] e820: reserve RAM buffer [mem 0x83f380000-0x83fffffff]
[    0.342894] pci 0000:08:00.0: vgaarb: setting as boot VGA device
[    0.342894] pci 0000:08:00.0: vgaarb: bridge control possible
[    0.342894] pci 0000:08:00.0: vgaarb: VGA device added: decodes=io+mem,owns=none,locks=none
[    0.342894] vgaarb: loaded
[    0.342894] hpet0: at MMIO 0xfed00000, IRQs 2, 8, 0
[    0.342894] hpet0: 3 comparators, 32-bit 14.318180 MHz counter
[    0.344367] clocksource: Switched to clocksource tsc-early
[    0.345061] VFS: Disk quotas dquot_6.6.0
[    0.345075] VFS: Dquot-cache hash table entries: 512 (order 0, 4096 bytes)
[    0.345242] AppArmor: AppArmor Filesystem Enabled
[    0.345271] pnp: PnP ACPI init
[    0.345365] system 00:00: [mem 0xf0000000-0xf7ffffff] has been reserved
[    0.345407] system 00:01: [mem 0xfeb80000-0xfebfffff] has been reserved
[    0.345491] system 00:02: [mem 0xfd200000-0xfd2fffff] has been reserved
[    0.345782] system 00:04: [io  0x0280-0x028f] has been reserved
[    0.345785] system 00:04: [io  0x0290-0x029f] has been reserved
[    0.345786] system 00:04: [io  0x02a0-0x02af] has been reserved
[    0.345788] system 00:04: [io  0x02b0-0x02bf] has been reserved
[    0.346087] pnp 00:05: [dma 0 disabled]
[    0.346417] system 00:06: [io  0x04d0-0x04d1] has been reserved
[    0.346420] system 00:06: [io  0x040b] has been reserved
[    0.346421] system 00:06: [io  0x04d6] has been reserved
[    0.346423] system 00:06: [io  0x0c00-0x0c01] has been reserved
[    0.346425] system 00:06: [io  0x0c14] has been reserved
[    0.346426] system 00:06: [io  0x0c50-0x0c51] has been reserved
[    0.346428] system 00:06: [io  0x0c52] has been reserved
[    0.346430] system 00:06: [io  0x0c6c] has been reserved
[    0.346431] system 00:06: [io  0x0c6f] has been reserved
[    0.346433] system 00:06: [io  0x0cd8-0x0cdf] has been reserved
[    0.346434] system 00:06: [io  0x0800-0x089f] has been reserved
[    0.346436] system 00:06: [io  0x0b00-0x0b0f] has been reserved
[    0.346438] system 00:06: [io  0x0b20-0x0b3f] has been reserved
[    0.346439] system 00:06: [io  0x0900-0x090f] has been reserved
[    0.346441] system 00:06: [io  0x0910-0x091f] has been reserved
[    0.346443] system 00:06: [mem 0xfec00000-0xfec00fff] could not be reserved
[    0.346445] system 00:06: [mem 0xfec01000-0xfec01fff] could not be reserved
[    0.346446] system 00:06: [mem 0xfedc0000-0xfedc0fff] has been reserved
[    0.346448] system 00:06: [mem 0xfee00000-0xfee00fff] has been reserved
[    0.346450] system 00:06: [mem 0xfed80000-0xfed8ffff] could not be reserved
[    0.346452] system 00:06: [mem 0xfec10000-0xfec10fff] has been reserved
[    0.346453] system 00:06: [mem 0xff000000-0xffffffff] has been reserved
[    0.347236] pnp: PnP ACPI: found 7 devices
[    0.353071] clocksource: acpi_pm: mask: 0xffffff max_cycles: 0xffffff, max_idle_ns: 2085701024 ns
[    0.353144] NET: Registered PF_INET protocol family
[    0.353307] IP idents hash table entries: 262144 (order: 9, 2097152 bytes, linear)
[    0.365565] tcp_listen_portaddr_hash hash table entries: 16384 (order: 6, 262144 bytes, linear)
[    0.365586] Table-perturb hash table entries: 65536 (order: 6, 262144 bytes, linear)
[    0.365665] TCP established hash table entries: 262144 (order: 9, 2097152 bytes, linear)
[    0.365915] TCP bind hash table entries: 65536 (order: 9, 2097152 bytes, linear)
[    0.366001] TCP: Hash tables configured (established 262144 bind 65536)
[    0.366085] MPTCP token hash table entries: 32768 (order: 8, 786432 bytes, linear)
[    0.366136] UDP hash table entries: 16384 (order: 7, 524288 bytes, linear)
[    0.366198] UDP-Lite hash table entries: 16384 (order: 7, 524288 bytes, linear)
[    0.366277] NET: Registered PF_UNIX/PF_LOCAL protocol family
[    0.366283] NET: Registered PF_XDP protocol family
[    0.366295] pci 0000:00:01.1: PCI bridge to [bus 01]
[    0.366299] pci 0000:00:01.1:   bridge window [mem 0xfcf00000-0xfcffffff]
[    0.366305] pci 0000:03:00.0: PCI bridge to [bus 04]
[    0.366308] pci 0000:03:00.0:   bridge window [io  0xf000-0xffff]
[    0.366312] pci 0000:03:00.0:   bridge window [mem 0xfcd00000-0xfcdfffff]
[    0.366320] pci 0000:03:01.0: PCI bridge to [bus 05]
[    0.366325] pci 0000:03:01.0:   bridge window [mem 0xfcc00000-0xfccfffff]
[    0.366332] pci 0000:02:00.2: PCI bridge to [bus 03-05]
[    0.366335] pci 0000:02:00.2:   bridge window [io  0xf000-0xffff]
[    0.366339] pci 0000:02:00.2:   bridge window [mem 0xfcc00000-0xfcdfffff]
[    0.366346] pci 0000:00:01.2: PCI bridge to [bus 02-05]
[    0.366348] pci 0000:00:01.2:   bridge window [io  0xf000-0xffff]
[    0.366352] pci 0000:00:01.2:   bridge window [mem 0xfcc00000-0xfcefffff]
[    0.366357] pci 0000:07:00.0: PCI bridge to [bus 08]
[    0.366364] pci 0000:07:00.0:   bridge window [io  0xe000-0xefff]
[    0.366369] pci 0000:07:00.0:   bridge window [mem 0xfc500000-0xfc7fffff]
[    0.366372] pci 0000:07:00.0:   bridge window [mem 0x7000000000-0x780fffffff 64bit pref]
[    0.366377] pci 0000:06:00.0: PCI bridge to [bus 07-08]
[    0.366379] pci 0000:06:00.0:   bridge window [io  0xe000-0xefff]
[    0.366383] pci 0000:06:00.0:   bridge window [mem 0xfc500000-0xfc7fffff]
[    0.366386] pci 0000:06:00.0:   bridge window [mem 0x7000000000-0x780fffffff 64bit pref]
[    0.366391] pci 0000:00:03.1: PCI bridge to [bus 06-08]
[    0.366393] pci 0000:00:03.1:   bridge window [io  0xe000-0xefff]
[    0.366396] pci 0000:00:03.1:   bridge window [mem 0xfc500000-0xfc8fffff]
[    0.366399] pci 0000:00:03.1:   bridge window [mem 0x7000000000-0x780fffffff 64bit pref]
[    0.366403] pci 0000:00:07.1: PCI bridge to [bus 09]
[    0.366409] pci 0000:00:08.1: PCI bridge to [bus 0a]
[    0.366412] pci 0000:00:08.1:   bridge window [mem 0xfc900000-0xfcbfffff]
[    0.366416] pci_bus 0000:00: resource 4 [io  0x0000-0x03af window]
[    0.366418] pci_bus 0000:00: resource 5 [io  0x03e0-0x0cf7 window]
[    0.366420] pci_bus 0000:00: resource 6 [io  0x03b0-0x03df window]
[    0.366421] pci_bus 0000:00: resource 7 [io  0x0d00-0xffff window]
[    0.366423] pci_bus 0000:00: resource 8 [mem 0x000a0000-0x000dffff window]
[    0.366424] pci_bus 0000:00: resource 9 [mem 0xc0000000-0xfcffffff window]
[    0.366426] pci_bus 0000:00: resource 10 [mem 0x840000000-0x7fffffffff window]
[    0.366428] pci_bus 0000:01: resource 1 [mem 0xfcf00000-0xfcffffff]
[    0.366430] pci_bus 0000:02: resource 0 [io  0xf000-0xffff]
[    0.366431] pci_bus 0000:02: resource 1 [mem 0xfcc00000-0xfcefffff]
[    0.366433] pci_bus 0000:03: resource 0 [io  0xf000-0xffff]
[    0.366434] pci_bus 0000:03: resource 1 [mem 0xfcc00000-0xfcdfffff]
[    0.366436] pci_bus 0000:04: resource 0 [io  0xf000-0xffff]
[    0.366437] pci_bus 0000:04: resource 1 [mem 0xfcd00000-0xfcdfffff]
[    0.366439] pci_bus 0000:05: resource 1 [mem 0xfcc00000-0xfccfffff]
[    0.366440] pci_bus 0000:06: resource 0 [io  0xe000-0xefff]
[    0.366442] pci_bus 0000:06: resource 1 [mem 0xfc500000-0xfc8fffff]
[    0.366444] pci_bus 0000:06: resource 2 [mem 0x7000000000-0x780fffffff 64bit pref]
[    0.366445] pci_bus 0000:07: resource 0 [io  0xe000-0xefff]
[    0.366447] pci_bus 0000:07: resource 1 [mem 0xfc500000-0xfc7fffff]
[    0.366448] pci_bus 0000:07: resource 2 [mem 0x7000000000-0x780fffffff 64bit pref]
[    0.366450] pci_bus 0000:08: resource 0 [io  0xe000-0xefff]
[    0.366451] pci_bus 0000:08: resource 1 [mem 0xfc500000-0xfc7fffff]
[    0.366453] pci_bus 0000:08: resource 2 [mem 0x7000000000-0x780fffffff 64bit pref]
[    0.366454] pci_bus 0000:0a: resource 1 [mem 0xfc900000-0xfcbfffff]
[    0.366740] pci 0000:08:00.1: D0 power state depends on 0000:08:00.0
[    0.366797] pci 0000:08:00.2: D0 power state depends on 0000:08:00.0
[    0.366984] pci 0000:08:00.3: D0 power state depends on 0000:08:00.0
[    0.367144] PCI: CLS 64 bytes, default 64
[    0.367155] PCI-DMA: Using software bounce buffering for IO (SWIOTLB)
[    0.367156] software IO TLB: mapped [mem 0x00000000b35c8000-0x00000000b75c8000] (64MB)
[    0.367200] LVT offset 0 assigned for vector 0x400
[    0.367203] Trying to unpack rootfs image as initramfs...
[    0.370028] perf: AMD IBS detected (0x000003ff)
[    0.370850] Initialise system trusted keyrings
[    0.370862] Key type blacklist registered
[    0.370896] workingset: timestamp_bits=36 max_order=23 bucket_order=0
[    0.370904] zbud: loaded
[    0.371117] squashfs: version 4.0 (2009/01/31) Phillip Lougher
[    0.371192] fuse: init (API version 7.39)
[    0.371306] integrity: Platform Keyring initialized
[    0.371308] integrity: Machine keyring initialized
[    0.379376] Key type asymmetric registered
[    0.379378] Asymmetric key parser 'x509' registered
[    0.379393] Block layer SCSI generic (bsg) driver version 0.4 loaded (major 243)
[    0.379431] io scheduler mq-deadline registered
[    0.380428] pcieport 0000:00:01.1: PME: Signaling with IRQ 27
[    0.380543] pcieport 0000:00:01.2: PME: Signaling with IRQ 28
[    0.380654] pcieport 0000:00:03.1: PME: Signaling with IRQ 29
[    0.380829] pcieport 0000:00:07.1: PME: Signaling with IRQ 31
[    0.380886] pcieport 0000:00:07.1: AER: enabled with IRQ 31
[    0.380977] pcieport 0000:00:08.1: PME: Signaling with IRQ 32
[    0.381031] pcieport 0000:00:08.1: AER: enabled with IRQ 32
[    0.381630] shpchp: Standard Hot Plug PCI Controller Driver version: 0.4
[    0.381791] input: Power Button as /devices/LNXSYSTM:00/LNXSYBUS:00/PNP0C0C:00/input/input0
[    0.381813] ACPI: button: Power Button [PWRB]
[    0.381847] input: Power Button as /devices/LNXSYSTM:00/LNXPWRBN:00/input/input1
[    0.381892] ACPI: button: Power Button [PWRF]
[    0.382603] Estimated ratio of average max frequency by base frequency (times 1024): 1165
[    0.382617] Monitor-Mwait will be used to enter C-1 state
[    0.382623] ACPI: \_SB_.PLTF.C000: Found 2 idle states
[    0.382755] ACPI: \_SB_.PLTF.C002: Found 2 idle states
[    0.382844] ACPI: \_SB_.PLTF.C004: Found 2 idle states
[    0.382967] ACPI: \_SB_.PLTF.C006: Found 2 idle states
[    0.383081] ACPI: \_SB_.PLTF.C008: Found 2 idle states
[    0.383196] ACPI: \_SB_.PLTF.C00A: Found 2 idle states
[    0.383282] ACPI: \_SB_.PLTF.C00C: Found 2 idle states
[    0.383395] ACPI: \_SB_.PLTF.C00E: Found 2 idle states
[    0.383477] ACPI: \_SB_.PLTF.C001: Found 2 idle states
[    0.383590] ACPI: \_SB_.PLTF.C003: Found 2 idle states
[    0.383699] ACPI: \_SB_.PLTF.C005: Found 2 idle states
[    0.383817] ACPI: \_SB_.PLTF.C007: Found 2 idle states
[    0.383921] ACPI: \_SB_.PLTF.C009: Found 2 idle states
[    0.384029] ACPI: \_SB_.PLTF.C00B: Found 2 idle states
[    0.384142] ACPI: \_SB_.PLTF.C00D: Found 2 idle states
[    0.384248] ACPI: \_SB_.PLTF.C00F: Found 2 idle states
[    0.384463] Serial: 8250/16550 driver, 32 ports, IRQ sharing enabled
[    0.405159] 00:05: ttyS0 at I/O 0x3f8 (irq = 4, base_baud = 115200) is a 16550A
[    0.408661] Linux agpgart interface v0.103
[    0.421631] tpm_crb MSFT0101:00: Disabling hwrng
[    0.425469] loop: module loaded
[    0.425677] ACPI: bus type drm_connector registered
[    0.426384] tun: Universal TUN/TAP device driver, 1.6
[    0.426423] PPP generic driver version 2.4.2
[    0.426545] i8042: PNP: No PS/2 controller found.
[    0.426594] mousedev: PS/2 mouse device common for all mice
[    0.426679] rtc_cmos 00:03: RTC can wake from S4
[    0.426876] rtc_cmos 00:03: registered as rtc0
[    0.426901] rtc_cmos 00:03: setting system clock to 2026-06-10T21:16:17 UTC (1781126177)
[    0.426928] rtc_cmos 00:03: alarms up to one month, y3k, 114 bytes nvram
[    0.426936] i2c_dev: i2c /dev entries driver
[    0.426957] device-mapper: core: CONFIG_IMA_DISABLE_HTABLE is disabled. Duplicate IMA measurements will not be recorded in the IMA log.
[    0.426967] device-mapper: uevent: version 1.0.3
[    0.427012] device-mapper: ioctl: 4.48.0-ioctl (2023-03-01) initialised: dm-devel@redhat.com
[    0.427016] amd_pstate: driver load is disabled, boot with specific mode to enable this
[    0.427179] ledtrig-cpu: registered to indicate activity on CPUs
[    0.427252] drop_monitor: Initializing network drop monitor service
[    0.427334] NET: Registered PF_INET6 protocol family
[    0.453057] Freeing initrd memory: 73244K
[    0.458302] Segment Routing with IPv6
[    0.458312] In-situ OAM (IOAM) with IPv6
[    0.458343] NET: Registered PF_PACKET protocol family
[    0.458379] Key type dns_resolver registered
[    0.459680] microcode: Current revision: 0x0a201030
[    0.459930] resctrl: L3 allocation detected
[    0.459931] resctrl: MB allocation detected
[    0.459932] resctrl: L3 monitoring detected
[    0.459973] IPI shorthand broadcast: enabled
[    0.461829] sched_clock: Marking stable (461351288, 240152)->(479233138, -17641698)
[    0.461931] registered taskstats version 1
[    0.462440] Loading compiled-in X.509 certificates
[    0.462856] Loaded X.509 cert 'Build time autogenerated kernel key: 4616851849424b6aa13d3fe487d4bbc60db2a85f'
[    0.463177] Loaded X.509 cert 'Canonical Ltd. Live Patch Signing 2025 Kmod: d541cef61dc7e793b7eb7e899970a2eef0b5dc8c'
[    0.463454] Loaded X.509 cert 'Canonical Ltd. Live Patch Signing: 14df34d1a87cf37625abec039ef2bf521249b969'
[    0.463728] Loaded X.509 cert 'Canonical Ltd. Kernel Module Signing 2025 Kmod: 4627603d2357a2a3f81006370894c221175893e9'
[    0.463999] Loaded X.509 cert 'Canonical Ltd. Kernel Module Signing: 88f752e560a1e0737e31163a466ad7b70a850c19'
[    0.464000] blacklist: Loading compiled-in revocation X.509 certificates
[    0.464015] Loaded X.509 cert 'Canonical Ltd. Secure Boot Signing: 61482aa2830d0ab2ad5af10b7250da9033ddcef0'
[    0.464027] Loaded X.509 cert 'Canonical Ltd. Secure Boot Signing (2017): 242ade75ac4a15e50d50c84b0d45ff3eae707a03'
[    0.464037] Loaded X.509 cert 'Canonical Ltd. Secure Boot Signing (ESM 2018): 365188c1d374d6b07c3c8f240f8ef722433d6a8b'
[    0.464047] Loaded X.509 cert 'Canonical Ltd. Secure Boot Signing (2019): c0746fd6c5da3ae827864651ad66ae47fe24b3e8'
[    0.464057] Loaded X.509 cert 'Canonical Ltd. Secure Boot Signing (2021 v1): a8d54bbb3825cfb94fa13c9f8a594a195c107b8d'
[    0.464067] Loaded X.509 cert 'Canonical Ltd. Secure Boot Signing (2021 v2): 4cf046892d6fd3c9a5b03f98d845f90851dc6a8c'
[    0.464077] Loaded X.509 cert 'Canonical Ltd. Secure Boot Signing (2021 v3): 100437bb6de6e469b581e61cd66bce3ef4ed53af'
[    0.464087] Loaded X.509 cert 'Canonical Ltd. Secure Boot Signing (Ubuntu Core 2019): c1d57b8f6b743f23ee41f4f7ee292f06eecadfb9'
[    0.467848] Key type .fscrypt registered
[    0.467849] Key type fscrypt-provisioning registered
[    0.467893] Key type trusted registered
[    0.479428] Key type encrypted registered
[    0.479432] AppArmor: AppArmor sha256 policy hashing enabled
[    0.479530] Loading compiled-in module X.509 certificates
[    0.479872] Loaded X.509 cert 'Build time autogenerated kernel key: 4616851849424b6aa13d3fe487d4bbc60db2a85f'
[    0.479874] ima: Allocated hash algorithm: sha256
[    0.512389] ima: No architecture policies found
[    0.512402] evm: Initialising EVM extended attributes:
[    0.512404] evm: security.selinux
[    0.512406] evm: security.SMACK64
[    0.512407] evm: security.SMACK64EXEC
[    0.512408] evm: security.SMACK64TRANSMUTE
[    0.512409] evm: security.SMACK64MMAP
[    0.512411] evm: security.apparmor
[    0.512412] evm: security.ima
[    0.512413] evm: security.capability
[    0.512414] evm: HMAC attrs: 0x1
[    0.512733] PM:   Magic number: 14:698:297
[    0.512787] acpi STK0003A:01: hash matches
[    0.512818] memory memory159: hash matches
[    0.536664] RAS: Correctable Errors collector initialized.
[    0.536850] clk: Disabling unused clocks
[    0.538805] Freeing unused decrypted memory: 2028K
[    0.539624] Freeing unused kernel image (initmem) memory: 4924K
[    0.539627] Write protecting the kernel read-only data: 38912k
[    0.540308] Freeing unused kernel image (rodata/data gap) memory: 1968K
[    0.578950] x86/mm: Checked W+X mappings: passed, no W+X pages found.
[    0.578954] Run /init as init process
[    0.578956]   with arguments:
[    0.578957]     /init
[    0.578958]     splash
[    0.578959]   with environment:
[    0.578960]     HOME=/
[    0.578961]     TERM=linux
[    0.720963] xhci_hcd 0000:02:00.0: xHCI Host Controller
[    0.720976] xhci_hcd 0000:02:00.0: new USB bus registered, assigned bus number 1
[    0.725343] ahci 0000:02:00.1: version 3.0
[    0.726800] ahci 0000:02:00.1: SSS flag set, parallel bus scan disabled
[    0.726860] ahci 0000:02:00.1: AHCI 0001.0301 32 slots 6 ports 6 Gbps 0x3f impl SATA mode
[    0.726864] ahci 0000:02:00.1: flags: 64bit ncq sntf stag pm led clo only pmp pio slum part sxs deso sadm sds apst 
[    0.727665] scsi host0: ahci
[    0.727919] scsi host1: ahci
[    0.728043] scsi host2: ahci
[    0.728196] scsi host3: ahci
[    0.728339] scsi host4: ahci
[    0.728468] scsi host5: ahci
[    0.728557] ata1: SATA max UDMA/133 abar m131072@0xfce80000 port 0xfce80100 irq 39 lpm-pol 0
[    0.728561] ata2: SATA max UDMA/133 abar m131072@0xfce80000 port 0xfce80180 irq 39 lpm-pol 0
[    0.728564] ata3: SATA max UDMA/133 abar m131072@0xfce80000 port 0xfce80200 irq 39 lpm-pol 0
[    0.728567] ata4: SATA max UDMA/133 abar m131072@0xfce80000 port 0xfce80280 irq 39 lpm-pol 0
[    0.728570] ata5: SATA max UDMA/133 abar m131072@0xfce80000 port 0xfce80300 irq 39 lpm-pol 0
[    0.728573] ata6: SATA max UDMA/133 abar m131072@0xfce80000 port 0xfce80380 irq 39 lpm-pol 0
[    0.733083] r8169 0000:04:00.0 eth0: RTL8168h/8111h, a8:a1:59:34:d6:1c, XID 541, IRQ 40
[    0.733088] r8169 0000:04:00.0 eth0: jumbo features [frames: 9194 bytes, tx checksumming: ko]
[    0.733795] nvme nvme0: pci function 0000:01:00.0
[    0.741784] nvme nvme0: 8/0/0 default/read/poll queues
[    0.744466]  nvme0n1: p1 p2 p3
[    0.776279] xhci_hcd 0000:02:00.0: hcc params 0x0200ef81 hci version 0x110 quirks 0x0000000000000010
[    0.776536] xhci_hcd 0000:02:00.0: xHCI Host Controller
[    0.776540] xhci_hcd 0000:02:00.0: new USB bus registered, assigned bus number 2
[    0.776544] xhci_hcd 0000:02:00.0: Host supports USB 3.1 Enhanced SuperSpeed
[    0.776618] usb usb1: New USB device found, idVendor=1d6b, idProduct=0002, bcdDevice= 6.08
[    0.776620] usb usb1: New USB device strings: Mfr=3, Product=2, SerialNumber=1
[    0.776622] usb usb1: Product: xHCI Host Controller
[    0.776623] usb usb1: Manufacturer: Linux 6.8.0-117-generic xhci-hcd
[    0.776624] usb usb1: SerialNumber: 0000:02:00.0
[    0.776751] hub 1-0:1.0: USB hub found
[    0.776771] hub 1-0:1.0: 10 ports detected
[    0.777161] usb usb2: We don't know the algorithms for LPM for this host, disabling LPM.
[    0.777181] usb usb2: New USB device found, idVendor=1d6b, idProduct=0003, bcdDevice= 6.08
[    0.777183] usb usb2: New USB device strings: Mfr=3, Product=2, SerialNumber=1
[    0.777185] usb usb2: Product: xHCI Host Controller
[    0.777186] usb usb2: Manufacturer: Linux 6.8.0-117-generic xhci-hcd
[    0.777187] usb usb2: SerialNumber: 0000:02:00.0
[    0.777263] hub 2-0:1.0: USB hub found
[    0.777272] hub 2-0:1.0: 4 ports detected
[    0.777570] xhci_hcd 0000:08:00.2: xHCI Host Controller
[    0.777575] xhci_hcd 0000:08:00.2: new USB bus registered, assigned bus number 3
[    0.777947] xhci_hcd 0000:08:00.2: hcc params 0x0110ffc5 hci version 0x120 quirks 0x0000000200000010
[    0.778145] xhci_hcd 0000:08:00.2: xHCI Host Controller
[    0.778148] xhci_hcd 0000:08:00.2: new USB bus registered, assigned bus number 4
[    0.778150] xhci_hcd 0000:08:00.2: Host supports USB 3.1 Enhanced SuperSpeed
[    0.778181] usb usb3: New USB device found, idVendor=1d6b, idProduct=0002, bcdDevice= 6.08
[    0.778183] usb usb3: New USB device strings: Mfr=3, Product=2, SerialNumber=1
[    0.778184] usb usb3: Product: xHCI Host Controller
[    0.778186] usb usb3: Manufacturer: Linux 6.8.0-117-generic xhci-hcd
[    0.778187] usb usb3: SerialNumber: 0000:08:00.2
[    0.778257] hub 3-0:1.0: USB hub found
[    0.778262] hub 3-0:1.0: 1 port detected
[    0.778327] usb usb4: We don't know the algorithms for LPM for this host, disabling LPM.
[    0.778346] usb usb4: New USB device found, idVendor=1d6b, idProduct=0003, bcdDevice= 6.08
[    0.778348] usb usb4: New USB device strings: Mfr=3, Product=2, SerialNumber=1
[    0.778350] usb usb4: Product: xHCI Host Controller
[    0.778351] usb usb4: Manufacturer: Linux 6.8.0-117-generic xhci-hcd
[    0.778352] usb usb4: SerialNumber: 0000:08:00.2
[    0.778421] hub 4-0:1.0: USB hub found
[    0.778427] hub 4-0:1.0: 1 port detected
[    0.778536] xhci_hcd 0000:0a:00.3: xHCI Host Controller
[    0.778540] xhci_hcd 0000:0a:00.3: new USB bus registered, assigned bus number 5
[    0.778644] xhci_hcd 0000:0a:00.3: hcc params 0x0278ffe5 hci version 0x110 quirks 0x0000000000000010
[    0.778852] xhci_hcd 0000:0a:00.3: xHCI Host Controller
[    0.778854] xhci_hcd 0000:0a:00.3: new USB bus registered, assigned bus number 6
[    0.778857] xhci_hcd 0000:0a:00.3: Host supports USB 3.1 Enhanced SuperSpeed
[    0.778886] usb usb5: New USB device found, idVendor=1d6b, idProduct=0002, bcdDevice= 6.08
[    0.778888] usb usb5: New USB device strings: Mfr=3, Product=2, SerialNumber=1
[    0.778889] usb usb5: Product: xHCI Host Controller
[    0.778890] usb usb5: Manufacturer: Linux 6.8.0-117-generic xhci-hcd
[    0.778892] usb usb5: SerialNumber: 0000:0a:00.3
[    0.778980] hub 5-0:1.0: USB hub found
[    0.778987] hub 5-0:1.0: 4 ports detected
[    0.779188] usb usb6: We don't know the algorithms for LPM for this host, disabling LPM.
[    0.779208] usb usb6: New USB device found, idVendor=1d6b, idProduct=0003, bcdDevice= 6.08
[    0.779210] usb usb6: New USB device strings: Mfr=3, Product=2, SerialNumber=1
[    0.779211] usb usb6: Product: xHCI Host Controller
[    0.779212] usb usb6: Manufacturer: Linux 6.8.0-117-generic xhci-hcd
[    0.779214] usb usb6: SerialNumber: 0000:0a:00.3
[    0.779288] hub 6-0:1.0: USB hub found
[    0.779296] hub 6-0:1.0: 4 ports detected
[    1.017653] usb 5-2: new high-speed USB device number 2 using xhci_hcd
[    1.037950] ata1: SATA link down (SStatus 0 SControl 300)
[    1.079658] usb 1-6: new full-speed USB device number 2 using xhci_hcd
[    1.147514] usb 5-2: New USB device found, idVendor=2357, idProduct=011e, bcdDevice= 2.00
[    1.147518] usb 5-2: New USB device strings: Mfr=1, Product=2, SerialNumber=3
[    1.147520] usb 5-2: Product: 802.11ac WLAN Adapter 
[    1.147522] usb 5-2: Manufacturer: Realtek 
[    1.147524] usb 5-2: SerialNumber: 00e04c000001
[    1.424575] tsc: Refined TSC clocksource calibration: 3792.873 MHz
[    1.424589] clocksource: tsc: mask: 0xffffffffffffffff max_cycles: 0x6d5818a734c, max_idle_ns: 881590694765 ns
[    1.424623] clocksource: Switched to clocksource tsc
[    1.454635] usb 1-6: New USB device found, idVendor=1e71, idProduct=2007, bcdDevice= 2.00
[    1.454644] usb 1-6: New USB device strings: Mfr=1, Product=2, SerialNumber=3
[    1.454649] usb 1-6: Product: NZXT USB Device
[    1.454652] usb 1-6: Manufacturer: NZXT. - Inc.
[    1.454655] usb 1-6: SerialNumber: 00000000001A
[    1.504602] ata2: SATA link up 6.0 Gbps (SStatus 133 SControl 300)
[    1.508061] ata2.00: ATA-9: TEAM T253X2001T, S1230A0, max UDMA/133
[    1.510112] ata2.00: 2000409264 sectors, multi 1: LBA48 NCQ (depth 32), AA
[    1.516793] ata2.00: Features: Dev-Sleep
[    1.532424] ata2.00: configured for UDMA/133
[    1.532673] scsi 1:0:0:0: Direct-Access     ATA      TEAM T253X2001T  0A0  PQ: 0 ANSI: 5
[    1.533151] sd 1:0:0:0: Attached scsi generic sg0 type 0
[    1.533253] sd 1:0:0:0: [sda] 2000409264 512-byte logical blocks: (1.02 TB/954 GiB)
[    1.533264] sd 1:0:0:0: [sda] Write Protect is off
[    1.533267] sd 1:0:0:0: [sda] Mode Sense: 00 3a 00 00
[    1.533279] sd 1:0:0:0: [sda] Write cache: enabled, read cache: enabled, doesn't support DPO or FUA
[    1.533297] sd 1:0:0:0: [sda] Preferred minimum I/O size 512 bytes
[    1.533908]  sda: sda1 sda2 sda3
[    1.534046] sd 1:0:0:0: [sda] Attached SCSI disk
[    1.639564] usb 1-8: new full-speed USB device number 3 using xhci_hcd
[    1.837943] ata3: SATA link down (SStatus 0 SControl 330)
[    1.944772] usb 1-8: New USB device found, idVendor=26ce, idProduct=01a2, bcdDevice= 0.00
[    1.944779] usb 1-8: New USB device strings: Mfr=1, Product=2, SerialNumber=3
[    1.944782] usb 1-8: Product: LED Controller
[    1.944785] usb 1-8: Manufacturer: ASRock
[    1.944788] usb 1-8: SerialNumber: A02019100900
[    2.130545] usb 1-9: new full-speed USB device number 4 using xhci_hcd
[    2.141565] ata4: SATA link down (SStatus 0 SControl 330)
[    2.446344] ata5: SATA link down (SStatus 0 SControl 330)
[    2.500644] usb 1-9: New USB device found, idVendor=8087, idProduct=0aa7, bcdDevice= 0.01
[    2.500653] usb 1-9: New USB device strings: Mfr=0, Product=0, SerialNumber=0
[    2.759162] ata6: SATA link down (SStatus 0 SControl 330)
[    2.761691] r8169 0000:04:00.0 enp4s0: renamed from eth0
[    2.766568] hid: raw HID events driver (C) Jiri Kosina
[    2.793358] usbcore: registered new interface driver usbhid
[    2.793360] usbhid: USB HID core driver
[    2.795166] hid-generic 0003:1E71:2007.0001: hiddev0,hidraw0: USB HID v1.11 Device [NZXT. - Inc. NZXT USB Device] on usb-0000:02:00.0-6/input0
[    2.795262] input: ASRock LED Controller as /devices/pci0000:00/0000:00:01.2/0000:02:00.0/usb1/1-8/1-8:1.0/0003:26CE:01A2.0002/input/input2
[    2.847368] hid-generic 0003:26CE:01A2.0002: input,hidraw1: USB HID v1.10 Device [ASRock LED Controller] on usb-0000:02:00.0-8/input0
[    3.917566] EXT4-fs (nvme0n1p3): mounted filesystem a076301c-b9f2-4913-9778-e6596aaa787b ro with ordered data mode. Quota mode: none.
[    3.997891] systemd[1]: Inserted module 'autofs4'
[    4.008212] systemd[1]: systemd 255.4-1ubuntu8.16 running in system mode (+PAM +AUDIT +SELINUX +APPARMOR +IMA +SMACK +SECCOMP +GCRYPT -GNUTLS +OPENSSL +ACL +BLKID +CURL +ELFUTILS +FIDO2 +IDN2 -IDN +IPTC +KMOD +LIBCRYPTSETUP +LIBFDISK +PCRE2 -PWQUALITY +P11KIT +QRENCODE +TPM2 +BZIP2 +LZ4 +XZ +ZLIB +ZSTD -BPF_FRAMEWORK -XKBCOMMON +UTMP +SYSVINIT default-hierarchy=unified)
[    4.008222] systemd[1]: Detected architecture x86-64.
[    4.008907] systemd[1]: Hostname set to <ubuntu-dualboot>.
[    4.077041] systemd[1]: Configuration file /run/systemd/system/netplan-ovs-cleanup.service is marked world-inaccessible. This has no effect as configuration data is accessible via APIs without restrictions. Proceeding anyway.
[    4.120845] systemd[1]: Queued start job for default target graphical.target.
[    4.132194] systemd[1]: Created slice system-modprobe.slice - Slice /system/modprobe.
[    4.132487] systemd[1]: Created slice system-systemd\x2dfsck.slice - Slice /system/systemd-fsck.
[    4.132686] systemd[1]: Created slice user.slice - User and Session Slice.
[    4.132734] systemd[1]: Started systemd-ask-password-wall.path - Forward Password Requests to Wall Directory Watch.
[    4.132862] systemd[1]: Set up automount proc-sys-fs-binfmt_misc.automount - Arbitrary Executable File Formats File System Automount Point.
[    4.132876] systemd[1]: Expecting device dev-disk-by\x2duuid-6EE4\x2d6614.device - /dev/disk/by-uuid/6EE4-6614...
[    4.132888] systemd[1]: Reached target integritysetup.target - Local Integrity Protected Volumes.
[    4.132896] systemd[1]: Reached target network-pre.target - Preparation for Network.
[    4.132905] systemd[1]: Reached target remote-fs.target - Remote File Systems.
[    4.132912] systemd[1]: Reached target slices.target - Slice Units.
[    4.132920] systemd[1]: Reached target snapd.mounts-pre.target - Mounting snaps.
[    4.132927] systemd[1]: Reached target swap.target - Swaps.
[    4.132938] systemd[1]: Reached target veritysetup.target - Local Verity Protected Volumes.
[    4.133054] systemd[1]: Listening on syslog.socket - Syslog Socket.
[    4.133123] systemd[1]: Listening on systemd-fsckd.socket - fsck to fsckd communication Socket.
[    4.133163] systemd[1]: Listening on systemd-initctl.socket - initctl Compatibility Named Pipe.
[    4.133239] systemd[1]: Listening on systemd-journald-dev-log.socket - Journal Socket (/dev/log).
[    4.133335] systemd[1]: Listening on systemd-journald.socket - Journal Socket.
[    4.133458] systemd[1]: Listening on systemd-oomd.socket - Userspace Out-Of-Memory (OOM) Killer Socket.
[    4.133486] systemd[1]: systemd-pcrextend.socket - TPM2 PCR Extension (Varlink) was skipped because of an unmet condition check (ConditionSecurity=measured-uki).
[    4.133583] systemd[1]: Listening on systemd-udevd-control.socket - udev Control Socket.
[    4.133654] systemd[1]: Listening on systemd-udevd-kernel.socket - udev Kernel Socket.
[    4.134299] systemd[1]: Mounting dev-hugepages.mount - Huge Pages File System...
[    4.134796] systemd[1]: Mounting dev-mqueue.mount - POSIX Message Queue File System...
[    4.135287] systemd[1]: Mounting sys-kernel-debug.mount - Kernel Debug File System...
[    4.135767] systemd[1]: Mounting sys-kernel-tracing.mount - Kernel Trace File System...
[    4.136843] systemd[1]: Starting systemd-journald.service - Journal Service...
[    4.137458] systemd[1]: Starting keyboard-setup.service - Set the console keyboard layout...
[    4.137991] systemd[1]: Starting kmod-static-nodes.service - Create List of Static Device Nodes...
[    4.138553] systemd[1]: Starting modprobe@configfs.service - Load Kernel Module configfs...
[    4.139260] systemd[1]: Starting modprobe@dm_mod.service - Load Kernel Module dm_mod...
[    4.139974] systemd[1]: Starting modprobe@drm.service - Load Kernel Module drm...
[    4.140707] systemd[1]: Starting modprobe@efi_pstore.service - Load Kernel Module efi_pstore...
[    4.141413] systemd[1]: Starting modprobe@fuse.service - Load Kernel Module fuse...
[    4.142097] systemd[1]: Starting modprobe@loop.service - Load Kernel Module loop...
[    4.142177] systemd[1]: systemd-fsck-root.service - File System Check on Root Device was skipped because of an unmet condition check (ConditionPathExists=!/run/initramfs/fsck-root).
[    4.144040] systemd[1]: Starting systemd-modules-load.service - Load Kernel Modules...
[    4.144054] systemd[1]: systemd-pcrmachine.service - TPM2 PCR Machine ID Measurement was skipped because of an unmet condition check (ConditionSecurity=measured-uki).
[    4.144714] systemd[1]: Starting systemd-remount-fs.service - Remount Root and Kernel File Systems...
[    4.144749] systemd[1]: systemd-tpm2-setup-early.service - TPM2 SRK Setup (Early) was skipped because of an unmet condition check (ConditionSecurity=measured-uki).
[    4.144951] pstore: Using crash dump compression: deflate
[    4.145354] systemd[1]: Starting systemd-udev-trigger.service - Coldplug All udev Devices...
[    4.145600] pstore: Registered efi_pstore as persistent store backend
[    4.146181] systemd[1]: Mounted dev-hugepages.mount - Huge Pages File System.
[    4.146266] systemd[1]: Mounted dev-mqueue.mount - POSIX Message Queue File System.
[    4.146340] systemd[1]: Mounted sys-kernel-debug.mount - Kernel Debug File System.
[    4.146410] systemd[1]: Mounted sys-kernel-tracing.mount - Kernel Trace File System.
[    4.146561] systemd[1]: Finished kmod-static-nodes.service - Create List of Static Device Nodes.
[    4.146792] systemd[1]: modprobe@configfs.service: Deactivated successfully.
[    4.146831] systemd-journald[396]: Collecting audit messages is disabled.
[    4.146901] systemd[1]: Finished modprobe@configfs.service - Load Kernel Module configfs.
[    4.147095] systemd[1]: modprobe@dm_mod.service: Deactivated successfully.
[    4.147194] systemd[1]: Finished modprobe@dm_mod.service - Load Kernel Module dm_mod.
[    4.147394] systemd[1]: modprobe@drm.service: Deactivated successfully.
[    4.147495] systemd[1]: Finished modprobe@drm.service - Load Kernel Module drm.
[    4.147683] systemd[1]: modprobe@efi_pstore.service: Deactivated successfully.
[    4.147786] systemd[1]: Finished modprobe@efi_pstore.service - Load Kernel Module efi_pstore.
[    4.147975] systemd[1]: modprobe@fuse.service: Deactivated successfully.
[    4.148076] systemd[1]: Finished modprobe@fuse.service - Load Kernel Module fuse.
[    4.148292] systemd[1]: modprobe@loop.service: Deactivated successfully.
[    4.148401] systemd[1]: Finished modprobe@loop.service - Load Kernel Module loop.
[    4.149134] systemd[1]: Mounting sys-fs-fuse-connections.mount - FUSE Control File System...
[    4.149643] systemd[1]: Mounting sys-kernel-config.mount - Kernel Configuration File System...
[    4.149679] systemd[1]: systemd-repart.service - Repartition Root Disk was skipped because no trigger condition checks were met.
[    4.150202] systemd[1]: Starting systemd-tmpfiles-setup-dev-early.service - Create Static Device Nodes in /dev gracefully...
[    4.153020] lp: driver loaded but no devices found
[    4.153169] systemd[1]: Mounted sys-fs-fuse-connections.mount - FUSE Control File System.
[    4.154423] systemd[1]: Mounted sys-kernel-config.mount - Kernel Configuration File System.
[    4.154887] ppdev: user-space parallel port driver
[    4.158302] EXT4-fs (nvme0n1p3): re-mounted a076301c-b9f2-4913-9778-e6596aaa787b r/w.
[    4.159075] systemd[1]: Finished systemd-remount-fs.service - Remount Root and Kernel File Systems.
[    4.159387] systemd[1]: systemd-hwdb-update.service - Rebuild Hardware Database was skipped because of an unmet condition check (ConditionNeedsUpdate=/etc).
[    4.159419] systemd[1]: systemd-pstore.service - Platform Persistent Storage Archival was skipped because of an unmet condition check (ConditionDirectoryNotEmpty=/sys/fs/pstore).
[    4.160146] systemd[1]: Starting systemd-random-seed.service - Load/Save OS Random Seed...
[    4.160161] systemd[1]: systemd-tpm2-setup.service - TPM2 SRK Setup was skipped because of an unmet condition check (ConditionSecurity=measured-uki).
[    4.162353] systemd[1]: Finished systemd-tmpfiles-setup-dev-early.service - Create Static Device Nodes in /dev gracefully.
[    4.162469] systemd[1]: systemd-sysusers.service - Create System Users was skipped because no trigger condition checks were met.
[    4.163334] systemd[1]: Starting systemd-tmpfiles-setup-dev.service - Create Static Device Nodes in /dev...
[    4.167197] systemd[1]: Finished systemd-random-seed.service - Load/Save OS Random Seed.
[    4.169683] systemd[1]: Finished keyboard-setup.service - Set the console keyboard layout.
[    4.170023] systemd[1]: Finished systemd-modules-load.service - Load Kernel Modules.
[    4.170789] systemd[1]: Starting systemd-sysctl.service - Apply Kernel Variables...
[    4.171248] systemd[1]: Finished systemd-tmpfiles-setup-dev.service - Create Static Device Nodes in /dev.
[    4.171325] systemd[1]: Reached target local-fs-pre.target - Preparation for Local File Systems.
[    4.172361] systemd[1]: Mounting snap-bare-5.mount - Mount unit for bare, revision 5...
[    4.173126] systemd[1]: Mounting snap-core24-1643.mount - Mount unit for core24, revision 1643...
[    4.173957] systemd[1]: Mounting snap-firefox-8387.mount - Mount unit for firefox, revision 8387...
[    4.174746] systemd[1]: Mounting snap-firefox-8417.mount - Mount unit for firefox, revision 8417...
[    4.175603] systemd[1]: Mounting snap-gnome\x2d46\x2d2404-153.mount - Mount unit for gnome-46-2404, revision 153...
[    4.176443] systemd[1]: Mounting snap-gtk\x2dcommon\x2dthemes-1535.mount - Mount unit for gtk-common-themes, revision 1535...
[    4.176885] loop0: detected capacity change from 0 to 136816
[    4.176936] loop1: detected capacity change from 0 to 8
[    4.177315] systemd[1]: Mounting snap-mesa\x2d2404-1165.mount - Mount unit for mesa-2404, revision 1165...
[    4.177756] loop2: detected capacity change from 0 to 508992
[    4.178004] systemd[1]: Mounting snap-snapd-26865.mount - Mount unit for snapd, revision 26865...
[    4.178714] systemd[1]: Starting systemd-udevd.service - Rule-based Manager for Device Events and Files...
[    4.178789] loop3: detected capacity change from 0 to 509160
[    4.179362] loop4: detected capacity change from 0 to 1241248
[    4.180015] loop5: detected capacity change from 0 to 187776
[    4.181033] loop6: detected capacity change from 0 to 808920
[    4.181139] systemd[1]: Finished systemd-sysctl.service - Apply Kernel Variables.
[    4.181796] loop7: detected capacity change from 0 to 100888
[    4.183336] systemd[1]: Mounted snap-bare-5.mount - Mount unit for bare, revision 5.
[    4.185449] systemd[1]: Mounted snap-core24-1643.mount - Mount unit for core24, revision 1643.
[    4.185598] systemd[1]: Mounted snap-firefox-8387.mount - Mount unit for firefox, revision 8387.
[    4.185698] systemd[1]: Mounted snap-firefox-8417.mount - Mount unit for firefox, revision 8417.
[    4.185797] systemd[1]: Mounted snap-gnome\x2d46\x2d2404-153.mount - Mount unit for gnome-46-2404, revision 153.
[    4.185899] systemd[1]: Mounted snap-gtk\x2dcommon\x2dthemes-1535.mount - Mount unit for gtk-common-themes, revision 1535.
[    4.185997] systemd[1]: Mounted snap-mesa\x2d2404-1165.mount - Mount unit for mesa-2404, revision 1165.
[    4.186093] systemd[1]: Mounted snap-snapd-26865.mount - Mount unit for snapd, revision 26865.
[    4.186340] systemd[1]: Reached target snapd.mounts.target - Mounted snaps.
[    4.198659] systemd[1]: Started systemd-journald.service - Journal Service.
[    4.204326] systemd-journald[396]: Received client request to flush runtime journal.
[    4.211157] systemd-journald[396]: /var/log/journal/288b6cba6cec405188c18f26e7617eed/system.journal: Journal file uses a different sequence number ID, rotating.
[    4.211161] systemd-journald[396]: Rotating system journal.
[    4.363697] piix4_smbus 0000:00:14.0: SMBus Host Controller at 0xb00, revision 0
[    4.363703] piix4_smbus 0000:00:14.0: Using register 0x02 for SMBus port selection
[    4.372356] piix4_smbus 0000:00:14.0: Auxiliary SMBus Host Controller at 0xb20
[    4.372786] RAPL PMU: API unit is 2^-32 Joules, 1 fixed counters, 163840 ms ovfl timer
[    4.372789] RAPL PMU: hw unit of domain package 2^-16 Joules
[    4.373478] ccp 0000:0a:00.1: enabling device (0000 -> 0002)
[    4.379203] ccp 0000:0a:00.1: ccp: unable to access the device: you might be running a broken BIOS.
[    4.379221] ccp 0000:0a:00.1: psp enabled
[    4.416163] cryptd: max_cpu_qlen set to 1000
[    4.416541] cfg80211: Loading compiled-in X.509 certificates for regulatory database
[    4.416691] Loaded X.509 cert 'sforshee: 00b28ddf47aef9cea7'
[    4.416783] Loaded X.509 cert 'wens: 61c038651aabdcf94bd0ac7ff06c7248db18c600'
[    4.431747] i2c-designware-pci 0000:08:00.3: enabling device (0000 -> 0002)
[    4.432106] Bluetooth: Core ver 2.22
[    4.432126] NET: Registered PF_BLUETOOTH protocol family
[    4.432127] Bluetooth: HCI device and connection manager initialized
[    4.432133] Bluetooth: HCI socket layer initialized
[    4.432135] Bluetooth: L2CAP socket layer initialized
[    4.432140] Bluetooth: SCO socket layer initialized
[    4.434307] AVX2 version of gcm_enc/dec engaged.
[    4.434344] AES CTR mode by8 optimization enabled
[    4.443654] Intel(R) Wireless WiFi driver for Linux
[    4.443656] usbcore: registered new interface driver btusb
[    4.443765] iwlwifi 0000:05:00.0: enabling device (0000 -> 0002)
[    4.444368] iwlwifi 0000:05:00.0: Detected crf-id 0x0, cnv-id 0x0 wfpm id 0x0
[    4.444378] iwlwifi 0000:05:00.0: PCI dev 24fb/2110, rev=0x220, rfid=0xd55555d5
[    4.447297] iwlwifi 0000:05:00.0: loaded firmware version 29.198743027.0 3168-29.ucode op_mode iwlmvm
[    4.459391] Bluetooth: hci0: Legacy ROM 2.x revision 5.0 build 25 week 20 2015
[    4.460321] Bluetooth: hci0: Intel Bluetooth firmware file: intel/ibt-hw-37.8.10-fw-22.50.19.14.f.bseq
[    4.534383] kvm_amd: TSC scaling supported
[    4.534385] kvm_amd: Nested Virtualization enabled
[    4.534386] kvm_amd: Nested Paging enabled
[    4.534388] kvm_amd: LBR virtualization supported
[    4.534395] kvm_amd: Virtual VMLOAD VMSAVE supported
[    4.534396] kvm_amd: Virtual GIF supported
[    4.540584] MCE: In-kernel MCE decoding enabled.
[    4.548937] snd_hda_intel 0000:08:00.1: enabling device (0000 -> 0002)
[    4.549027] snd_hda_intel 0000:08:00.1: Handle vga_switcheroo audio client
[    4.549029] snd_hda_intel 0000:08:00.1: Force to non-snoop mode
[    4.549203] snd_hda_intel 0000:0a:00.4: enabling device (0000 -> 0002)
[    4.549251] iwlwifi 0000:05:00.0: Detected Intel(R) Dual Band Wireless AC 3168, REV=0x220
[    4.549328] thermal thermal_zone0: failed to read out thermal zone (-61)
[    4.555444] input: HDA ATI HDMI HDMI/DP,pcm=3 as /devices/pci0000:00/0000:00:03.1/0000:06:00.0/0000:07:00.0/0000:08:00.1/sound/card0/input3
[    4.555510] input: HDA ATI HDMI HDMI/DP,pcm=7 as /devices/pci0000:00/0000:00:03.1/0000:06:00.0/0000:07:00.0/0000:08:00.1/sound/card0/input4
[    4.555562] input: HDA ATI HDMI HDMI/DP,pcm=8 as /devices/pci0000:00/0000:00:03.1/0000:06:00.0/0000:07:00.0/0000:08:00.1/sound/card0/input5
[    4.555609] input: HDA ATI HDMI HDMI/DP,pcm=9 as /devices/pci0000:00/0000:00:03.1/0000:06:00.0/0000:07:00.0/0000:08:00.1/sound/card0/input6
[    4.565222] snd_hda_codec_realtek hdaudioC1D0: autoconfig for ALC887-VD: line_outs=1 (0x14/0x0/0x0/0x0/0x0) type:line
[    4.565226] snd_hda_codec_realtek hdaudioC1D0:    speaker_outs=0 (0x0/0x0/0x0/0x0/0x0)
[    4.565228] snd_hda_codec_realtek hdaudioC1D0:    hp_outs=1 (0x1b/0x0/0x0/0x0/0x0)
[    4.565230] snd_hda_codec_realtek hdaudioC1D0:    mono: mono_out=0x0
[    4.565231] snd_hda_codec_realtek hdaudioC1D0:    inputs:
[    4.565233] snd_hda_codec_realtek hdaudioC1D0:      Rear Mic=0x18
[    4.565235] snd_hda_codec_realtek hdaudioC1D0:      Front Mic=0x19
[    4.565236] snd_hda_codec_realtek hdaudioC1D0:      Line=0x1a
[    4.567383] iwlwifi 0000:05:00.0: base HW address: 04:33:c2:22:c0:81, OTP minor version: 0x0
[    4.578830] input: HD-Audio Generic Rear Mic as /devices/pci0000:00/0000:00:08.1/0000:0a:00.4/sound/card1/input7
[    4.578899] input: HD-Audio Generic Front Mic as /devices/pci0000:00/0000:00:08.1/0000:0a:00.4/sound/card1/input8
[    4.578969] input: HD-Audio Generic Line as /devices/pci0000:00/0000:00:08.1/0000:0a:00.4/sound/card1/input9
[    4.579036] input: HD-Audio Generic Line Out as /devices/pci0000:00/0000:00:08.1/0000:0a:00.4/sound/card1/input10
[    4.579119] input: HD-Audio Generic Front Headphone as /devices/pci0000:00/0000:00:08.1/0000:0a:00.4/sound/card1/input11
[    4.581058] intel_rapl_common: Found RAPL domain package
[    4.581062] intel_rapl_common: Found RAPL domain core
[    4.611311] ieee80211 phy0: Selected rate control algorithm 'iwl-mvm-rs'
[    4.613798] iwlwifi 0000:05:00.0 wlp5s0: renamed from wlan0
[    5.178399] audit: type=1400 audit(1781126182.250:2): apparmor="STATUS" operation="profile_load" profile="unconfined" name="brave" pid=661 comm="apparmor_parser"
[    5.178404] audit: type=1400 audit(1781126182.250:3): apparmor="STATUS" operation="profile_load" profile="unconfined" name="crun" pid=668 comm="apparmor_parser"
[    5.178406] audit: type=1400 audit(1781126182.250:4): apparmor="STATUS" operation="profile_load" profile="unconfined" name="ch-checkns" pid=664 comm="apparmor_parser"
[    5.178409] audit: type=1400 audit(1781126182.250:5): apparmor="STATUS" operation="profile_load" profile="unconfined" name="ch-run" pid=665 comm="apparmor_parser"
[    5.178411] audit: type=1400 audit(1781126182.250:6): apparmor="STATUS" operation="profile_load" profile="unconfined" name="element-desktop" pid=671 comm="apparmor_parser"
[    5.178440] audit: type=1400 audit(1781126182.250:7): apparmor="STATUS" operation="profile_load" profile="unconfined" name="1password" pid=655 comm="apparmor_parser"
[    5.178472] audit: type=1400 audit(1781126182.250:8): apparmor="STATUS" operation="profile_load" profile="unconfined" name="cam" pid=663 comm="apparmor_parser"
[    5.178502] audit: type=1400 audit(1781126182.250:9): apparmor="STATUS" operation="profile_load" profile="unconfined" name="devhelp" pid=670 comm="apparmor_parser"
[    5.178530] audit: type=1400 audit(1781126182.250:10): apparmor="STATUS" operation="profile_load" profile="unconfined" name="Discord" pid=656 comm="apparmor_parser"
[    5.344231] kauditd_printk_skb: 123 callbacks suppressed
[    5.344234] audit: type=1400 audit(1781126182.415:134): apparmor="STATUS" operation="profile_replace" info="same as current profile, skipping" profile="unconfined" name="rsyslogd" pid=844 comm="apparmor_parser"
[    5.347659] Bluetooth: BNEP (Ethernet Emulation) ver 1.3
[    5.347662] Bluetooth: BNEP filters: protocol multicast
[    5.347669] Bluetooth: BNEP socket layer initialized
[    5.443387] block nvme0n1: No UUID available providing old NGUID
[    5.501756] NET: Registered PF_QIPCRTR protocol family
[    5.552795] loop8: detected capacity change from 0 to 8
[    5.656331] audit: type=1400 audit(1781126182.728:135): apparmor="STATUS" operation="profile_replace" info="same as current profile, skipping" profile="unconfined" name="/usr/lib/snapd/snap-confine" pid=1026 comm="apparmor_parser"
[    5.936259] Generic FE-GE Realtek PHY r8169-0-400:00: attached PHY driver (mii_bus:phy_addr=r8169-0-400:00, irq=MAC)
[    5.963462] Bluetooth: hci0: Intel BT fw patch 0x43 completed & activated
[    6.101407] r8169 0000:04:00.0 enp4s0: Link is Down
[    6.166617] ACPI: \: failed to evaluate _DSM bf0212f2-788f-c64d-a5b3-1f738e285ade (0x1001)
[    6.166622] ACPI: \: failed to evaluate _DSM bf0212f2-788f-c64d-a5b3-1f738e285ade (0x1001)
[    6.166625] ACPI: \: failed to evaluate _DSM bf0212f2-788f-c64d-a5b3-1f738e285ade (0x1001)
[    6.166627] ACPI: \: failed to evaluate _DSM bf0212f2-788f-c64d-a5b3-1f738e285ade (0x1001)
[    6.166629] ACPI: \: failed to evaluate _DSM bf0212f2-788f-c64d-a5b3-1f738e285ade (0x1001)
[    6.166631] ACPI: \: failed to evaluate _DSM bf0212f2-788f-c64d-a5b3-1f738e285ade (0x1001)
[    6.166633] ACPI: \: failed to evaluate _DSM bf0212f2-788f-c64d-a5b3-1f738e285ade (0x1001)
[    6.167685] iwlwifi 0000:05:00.0: Registered PHC clock: iwlwifi-PTP, with index: 0
[    6.190590] Bluetooth: MGMT ver 1.22
[    6.192948] NET: Registered PF_ALG protocol family
[    6.212877] audit: type=1400 audit(1781126183.284:136): apparmor="DENIED" operation="capable" class="cap" profile="/usr/sbin/cupsd" pid=1116 comm="cupsd" capability=12  capname="net_admin"
[    9.313640] wlp5s0: authenticate with 3c:bd:c5:69:29:4f (local address=04:33:c2:22:c0:81)
[    9.314148] wlp5s0: send auth to 3c:bd:c5:69:29:4f (try 1/3)
[    9.315230] wlp5s0: authenticated
[    9.316253] wlp5s0: associate with 3c:bd:c5:69:29:4f (try 1/3)
[    9.317370] wlp5s0: RX AssocResp from 3c:bd:c5:69:29:4f (capab=0x1011 status=0 aid=21)
[    9.318526] wlp5s0: associated
[    9.415688] wlp5s0: Limiting TX power to 30 (30 - 0) dBm as advertised by 3c:bd:c5:69:29:4f
[   17.583705] Bluetooth: RFCOMM TTY layer initialized
[   17.583713] Bluetooth: RFCOMM socket layer initialized
[   17.583717] Bluetooth: RFCOMM ver 1.11
[   34.192362] systemd-journald[396]: /var/log/journal/288b6cba6cec405188c18f26e7617eed/user-1000.journal: Journal file uses a different sequence number ID, rotating.
[   36.781205] audit: type=1400 audit(1781126213.860:137): apparmor="AUDIT" operation="userns_create" class="namespace" info="Userns create - transitioning profile" profile="unconfined" pid=1893 comm="bwrap" requested="userns_create" target="unprivileged_userns"
[   36.781801] audit: type=1400 audit(1781126213.860:138): apparmor="DENIED" operation="capable" class="cap" profile="unprivileged_userns" pid=1904 comm="bwrap" capability=8  capname="setpcap"
[   36.781865] audit: type=1400 audit(1781126213.861:139): apparmor="DENIED" operation="capable" class="cap" profile="unprivileged_userns" pid=1904 comm="bwrap" capability=12  capname="net_admin"
[   99.133511] audit: type=1400 audit(1781126276.267:140): apparmor="AUDIT" operation="userns_create" class="namespace" info="Userns create - transitioning profile" profile="unconfined" pid=2400 comm="bwrap" requested="userns_create" target="unprivileged_userns"
[   99.134118] audit: type=1400 audit(1781126276.267:141): apparmor="DENIED" operation="capable" class="cap" profile="unprivileged_userns" pid=2402 comm="bwrap" capability=8  capname="setpcap"
[   99.134177] audit: type=1400 audit(1781126276.267:142): apparmor="DENIED" operation="capable" class="cap" profile="unprivileged_userns" pid=2402 comm="bwrap" capability=12  capname="net_admin"
[   99.137074] audit: type=1400 audit(1781126276.270:143): apparmor="AUDIT" operation="userns_create" class="namespace" info="Userns create - transitioning profile" profile="unconfined" pid=2404 comm="bwrap" requested="userns_create" target="unprivileged_userns"
